
> 3d-model-viewer-pro@1.0.0 test
> jest

node.exe : [baseline-b
rowser-mapping] The 
data in this module 
is over two months 
old.  To ensure 
accurate Baseline 
data, please update: 
`npm i baseline-browse
r-mapping@latest -D`
At line:1 char:1
+ & "C:\Program Files\
nodejs/node.exe" 
"C:\Program 
Files\nodejs/node_mo 
...
+ ~~~~~~~~~~~~~~~~~~~~
~~~~~~~~~~~~~~~~~~~~~~
~~~~~~~~~~~~~~~~~~~~~~
~~~~~
    + CategoryInfo    
          : NotSpeci  
  fied: ([baseline-   
 brows...ping@late    
st -D`:String) []    
, RemoteException
    + FullyQualifiedE 
   rrorId : NativeCo  
  mmandError
 
[baseline-browser-mapp
ing] The data in this 
module is over two 
months old.  To 
ensure accurate 
Baseline data, please 
update: `npm i baselin
e-browser-mapping@late
st -D`
[baseline-browser-mapp
ing] The data in this 
module is over two 
months old.  To 
ensure accurate 
Baseline data, please 
update: `npm i baselin
e-browser-mapping@late
st -D`
[baseline-browser-mapp
ing] The data in this 
module is over two 
months old.  To 
ensure accurate 
Baseline data, please 
update: `npm i baselin
e-browser-mapping@late
st -D`
[baseline-browser-mapp
ing] The data in this 
module is over two 
months old.  To 
ensure accurate 
Baseline data, please 
update: `npm i baselin
e-browser-mapping@late
st -D`
[baseline-browser-mapp
ing] The data in this 
module is over two 
months old.  To 
ensure accurate 
Baseline data, please 
update: `npm i baselin
e-browser-mapping@late
st -D`
[baseline-browser-mapp
ing] The data in this 
module is over two 
months old.  To 
ensure accurate 
Baseline data, please 
update: `npm i baselin
e-browser-mapping@late
st -D`
PASS test/error-handli
ng.test.js
  ΓùÅ Console

    console.warn
      [MEDIUM] 
unknown_error: Test 
error {
        id: 'error_177
2390511470_22t46cqlk',
        timestamp: '20
26-03-01T18:41:51.470Z
',
        message: 
'Test error',
        stack: 
'Error: Test error\n' 
+
          '    at 
Object.<anonymous> (C:
\\Workspace_Melbin\\fu
n_websites\\3d_model_v
iewer\\test\\error-han
dling.test.js:99:31)\n
' +
          '    at Prom
ise.then.completed (C:
\\Workspace_Melbin\\fu
n_websites\\3d_model_v
iewer\\node_modules\\j
est-circus\\build\\uti
ls.js:298:28)\n' +
          '    at new 
Promise 
(<anonymous>)\n' +
          '    at 
callAsyncCircusFn (C:\
\Workspace_Melbin\\fun
_websites\\3d_model_vi
ewer\\node_modules\\je
st-circus\\build\\util
s.js:231:10)\n' +
          '    at 
_callCircusTest (C:\\W
orkspace_Melbin\\fun_w
ebsites\\3d_model_view
er\\node_modules\\jest
-circus\\build\\run.js
:316:40)\n' +
          '    at proc
essTicksAndRejections 
(node:internal/process
/task_queues:105:5)\n'
 +
          '    at 
_runTest (C:\\Workspac
e_Melbin\\fun_websites
\\3d_model_viewer\\nod
e_modules\\jest-circus
\\build\\run.js:252:3)
\n' +
          '    at _run
TestsForDescribeBlock 
(C:\\Workspace_Melbin\
\fun_websites\\3d_mode
l_viewer\\node_modules
\\jest-circus\\build\\
run.js:126:9)\n' +
          '    at _run
TestsForDescribeBlock 
(C:\\Workspace_Melbin\
\fun_websites\\3d_mode
l_viewer\\node_modules
\\jest-circus\\build\\
run.js:121:9)\n' +
          '    at _run
TestsForDescribeBlock 
(C:\\Workspace_Melbin\
\fun_websites\\3d_mode
l_viewer\\node_modules
\\jest-circus\\build\\
run.js:121:9)\n' +
          '    at _run
TestsForDescribeBlock 
(C:\\Workspace_Melbin\
\fun_websites\\3d_mode
l_viewer\\node_modules
\\jest-circus\\build\\
run.js:121:9)\n' +
          '    at run 
(C:\\Workspace_Melbin\
\fun_websites\\3d_mode
l_viewer\\node_modules
\\jest-circus\\build\\
run.js:71:3)\n' +
          '    at runA
ndTransformResultsToJe
stFormat (C:\\Workspac
e_Melbin\\fun_websites
\\3d_model_viewer\\nod
e_modules\\jest-circus
\\build\\legacy-code-t
odo-rewrite\\jestAdapt
erInit.js:122:21)\n' +
          '    at 
jestAdapter (C:\\Works
pace_Melbin\\fun_websi
tes\\3d_model_viewer\\
node_modules\\jest-cir
cus\\build\\legacy-cod
e-todo-rewrite\\jestAd
apter.js:79:19)\n' +
          '    at 
runTestInternal (C:\\W
orkspace_Melbin\\fun_w
ebsites\\3d_model_view
er\\node_modules\\jest
-runner\\build\\runTes
t.js:367:16)\n' +
          '    at 
runTest (C:\\Workspace
_Melbin\\fun_websites\
\3d_model_viewer\\node
_modules\\jest-runner\
\build\\runTest.js:444
:34)\n' +
          '    at 
Object.worker (C:\\Wor
kspace_Melbin\\fun_web
sites\\3d_model_viewer
\\node_modules\\jest-r
unner\\build\\testWork
er.js:106:12)',
        type: 
'unknown_error',
        severity: 
'medium',
        context: {},
        recovered: 
false,
        userNotified: 
false
      }

    [0m [90m 444 
|[39m                
 [90m// Only log 
medium errors that 
are not performance-re
lated[39m
     [90m 445 |[39m 
                
[36mif[39m ([33m![
39merrorInfo[33m.[39
mtype[33m.[39minclud
es([32m'performance'
[39m)) {
    [31m[1m>[22m[3
9m[90m 446 |[39m    
                 conso
le[33m.[39mwarn(logM
essage[33m,[39m 
errorInfo)[33m;[39m
     [90m     |[39m 
                      
      
[31m[1m^[22m[39m
     [90m 447 |[39m 
                }
     [90m 448 |[39m 
                [36mb
reak[39m[33m;[39m
     [90m 449 |[39m 
            
[36mcase[39m [33mEr
rorManager[39m[33m.
[39m[33mERROR_SEVERIT
Y[39m[33m.[39m[33m
HIGH[39m[33m:[39m[
0m

      at 
ErrorManager.warn [as 
logError] (src/core/Er
rorManager.js:446:29)
      at 
ErrorManager.logError 
[as handleError] (src/
core/ErrorManager.js:2
45:14)
      at 
Object.handleError (te
st/error-handling.test
.js:100:54)

    console.warn
      [MEDIUM] 
unknown_error: Test 
error {
        id: 'error_177
2390511558_6sgye9gnt',
        timestamp: '20
26-03-01T18:41:51.558Z
',
        message: 
'Test error',
        stack: 
'Error: Test error\n' 
+
          '    at 
Object.<anonymous> (C:
\\Workspace_Melbin\\fu
n_websites\\3d_model_v
iewer\\test\\error-han
dling.test.js:114:31)\
n' +
          '    at Prom
ise.then.completed (C:
\\Workspace_Melbin\\fu
n_websites\\3d_model_v
iewer\\node_modules\\j
est-circus\\build\\uti
ls.js:298:28)\n' +
          '    at new 
Promise 
(<anonymous>)\n' +
          '    at 
callAsyncCircusFn (C:\
\Workspace_Melbin\\fun
_websites\\3d_model_vi
ewer\\node_modules\\je
st-circus\\build\\util
s.js:231:10)\n' +
          '    at 
_callCircusTest (C:\\W
orkspace_Melbin\\fun_w
ebsites\\3d_model_view
er\\node_modules\\jest
-circus\\build\\run.js
:316:40)\n' +
          '    at proc
essTicksAndRejections 
(node:internal/process
/task_queues:105:5)\n'
 +
          '    at 
_runTest (C:\\Workspac
e_Melbin\\fun_websites
\\3d_model_viewer\\nod
e_modules\\jest-circus
\\build\\run.js:252:3)
\n' +
          '    at _run
TestsForDescribeBlock 
(C:\\Workspace_Melbin\
\fun_websites\\3d_mode
l_viewer\\node_modules
\\jest-circus\\build\\
run.js:126:9)\n' +
          '    at _run
TestsForDescribeBlock 
(C:\\Workspace_Melbin\
\fun_websites\\3d_mode
l_viewer\\node_modules
\\jest-circus\\build\\
run.js:121:9)\n' +
          '    at _run
TestsForDescribeBlock 
(C:\\Workspace_Melbin\
\fun_websites\\3d_mode
l_viewer\\node_modules
\\jest-circus\\build\\
run.js:121:9)\n' +
          '    at _run
TestsForDescribeBlock 
(C:\\Workspace_Melbin\
\fun_websites\\3d_mode
l_viewer\\node_modules
\\jest-circus\\build\\
run.js:121:9)\n' +
          '    at run 
(C:\\Workspace_Melbin\
\fun_websites\\3d_mode
l_viewer\\node_modules
\\jest-circus\\build\\
run.js:71:3)\n' +
          '    at runA
ndTransformResultsToJe
stFormat (C:\\Workspac
e_Melbin\\fun_websites
\\3d_model_viewer\\nod
e_modules\\jest-circus
\\build\\legacy-code-t
odo-rewrite\\jestAdapt
erInit.js:122:21)\n' +
          '    at 
jestAdapter (C:\\Works
pace_Melbin\\fun_websi
tes\\3d_model_viewer\\
node_modules\\jest-cir
cus\\build\\legacy-cod
e-todo-rewrite\\jestAd
apter.js:79:19)\n' +
          '    at 
runTestInternal (C:\\W
orkspace_Melbin\\fun_w
ebsites\\3d_model_view
er\\node_modules\\jest
-runner\\build\\runTes
t.js:367:16)\n' +
          '    at 
runTest (C:\\Workspace
_Melbin\\fun_websites\
\3d_model_viewer\\node
_modules\\jest-runner\
\build\\runTest.js:444
:34)\n' +
          '    at 
Object.worker (C:\\Wor
kspace_Melbin\\fun_web
sites\\3d_model_viewer
\\node_modules\\jest-r
unner\\build\\testWork
er.js:106:12)',
        type: 
'unknown_error',
        severity: 
'medium',
        context: {},
        recovered: 
false,
        userNotified: 
false
      }

    [0m [90m 444 
|[39m                
 [90m// Only log 
medium errors that 
are not performance-re
lated[39m
     [90m 445 |[39m 
                
[36mif[39m ([33m![
39merrorInfo[33m.[39
mtype[33m.[39minclud
es([32m'performance'
[39m)) {
    [31m[1m>[22m[3
9m[90m 446 |[39m    
                 conso
le[33m.[39mwarn(logM
essage[33m,[39m 
errorInfo)[33m;[39m
     [90m     |[39m 
                      
      
[31m[1m^[22m[39m
     [90m 447 |[39m 
                }
     [90m 448 |[39m 
                [36mb
reak[39m[33m;[39m
     [90m 449 |[39m 
            
[36mcase[39m [33mEr
rorManager[39m[33m.
[39m[33mERROR_SEVERIT
Y[39m[33m.[39m[33m
HIGH[39m[33m:[39m[
0m

      at 
ErrorManager.warn [as 
logError] (src/core/Er
rorManager.js:446:29)
      at 
ErrorManager.logError 
[as handleError] (src/
core/ErrorManager.js:2
45:14)
      at 
Object.handleError (te
st/error-handling.test
.js:115:36)

    console.warn
      [MEDIUM] 
asset_load_failed: 
Test error {
        id: 'error_177
2390511564_lz9z08a54',
        timestamp: '20
26-03-01T18:41:51.565Z
',
        message: 
'Test error',
        stack: 
'Error: Test error\n' 
+
          '    at 
Object.<anonymous> (C:
\\Workspace_Melbin\\fu
n_websites\\3d_model_v
iewer\\test\\error-han
dling.test.js:122:31)\
n' +
          '    at Prom
ise.then.completed (C:
\\Workspace_Melbin\\fu
n_websites\\3d_model_v
iewer\\node_modules\\j
est-circus\\build\\uti
ls.js:298:28)\n' +
          '    at new 
Promise 
(<anonymous>)\n' +
          '    at 
callAsyncCircusFn (C:\
\Workspace_Melbin\\fun
_websites\\3d_model_vi
ewer\\node_modules\\je
st-circus\\build\\util
s.js:231:10)\n' +
          '    at 
_callCircusTest (C:\\W
orkspace_Melbin\\fun_w
ebsites\\3d_model_view
er\\node_modules\\jest
-circus\\build\\run.js
:316:40)\n' +
          '    at proc
essTicksAndRejections 
(node:internal/process
/task_queues:105:5)\n'
 +
          '    at 
_runTest (C:\\Workspac
e_Melbin\\fun_websites
\\3d_model_viewer\\nod
e_modules\\jest-circus
\\build\\run.js:252:3)
\n' +
          '    at _run
TestsForDescribeBlock 
(C:\\Workspace_Melbin\
\fun_websites\\3d_mode
l_viewer\\node_modules
\\jest-circus\\build\\
run.js:126:9)\n' +
          '    at _run
TestsForDescribeBlock 
(C:\\Workspace_Melbin\
\fun_websites\\3d_mode
l_viewer\\node_modules
\\jest-circus\\build\\
run.js:121:9)\n' +
          '    at _run
TestsForDescribeBlock 
(C:\\Workspace_Melbin\
\fun_websites\\3d_mode
l_viewer\\node_modules
\\jest-circus\\build\\
run.js:121:9)\n' +
          '    at _run
TestsForDescribeBlock 
(C:\\Workspace_Melbin\
\fun_websites\\3d_mode
l_viewer\\node_modules
\\jest-circus\\build\\
run.js:121:9)\n' +
          '    at run 
(C:\\Workspace_Melbin\
\fun_websites\\3d_mode
l_viewer\\node_modules
\\jest-circus\\build\\
run.js:71:3)\n' +
          '    at runA
ndTransformResultsToJe
stFormat (C:\\Workspac
e_Melbin\\fun_websites
\\3d_model_viewer\\nod
e_modules\\jest-circus
\\build\\legacy-code-t
odo-rewrite\\jestAdapt
erInit.js:122:21)\n' +
          '    at 
jestAdapter (C:\\Works
pace_Melbin\\fun_websi
tes\\3d_model_viewer\\
node_modules\\jest-cir
cus\\build\\legacy-cod
e-todo-rewrite\\jestAd
apter.js:79:19)\n' +
          '    at 
runTestInternal (C:\\W
orkspace_Melbin\\fun_w
ebsites\\3d_model_view
er\\node_modules\\jest
-runner\\build\\runTes
t.js:367:16)\n' +
          '    at 
runTest (C:\\Workspace
_Melbin\\fun_websites\
\3d_model_viewer\\node
_modules\\jest-runner\
\build\\runTest.js:444
:34)\n' +
          '    at 
Object.worker (C:\\Wor
kspace_Melbin\\fun_web
sites\\3d_model_viewer
\\node_modules\\jest-r
unner\\build\\testWork
er.js:106:12)',
        type: 
'asset_load_failed',
        severity: 
'medium',
        context: {},
        recovered: 
false,
        userNotified: 
false
      }

    [0m [90m 444 
|[39m                
 [90m// Only log 
medium errors that 
are not performance-re
lated[39m
     [90m 445 |[39m 
                
[36mif[39m ([33m![
39merrorInfo[33m.[39
mtype[33m.[39minclud
es([32m'performance'
[39m)) {
    [31m[1m>[22m[3
9m[90m 446 |[39m    
                 conso
le[33m.[39mwarn(logM
essage[33m,[39m 
errorInfo)[33m;[39m
     [90m     |[39m 
                      
      
[31m[1m^[22m[39m
     [90m 447 |[39m 
                }
     [90m 448 |[39m 
                [36mb
reak[39m[33m;[39m
     [90m 449 |[39m 
            
[36mcase[39m [33mEr
rorManager[39m[33m.
[39m[33mERROR_SEVERIT
Y[39m[33m.[39m[33m
HIGH[39m[33m:[39m[
0m

      at 
ErrorManager.warn [as 
logError] (src/core/Er
rorManager.js:446:29)
      at 
ErrorManager.logError 
[as handleError] (src/
core/ErrorManager.js:2
45:14)
      at 
Object.handleError (te
st/error-handling.test
.js:123:36)

    console.warn
      [MEDIUM] 
unknown_error: Error 
0 {
        id: 'error_177
2390511571_3pnqmhjm2',
        timestamp: '20
26-03-01T18:41:51.571Z
',
        message: 
'Error 0',
        stack: 
'Error: Error 0\n' +
          '    at 
Object.<anonymous> (C:
\\Workspace_Melbin\\fu
n_websites\\3d_model_v
iewer\\test\\error-han
dling.test.js:134:52)\
n' +
          '    at Prom
ise.then.completed (C:
\\Workspace_Melbin\\fu
n_websites\\3d_model_v
iewer\\node_modules\\j
est-circus\\build\\uti
ls.js:298:28)\n' +
          '    at new 
Promise 
(<anonymous>)\n' +
          '    at 
callAsyncCircusFn (C:\
\Workspace_Melbin\\fun
_websites\\3d_model_vi
ewer\\node_modules\\je
st-circus\\build\\util
s.js:231:10)\n' +
          '    at 
_callCircusTest (C:\\W
orkspace_Melbin\\fun_w
ebsites\\3d_model_view
er\\node_modules\\jest
-circus\\build\\run.js
:316:40)\n' +
          '    at proc
essTicksAndRejections 
(node:internal/process
/task_queues:105:5)\n'
 +
          '    at 
_runTest (C:\\Workspac
e_Melbin\\fun_websites
\\3d_model_viewer\\nod
e_modules\\jest-circus
\\build\\run.js:252:3)
\n' +
          '    at _run
TestsForDescribeBlock 
(C:\\Workspace_Melbin\
\fun_websites\\3d_mode
l_viewer\\node_modules
\\jest-circus\\build\\
run.js:126:9)\n' +
          '    at _run
TestsForDescribeBlock 
(C:\\Workspace_Melbin\
\fun_websites\\3d_mode
l_viewer\\node_modules
\\jest-circus\\build\\
run.js:121:9)\n' +
          '    at _run
TestsForDescribeBlock 
(C:\\Workspace_Melbin\
\fun_websites\\3d_mode
l_viewer\\node_modules
\\jest-circus\\build\\
run.js:121:9)\n' +
          '    at _run
TestsForDescribeBlock 
(C:\\Workspace_Melbin\
\fun_websites\\3d_mode
l_viewer\\node_modules
\\jest-circus\\build\\
run.js:121:9)\n' +
          '    at run 
(C:\\Workspace_Melbin\
\fun_websites\\3d_mode
l_viewer\\node_modules
\\jest-circus\\build\\
run.js:71:3)\n' +
          '    at runA
ndTransformResultsToJe
stFormat (C:\\Workspac
e_Melbin\\fun_websites
\\3d_model_viewer\\nod
e_modules\\jest-circus
\\build\\legacy-code-t
odo-rewrite\\jestAdapt
erInit.js:122:21)\n' +
          '    at 
jestAdapter (C:\\Works
pace_Melbin\\fun_websi
tes\\3d_model_viewer\\
node_modules\\jest-cir
cus\\build\\legacy-cod
e-todo-rewrite\\jestAd
apter.js:79:19)\n' +
          '    at 
runTestInternal (C:\\W
orkspace_Melbin\\fun_w
ebsites\\3d_model_view
er\\node_modules\\jest
-runner\\build\\runTes
t.js:367:16)\n' +
          '    at 
runTest (C:\\Workspace
_Melbin\\fun_websites\
\3d_model_viewer\\node
_modules\\jest-runner\
\build\\runTest.js:444
:34)\n' +
          '    at 
Object.worker (C:\\Wor
kspace_Melbin\\fun_web
sites\\3d_model_viewer
\\node_modules\\jest-r
unner\\build\\testWork
er.js:106:12)',
        type: 
'unknown_error',
        severity: 
'medium',
        context: {},
        recovered: 
false,
        userNotified: 
false
      }

    [0m [90m 444 
|[39m                
 [90m// Only log 
medium errors that 
are not performance-re
lated[39m
     [90m 445 |[39m 
                
[36mif[39m ([33m![
39merrorInfo[33m.[39
mtype[33m.[39minclud
es([32m'performance'
[39m)) {
    [31m[1m>[22m[3
9m[90m 446 |[39m    
                 conso
le[33m.[39mwarn(logM
essage[33m,[39m 
errorInfo)[33m;[39m
     [90m     |[39m 
                      
      
[31m[1m^[22m[39m
     [90m 447 |[39m 
                }
     [90m 448 |[39m 
                [36mb
reak[39m[33m;[39m
     [90m 449 |[39m 
            
[36mcase[39m [33mEr
rorManager[39m[33m.
[39m[33mERROR_SEVERIT
Y[39m[33m.[39m[33m
HIGH[39m[33m:[39m[
0m

      at 
ErrorManager.warn [as 
logError] (src/core/Er
rorManager.js:446:29)
      at 
ErrorManager.logError 
[as handleError] (src/
core/ErrorManager.js:2
45:14)
      at 
Object.handleError (te
st/error-handling.test
.js:134:40)

    console.warn
      [MEDIUM] 
unknown_error: Error 
1 {
        id: 'error_177
2390511573_8uyqzun2l',
        timestamp: '20
26-03-01T18:41:51.573Z
',
        message: 
'Error 1',
        stack: 
'Error: Error 1\n' +
          '    at 
Object.<anonymous> (C:
\\Workspace_Melbin\\fu
n_websites\\3d_model_v
iewer\\test\\error-han
dling.test.js:134:52)\
n' +
          '    at proc
essTicksAndRejections 
(node:internal/process
/task_queues:105:5)',
        type: 
'unknown_error',
        severity: 
'medium',
        context: {},
        recovered: 
false,
        userNotified: 
false
      }

    [0m [90m 444 
|[39m                
 [90m// Only log 
medium errors that 
are not performance-re
lated[39m
     [90m 445 |[39m 
                
[36mif[39m ([33m![
39merrorInfo[33m.[39
mtype[33m.[39minclud
es([32m'performance'
[39m)) {
    [31m[1m>[22m[3
9m[90m 446 |[39m    
                 conso
le[33m.[39mwarn(logM
essage[33m,[39m 
errorInfo)[33m;[39m
     [90m     |[39m 
                      
      
[31m[1m^[22m[39m
     [90m 447 |[39m 
                }
     [90m 448 |[39m 
                [36mb
reak[39m[33m;[39m
     [90m 449 |[39m 
            
[36mcase[39m [33mEr
rorManager[39m[33m.
[39m[33mERROR_SEVERIT
Y[39m[33m.[39m[33m
HIGH[39m[33m:[39m[
0m

      at 
ErrorManager.warn [as 
logError] (src/core/Er
rorManager.js:446:29)
      at 
ErrorManager.logError 
[as handleError] (src/
core/ErrorManager.js:2
45:14)
      at 
Object.handleError (te
st/error-handling.test
.js:134:40)

    console.warn
      [MEDIUM] 
unknown_error: Error 
2 {
        id: 'error_177
2390511574_v9idwhyw1',
        timestamp: '20
26-03-01T18:41:51.574Z
',
        message: 
'Error 2',
        stack: 
'Error: Error 2\n' +
          '    at 
Object.<anonymous> (C:
\\Workspace_Melbin\\fu
n_websites\\3d_model_v
iewer\\test\\error-han
dling.test.js:134:52)\
n' +
          '    at proc
essTicksAndRejections 
(node:internal/process
/task_queues:105:5)',
        type: 
'unknown_error',
        severity: 
'medium',
        context: {},
        recovered: 
false,
        userNotified: 
false
      }

    [0m [90m 444 
|[39m                
 [90m// Only log 
medium errors that 
are not performance-re
lated[39m
     [90m 445 |[39m 
                
[36mif[39m ([33m![
39merrorInfo[33m.[39
mtype[33m.[39minclud
es([32m'performance'
[39m)) {
    [31m[1m>[22m[3
9m[90m 446 |[39m    
                 conso
le[33m.[39mwarn(logM
essage[33m,[39m 
errorInfo)[33m;[39m
     [90m     |[39m 
                      
      
[31m[1m^[22m[39m
     [90m 447 |[39m 
                }
     [90m 448 |[39m 
                [36mb
reak[39m[33m;[39m
     [90m 449 |[39m 
            
[36mcase[39m [33mEr
rorManager[39m[33m.
[39m[33mERROR_SEVERIT
Y[39m[33m.[39m[33m
HIGH[39m[33m:[39m[
0m

      at 
ErrorManager.warn [as 
logError] (src/core/Er
rorManager.js:446:29)
      at 
ErrorManager.logError 
[as handleError] (src/
core/ErrorManager.js:2
45:14)
      at 
Object.handleError (te
st/error-handling.test
.js:134:40)

    console.warn
      [MEDIUM] 
unknown_error: Error 
3 {
        id: 'error_177
2390511576_d15qijxxa',
        timestamp: '20
26-03-01T18:41:51.576Z
',
        message: 
'Error 3',
        stack: 
'Error: Error 3\n' +
          '    at 
Object.<anonymous> (C:
\\Workspace_Melbin\\fu
n_websites\\3d_model_v
iewer\\test\\error-han
dling.test.js:134:52)\
n' +
          '    at proc
essTicksAndRejections 
(node:internal/process
/task_queues:105:5)',
        type: 
'unknown_error',
        severity: 
'medium',
        context: {},
        recovered: 
false,
        userNotified: 
false
      }

    [0m [90m 444 
|[39m                
 [90m// Only log 
medium errors that 
are not performance-re
lated[39m
     [90m 445 |[39m 
                
[36mif[39m ([33m![
39merrorInfo[33m.[39
mtype[33m.[39minclud
es([32m'performance'
[39m)) {
    [31m[1m>[22m[3
9m[90m 446 |[39m    
                 conso
le[33m.[39mwarn(logM
essage[33m,[39m 
errorInfo)[33m;[39m
     [90m     |[39m 
                      
      
[31m[1m^[22m[39m
     [90m 447 |[39m 
                }
     [90m 448 |[39m 
                [36mb
reak[39m[33m;[39m
     [90m 449 |[39m 
            
[36mcase[39m [33mEr
rorManager[39m[33m.
[39m[33mERROR_SEVERIT
Y[39m[33m.[39m[33m
HIGH[39m[33m:[39m[
0m

      at 
ErrorManager.warn [as 
logError] (src/core/Er
rorManager.js:446:29)
      at 
ErrorManager.logError 
[as handleError] (src/
core/ErrorManager.js:2
45:14)
      at 
Object.handleError (te
st/error-handling.test
.js:134:40)

    console.warn
      [MEDIUM] 
unknown_error: Error 
4 {
        id: 'error_177
2390511576_l6o4tnpmq',
        timestamp: '20
26-03-01T18:41:51.576Z
',
        message: 
'Error 4',
        stack: 
'Error: Error 4\n' +
          '    at 
Object.<anonymous> (C:
\\Workspace_Melbin\\fu
n_websites\\3d_model_v
iewer\\test\\error-han
dling.test.js:134:52)\
n' +
          '    at proc
essTicksAndRejections 
(node:internal/process
/task_queues:105:5)',
        type: 
'unknown_error',
        severity: 
'medium',
        context: {},
        recovered: 
false,
        userNotified: 
false
      }

    [0m [90m 444 
|[39m                
 [90m// Only log 
medium errors that 
are not performance-re
lated[39m
     [90m 445 |[39m 
                
[36mif[39m ([33m![
39merrorInfo[33m.[39
mtype[33m.[39minclud
es([32m'performance'
[39m)) {
    [31m[1m>[22m[3
9m[90m 446 |[39m    
                 conso
le[33m.[39mwarn(logM
essage[33m,[39m 
errorInfo)[33m;[39m
     [90m     |[39m 
                      
      
[31m[1m^[22m[39m
     [90m 447 |[39m 
                }
     [90m 448 |[39m 
                [36mb
reak[39m[33m;[39m
     [90m 449 |[39m 
            
[36mcase[39m [33mEr
rorManager[39m[33m.
[39m[33mERROR_SEVERIT
Y[39m[33m.[39m[33m
HIGH[39m[33m:[39m[
0m

      at 
ErrorManager.warn [as 
logError] (src/core/Er
rorManager.js:446:29)
      at 
ErrorManager.logError 
[as handleError] (src/
core/ErrorManager.js:2
45:14)
      at 
Object.handleError (te
st/error-handling.test
.js:134:40)

    console.error
      [HIGH] 
webgl_context_lost: 
WebGL context lost {
        id: 'error_177
2390511580_2vp1y5w9a',
        timestamp: '20
26-03-01T18:41:51.580Z
',
        message: 
'WebGL context lost',
        stack: 
'Error: WebGL context 
lost\n' +
          '    at 
Object.<anonymous> (C:
\\Workspace_Melbin\\fu
n_websites\\3d_model_v
iewer\\test\\error-han
dling.test.js:144:31)\
n' +
          '    at Prom
ise.then.completed (C:
\\Workspace_Melbin\\fu
n_websites\\3d_model_v
iewer\\node_modules\\j
est-circus\\build\\uti
ls.js:298:28)\n' +
          '    at new 
Promise 
(<anonymous>)\n' +
          '    at 
callAsyncCircusFn (C:\
\Workspace_Melbin\\fun
_websites\\3d_model_vi
ewer\\node_modules\\je
st-circus\\build\\util
s.js:231:10)\n' +
          '    at 
_callCircusTest (C:\\W
orkspace_Melbin\\fun_w
ebsites\\3d_model_view
er\\node_modules\\jest
-circus\\build\\run.js
:316:40)\n' +
          '    at proc
essTicksAndRejections 
(node:internal/process
/task_queues:105:5)\n'
 +
          '    at 
_runTest (C:\\Workspac
e_Melbin\\fun_websites
\\3d_model_viewer\\nod
e_modules\\jest-circus
\\build\\run.js:252:3)
\n' +
          '    at _run
TestsForDescribeBlock 
(C:\\Workspace_Melbin\
\fun_websites\\3d_mode
l_viewer\\node_modules
\\jest-circus\\build\\
run.js:126:9)\n' +
          '    at _run
TestsForDescribeBlock 
(C:\\Workspace_Melbin\
\fun_websites\\3d_mode
l_viewer\\node_modules
\\jest-circus\\build\\
run.js:121:9)\n' +
          '    at _run
TestsForDescribeBlock 
(C:\\Workspace_Melbin\
\fun_websites\\3d_mode
l_viewer\\node_modules
\\jest-circus\\build\\
run.js:121:9)\n' +
          '    at _run
TestsForDescribeBlock 
(C:\\Workspace_Melbin\
\fun_websites\\3d_mode
l_viewer\\node_modules
\\jest-circus\\build\\
run.js:121:9)\n' +
          '    at run 
(C:\\Workspace_Melbin\
\fun_websites\\3d_mode
l_viewer\\node_modules
\\jest-circus\\build\\
run.js:71:3)\n' +
          '    at runA
ndTransformResultsToJe
stFormat (C:\\Workspac
e_Melbin\\fun_websites
\\3d_model_viewer\\nod
e_modules\\jest-circus
\\build\\legacy-code-t
odo-rewrite\\jestAdapt
erInit.js:122:21)\n' +
          '    at 
jestAdapter (C:\\Works
pace_Melbin\\fun_websi
tes\\3d_model_viewer\\
node_modules\\jest-cir
cus\\build\\legacy-cod
e-todo-rewrite\\jestAd
apter.js:79:19)\n' +
          '    at 
runTestInternal (C:\\W
orkspace_Melbin\\fun_w
ebsites\\3d_model_view
er\\node_modules\\jest
-runner\\build\\runTes
t.js:367:16)\n' +
          '    at 
runTest (C:\\Workspace
_Melbin\\fun_websites\
\3d_model_viewer\\node
_modules\\jest-runner\
\build\\runTest.js:444
:34)\n' +
          '    at 
Object.worker (C:\\Wor
kspace_Melbin\\fun_web
sites\\3d_model_viewer
\\node_modules\\jest-r
unner\\build\\testWork
er.js:106:12)',
        type: 
'webgl_context_lost',
        severity: 
'high',
        context: {},
        recovered: 
false,
        userNotified: 
false
      }

    [0m [90m 449 
|[39m             
[36mcase[39m [33mEr
rorManager[39m[33m.
[39m[33mERROR_SEVERIT
Y[39m[33m.[39m[33m
HIGH[39m[33m:[39m
     [90m 450 |[39m 
            
[36mcase[39m [33mEr
rorManager[39m[33m.
[39m[33mERROR_SEVERIT
Y[39m[33m.[39m[33m
CRITICAL[39m[33m:[3
9m
    [31m[1m>[22m[3
9m[90m 451 |[39m    
             console[
33m.[39merror(logMess
age[33m,[39m 
errorInfo)[33m;[39m
     [90m     |[39m 
                      
  [31m[1m^[22m[39m
     [90m 452 |[39m 
                [36mb
reak[39m[33m;[39m
     [90m 453 |[39m 
            [36mdefau
lt[39m[33m:[39m
     [90m 454 |[39m 
                
[90m// Silent for 
other cases[39m[0m

      at 
ErrorManager.error 
[as logError] (src/cor
e/ErrorManager.js:451:
25)
      at 
ErrorManager.logError 
[as handleError] (src/
core/ErrorManager.js:2
45:14)
      at 
Object.handleError (te
st/error-handling.test
.js:145:54)

    console.info
      [RECOVERY] 
Successfully 
recovered from 
webgl_context_lost {
        id: 'error_177
2390511580_2vp1y5w9a',
        timestamp: '20
26-03-01T18:41:51.580Z
',
        message: 
'WebGL context lost',
        stack: 
'Error: WebGL context 
lost\n' +
          '    at 
Object.<anonymous> (C:
\\Workspace_Melbin\\fu
n_websites\\3d_model_v
iewer\\test\\error-han
dling.test.js:144:31)\
n' +
          '    at Prom
ise.then.completed (C:
\\Workspace_Melbin\\fu
n_websites\\3d_model_v
iewer\\node_modules\\j
est-circus\\build\\uti
ls.js:298:28)\n' +
          '    at new 
Promise 
(<anonymous>)\n' +
          '    at 
callAsyncCircusFn (C:\
\Workspace_Melbin\\fun
_websites\\3d_model_vi
ewer\\node_modules\\je
st-circus\\build\\util
s.js:231:10)\n' +
          '    at 
_callCircusTest (C:\\W
orkspace_Melbin\\fun_w
ebsites\\3d_model_view
er\\node_modules\\jest
-circus\\build\\run.js
:316:40)\n' +
          '    at proc
essTicksAndRejections 
(node:internal/process
/task_queues:105:5)\n'
 +
          '    at 
_runTest (C:\\Workspac
e_Melbin\\fun_websites
\\3d_model_viewer\\nod
e_modules\\jest-circus
\\build\\run.js:252:3)
\n' +
          '    at _run
TestsForDescribeBlock 
(C:\\Workspace_Melbin\
\fun_websites\\3d_mode
l_viewer\\node_modules
\\jest-circus\\build\\
run.js:126:9)\n' +
          '    at _run
TestsForDescribeBlock 
(C:\\Workspace_Melbin\
\fun_websites\\3d_mode
l_viewer\\node_modules
\\jest-circus\\build\\
run.js:121:9)\n' +
          '    at _run
TestsForDescribeBlock 
(C:\\Workspace_Melbin\
\fun_websites\\3d_mode
l_viewer\\node_modules
\\jest-circus\\build\\
run.js:121:9)\n' +
          '    at _run
TestsForDescribeBlock 
(C:\\Workspace_Melbin\
\fun_websites\\3d_mode
l_viewer\\node_modules
\\jest-circus\\build\\
run.js:121:9)\n' +
          '    at run 
(C:\\Workspace_Melbin\
\fun_websites\\3d_mode
l_viewer\\node_modules
\\jest-circus\\build\\
run.js:71:3)\n' +
          '    at runA
ndTransformResultsToJe
stFormat (C:\\Workspac
e_Melbin\\fun_websites
\\3d_model_viewer\\nod
e_modules\\jest-circus
\\build\\legacy-code-t
odo-rewrite\\jestAdapt
erInit.js:122:21)\n' +
          '    at 
jestAdapter (C:\\Works
pace_Melbin\\fun_websi
tes\\3d_model_viewer\\
node_modules\\jest-cir
cus\\build\\legacy-cod
e-todo-rewrite\\jestAd
apter.js:79:19)\n' +
          '    at 
runTestInternal (C:\\W
orkspace_Melbin\\fun_w
ebsites\\3d_model_view
er\\node_modules\\jest
-runner\\build\\runTes
t.js:367:16)\n' +
          '    at 
runTest (C:\\Workspace
_Melbin\\fun_websites\
\3d_model_viewer\\node
_modules\\jest-runner\
\build\\runTest.js:444
:34)\n' +
          '    at 
Object.worker (C:\\Wor
kspace_Melbin\\fun_web
sites\\3d_model_viewer
\\node_modules\\jest-r
unner\\build\\testWork
er.js:106:12)',
        type: 
'webgl_context_lost',
        severity: 
'high',
        context: {},
        recovered: 
false,
        userNotified: 
false
      }

      at 
ErrorManager.info [as 
logRecovery] (src/core
/ErrorManager.js:463:1
7)

    console.info
      [RECOVERY] 
Successfully 
recovered from 
memory_error {
        id: 'error_177
2390511589_uioihjbw7',
        timestamp: '20
26-03-01T18:41:51.589Z
',
        message: 
'Memory error',
        stack: 
'Error: Memory 
error\n' +
          '    at 
Object.<anonymous> (C:
\\Workspace_Melbin\\fu
n_websites\\3d_model_v
iewer\\test\\error-han
dling.test.js:156:31)\
n' +
          '    at Prom
ise.then.completed (C:
\\Workspace_Melbin\\fu
n_websites\\3d_model_v
iewer\\node_modules\\j
est-circus\\build\\uti
ls.js:298:28)\n' +
          '    at new 
Promise 
(<anonymous>)\n' +
          '    at 
callAsyncCircusFn (C:\
\Workspace_Melbin\\fun
_websites\\3d_model_vi
ewer\\node_modules\\je
st-circus\\build\\util
s.js:231:10)\n' +
          '    at 
_callCircusTest (C:\\W
orkspace_Melbin\\fun_w
ebsites\\3d_model_view
er\\node_modules\\jest
-circus\\build\\run.js
:316:40)\n' +
          '    at proc
essTicksAndRejections 
(node:internal/process
/task_queues:105:5)\n'
 +
          '    at 
_runTest (C:\\Workspac
e_Melbin\\fun_websites
\\3d_model_viewer\\nod
e_modules\\jest-circus
\\build\\run.js:252:3)
\n' +
          '    at _run
TestsForDescribeBlock 
(C:\\Workspace_Melbin\
\fun_websites\\3d_mode
l_viewer\\node_modules
\\jest-circus\\build\\
run.js:126:9)\n' +
          '    at _run
TestsForDescribeBlock 
(C:\\Workspace_Melbin\
\fun_websites\\3d_mode
l_viewer\\node_modules
\\jest-circus\\build\\
run.js:121:9)\n' +
          '    at _run
TestsForDescribeBlock 
(C:\\Workspace_Melbin\
\fun_websites\\3d_mode
l_viewer\\node_modules
\\jest-circus\\build\\
run.js:121:9)\n' +
          '    at _run
TestsForDescribeBlock 
(C:\\Workspace_Melbin\
\fun_websites\\3d_mode
l_viewer\\node_modules
\\jest-circus\\build\\
run.js:121:9)\n' +
          '    at run 
(C:\\Workspace_Melbin\
\fun_websites\\3d_mode
l_viewer\\node_modules
\\jest-circus\\build\\
run.js:71:3)\n' +
          '    at runA
ndTransformResultsToJe
stFormat (C:\\Workspac
e_Melbin\\fun_websites
\\3d_model_viewer\\nod
e_modules\\jest-circus
\\build\\legacy-code-t
odo-rewrite\\jestAdapt
erInit.js:122:21)\n' +
          '    at 
jestAdapter (C:\\Works
pace_Melbin\\fun_websi
tes\\3d_model_viewer\\
node_modules\\jest-cir
cus\\build\\legacy-cod
e-todo-rewrite\\jestAd
apter.js:79:19)\n' +
          '    at 
runTestInternal (C:\\W
orkspace_Melbin\\fun_w
ebsites\\3d_model_view
er\\node_modules\\jest
-runner\\build\\runTes
t.js:367:16)\n' +
          '    at 
runTest (C:\\Workspace
_Melbin\\fun_websites\
\3d_model_viewer\\node
_modules\\jest-runner\
\build\\runTest.js:444
:34)\n' +
          '    at 
Object.worker (C:\\Wor
kspace_Melbin\\fun_web
sites\\3d_model_viewer
\\node_modules\\jest-r
unner\\build\\testWork
er.js:106:12)',
        type: 
'memory_error',
        severity: 
'medium',
        context: {},
        recovered: 
false,
        userNotified: 
false
      }

      at 
ErrorManager.info [as 
logRecovery] (src/core
/ErrorManager.js:463:1
7)

    console.info
      [RECOVERY] 
Successfully 
recovered from perform
ance_degradation {
        id: 'error_177
2390511594_xtovs5q58',
        timestamp: '20
26-03-01T18:41:51.594Z
',
        message: 
'Performance 
degradation',
        stack: 
'Error: Performance 
degradation\n' +
          '    at 
Object.<anonymous> (C:
\\Workspace_Melbin\\fu
n_websites\\3d_model_v
iewer\\test\\error-han
dling.test.js:168:31)\
n' +
          '    at Prom
ise.then.completed (C:
\\Workspace_Melbin\\fu
n_websites\\3d_model_v
iewer\\node_modules\\j
est-circus\\build\\uti
ls.js:298:28)\n' +
          '    at new 
Promise 
(<anonymous>)\n' +
          '    at 
callAsyncCircusFn (C:\
\Workspace_Melbin\\fun
_websites\\3d_model_vi
ewer\\node_modules\\je
st-circus\\build\\util
s.js:231:10)\n' +
          '    at 
_callCircusTest (C:\\W
orkspace_Melbin\\fun_w
ebsites\\3d_model_view
er\\node_modules\\jest
-circus\\build\\run.js
:316:40)\n' +
          '    at proc
essTicksAndRejections 
(node:internal/process
/task_queues:105:5)\n'
 +
          '    at 
_runTest (C:\\Workspac
e_Melbin\\fun_websites
\\3d_model_viewer\\nod
e_modules\\jest-circus
\\build\\run.js:252:3)
\n' +
          '    at _run
TestsForDescribeBlock 
(C:\\Workspace_Melbin\
\fun_websites\\3d_mode
l_viewer\\node_modules
\\jest-circus\\build\\
run.js:126:9)\n' +
          '    at _run
TestsForDescribeBlock 
(C:\\Workspace_Melbin\
\fun_websites\\3d_mode
l_viewer\\node_modules
\\jest-circus\\build\\
run.js:121:9)\n' +
          '    at _run
TestsForDescribeBlock 
(C:\\Workspace_Melbin\
\fun_websites\\3d_mode
l_viewer\\node_modules
\\jest-circus\\build\\
run.js:121:9)\n' +
          '    at _run
TestsForDescribeBlock 
(C:\\Workspace_Melbin\
\fun_websites\\3d_mode
l_viewer\\node_modules
\\jest-circus\\build\\
run.js:121:9)\n' +
          '    at run 
(C:\\Workspace_Melbin\
\fun_websites\\3d_mode
l_viewer\\node_modules
\\jest-circus\\build\\
run.js:71:3)\n' +
          '    at runA
ndTransformResultsToJe
stFormat (C:\\Workspac
e_Melbin\\fun_websites
\\3d_model_viewer\\nod
e_modules\\jest-circus
\\build\\legacy-code-t
odo-rewrite\\jestAdapt
erInit.js:122:21)\n' +
          '    at 
jestAdapter (C:\\Works
pace_Melbin\\fun_websi
tes\\3d_model_viewer\\
node_modules\\jest-cir
cus\\build\\legacy-cod
e-todo-rewrite\\jestAd
apter.js:79:19)\n' +
          '    at 
runTestInternal (C:\\W
orkspace_Melbin\\fun_w
ebsites\\3d_model_view
er\\node_modules\\jest
-runner\\build\\runTes
t.js:367:16)\n' +
          '    at 
runTest (C:\\Workspace
_Melbin\\fun_websites\
\3d_model_viewer\\node
_modules\\jest-runner\
\build\\runTest.js:444
:34)\n' +
          '    at 
Object.worker (C:\\Wor
kspace_Melbin\\fun_web
sites\\3d_model_viewer
\\node_modules\\jest-r
unner\\build\\testWork
er.js:106:12)',
        type: 'perform
ance_degradation',
        severity: 
'medium',
        context: {},
        recovered: 
false,
        userNotified: 
false
      }

      at 
ErrorManager.info [as 
logRecovery] (src/core
/ErrorManager.js:463:1
7)

    console.error
      Error during 
recovery attempt: 
Error: Recovery failed
          at 
Object.<anonymous> (C:
\Workspace_Melbin\fun_
websites\3d_model_view
er\test\error-handling
.test.js:182:68)
          at Promise.t
hen.completed (C:\Work
space_Melbin\fun_websi
tes\3d_model_viewer\no
de_modules\jest-circus
\build\utils.js:298:28
)
          at new 
Promise (<anonymous>)
          at 
callAsyncCircusFn (C:\
Workspace_Melbin\fun_w
ebsites\3d_model_viewe
r\node_modules\jest-ci
rcus\build\utils.js:23
1:10)
          at 
_callCircusTest (C:\Wo
rkspace_Melbin\fun_web
sites\3d_model_viewer\
node_modules\jest-circ
us\build\run.js:316:40
)
          at processTi
cksAndRejections (node
:internal/process/task
_queues:105:5)
          at _runTest 
(C:\Workspace_Melbin\f
un_websites\3d_model_v
iewer\node_modules\jes
t-circus\build\run.js:
252:3)
          at _runTests
ForDescribeBlock (C:\W
orkspace_Melbin\fun_we
bsites\3d_model_viewer
\node_modules\jest-cir
cus\build\run.js:126:9
)
          at _runTests
ForDescribeBlock (C:\W
orkspace_Melbin\fun_we
bsites\3d_model_viewer
\node_modules\jest-cir
cus\build\run.js:121:9
)
          at _runTests
ForDescribeBlock (C:\W
orkspace_Melbin\fun_we
bsites\3d_model_viewer
\node_modules\jest-cir
cus\build\run.js:121:9
)
          at _runTests
ForDescribeBlock (C:\W
orkspace_Melbin\fun_we
bsites\3d_model_viewer
\node_modules\jest-cir
cus\build\run.js:121:9
)
          at run (C:\W
orkspace_Melbin\fun_we
bsites\3d_model_viewer
\node_modules\jest-cir
cus\build\run.js:71:3)
          at runAndTra
nsformResultsToJestFor
mat (C:\Workspace_Melb
in\fun_websites\3d_mod
el_viewer\node_modules
\jest-circus\build\leg
acy-code-todo-rewrite\
jestAdapterInit.js:122
:21)
          at 
jestAdapter (C:\Worksp
ace_Melbin\fun_website
s\3d_model_viewer\node
_modules\jest-circus\b
uild\legacy-code-todo-
rewrite\jestAdapter.js
:79:19)
          at 
runTestInternal (C:\Wo
rkspace_Melbin\fun_web
sites\3d_model_viewer\
node_modules\jest-runn
er\build\runTest.js:36
7:16)
          at runTest (
C:\Workspace_Melbin\fu
n_websites\3d_model_vi
ewer\node_modules\jest
-runner\build\runTest.
js:444:34)
          at 
Object.worker (C:\Work
space_Melbin\fun_websi
tes\3d_model_viewer\no
de_modules\jest-runner
\build\testWorker.js:1
06:12)

    [0m [90m 292 
|[39m             
[36mreturn[39m [36m
false[39m[33m;[39m
     [90m 293 |[39m 
        } 
[36mcatch[39m 
(recoveryError) {
    [31m[1m>[22m[3
9m[90m 294 |[39m    
         console[33m.
[39merror([32m'Error
 during recovery attem
pt:'[39m[33m,[39m r
ecoveryError)[33m;[3
9m
     [90m     |[39m 
                    
[31m[1m^[22m[39m
     [90m 295 |[39m 
            
[36mreturn[39m [36m
false[39m[33m;[39m
     [90m 296 |[39m 
        }
     [90m 297 |[39m 
    }[0m

      at 
ErrorManager.error 
[as attemptRecovery] (
src/core/ErrorManager.
js:294:21)
      at ErrorManager.
handleError (src/core/
ErrorManager.js:248:27
)
      at 
Object.<anonymous> (te
st/error-handling.test
.js:187:35)

    console.warn
      [MEDIUM] 
asset_load_failed: 
Error 1 {
        id: 'error_177
2390511610_59pdzx4bp',
        timestamp: '20
26-03-01T18:41:51.610Z
',
        message: 
'Error 1',
        stack: 
'Error: Error 1\n' +
          '    at 
Object.<anonymous> (C:
\\Workspace_Melbin\\fu
n_websites\\3d_model_v
iewer\\test\\error-han
dling.test.js:232:48)\
n' +
          '    at Prom
ise.then.completed (C:
\\Workspace_Melbin\\fu
n_websites\\3d_model_v
iewer\\node_modules\\j
est-circus\\build\\uti
ls.js:298:28)\n' +
          '    at new 
Promise 
(<anonymous>)\n' +
          '    at 
callAsyncCircusFn (C:\
\Workspace_Melbin\\fun
_websites\\3d_model_vi
ewer\\node_modules\\je
st-circus\\build\\util
s.js:231:10)\n' +
          '    at 
_callCircusTest (C:\\W
orkspace_Melbin\\fun_w
ebsites\\3d_model_view
er\\node_modules\\jest
-circus\\build\\run.js
:316:40)\n' +
          '    at proc
essTicksAndRejections 
(node:internal/process
/task_queues:105:5)\n'
 +
          '    at 
_runTest (C:\\Workspac
e_Melbin\\fun_websites
\\3d_model_viewer\\nod
e_modules\\jest-circus
\\build\\run.js:252:3)
\n' +
          '    at _run
TestsForDescribeBlock 
(C:\\Workspace_Melbin\
\fun_websites\\3d_mode
l_viewer\\node_modules
\\jest-circus\\build\\
run.js:126:9)\n' +
          '    at _run
TestsForDescribeBlock 
(C:\\Workspace_Melbin\
\fun_websites\\3d_mode
l_viewer\\node_modules
\\jest-circus\\build\\
run.js:121:9)\n' +
          '    at _run
TestsForDescribeBlock 
(C:\\Workspace_Melbin\
\fun_websites\\3d_mode
l_viewer\\node_modules
\\jest-circus\\build\\
run.js:121:9)\n' +
          '    at _run
TestsForDescribeBlock 
(C:\\Workspace_Melbin\
\fun_websites\\3d_mode
l_viewer\\node_modules
\\jest-circus\\build\\
run.js:121:9)\n' +
          '    at run 
(C:\\Workspace_Melbin\
\fun_websites\\3d_mode
l_viewer\\node_modules
\\jest-circus\\build\\
run.js:71:3)\n' +
          '    at runA
ndTransformResultsToJe
stFormat (C:\\Workspac
e_Melbin\\fun_websites
\\3d_model_viewer\\nod
e_modules\\jest-circus
\\build\\legacy-code-t
odo-rewrite\\jestAdapt
erInit.js:122:21)\n' +
          '    at 
jestAdapter (C:\\Works
pace_Melbin\\fun_websi
tes\\3d_model_viewer\\
node_modules\\jest-cir
cus\\build\\legacy-cod
e-todo-rewrite\\jestAd
apter.js:79:19)\n' +
          '    at 
runTestInternal (C:\\W
orkspace_Melbin\\fun_w
ebsites\\3d_model_view
er\\node_modules\\jest
-runner\\build\\runTes
t.js:367:16)\n' +
          '    at 
runTest (C:\\Workspace
_Melbin\\fun_websites\
\3d_model_viewer\\node
_modules\\jest-runner\
\build\\runTest.js:444
:34)\n' +
          '    at 
Object.worker (C:\\Wor
kspace_Melbin\\fun_web
sites\\3d_model_viewer
\\node_modules\\jest-r
unner\\build\\testWork
er.js:106:12)',
        type: 
'asset_load_failed',
        severity: 
'medium',
        context: {},
        recovered: 
false,
        userNotified: 
false
      }

    [0m [90m 444 
|[39m                
 [90m// Only log 
medium errors that 
are not performance-re
lated[39m
     [90m 445 |[39m 
                
[36mif[39m ([33m![
39merrorInfo[33m.[39
mtype[33m.[39minclud
es([32m'performance'
[39m)) {
    [31m[1m>[22m[3
9m[90m 446 |[39m    
                 conso
le[33m.[39mwarn(logM
essage[33m,[39m 
errorInfo)[33m;[39m
     [90m     |[39m 
                      
      
[31m[1m^[22m[39m
     [90m 447 |[39m 
                }
     [90m 448 |[39m 
                [36mb
reak[39m[33m;[39m
     [90m 449 |[39m 
            
[36mcase[39m [33mEr
rorManager[39m[33m.
[39m[33mERROR_SEVERIT
Y[39m[33m.[39m[33m
HIGH[39m[33m:[39m[
0m

      at 
ErrorManager.warn [as 
logError] (src/core/Er
rorManager.js:446:29)
      at 
ErrorManager.logError 
[as handleError] (src/
core/ErrorManager.js:2
45:14)
      at 
Object.handleError (te
st/error-handling.test
.js:232:36)

    console.info
      [RECOVERY] 
Successfully 
recovered from 
memory_error {
        id: 'error_177
2390511613_v3yovxd29',
        timestamp: '20
26-03-01T18:41:51.613Z
',
        message: 
'Error 2',
        stack: 
'Error: Error 2\n' +
          '    at 
Object.<anonymous> (C:
\\Workspace_Melbin\\fu
n_websites\\3d_model_v
iewer\\test\\error-han
dling.test.js:235:48)\
n' +
          '    at proc
essTicksAndRejections 
(node:internal/process
/task_queues:105:5)',
        type: 
'memory_error',
        severity: 
'medium',
        context: {},
        recovered: 
false,
        userNotified: 
false
      }

      at 
ErrorManager.info [as 
logRecovery] (src/core
/ErrorManager.js:463:1
7)

    console.info
      [RECOVERY] 
Successfully 
recovered from 
memory_error {
        id: 'error_177
2390511616_xqe8k4pj7',
        timestamp: '20
26-03-01T18:41:51.616Z
',
        message: 
'Memory error',
        stack: 
'Error: Memory 
error\n' +
          '    at 
Object.<anonymous> (C:
\\Workspace_Melbin\\fu
n_websites\\3d_model_v
iewer\\test\\error-han
dling.test.js:249:48)\
n' +
          '    at Prom
ise.then.completed (C:
\\Workspace_Melbin\\fu
n_websites\\3d_model_v
iewer\\node_modules\\j
est-circus\\build\\uti
ls.js:298:28)\n' +
          '    at new 
Promise 
(<anonymous>)\n' +
          '    at 
callAsyncCircusFn (C:\
\Workspace_Melbin\\fun
_websites\\3d_model_vi
ewer\\node_modules\\je
st-circus\\build\\util
s.js:231:10)\n' +
          '    at 
_callCircusTest (C:\\W
orkspace_Melbin\\fun_w
ebsites\\3d_model_view
er\\node_modules\\jest
-circus\\build\\run.js
:316:40)\n' +
          '    at proc
essTicksAndRejections 
(node:internal/process
/task_queues:105:5)\n'
 +
          '    at 
_runTest (C:\\Workspac
e_Melbin\\fun_websites
\\3d_model_viewer\\nod
e_modules\\jest-circus
\\build\\run.js:252:3)
\n' +
          '    at _run
TestsForDescribeBlock 
(C:\\Workspace_Melbin\
\fun_websites\\3d_mode
l_viewer\\node_modules
\\jest-circus\\build\\
run.js:126:9)\n' +
          '    at _run
TestsForDescribeBlock 
(C:\\Workspace_Melbin\
\fun_websites\\3d_mode
l_viewer\\node_modules
\\jest-circus\\build\\
run.js:121:9)\n' +
          '    at _run
TestsForDescribeBlock 
(C:\\Workspace_Melbin\
\fun_websites\\3d_mode
l_viewer\\node_modules
\\jest-circus\\build\\
run.js:121:9)\n' +
          '    at _run
TestsForDescribeBlock 
(C:\\Workspace_Melbin\
\fun_websites\\3d_mode
l_viewer\\node_modules
\\jest-circus\\build\\
run.js:121:9)\n' +
          '    at run 
(C:\\Workspace_Melbin\
\fun_websites\\3d_mode
l_viewer\\node_modules
\\jest-circus\\build\\
run.js:71:3)\n' +
          '    at runA
ndTransformResultsToJe
stFormat (C:\\Workspac
e_Melbin\\fun_websites
\\3d_model_viewer\\nod
e_modules\\jest-circus
\\build\\legacy-code-t
odo-rewrite\\jestAdapt
erInit.js:122:21)\n' +
          '    at 
jestAdapter (C:\\Works
pace_Melbin\\fun_websi
tes\\3d_model_viewer\\
node_modules\\jest-cir
cus\\build\\legacy-cod
e-todo-rewrite\\jestAd
apter.js:79:19)\n' +
          '    at 
runTestInternal (C:\\W
orkspace_Melbin\\fun_w
ebsites\\3d_model_view
er\\node_modules\\jest
-runner\\build\\runTes
t.js:367:16)\n' +
          '    at 
runTest (C:\\Workspace
_Melbin\\fun_websites\
\3d_model_viewer\\node
_modules\\jest-runner\
\build\\runTest.js:444
:34)\n' +
          '    at 
Object.worker (C:\\Wor
kspace_Melbin\\fun_web
sites\\3d_model_viewer
\\node_modules\\jest-r
unner\\build\\testWork
er.js:106:12)',
        type: 
'memory_error',
        severity: 
'medium',
        context: {},
        recovered: 
false,
        userNotified: 
false
      }

      at 
ErrorManager.info [as 
logRecovery] (src/core
/ErrorManager.js:463:1
7)

    console.warn
      [MEDIUM] 
asset_load_failed: 
Asset error {
        id: 'error_177
2390511619_dvx3t53lc',
        timestamp: '20
26-03-01T18:41:51.619Z
',
        message: 
'Asset error',
        stack: 
'Error: Asset 
error\n' +
          '    at 
Object.<anonymous> (C:
\\Workspace_Melbin\\fu
n_websites\\3d_model_v
iewer\\test\\error-han
dling.test.js:254:48)\
n' +
          '    at proc
essTicksAndRejections 
(node:internal/process
/task_queues:105:5)',
        type: 
'asset_load_failed',
        severity: 
'medium',
        context: {},
        recovered: 
false,
        userNotified: 
false
      }

    [0m [90m 444 
|[39m                
 [90m// Only log 
medium errors that 
are not performance-re
lated[39m
     [90m 445 |[39m 
                
[36mif[39m ([33m![
39merrorInfo[33m.[39
mtype[33m.[39minclud
es([32m'performance'
[39m)) {
    [31m[1m>[22m[3
9m[90m 446 |[39m    
                 conso
le[33m.[39mwarn(logM
essage[33m,[39m 
errorInfo)[33m;[39m
     [90m     |[39m 
                      
      
[31m[1m^[22m[39m
     [90m 447 |[39m 
                }
     [90m 448 |[39m 
                [36mb
reak[39m[33m;[39m
     [90m 449 |[39m 
            
[36mcase[39m [33mEr
rorManager[39m[33m.
[39m[33mERROR_SEVERIT
Y[39m[33m.[39m[33m
HIGH[39m[33m:[39m[
0m

      at 
ErrorManager.warn [as 
logError] (src/core/Er
rorManager.js:446:29)
      at 
ErrorManager.logError 
[as handleError] (src/
core/ErrorManager.js:2
45:14)
      at 
Object.handleError (te
st/error-handling.test
.js:254:36)

    console.warn
      [MEDIUM] 
unknown_error: Test 
error {
        id: 'error_177
2390511624_ldrtko2nf',
        timestamp: '20
26-03-01T18:41:51.624Z
',
        message: 
'Test error',
        stack: 
'Error: Test error\n' 
+
          '    at 
Object.<anonymous> (C:
\\Workspace_Melbin\\fu
n_websites\\3d_model_v
iewer\\test\\error-han
dling.test.js:277:48)\
n' +
          '    at Prom
ise.then.completed (C:
\\Workspace_Melbin\\fu
n_websites\\3d_model_v
iewer\\node_modules\\j
est-circus\\build\\uti
ls.js:298:28)\n' +
          '    at new 
Promise 
(<anonymous>)\n' +
          '    at 
callAsyncCircusFn (C:\
\Workspace_Melbin\\fun
_websites\\3d_model_vi
ewer\\node_modules\\je
st-circus\\build\\util
s.js:231:10)\n' +
          '    at 
_callCircusTest (C:\\W
orkspace_Melbin\\fun_w
ebsites\\3d_model_view
er\\node_modules\\jest
-circus\\build\\run.js
:316:40)\n' +
          '    at proc
essTicksAndRejections 
(node:internal/process
/task_queues:105:5)\n'
 +
          '    at 
_runTest (C:\\Workspac
e_Melbin\\fun_websites
\\3d_model_viewer\\nod
e_modules\\jest-circus
\\build\\run.js:252:3)
\n' +
          '    at _run
TestsForDescribeBlock 
(C:\\Workspace_Melbin\
\fun_websites\\3d_mode
l_viewer\\node_modules
\\jest-circus\\build\\
run.js:126:9)\n' +
          '    at _run
TestsForDescribeBlock 
(C:\\Workspace_Melbin\
\fun_websites\\3d_mode
l_viewer\\node_modules
\\jest-circus\\build\\
run.js:121:9)\n' +
          '    at _run
TestsForDescribeBlock 
(C:\\Workspace_Melbin\
\fun_websites\\3d_mode
l_viewer\\node_modules
\\jest-circus\\build\\
run.js:121:9)\n' +
          '    at _run
TestsForDescribeBlock 
(C:\\Workspace_Melbin\
\fun_websites\\3d_mode
l_viewer\\node_modules
\\jest-circus\\build\\
run.js:121:9)\n' +
          '    at run 
(C:\\Workspace_Melbin\
\fun_websites\\3d_mode
l_viewer\\node_modules
\\jest-circus\\build\\
run.js:71:3)\n' +
          '    at runA
ndTransformResultsToJe
stFormat (C:\\Workspac
e_Melbin\\fun_websites
\\3d_model_viewer\\nod
e_modules\\jest-circus
\\build\\legacy-code-t
odo-rewrite\\jestAdapt
erInit.js:122:21)\n' +
          '    at 
jestAdapter (C:\\Works
pace_Melbin\\fun_websi
tes\\3d_model_viewer\\
node_modules\\jest-cir
cus\\build\\legacy-cod
e-todo-rewrite\\jestAd
apter.js:79:19)\n' +
          '    at 
runTestInternal (C:\\W
orkspace_Melbin\\fun_w
ebsites\\3d_model_view
er\\node_modules\\jest
-runner\\build\\runTes
t.js:367:16)\n' +
          '    at 
runTest (C:\\Workspace
_Melbin\\fun_websites\
\3d_model_viewer\\node
_modules\\jest-runner\
\build\\runTest.js:444
:34)\n' +
          '    at 
Object.worker (C:\\Wor
kspace_Melbin\\fun_web
sites\\3d_model_viewer
\\node_modules\\jest-r
unner\\build\\testWork
er.js:106:12)',
        type: 
'unknown_error',
        severity: 
'medium',
        context: {},
        recovered: 
false,
        userNotified: 
false
      }

    [0m [90m 444 
|[39m                
 [90m// Only log 
medium errors that 
are not performance-re
lated[39m
     [90m 445 |[39m 
                
[36mif[39m ([33m![
39merrorInfo[33m.[39
mtype[33m.[39minclud
es([32m'performance'
[39m)) {
    [31m[1m>[22m[3
9m[90m 446 |[39m    
                 conso
le[33m.[39mwarn(logM
essage[33m,[39m 
errorInfo)[33m;[39m
     [90m     |[39m 
                      
      
[31m[1m^[22m[39m
     [90m 447 |[39m 
                }
     [90m 448 |[39m 
                [36mb
reak[39m[33m;[39m
     [90m 449 |[39m 
            
[36mcase[39m [33mEr
rorManager[39m[33m.
[39m[33mERROR_SEVERIT
Y[39m[33m.[39m[33m
HIGH[39m[33m:[39m[
0m

      at 
ErrorManager.warn [as 
logError] (src/core/Er
rorManager.js:446:29)
      at 
ErrorManager.logError 
[as handleError] (src/
core/ErrorManager.js:2
45:14)
      at 
Object.handleError (te
st/error-handling.test
.js:277:36)

    console.warn
      
PerformanceMonitor: 
PerformanceObserver 
not supported

    [0m [90m 382 
|[39m     setupPerfor
manceObserver() {
     [90m 383 |[39m 
        [36mif[39m 
([36mtypeof[39m [33
mPerformanceObserver[
39m [33m===[39m [32
m'undefined'[39m) {
    [31m[1m>[22m[3
9m[90m 384 |[39m    
         console[33m.
[39mwarn([32m'Perfor
manceMonitor: 
PerformanceObserver 
not supported'[39m)[
33m;[39m
     [90m     |[39m 
                    
[31m[1m^[22m[39m
     [90m 385 |[39m 
            [36mretur
n[39m[33m;[39m
     [90m 386 |[39m 
        }
     [90m 387 
|[39m[0m

      at PerformanceMo
nitor.warn [as setupPe
rformanceObserver] (sr
c/core/PerformanceMoni
tor.js:384:21)
      at PerformanceMo
nitor.setupPerformance
Observer [as 
startMonitoring] (src/
core/PerformanceMonito
r.js:74:14)
      at Object.startM
onitoring (test/error-
handling.test.js:368:3
2)

    console.error
      [HIGH] 
webgl_context_lost: 
WebGL context lost {
        id: 'error_177
2390511740_8tbtlhkvh',
        timestamp: '20
26-03-01T18:41:51.740Z
',
        message: 
'WebGL context lost',
        stack: 
'Error: WebGL context 
lost\n' +
          '    at C:\\
Workspace_Melbin\\fun_
websites\\3d_model_vie
wer\\src\\core\\ErrorM
anager.js:123:34\n' +
          '    at call
TheUserObjectsOperatio
n (C:\\Workspace_Melbi
n\\fun_websites\\3d_mo
del_viewer\\node_modul
es\\jsdom\\lib\\jsdom\
\living\\generated\\Ev
entListener.js:26:30)\
n' +
          '    at inne
rInvokeEventListeners 
(C:\\Workspace_Melbin\
\fun_websites\\3d_mode
l_viewer\\node_modules
\\jsdom\\lib\\jsdom\\l
iving\\events\\EventTa
rget-impl.js:350:25)\n
' +
          '    at 
invokeEventListeners (
C:\\Workspace_Melbin\\
fun_websites\\3d_model
_viewer\\node_modules\
\jsdom\\lib\\jsdom\\li
ving\\events\\EventTar
get-impl.js:286:3)\n' 
+
          '    at Even
tTargetImpl._dispatch 
(C:\\Workspace_Melbin\
\fun_websites\\3d_mode
l_viewer\\node_modules
\\jsdom\\lib\\jsdom\\l
iving\\events\\EventTa
rget-impl.js:233:9)\n'
 +
          '    at Even
tTargetImpl.dispatchEv
ent (C:\\Workspace_Mel
bin\\fun_websites\\3d_
model_viewer\\node_mod
ules\\jsdom\\lib\\jsdo
m\\living\\events\\Eve
ntTarget-impl.js:104:1
7)\n' +
          '    at 
dispatchEvent (C:\\Wor
kspace_Melbin\\fun_web
sites\\3d_model_viewer
\\node_modules\\jsdom\
\lib\\jsdom\\living\\g
enerated\\EventTarget.
js:241:34)\n' +
          '    at 
Object.dispatchEvent (
C:\\Workspace_Melbin\\
fun_websites\\3d_model
_viewer\\test\\error-h
andling.test.js:425:20
)\n' +
          '    at Prom
ise.then.completed (C:
\\Workspace_Melbin\\fu
n_websites\\3d_model_v
iewer\\node_modules\\j
est-circus\\build\\uti
ls.js:298:28)\n' +
          '    at new 
Promise 
(<anonymous>)\n' +
          '    at 
callAsyncCircusFn (C:\
\Workspace_Melbin\\fun
_websites\\3d_model_vi
ewer\\node_modules\\je
st-circus\\build\\util
s.js:231:10)\n' +
          '    at 
_callCircusTest (C:\\W
orkspace_Melbin\\fun_w
ebsites\\3d_model_view
er\\node_modules\\jest
-circus\\build\\run.js
:316:40)\n' +
          '    at proc
essTicksAndRejections 
(node:internal/process
/task_queues:105:5)\n'
 +
          '    at 
_runTest (C:\\Workspac
e_Melbin\\fun_websites
\\3d_model_viewer\\nod
e_modules\\jest-circus
\\build\\run.js:252:3)
\n' +
          '    at _run
TestsForDescribeBlock 
(C:\\Workspace_Melbin\
\fun_websites\\3d_mode
l_viewer\\node_modules
\\jest-circus\\build\\
run.js:126:9)\n' +
          '    at _run
TestsForDescribeBlock 
(C:\\Workspace_Melbin\
\fun_websites\\3d_mode
l_viewer\\node_modules
\\jest-circus\\build\\
run.js:121:9)\n' +
          '    at _run
TestsForDescribeBlock 
(C:\\Workspace_Melbin\
\fun_websites\\3d_mode
l_viewer\\node_modules
\\jest-circus\\build\\
run.js:121:9)\n' +
          '    at run 
(C:\\Workspace_Melbin\
\fun_websites\\3d_mode
l_viewer\\node_modules
\\jest-circus\\build\\
run.js:71:3)\n' +
          '    at runA
ndTransformResultsToJe
stFormat (C:\\Workspac
e_Melbin\\fun_websites
\\3d_model_viewer\\nod
e_modules\\jest-circus
\\build\\legacy-code-t
odo-rewrite\\jestAdapt
erInit.js:122:21)\n' +
          '    at 
jestAdapter (C:\\Works
pace_Melbin\\fun_websi
tes\\3d_model_viewer\\
node_modules\\jest-cir
cus\\build\\legacy-cod
e-todo-rewrite\\jestAd
apter.js:79:19)\n' +
          '    at 
runTestInternal (C:\\W
orkspace_Melbin\\fun_w
ebsites\\3d_model_view
er\\node_modules\\jest
-runner\\build\\runTes
t.js:367:16)\n' +
          '    at 
runTest (C:\\Workspace
_Melbin\\fun_websites\
\3d_model_viewer\\node
_modules\\jest-runner\
\build\\runTest.js:444
:34)\n' +
          '    at 
Object.worker (C:\\Wor
kspace_Melbin\\fun_web
sites\\3d_model_viewer
\\node_modules\\jest-r
unner\\build\\testWork
er.js:106:12)',
        type: 
'webgl_context_lost',
        severity: 
'high',
        context: {},
        recovered: 
false,
        userNotified: 
false
      }

    [0m [90m 449 
|[39m             
[36mcase[39m [33mEr
rorManager[39m[33m.
[39m[33mERROR_SEVERIT
Y[39m[33m.[39m[33m
HIGH[39m[33m:[39m
     [90m 450 |[39m 
            
[36mcase[39m [33mEr
rorManager[39m[33m.
[39m[33mERROR_SEVERIT
Y[39m[33m.[39m[33m
CRITICAL[39m[33m:[3
9m
    [31m[1m>[22m[3
9m[90m 451 |[39m    
             console[
33m.[39merror(logMess
age[33m,[39m 
errorInfo)[33m;[39m
     [90m     |[39m 
                      
  [31m[1m^[22m[39m
     [90m 452 |[39m 
                [36mb
reak[39m[33m;[39m
     [90m 453 |[39m 
            [36mdefau
lt[39m[33m:[39m
     [90m 454 |[39m 
                
[90m// Silent for 
other cases[39m[0m

      at 
ErrorManager.error 
[as logError] (src/cor
e/ErrorManager.js:451:
25)
      at 
ErrorManager.logError 
[as handleError] (src/
core/ErrorManager.js:2
45:14)
      at handleError (
src/core/ErrorManager.
js:123:22)
      at callTheUserOb
jectsOperation (node_m
odules/jsdom/lib/jsdom
/living/generated/Even
tListener.js:26:30)
      at innerInvokeEv
entListeners (node_mod
ules/jsdom/lib/jsdom/l
iving/events/EventTarg
et-impl.js:350:25)
      at 
invokeEventListeners (
node_modules/jsdom/lib
/jsdom/living/events/E
ventTarget-impl.js:286
:3)
      at EventTargetIm
pl._dispatch (node_mod
ules/jsdom/lib/jsdom/l
iving/events/EventTarg
et-impl.js:233:9)
      at EventTargetIm
pl.dispatchEvent (node
_modules/jsdom/lib/jsd
om/living/events/Event
Target-impl.js:104:17)
      at 
dispatchEvent (node_mo
dules/jsdom/lib/jsdom/
living/generated/Event
Target.js:241:34)
      at 
Object.dispatchEvent (
test/error-handling.te
st.js:425:20)

    console.error
      [HIGH] 
webgl_context_lost: 
WebGL context lost {
        id: 'error_177
2390511762_0wtwu41w1',
        timestamp: '20
26-03-01T18:41:51.762Z
',
        message: 
'WebGL context lost',
        stack: 
'Error: WebGL context 
lost\n' +
          '    at C:\\
Workspace_Melbin\\fun_
websites\\3d_model_vie
wer\\src\\core\\ErrorM
anager.js:123:34\n' +
          '    at call
TheUserObjectsOperatio
n (C:\\Workspace_Melbi
n\\fun_websites\\3d_mo
del_viewer\\node_modul
es\\jsdom\\lib\\jsdom\
\living\\generated\\Ev
entListener.js:26:30)\
n' +
          '    at inne
rInvokeEventListeners 
(C:\\Workspace_Melbin\
\fun_websites\\3d_mode
l_viewer\\node_modules
\\jsdom\\lib\\jsdom\\l
iving\\events\\EventTa
rget-impl.js:350:25)\n
' +
          '    at 
invokeEventListeners (
C:\\Workspace_Melbin\\
fun_websites\\3d_model
_viewer\\node_modules\
\jsdom\\lib\\jsdom\\li
ving\\events\\EventTar
get-impl.js:286:3)\n' 
+
          '    at Even
tTargetImpl._dispatch 
(C:\\Workspace_Melbin\
\fun_websites\\3d_mode
l_viewer\\node_modules
\\jsdom\\lib\\jsdom\\l
iving\\events\\EventTa
rget-impl.js:233:9)\n'
 +
          '    at Even
tTargetImpl.dispatchEv
ent (C:\\Workspace_Mel
bin\\fun_websites\\3d_
model_viewer\\node_mod
ules\\jsdom\\lib\\jsdo
m\\living\\events\\Eve
ntTarget-impl.js:104:1
7)\n' +
          '    at 
dispatchEvent (C:\\Wor
kspace_Melbin\\fun_web
sites\\3d_model_viewer
\\node_modules\\jsdom\
\lib\\jsdom\\living\\g
enerated\\EventTarget.
js:241:34)\n' +
          '    at 
Object.dispatchEvent (
C:\\Workspace_Melbin\\
fun_websites\\3d_model
_viewer\\test\\error-h
andling.test.js:425:20
)\n' +
          '    at Prom
ise.then.completed (C:
\\Workspace_Melbin\\fu
n_websites\\3d_model_v
iewer\\node_modules\\j
est-circus\\build\\uti
ls.js:298:28)\n' +
          '    at new 
Promise 
(<anonymous>)\n' +
          '    at 
callAsyncCircusFn (C:\
\Workspace_Melbin\\fun
_websites\\3d_model_vi
ewer\\node_modules\\je
st-circus\\build\\util
s.js:231:10)\n' +
          '    at 
_callCircusTest (C:\\W
orkspace_Melbin\\fun_w
ebsites\\3d_model_view
er\\node_modules\\jest
-circus\\build\\run.js
:316:40)\n' +
          '    at proc
essTicksAndRejections 
(node:internal/process
/task_queues:105:5)\n'
 +
          '    at 
_runTest (C:\\Workspac
e_Melbin\\fun_websites
\\3d_model_viewer\\nod
e_modules\\jest-circus
\\build\\run.js:252:3)
\n' +
          '    at _run
TestsForDescribeBlock 
(C:\\Workspace_Melbin\
\fun_websites\\3d_mode
l_viewer\\node_modules
\\jest-circus\\build\\
run.js:126:9)\n' +
          '    at _run
TestsForDescribeBlock 
(C:\\Workspace_Melbin\
\fun_websites\\3d_mode
l_viewer\\node_modules
\\jest-circus\\build\\
run.js:121:9)\n' +
          '    at _run
TestsForDescribeBlock 
(C:\\Workspace_Melbin\
\fun_websites\\3d_mode
l_viewer\\node_modules
\\jest-circus\\build\\
run.js:121:9)\n' +
          '    at run 
(C:\\Workspace_Melbin\
\fun_websites\\3d_mode
l_viewer\\node_modules
\\jest-circus\\build\\
run.js:71:3)\n' +
          '    at runA
ndTransformResultsToJe
stFormat (C:\\Workspac
e_Melbin\\fun_websites
\\3d_model_viewer\\nod
e_modules\\jest-circus
\\build\\legacy-code-t
odo-rewrite\\jestAdapt
erInit.js:122:21)\n' +
          '    at 
jestAdapter (C:\\Works
pace_Melbin\\fun_websi
tes\\3d_model_viewer\\
node_modules\\jest-cir
cus\\build\\legacy-cod
e-todo-rewrite\\jestAd
apter.js:79:19)\n' +
          '    at 
runTestInternal (C:\\W
orkspace_Melbin\\fun_w
ebsites\\3d_model_view
er\\node_modules\\jest
-runner\\build\\runTes
t.js:367:16)\n' +
          '    at 
runTest (C:\\Workspace
_Melbin\\fun_websites\
\3d_model_viewer\\node
_modules\\jest-runner\
\build\\runTest.js:444
:34)\n' +
          '    at 
Object.worker (C:\\Wor
kspace_Melbin\\fun_web
sites\\3d_model_viewer
\\node_modules\\jest-r
unner\\build\\testWork
er.js:106:12)',
        type: 
'webgl_context_lost',
        severity: 
'high',
        context: {},
        recovered: 
false,
        userNotified: 
false
      }

    [0m [90m 449 
|[39m             
[36mcase[39m [33mEr
rorManager[39m[33m.
[39m[33mERROR_SEVERIT
Y[39m[33m.[39m[33m
HIGH[39m[33m:[39m
     [90m 450 |[39m 
            
[36mcase[39m [33mEr
rorManager[39m[33m.
[39m[33mERROR_SEVERIT
Y[39m[33m.[39m[33m
CRITICAL[39m[33m:[3
9m
    [31m[1m>[22m[3
9m[90m 451 |[39m    
             console[
33m.[39merror(logMess
age[33m,[39m 
errorInfo)[33m;[39m
     [90m     |[39m 
                      
  [31m[1m^[22m[39m
     [90m 452 |[39m 
                [36mb
reak[39m[33m;[39m
     [90m 453 |[39m 
            [36mdefau
lt[39m[33m:[39m
     [90m 454 |[39m 
                
[90m// Silent for 
other cases[39m[0m

      at 
ErrorManager.error 
[as logError] (src/cor
e/ErrorManager.js:451:
25)
      at 
ErrorManager.logError 
[as handleError] (src/
core/ErrorManager.js:2
45:14)
      at handleError (
src/core/ErrorManager.
js:123:22)
      at callTheUserOb
jectsOperation (node_m
odules/jsdom/lib/jsdom
/living/generated/Even
tListener.js:26:30)
      at innerInvokeEv
entListeners (node_mod
ules/jsdom/lib/jsdom/l
iving/events/EventTarg
et-impl.js:350:25)
      at 
invokeEventListeners (
node_modules/jsdom/lib
/jsdom/living/events/E
ventTarget-impl.js:286
:3)
      at EventTargetIm
pl._dispatch (node_mod
ules/jsdom/lib/jsdom/l
iving/events/EventTarg
et-impl.js:233:9)
      at EventTargetIm
pl.dispatchEvent (node
_modules/jsdom/lib/jsd
om/living/events/Event
Target-impl.js:104:17)
      at 
dispatchEvent (node_mo
dules/jsdom/lib/jsdom/
living/generated/Event
Target.js:241:34)
      at 
Object.dispatchEvent (
test/error-handling.te
st.js:425:20)

    console.error
      [HIGH] 
webgl_context_lost: 
WebGL context lost {
        id: 'error_177
2390511764_ux3n1axwy',
        timestamp: '20
26-03-01T18:41:51.764Z
',
        message: 
'WebGL context lost',
        stack: 
'Error: WebGL context 
lost\n' +
          '    at C:\\
Workspace_Melbin\\fun_
websites\\3d_model_vie
wer\\src\\core\\ErrorM
anager.js:123:34\n' +
          '    at call
TheUserObjectsOperatio
n (C:\\Workspace_Melbi
n\\fun_websites\\3d_mo
del_viewer\\node_modul
es\\jsdom\\lib\\jsdom\
\living\\generated\\Ev
entListener.js:26:30)\
n' +
          '    at inne
rInvokeEventListeners 
(C:\\Workspace_Melbin\
\fun_websites\\3d_mode
l_viewer\\node_modules
\\jsdom\\lib\\jsdom\\l
iving\\events\\EventTa
rget-impl.js:350:25)\n
' +
          '    at 
invokeEventListeners (
C:\\Workspace_Melbin\\
fun_websites\\3d_model
_viewer\\node_modules\
\jsdom\\lib\\jsdom\\li
ving\\events\\EventTar
get-impl.js:286:3)\n' 
+
          '    at Even
tTargetImpl._dispatch 
(C:\\Workspace_Melbin\
\fun_websites\\3d_mode
l_viewer\\node_modules
\\jsdom\\lib\\jsdom\\l
iving\\events\\EventTa
rget-impl.js:233:9)\n'
 +
          '    at Even
tTargetImpl.dispatchEv
ent (C:\\Workspace_Mel
bin\\fun_websites\\3d_
model_viewer\\node_mod
ules\\jsdom\\lib\\jsdo
m\\living\\events\\Eve
ntTarget-impl.js:104:1
7)\n' +
          '    at 
dispatchEvent (C:\\Wor
kspace_Melbin\\fun_web
sites\\3d_model_viewer
\\node_modules\\jsdom\
\lib\\jsdom\\living\\g
enerated\\EventTarget.
js:241:34)\n' +
          '    at 
Object.dispatchEvent (
C:\\Workspace_Melbin\\
fun_websites\\3d_model
_viewer\\test\\error-h
andling.test.js:425:20
)\n' +
          '    at Prom
ise.then.completed (C:
\\Workspace_Melbin\\fu
n_websites\\3d_model_v
iewer\\node_modules\\j
est-circus\\build\\uti
ls.js:298:28)\n' +
          '    at new 
Promise 
(<anonymous>)\n' +
          '    at 
callAsyncCircusFn (C:\
\Workspace_Melbin\\fun
_websites\\3d_model_vi
ewer\\node_modules\\je
st-circus\\build\\util
s.js:231:10)\n' +
          '    at 
_callCircusTest (C:\\W
orkspace_Melbin\\fun_w
ebsites\\3d_model_view
er\\node_modules\\jest
-circus\\build\\run.js
:316:40)\n' +
          '    at proc
essTicksAndRejections 
(node:internal/process
/task_queues:105:5)\n'
 +
          '    at 
_runTest (C:\\Workspac
e_Melbin\\fun_websites
\\3d_model_viewer\\nod
e_modules\\jest-circus
\\build\\run.js:252:3)
\n' +
          '    at _run
TestsForDescribeBlock 
(C:\\Workspace_Melbin\
\fun_websites\\3d_mode
l_viewer\\node_modules
\\jest-circus\\build\\
run.js:126:9)\n' +
          '    at _run
TestsForDescribeBlock 
(C:\\Workspace_Melbin\
\fun_websites\\3d_mode
l_viewer\\node_modules
\\jest-circus\\build\\
run.js:121:9)\n' +
          '    at _run
TestsForDescribeBlock 
(C:\\Workspace_Melbin\
\fun_websites\\3d_mode
l_viewer\\node_modules
\\jest-circus\\build\\
run.js:121:9)\n' +
          '    at run 
(C:\\Workspace_Melbin\
\fun_websites\\3d_mode
l_viewer\\node_modules
\\jest-circus\\build\\
run.js:71:3)\n' +
          '    at runA
ndTransformResultsToJe
stFormat (C:\\Workspac
e_Melbin\\fun_websites
\\3d_model_viewer\\nod
e_modules\\jest-circus
\\build\\legacy-code-t
odo-rewrite\\jestAdapt
erInit.js:122:21)\n' +
          '    at 
jestAdapter (C:\\Works
pace_Melbin\\fun_websi
tes\\3d_model_viewer\\
node_modules\\jest-cir
cus\\build\\legacy-cod
e-todo-rewrite\\jestAd
apter.js:79:19)\n' +
          '    at 
runTestInternal (C:\\W
orkspace_Melbin\\fun_w
ebsites\\3d_model_view
er\\node_modules\\jest
-runner\\build\\runTes
t.js:367:16)\n' +
          '    at 
runTest (C:\\Workspace
_Melbin\\fun_websites\
\3d_model_viewer\\node
_modules\\jest-runner\
\build\\runTest.js:444
:34)\n' +
          '    at 
Object.worker (C:\\Wor
kspace_Melbin\\fun_web
sites\\3d_model_viewer
\\node_modules\\jest-r
unner\\build\\testWork
er.js:106:12)',
        type: 
'webgl_context_lost',
        severity: 
'high',
        context: {},
        recovered: 
false,
        userNotified: 
false
      }

    [0m [90m 449 
|[39m             
[36mcase[39m [33mEr
rorManager[39m[33m.
[39m[33mERROR_SEVERIT
Y[39m[33m.[39m[33m
HIGH[39m[33m:[39m
     [90m 450 |[39m 
            
[36mcase[39m [33mEr
rorManager[39m[33m.
[39m[33mERROR_SEVERIT
Y[39m[33m.[39m[33m
CRITICAL[39m[33m:[3
9m
    [31m[1m>[22m[3
9m[90m 451 |[39m    
             console[
33m.[39merror(logMess
age[33m,[39m 
errorInfo)[33m;[39m
     [90m     |[39m 
                      
  [31m[1m^[22m[39m
     [90m 452 |[39m 
                [36mb
reak[39m[33m;[39m
     [90m 453 |[39m 
            [36mdefau
lt[39m[33m:[39m
     [90m 454 |[39m 
                
[90m// Silent for 
other cases[39m[0m

      at 
ErrorManager.error 
[as logError] (src/cor
e/ErrorManager.js:451:
25)
      at 
ErrorManager.logError 
[as handleError] (src/
core/ErrorManager.js:2
45:14)
      at handleError (
src/core/ErrorManager.
js:123:22)
      at callTheUserOb
jectsOperation (node_m
odules/jsdom/lib/jsdom
/living/generated/Even
tListener.js:26:30)
      at innerInvokeEv
entListeners (node_mod
ules/jsdom/lib/jsdom/l
iving/events/EventTarg
et-impl.js:350:25)
      at 
invokeEventListeners (
node_modules/jsdom/lib
/jsdom/living/events/E
ventTarget-impl.js:286
:3)
      at EventTargetIm
pl._dispatch (node_mod
ules/jsdom/lib/jsdom/l
iving/events/EventTarg
et-impl.js:233:9)
      at EventTargetIm
pl.dispatchEvent (node
_modules/jsdom/lib/jsd
om/living/events/Event
Target-impl.js:104:17)
      at 
dispatchEvent (node_mo
dules/jsdom/lib/jsdom/
living/generated/Event
Target.js:241:34)
      at 
Object.dispatchEvent (
test/error-handling.te
st.js:425:20)

    console.error
      [HIGH] 
webgl_context_lost: 
WebGL context lost {
        id: 'error_177
2390511765_j7hhmptnq',
        timestamp: '20
26-03-01T18:41:51.765Z
',
        message: 
'WebGL context lost',
        stack: 
'Error: WebGL context 
lost\n' +
          '    at C:\\
Workspace_Melbin\\fun_
websites\\3d_model_vie
wer\\src\\core\\ErrorM
anager.js:123:34\n' +
          '    at call
TheUserObjectsOperatio
n (C:\\Workspace_Melbi
n\\fun_websites\\3d_mo
del_viewer\\node_modul
es\\jsdom\\lib\\jsdom\
\living\\generated\\Ev
entListener.js:26:30)\
n' +
          '    at inne
rInvokeEventListeners 
(C:\\Workspace_Melbin\
\fun_websites\\3d_mode
l_viewer\\node_modules
\\jsdom\\lib\\jsdom\\l
iving\\events\\EventTa
rget-impl.js:350:25)\n
' +
          '    at 
invokeEventListeners (
C:\\Workspace_Melbin\\
fun_websites\\3d_model
_viewer\\node_modules\
\jsdom\\lib\\jsdom\\li
ving\\events\\EventTar
get-impl.js:286:3)\n' 
+
          '    at Even
tTargetImpl._dispatch 
(C:\\Workspace_Melbin\
\fun_websites\\3d_mode
l_viewer\\node_modules
\\jsdom\\lib\\jsdom\\l
iving\\events\\EventTa
rget-impl.js:233:9)\n'
 +
          '    at Even
tTargetImpl.dispatchEv
ent (C:\\Workspace_Mel
bin\\fun_websites\\3d_
model_viewer\\node_mod
ules\\jsdom\\lib\\jsdo
m\\living\\events\\Eve
ntTarget-impl.js:104:1
7)\n' +
          '    at 
dispatchEvent (C:\\Wor
kspace_Melbin\\fun_web
sites\\3d_model_viewer
\\node_modules\\jsdom\
\lib\\jsdom\\living\\g
enerated\\EventTarget.
js:241:34)\n' +
          '    at 
Object.dispatchEvent (
C:\\Workspace_Melbin\\
fun_websites\\3d_model
_viewer\\test\\error-h
andling.test.js:425:20
)\n' +
          '    at Prom
ise.then.completed (C:
\\Workspace_Melbin\\fu
n_websites\\3d_model_v
iewer\\node_modules\\j
est-circus\\build\\uti
ls.js:298:28)\n' +
          '    at new 
Promise 
(<anonymous>)\n' +
          '    at 
callAsyncCircusFn (C:\
\Workspace_Melbin\\fun
_websites\\3d_model_vi
ewer\\node_modules\\je
st-circus\\build\\util
s.js:231:10)\n' +
          '    at 
_callCircusTest (C:\\W
orkspace_Melbin\\fun_w
ebsites\\3d_model_view
er\\node_modules\\jest
-circus\\build\\run.js
:316:40)\n' +
          '    at proc
essTicksAndRejections 
(node:internal/process
/task_queues:105:5)\n'
 +
          '    at 
_runTest (C:\\Workspac
e_Melbin\\fun_websites
\\3d_model_viewer\\nod
e_modules\\jest-circus
\\build\\run.js:252:3)
\n' +
          '    at _run
TestsForDescribeBlock 
(C:\\Workspace_Melbin\
\fun_websites\\3d_mode
l_viewer\\node_modules
\\jest-circus\\build\\
run.js:126:9)\n' +
          '    at _run
TestsForDescribeBlock 
(C:\\Workspace_Melbin\
\fun_websites\\3d_mode
l_viewer\\node_modules
\\jest-circus\\build\\
run.js:121:9)\n' +
          '    at _run
TestsForDescribeBlock 
(C:\\Workspace_Melbin\
\fun_websites\\3d_mode
l_viewer\\node_modules
\\jest-circus\\build\\
run.js:121:9)\n' +
          '    at run 
(C:\\Workspace_Melbin\
\fun_websites\\3d_mode
l_viewer\\node_modules
\\jest-circus\\build\\
run.js:71:3)\n' +
          '    at runA
ndTransformResultsToJe
stFormat (C:\\Workspac
e_Melbin\\fun_websites
\\3d_model_viewer\\nod
e_modules\\jest-circus
\\build\\legacy-code-t
odo-rewrite\\jestAdapt
erInit.js:122:21)\n' +
          '    at 
jestAdapter (C:\\Works
pace_Melbin\\fun_websi
tes\\3d_model_viewer\\
node_modules\\jest-cir
cus\\build\\legacy-cod
e-todo-rewrite\\jestAd
apter.js:79:19)\n' +
          '    at 
runTestInternal (C:\\W
orkspace_Melbin\\fun_w
ebsites\\3d_model_view
er\\node_modules\\jest
-runner\\build\\runTes
t.js:367:16)\n' +
          '    at 
runTest (C:\\Workspace
_Melbin\\fun_websites\
\3d_model_viewer\\node
_modules\\jest-runner\
\build\\runTest.js:444
:34)\n' +
          '    at 
Object.worker (C:\\Wor
kspace_Melbin\\fun_web
sites\\3d_model_viewer
\\node_modules\\jest-r
unner\\build\\testWork
er.js:106:12)',
        type: 
'webgl_context_lost',
        severity: 
'high',
        context: {},
        recovered: 
false,
        userNotified: 
false
      }

    [0m [90m 449 
|[39m             
[36mcase[39m [33mEr
rorManager[39m[33m.
[39m[33mERROR_SEVERIT
Y[39m[33m.[39m[33m
HIGH[39m[33m:[39m
     [90m 450 |[39m 
            
[36mcase[39m [33mEr
rorManager[39m[33m.
[39m[33mERROR_SEVERIT
Y[39m[33m.[39m[33m
CRITICAL[39m[33m:[3
9m
    [31m[1m>[22m[3
9m[90m 451 |[39m    
             console[
33m.[39merror(logMess
age[33m,[39m 
errorInfo)[33m;[39m
     [90m     |[39m 
                      
  [31m[1m^[22m[39m
     [90m 452 |[39m 
                [36mb
reak[39m[33m;[39m
     [90m 453 |[39m 
            [36mdefau
lt[39m[33m:[39m
     [90m 454 |[39m 
                
[90m// Silent for 
other cases[39m[0m

      at 
ErrorManager.error 
[as logError] (src/cor
e/ErrorManager.js:451:
25)
      at 
ErrorManager.logError 
[as handleError] (src/
core/ErrorManager.js:2
45:14)
      at handleError (
src/core/ErrorManager.
js:123:22)
      at callTheUserOb
jectsOperation (node_m
odules/jsdom/lib/jsdom
/living/generated/Even
tListener.js:26:30)
      at innerInvokeEv
entListeners (node_mod
ules/jsdom/lib/jsdom/l
iving/events/EventTarg
et-impl.js:350:25)
      at 
invokeEventListeners (
node_modules/jsdom/lib
/jsdom/living/events/E
ventTarget-impl.js:286
:3)
      at EventTargetIm
pl._dispatch (node_mod
ules/jsdom/lib/jsdom/l
iving/events/EventTarg
et-impl.js:233:9)
      at EventTargetIm
pl.dispatchEvent (node
_modules/jsdom/lib/jsd
om/living/events/Event
Target-impl.js:104:17)
      at 
dispatchEvent (node_mo
dules/jsdom/lib/jsdom/
living/generated/Event
Target.js:241:34)
      at 
Object.dispatchEvent (
test/error-handling.te
st.js:425:20)

    console.error
      [HIGH] 
webgl_context_lost: 
WebGL context lost {
        id: 'error_177
2390511767_ht5f0urom',
        timestamp: '20
26-03-01T18:41:51.767Z
',
        message: 
'WebGL context lost',
        stack: 
'Error: WebGL context 
lost\n' +
          '    at C:\\
Workspace_Melbin\\fun_
websites\\3d_model_vie
wer\\src\\core\\ErrorM
anager.js:123:34\n' +
          '    at call
TheUserObjectsOperatio
n (C:\\Workspace_Melbi
n\\fun_websites\\3d_mo
del_viewer\\node_modul
es\\jsdom\\lib\\jsdom\
\living\\generated\\Ev
entListener.js:26:30)\
n' +
          '    at inne
rInvokeEventListeners 
(C:\\Workspace_Melbin\
\fun_websites\\3d_mode
l_viewer\\node_modules
\\jsdom\\lib\\jsdom\\l
iving\\events\\EventTa
rget-impl.js:350:25)\n
' +
          '    at 
invokeEventListeners (
C:\\Workspace_Melbin\\
fun_websites\\3d_model
_viewer\\node_modules\
\jsdom\\lib\\jsdom\\li
ving\\events\\EventTar
get-impl.js:286:3)\n' 
+
          '    at Even
tTargetImpl._dispatch 
(C:\\Workspace_Melbin\
\fun_websites\\3d_mode
l_viewer\\node_modules
\\jsdom\\lib\\jsdom\\l
iving\\events\\EventTa
rget-impl.js:233:9)\n'
 +
          '    at Even
tTargetImpl.dispatchEv
ent (C:\\Workspace_Mel
bin\\fun_websites\\3d_
model_viewer\\node_mod
ules\\jsdom\\lib\\jsdo
m\\living\\events\\Eve
ntTarget-impl.js:104:1
7)\n' +
          '    at 
dispatchEvent (C:\\Wor
kspace_Melbin\\fun_web
sites\\3d_model_viewer
\\node_modules\\jsdom\
\lib\\jsdom\\living\\g
enerated\\EventTarget.
js:241:34)\n' +
          '    at 
Object.dispatchEvent (
C:\\Workspace_Melbin\\
fun_websites\\3d_model
_viewer\\test\\error-h
andling.test.js:425:20
)\n' +
          '    at Prom
ise.then.completed (C:
\\Workspace_Melbin\\fu
n_websites\\3d_model_v
iewer\\node_modules\\j
est-circus\\build\\uti
ls.js:298:28)\n' +
          '    at new 
Promise 
(<anonymous>)\n' +
          '    at 
callAsyncCircusFn (C:\
\Workspace_Melbin\\fun
_websites\\3d_model_vi
ewer\\node_modules\\je
st-circus\\build\\util
s.js:231:10)\n' +
          '    at 
_callCircusTest (C:\\W
orkspace_Melbin\\fun_w
ebsites\\3d_model_view
er\\node_modules\\jest
-circus\\build\\run.js
:316:40)\n' +
          '    at proc
essTicksAndRejections 
(node:internal/process
/task_queues:105:5)\n'
 +
          '    at 
_runTest (C:\\Workspac
e_Melbin\\fun_websites
\\3d_model_viewer\\nod
e_modules\\jest-circus
\\build\\run.js:252:3)
\n' +
          '    at _run
TestsForDescribeBlock 
(C:\\Workspace_Melbin\
\fun_websites\\3d_mode
l_viewer\\node_modules
\\jest-circus\\build\\
run.js:126:9)\n' +
          '    at _run
TestsForDescribeBlock 
(C:\\Workspace_Melbin\
\fun_websites\\3d_mode
l_viewer\\node_modules
\\jest-circus\\build\\
run.js:121:9)\n' +
          '    at _run
TestsForDescribeBlock 
(C:\\Workspace_Melbin\
\fun_websites\\3d_mode
l_viewer\\node_modules
\\jest-circus\\build\\
run.js:121:9)\n' +
          '    at run 
(C:\\Workspace_Melbin\
\fun_websites\\3d_mode
l_viewer\\node_modules
\\jest-circus\\build\\
run.js:71:3)\n' +
          '    at runA
ndTransformResultsToJe
stFormat (C:\\Workspac
e_Melbin\\fun_websites
\\3d_model_viewer\\nod
e_modules\\jest-circus
\\build\\legacy-code-t
odo-rewrite\\jestAdapt
erInit.js:122:21)\n' +
          '    at 
jestAdapter (C:\\Works
pace_Melbin\\fun_websi
tes\\3d_model_viewer\\
node_modules\\jest-cir
cus\\build\\legacy-cod
e-todo-rewrite\\jestAd
apter.js:79:19)\n' +
          '    at 
runTestInternal (C:\\W
orkspace_Melbin\\fun_w
ebsites\\3d_model_view
er\\node_modules\\jest
-runner\\build\\runTes
t.js:367:16)\n' +
          '    at 
runTest (C:\\Workspace
_Melbin\\fun_websites\
\3d_model_viewer\\node
_modules\\jest-runner\
\build\\runTest.js:444
:34)\n' +
          '    at 
Object.worker (C:\\Wor
kspace_Melbin\\fun_web
sites\\3d_model_viewer
\\node_modules\\jest-r
unner\\build\\testWork
er.js:106:12)',
        type: 
'webgl_context_lost',
        severity: 
'high',
        context: {},
        recovered: 
false,
        userNotified: 
false
      }

    [0m [90m 449 
|[39m             
[36mcase[39m [33mEr
rorManager[39m[33m.
[39m[33mERROR_SEVERIT
Y[39m[33m.[39m[33m
HIGH[39m[33m:[39m
     [90m 450 |[39m 
            
[36mcase[39m [33mEr
rorManager[39m[33m.
[39m[33mERROR_SEVERIT
Y[39m[33m.[39m[33m
CRITICAL[39m[33m:[3
9m
    [31m[1m>[22m[3
9m[90m 451 |[39m    
             console[
33m.[39merror(logMess
age[33m,[39m 
errorInfo)[33m;[39m
     [90m     |[39m 
                      
  [31m[1m^[22m[39m
     [90m 452 |[39m 
                [36mb
reak[39m[33m;[39m
     [90m 453 |[39m 
            [36mdefau
lt[39m[33m:[39m
     [90m 454 |[39m 
                
[90m// Silent for 
other cases[39m[0m

      at 
ErrorManager.error 
[as logError] (src/cor
e/ErrorManager.js:451:
25)
      at 
ErrorManager.logError 
[as handleError] (src/
core/ErrorManager.js:2
45:14)
      at handleError (
src/core/ErrorManager.
js:123:22)
      at callTheUserOb
jectsOperation (node_m
odules/jsdom/lib/jsdom
/living/generated/Even
tListener.js:26:30)
      at innerInvokeEv
entListeners (node_mod
ules/jsdom/lib/jsdom/l
iving/events/EventTarg
et-impl.js:350:25)
      at 
invokeEventListeners (
node_modules/jsdom/lib
/jsdom/living/events/E
ventTarget-impl.js:286
:3)
      at EventTargetIm
pl._dispatch (node_mod
ules/jsdom/lib/jsdom/l
iving/events/EventTarg
et-impl.js:233:9)
      at EventTargetIm
pl.dispatchEvent (node
_modules/jsdom/lib/jsd
om/living/events/Event
Target-impl.js:104:17)
      at 
dispatchEvent (node_mo
dules/jsdom/lib/jsdom/
living/generated/Event
Target.js:241:34)
      at 
Object.dispatchEvent (
test/error-handling.te
st.js:425:20)

    console.error
      [HIGH] 
webgl_context_lost: 
WebGL context lost {
        id: 'error_177
2390511769_hyqlgpmk5',
        timestamp: '20
26-03-01T18:41:51.769Z
',
        message: 
'WebGL context lost',
        stack: 
'Error: WebGL context 
lost\n' +
          '    at C:\\
Workspace_Melbin\\fun_
websites\\3d_model_vie
wer\\src\\core\\ErrorM
anager.js:123:34\n' +
          '    at call
TheUserObjectsOperatio
n (C:\\Workspace_Melbi
n\\fun_websites\\3d_mo
del_viewer\\node_modul
es\\jsdom\\lib\\jsdom\
\living\\generated\\Ev
entListener.js:26:30)\
n' +
          '    at inne
rInvokeEventListeners 
(C:\\Workspace_Melbin\
\fun_websites\\3d_mode
l_viewer\\node_modules
\\jsdom\\lib\\jsdom\\l
iving\\events\\EventTa
rget-impl.js:350:25)\n
' +
          '    at 
invokeEventListeners (
C:\\Workspace_Melbin\\
fun_websites\\3d_model
_viewer\\node_modules\
\jsdom\\lib\\jsdom\\li
ving\\events\\EventTar
get-impl.js:286:3)\n' 
+
          '    at Even
tTargetImpl._dispatch 
(C:\\Workspace_Melbin\
\fun_websites\\3d_mode
l_viewer\\node_modules
\\jsdom\\lib\\jsdom\\l
iving\\events\\EventTa
rget-impl.js:233:9)\n'
 +
          '    at Even
tTargetImpl.dispatchEv
ent (C:\\Workspace_Mel
bin\\fun_websites\\3d_
model_viewer\\node_mod
ules\\jsdom\\lib\\jsdo
m\\living\\events\\Eve
ntTarget-impl.js:104:1
7)\n' +
          '    at 
dispatchEvent (C:\\Wor
kspace_Melbin\\fun_web
sites\\3d_model_viewer
\\node_modules\\jsdom\
\lib\\jsdom\\living\\g
enerated\\EventTarget.
js:241:34)\n' +
          '    at 
Object.dispatchEvent (
C:\\Workspace_Melbin\\
fun_websites\\3d_model
_viewer\\test\\error-h
andling.test.js:425:20
)\n' +
          '    at Prom
ise.then.completed (C:
\\Workspace_Melbin\\fu
n_websites\\3d_model_v
iewer\\node_modules\\j
est-circus\\build\\uti
ls.js:298:28)\n' +
          '    at new 
Promise 
(<anonymous>)\n' +
          '    at 
callAsyncCircusFn (C:\
\Workspace_Melbin\\fun
_websites\\3d_model_vi
ewer\\node_modules\\je
st-circus\\build\\util
s.js:231:10)\n' +
          '    at 
_callCircusTest (C:\\W
orkspace_Melbin\\fun_w
ebsites\\3d_model_view
er\\node_modules\\jest
-circus\\build\\run.js
:316:40)\n' +
          '    at proc
essTicksAndRejections 
(node:internal/process
/task_queues:105:5)\n'
 +
          '    at 
_runTest (C:\\Workspac
e_Melbin\\fun_websites
\\3d_model_viewer\\nod
e_modules\\jest-circus
\\build\\run.js:252:3)
\n' +
          '    at _run
TestsForDescribeBlock 
(C:\\Workspace_Melbin\
\fun_websites\\3d_mode
l_viewer\\node_modules
\\jest-circus\\build\\
run.js:126:9)\n' +
          '    at _run
TestsForDescribeBlock 
(C:\\Workspace_Melbin\
\fun_websites\\3d_mode
l_viewer\\node_modules
\\jest-circus\\build\\
run.js:121:9)\n' +
          '    at _run
TestsForDescribeBlock 
(C:\\Workspace_Melbin\
\fun_websites\\3d_mode
l_viewer\\node_modules
\\jest-circus\\build\\
run.js:121:9)\n' +
          '    at run 
(C:\\Workspace_Melbin\
\fun_websites\\3d_mode
l_viewer\\node_modules
\\jest-circus\\build\\
run.js:71:3)\n' +
          '    at runA
ndTransformResultsToJe
stFormat (C:\\Workspac
e_Melbin\\fun_websites
\\3d_model_viewer\\nod
e_modules\\jest-circus
\\build\\legacy-code-t
odo-rewrite\\jestAdapt
erInit.js:122:21)\n' +
          '    at 
jestAdapter (C:\\Works
pace_Melbin\\fun_websi
tes\\3d_model_viewer\\
node_modules\\jest-cir
cus\\build\\legacy-cod
e-todo-rewrite\\jestAd
apter.js:79:19)\n' +
          '    at 
runTestInternal (C:\\W
orkspace_Melbin\\fun_w
ebsites\\3d_model_view
er\\node_modules\\jest
-runner\\build\\runTes
t.js:367:16)\n' +
          '    at 
runTest (C:\\Workspace
_Melbin\\fun_websites\
\3d_model_viewer\\node
_modules\\jest-runner\
\build\\runTest.js:444
:34)\n' +
          '    at 
Object.worker (C:\\Wor
kspace_Melbin\\fun_web
sites\\3d_model_viewer
\\node_modules\\jest-r
unner\\build\\testWork
er.js:106:12)',
        type: 
'webgl_context_lost',
        severity: 
'high',
        context: {},
        recovered: 
false,
        userNotified: 
false
      }

    [0m [90m 449 
|[39m             
[36mcase[39m [33mEr
rorManager[39m[33m.
[39m[33mERROR_SEVERIT
Y[39m[33m.[39m[33m
HIGH[39m[33m:[39m
     [90m 450 |[39m 
            
[36mcase[39m [33mEr
rorManager[39m[33m.
[39m[33mERROR_SEVERIT
Y[39m[33m.[39m[33m
CRITICAL[39m[33m:[3
9m
    [31m[1m>[22m[3
9m[90m 451 |[39m    
             console[
33m.[39merror(logMess
age[33m,[39m 
errorInfo)[33m;[39m
     [90m     |[39m 
                      
  [31m[1m^[22m[39m
     [90m 452 |[39m 
                [36mb
reak[39m[33m;[39m
     [90m 453 |[39m 
            [36mdefau
lt[39m[33m:[39m
     [90m 454 |[39m 
                
[90m// Silent for 
other cases[39m[0m

      at 
ErrorManager.error 
[as logError] (src/cor
e/ErrorManager.js:451:
25)
      at 
ErrorManager.logError 
[as handleError] (src/
core/ErrorManager.js:2
45:14)
      at handleError (
src/core/ErrorManager.
js:123:22)
      at callTheUserOb
jectsOperation (node_m
odules/jsdom/lib/jsdom
/living/generated/Even
tListener.js:26:30)
      at innerInvokeEv
entListeners (node_mod
ules/jsdom/lib/jsdom/l
iving/events/EventTarg
et-impl.js:350:25)
      at 
invokeEventListeners (
node_modules/jsdom/lib
/jsdom/living/events/E
ventTarget-impl.js:286
:3)
      at EventTargetIm
pl._dispatch (node_mod
ules/jsdom/lib/jsdom/l
iving/events/EventTarg
et-impl.js:233:9)
      at EventTargetIm
pl.dispatchEvent (node
_modules/jsdom/lib/jsd
om/living/events/Event
Target-impl.js:104:17)
      at 
dispatchEvent (node_mo
dules/jsdom/lib/jsdom/
living/generated/Event
Target.js:241:34)
      at 
Object.dispatchEvent (
test/error-handling.te
st.js:425:20)

    console.error
      [HIGH] 
webgl_context_lost: 
WebGL context lost {
        id: 'error_177
2390511771_wis95dejz',
        timestamp: '20
26-03-01T18:41:51.771Z
',
        message: 
'WebGL context lost',
        stack: 
'Error: WebGL context 
lost\n' +
          '    at C:\\
Workspace_Melbin\\fun_
websites\\3d_model_vie
wer\\src\\core\\ErrorM
anager.js:123:34\n' +
          '    at call
TheUserObjectsOperatio
n (C:\\Workspace_Melbi
n\\fun_websites\\3d_mo
del_viewer\\node_modul
es\\jsdom\\lib\\jsdom\
\living\\generated\\Ev
entListener.js:26:30)\
n' +
          '    at inne
rInvokeEventListeners 
(C:\\Workspace_Melbin\
\fun_websites\\3d_mode
l_viewer\\node_modules
\\jsdom\\lib\\jsdom\\l
iving\\events\\EventTa
rget-impl.js:350:25)\n
' +
          '    at 
invokeEventListeners (
C:\\Workspace_Melbin\\
fun_websites\\3d_model
_viewer\\node_modules\
\jsdom\\lib\\jsdom\\li
ving\\events\\EventTar
get-impl.js:286:3)\n' 
+
          '    at Even
tTargetImpl._dispatch 
(C:\\Workspace_Melbin\
\fun_websites\\3d_mode
l_viewer\\node_modules
\\jsdom\\lib\\jsdom\\l
iving\\events\\EventTa
rget-impl.js:233:9)\n'
 +
          '    at Even
tTargetImpl.dispatchEv
ent (C:\\Workspace_Mel
bin\\fun_websites\\3d_
model_viewer\\node_mod
ules\\jsdom\\lib\\jsdo
m\\living\\events\\Eve
ntTarget-impl.js:104:1
7)\n' +
          '    at 
dispatchEvent (C:\\Wor
kspace_Melbin\\fun_web
sites\\3d_model_viewer
\\node_modules\\jsdom\
\lib\\jsdom\\living\\g
enerated\\EventTarget.
js:241:34)\n' +
          '    at 
Object.dispatchEvent (
C:\\Workspace_Melbin\\
fun_websites\\3d_model
_viewer\\test\\error-h
andling.test.js:425:20
)\n' +
          '    at Prom
ise.then.completed (C:
\\Workspace_Melbin\\fu
n_websites\\3d_model_v
iewer\\node_modules\\j
est-circus\\build\\uti
ls.js:298:28)\n' +
          '    at new 
Promise 
(<anonymous>)\n' +
          '    at 
callAsyncCircusFn (C:\
\Workspace_Melbin\\fun
_websites\\3d_model_vi
ewer\\node_modules\\je
st-circus\\build\\util
s.js:231:10)\n' +
          '    at 
_callCircusTest (C:\\W
orkspace_Melbin\\fun_w
ebsites\\3d_model_view
er\\node_modules\\jest
-circus\\build\\run.js
:316:40)\n' +
          '    at proc
essTicksAndRejections 
(node:internal/process
/task_queues:105:5)\n'
 +
          '    at 
_runTest (C:\\Workspac
e_Melbin\\fun_websites
\\3d_model_viewer\\nod
e_modules\\jest-circus
\\build\\run.js:252:3)
\n' +
          '    at _run
TestsForDescribeBlock 
(C:\\Workspace_Melbin\
\fun_websites\\3d_mode
l_viewer\\node_modules
\\jest-circus\\build\\
run.js:126:9)\n' +
          '    at _run
TestsForDescribeBlock 
(C:\\Workspace_Melbin\
\fun_websites\\3d_mode
l_viewer\\node_modules
\\jest-circus\\build\\
run.js:121:9)\n' +
          '    at _run
TestsForDescribeBlock 
(C:\\Workspace_Melbin\
\fun_websites\\3d_mode
l_viewer\\node_modules
\\jest-circus\\build\\
run.js:121:9)\n' +
          '    at run 
(C:\\Workspace_Melbin\
\fun_websites\\3d_mode
l_viewer\\node_modules
\\jest-circus\\build\\
run.js:71:3)\n' +
          '    at runA
ndTransformResultsToJe
stFormat (C:\\Workspac
e_Melbin\\fun_websites
\\3d_model_viewer\\nod
e_modules\\jest-circus
\\build\\legacy-code-t
odo-rewrite\\jestAdapt
erInit.js:122:21)\n' +
          '    at 
jestAdapter (C:\\Works
pace_Melbin\\fun_websi
tes\\3d_model_viewer\\
node_modules\\jest-cir
cus\\build\\legacy-cod
e-todo-rewrite\\jestAd
apter.js:79:19)\n' +
          '    at 
runTestInternal (C:\\W
orkspace_Melbin\\fun_w
ebsites\\3d_model_view
er\\node_modules\\jest
-runner\\build\\runTes
t.js:367:16)\n' +
          '    at 
runTest (C:\\Workspace
_Melbin\\fun_websites\
\3d_model_viewer\\node
_modules\\jest-runner\
\build\\runTest.js:444
:34)\n' +
          '    at 
Object.worker (C:\\Wor
kspace_Melbin\\fun_web
sites\\3d_model_viewer
\\node_modules\\jest-r
unner\\build\\testWork
er.js:106:12)',
        type: 
'webgl_context_lost',
        severity: 
'high',
        context: {},
        recovered: 
false,
        userNotified: 
false
      }

    [0m [90m 449 
|[39m             
[36mcase[39m [33mEr
rorManager[39m[33m.
[39m[33mERROR_SEVERIT
Y[39m[33m.[39m[33m
HIGH[39m[33m:[39m
     [90m 450 |[39m 
            
[36mcase[39m [33mEr
rorManager[39m[33m.
[39m[33mERROR_SEVERIT
Y[39m[33m.[39m[33m
CRITICAL[39m[33m:[3
9m
    [31m[1m>[22m[3
9m[90m 451 |[39m    
             console[
33m.[39merror(logMess
age[33m,[39m 
errorInfo)[33m;[39m
     [90m     |[39m 
                      
  [31m[1m^[22m[39m
     [90m 452 |[39m 
                [36mb
reak[39m[33m;[39m
     [90m 453 |[39m 
            [36mdefau
lt[39m[33m:[39m
     [90m 454 |[39m 
                
[90m// Silent for 
other cases[39m[0m

      at 
ErrorManager.error 
[as logError] (src/cor
e/ErrorManager.js:451:
25)
      at 
ErrorManager.logError 
[as handleError] (src/
core/ErrorManager.js:2
45:14)
      at handleError (
src/core/ErrorManager.
js:123:22)
      at callTheUserOb
jectsOperation (node_m
odules/jsdom/lib/jsdom
/living/generated/Even
tListener.js:26:30)
      at innerInvokeEv
entListeners (node_mod
ules/jsdom/lib/jsdom/l
iving/events/EventTarg
et-impl.js:350:25)
      at 
invokeEventListeners (
node_modules/jsdom/lib
/jsdom/living/events/E
ventTarget-impl.js:286
:3)
      at EventTargetIm
pl._dispatch (node_mod
ules/jsdom/lib/jsdom/l
iving/events/EventTarg
et-impl.js:233:9)
      at EventTargetIm
pl.dispatchEvent (node
_modules/jsdom/lib/jsd
om/living/events/Event
Target-impl.js:104:17)
      at 
dispatchEvent (node_mo
dules/jsdom/lib/jsdom/
living/generated/Event
Target.js:241:34)
      at 
Object.dispatchEvent (
test/error-handling.te
st.js:425:20)

    console.error
      [HIGH] 
webgl_context_lost: 
WebGL context lost {
        id: 'error_177
2390511774_8buhf7ixb',
        timestamp: '20
26-03-01T18:41:51.774Z
',
        message: 
'WebGL context lost',
        stack: 
'Error: WebGL context 
lost\n' +
          '    at C:\\
Workspace_Melbin\\fun_
websites\\3d_model_vie
wer\\src\\core\\ErrorM
anager.js:123:34\n' +
          '    at call
TheUserObjectsOperatio
n (C:\\Workspace_Melbi
n\\fun_websites\\3d_mo
del_viewer\\node_modul
es\\jsdom\\lib\\jsdom\
\living\\generated\\Ev
entListener.js:26:30)\
n' +
          '    at inne
rInvokeEventListeners 
(C:\\Workspace_Melbin\
\fun_websites\\3d_mode
l_viewer\\node_modules
\\jsdom\\lib\\jsdom\\l
iving\\events\\EventTa
rget-impl.js:350:25)\n
' +
          '    at 
invokeEventListeners (
C:\\Workspace_Melbin\\
fun_websites\\3d_model
_viewer\\node_modules\
\jsdom\\lib\\jsdom\\li
ving\\events\\EventTar
get-impl.js:286:3)\n' 
+
          '    at Even
tTargetImpl._dispatch 
(C:\\Workspace_Melbin\
\fun_websites\\3d_mode
l_viewer\\node_modules
\\jsdom\\lib\\jsdom\\l
iving\\events\\EventTa
rget-impl.js:233:9)\n'
 +
          '    at Even
tTargetImpl.dispatchEv
ent (C:\\Workspace_Mel
bin\\fun_websites\\3d_
model_viewer\\node_mod
ules\\jsdom\\lib\\jsdo
m\\living\\events\\Eve
ntTarget-impl.js:104:1
7)\n' +
          '    at 
dispatchEvent (C:\\Wor
kspace_Melbin\\fun_web
sites\\3d_model_viewer
\\node_modules\\jsdom\
\lib\\jsdom\\living\\g
enerated\\EventTarget.
js:241:34)\n' +
          '    at 
Object.dispatchEvent (
C:\\Workspace_Melbin\\
fun_websites\\3d_model
_viewer\\test\\error-h
andling.test.js:425:20
)\n' +
          '    at Prom
ise.then.completed (C:
\\Workspace_Melbin\\fu
n_websites\\3d_model_v
iewer\\node_modules\\j
est-circus\\build\\uti
ls.js:298:28)\n' +
          '    at new 
Promise 
(<anonymous>)\n' +
          '    at 
callAsyncCircusFn (C:\
\Workspace_Melbin\\fun
_websites\\3d_model_vi
ewer\\node_modules\\je
st-circus\\build\\util
s.js:231:10)\n' +
          '    at 
_callCircusTest (C:\\W
orkspace_Melbin\\fun_w
ebsites\\3d_model_view
er\\node_modules\\jest
-circus\\build\\run.js
:316:40)\n' +
          '    at proc
essTicksAndRejections 
(node:internal/process
/task_queues:105:5)\n'
 +
          '    at 
_runTest (C:\\Workspac
e_Melbin\\fun_websites
\\3d_model_viewer\\nod
e_modules\\jest-circus
\\build\\run.js:252:3)
\n' +
          '    at _run
TestsForDescribeBlock 
(C:\\Workspace_Melbin\
\fun_websites\\3d_mode
l_viewer\\node_modules
\\jest-circus\\build\\
run.js:126:9)\n' +
          '    at _run
TestsForDescribeBlock 
(C:\\Workspace_Melbin\
\fun_websites\\3d_mode
l_viewer\\node_modules
\\jest-circus\\build\\
run.js:121:9)\n' +
          '    at _run
TestsForDescribeBlock 
(C:\\Workspace_Melbin\
\fun_websites\\3d_mode
l_viewer\\node_modules
\\jest-circus\\build\\
run.js:121:9)\n' +
          '    at run 
(C:\\Workspace_Melbin\
\fun_websites\\3d_mode
l_viewer\\node_modules
\\jest-circus\\build\\
run.js:71:3)\n' +
          '    at runA
ndTransformResultsToJe
stFormat (C:\\Workspac
e_Melbin\\fun_websites
\\3d_model_viewer\\nod
e_modules\\jest-circus
\\build\\legacy-code-t
odo-rewrite\\jestAdapt
erInit.js:122:21)\n' +
          '    at 
jestAdapter (C:\\Works
pace_Melbin\\fun_websi
tes\\3d_model_viewer\\
node_modules\\jest-cir
cus\\build\\legacy-cod
e-todo-rewrite\\jestAd
apter.js:79:19)\n' +
          '    at 
runTestInternal (C:\\W
orkspace_Melbin\\fun_w
ebsites\\3d_model_view
er\\node_modules\\jest
-runner\\build\\runTes
t.js:367:16)\n' +
          '    at 
runTest (C:\\Workspace
_Melbin\\fun_websites\
\3d_model_viewer\\node
_modules\\jest-runner\
\build\\runTest.js:444
:34)\n' +
          '    at 
Object.worker (C:\\Wor
kspace_Melbin\\fun_web
sites\\3d_model_viewer
\\node_modules\\jest-r
unner\\build\\testWork
er.js:106:12)',
        type: 
'webgl_context_lost',
        severity: 
'high',
        context: {},
        recovered: 
false,
        userNotified: 
false
      }

    [0m [90m 449 
|[39m             
[36mcase[39m [33mEr
rorManager[39m[33m.
[39m[33mERROR_SEVERIT
Y[39m[33m.[39m[33m
HIGH[39m[33m:[39m
     [90m 450 |[39m 
            
[36mcase[39m [33mEr
rorManager[39m[33m.
[39m[33mERROR_SEVERIT
Y[39m[33m.[39m[33m
CRITICAL[39m[33m:[3
9m
    [31m[1m>[22m[3
9m[90m 451 |[39m    
             console[
33m.[39merror(logMess
age[33m,[39m 
errorInfo)[33m;[39m
     [90m     |[39m 
                      
  [31m[1m^[22m[39m
     [90m 452 |[39m 
                [36mb
reak[39m[33m;[39m
     [90m 453 |[39m 
            [36mdefau
lt[39m[33m:[39m
     [90m 454 |[39m 
                
[90m// Silent for 
other cases[39m[0m

      at 
ErrorManager.error 
[as logError] (src/cor
e/ErrorManager.js:451:
25)
      at 
ErrorManager.logError 
[as handleError] (src/
core/ErrorManager.js:2
45:14)
      at handleError (
src/core/ErrorManager.
js:123:22)
      at callTheUserOb
jectsOperation (node_m
odules/jsdom/lib/jsdom
/living/generated/Even
tListener.js:26:30)
      at innerInvokeEv
entListeners (node_mod
ules/jsdom/lib/jsdom/l
iving/events/EventTarg
et-impl.js:350:25)
      at 
invokeEventListeners (
node_modules/jsdom/lib
/jsdom/living/events/E
ventTarget-impl.js:286
:3)
      at EventTargetIm
pl._dispatch (node_mod
ules/jsdom/lib/jsdom/l
iving/events/EventTarg
et-impl.js:233:9)
      at EventTargetIm
pl.dispatchEvent (node
_modules/jsdom/lib/jsd
om/living/events/Event
Target-impl.js:104:17)
      at 
dispatchEvent (node_mo
dules/jsdom/lib/jsdom/
living/generated/Event
Target.js:241:34)
      at 
Object.dispatchEvent (
test/error-handling.te
st.js:425:20)

    console.error
      [HIGH] 
webgl_context_lost: 
WebGL context lost {
        id: 'error_177
2390511776_rhk2w039f',
        timestamp: '20
26-03-01T18:41:51.777Z
',
        message: 
'WebGL context lost',
        stack: 
'Error: WebGL context 
lost\n' +
          '    at C:\\
Workspace_Melbin\\fun_
websites\\3d_model_vie
wer\\src\\core\\ErrorM
anager.js:123:34\n' +
          '    at call
TheUserObjectsOperatio
n (C:\\Workspace_Melbi
n\\fun_websites\\3d_mo
del_viewer\\node_modul
es\\jsdom\\lib\\jsdom\
\living\\generated\\Ev
entListener.js:26:30)\
n' +
          '    at inne
rInvokeEventListeners 
(C:\\Workspace_Melbin\
\fun_websites\\3d_mode
l_viewer\\node_modules
\\jsdom\\lib\\jsdom\\l
iving\\events\\EventTa
rget-impl.js:350:25)\n
' +
          '    at 
invokeEventListeners (
C:\\Workspace_Melbin\\
fun_websites\\3d_model
_viewer\\node_modules\
\jsdom\\lib\\jsdom\\li
ving\\events\\EventTar
get-impl.js:286:3)\n' 
+
          '    at Even
tTargetImpl._dispatch 
(C:\\Workspace_Melbin\
\fun_websites\\3d_mode
l_viewer\\node_modules
\\jsdom\\lib\\jsdom\\l
iving\\events\\EventTa
rget-impl.js:233:9)\n'
 +
          '    at Even
tTargetImpl.dispatchEv
ent (C:\\Workspace_Mel
bin\\fun_websites\\3d_
model_viewer\\node_mod
ules\\jsdom\\lib\\jsdo
m\\living\\events\\Eve
ntTarget-impl.js:104:1
7)\n' +
          '    at 
dispatchEvent (C:\\Wor
kspace_Melbin\\fun_web
sites\\3d_model_viewer
\\node_modules\\jsdom\
\lib\\jsdom\\living\\g
enerated\\EventTarget.
js:241:34)\n' +
          '    at 
Object.dispatchEvent (
C:\\Workspace_Melbin\\
fun_websites\\3d_model
_viewer\\test\\error-h
andling.test.js:425:20
)\n' +
          '    at Prom
ise.then.completed (C:
\\Workspace_Melbin\\fu
n_websites\\3d_model_v
iewer\\node_modules\\j
est-circus\\build\\uti
ls.js:298:28)\n' +
          '    at new 
Promise 
(<anonymous>)\n' +
          '    at 
callAsyncCircusFn (C:\
\Workspace_Melbin\\fun
_websites\\3d_model_vi
ewer\\node_modules\\je
st-circus\\build\\util
s.js:231:10)\n' +
          '    at 
_callCircusTest (C:\\W
orkspace_Melbin\\fun_w
ebsites\\3d_model_view
er\\node_modules\\jest
-circus\\build\\run.js
:316:40)\n' +
          '    at proc
essTicksAndRejections 
(node:internal/process
/task_queues:105:5)\n'
 +
          '    at 
_runTest (C:\\Workspac
e_Melbin\\fun_websites
\\3d_model_viewer\\nod
e_modules\\jest-circus
\\build\\run.js:252:3)
\n' +
          '    at _run
TestsForDescribeBlock 
(C:\\Workspace_Melbin\
\fun_websites\\3d_mode
l_viewer\\node_modules
\\jest-circus\\build\\
run.js:126:9)\n' +
          '    at _run
TestsForDescribeBlock 
(C:\\Workspace_Melbin\
\fun_websites\\3d_mode
l_viewer\\node_modules
\\jest-circus\\build\\
run.js:121:9)\n' +
          '    at _run
TestsForDescribeBlock 
(C:\\Workspace_Melbin\
\fun_websites\\3d_mode
l_viewer\\node_modules
\\jest-circus\\build\\
run.js:121:9)\n' +
          '    at run 
(C:\\Workspace_Melbin\
\fun_websites\\3d_mode
l_viewer\\node_modules
\\jest-circus\\build\\
run.js:71:3)\n' +
          '    at runA
ndTransformResultsToJe
stFormat (C:\\Workspac
e_Melbin\\fun_websites
\\3d_model_viewer\\nod
e_modules\\jest-circus
\\build\\legacy-code-t
odo-rewrite\\jestAdapt
erInit.js:122:21)\n' +
          '    at 
jestAdapter (C:\\Works
pace_Melbin\\fun_websi
tes\\3d_model_viewer\\
node_modules\\jest-cir
cus\\build\\legacy-cod
e-todo-rewrite\\jestAd
apter.js:79:19)\n' +
          '    at 
runTestInternal (C:\\W
orkspace_Melbin\\fun_w
ebsites\\3d_model_view
er\\node_modules\\jest
-runner\\build\\runTes
t.js:367:16)\n' +
          '    at 
runTest (C:\\Workspace
_Melbin\\fun_websites\
\3d_model_viewer\\node
_modules\\jest-runner\
\build\\runTest.js:444
:34)\n' +
          '    at 
Object.worker (C:\\Wor
kspace_Melbin\\fun_web
sites\\3d_model_viewer
\\node_modules\\jest-r
unner\\build\\testWork
er.js:106:12)',
        type: 
'webgl_context_lost',
        severity: 
'high',
        context: {},
        recovered: 
false,
        userNotified: 
false
      }

    [0m [90m 449 
|[39m             
[36mcase[39m [33mEr
rorManager[39m[33m.
[39m[33mERROR_SEVERIT
Y[39m[33m.[39m[33m
HIGH[39m[33m:[39m
     [90m 450 |[39m 
            
[36mcase[39m [33mEr
rorManager[39m[33m.
[39m[33mERROR_SEVERIT
Y[39m[33m.[39m[33m
CRITICAL[39m[33m:[3
9m
    [31m[1m>[22m[3
9m[90m 451 |[39m    
             console[
33m.[39merror(logMess
age[33m,[39m 
errorInfo)[33m;[39m
     [90m     |[39m 
                      
  [31m[1m^[22m[39m
     [90m 452 |[39m 
                [36mb
reak[39m[33m;[39m
     [90m 453 |[39m 
            [36mdefau
lt[39m[33m:[39m
     [90m 454 |[39m 
                
[90m// Silent for 
other cases[39m[0m

      at 
ErrorManager.error 
[as logError] (src/cor
e/ErrorManager.js:451:
25)
      at 
ErrorManager.logError 
[as handleError] (src/
core/ErrorManager.js:2
45:14)
      at handleError (
src/core/ErrorManager.
js:123:22)
      at callTheUserOb
jectsOperation (node_m
odules/jsdom/lib/jsdom
/living/generated/Even
tListener.js:26:30)
      at innerInvokeEv
entListeners (node_mod
ules/jsdom/lib/jsdom/l
iving/events/EventTarg
et-impl.js:350:25)
      at 
invokeEventListeners (
node_modules/jsdom/lib
/jsdom/living/events/E
ventTarget-impl.js:286
:3)
      at EventTargetIm
pl._dispatch (node_mod
ules/jsdom/lib/jsdom/l
iving/events/EventTarg
et-impl.js:233:9)
      at EventTargetIm
pl.dispatchEvent (node
_modules/jsdom/lib/jsd
om/living/events/Event
Target-impl.js:104:17)
      at 
dispatchEvent (node_mo
dules/jsdom/lib/jsdom/
living/generated/Event
Target.js:241:34)
      at 
Object.dispatchEvent (
test/error-handling.te
st.js:425:20)

    console.error
      [HIGH] 
webgl_context_lost: 
WebGL context lost {
        id: 'error_177
2390511779_upd1d67t2',
        timestamp: '20
26-03-01T18:41:51.779Z
',
        message: 
'WebGL context lost',
        stack: 
'Error: WebGL context 
lost\n' +
          '    at C:\\
Workspace_Melbin\\fun_
websites\\3d_model_vie
wer\\src\\core\\ErrorM
anager.js:123:34\n' +
          '    at call
TheUserObjectsOperatio
n (C:\\Workspace_Melbi
n\\fun_websites\\3d_mo
del_viewer\\node_modul
es\\jsdom\\lib\\jsdom\
\living\\generated\\Ev
entListener.js:26:30)\
n' +
          '    at inne
rInvokeEventListeners 
(C:\\Workspace_Melbin\
\fun_websites\\3d_mode
l_viewer\\node_modules
\\jsdom\\lib\\jsdom\\l
iving\\events\\EventTa
rget-impl.js:350:25)\n
' +
          '    at 
invokeEventListeners (
C:\\Workspace_Melbin\\
fun_websites\\3d_model
_viewer\\node_modules\
\jsdom\\lib\\jsdom\\li
ving\\events\\EventTar
get-impl.js:286:3)\n' 
+
          '    at Even
tTargetImpl._dispatch 
(C:\\Workspace_Melbin\
\fun_websites\\3d_mode
l_viewer\\node_modules
\\jsdom\\lib\\jsdom\\l
iving\\events\\EventTa
rget-impl.js:233:9)\n'
 +
          '    at Even
tTargetImpl.dispatchEv
ent (C:\\Workspace_Mel
bin\\fun_websites\\3d_
model_viewer\\node_mod
ules\\jsdom\\lib\\jsdo
m\\living\\events\\Eve
ntTarget-impl.js:104:1
7)\n' +
          '    at 
dispatchEvent (C:\\Wor
kspace_Melbin\\fun_web
sites\\3d_model_viewer
\\node_modules\\jsdom\
\lib\\jsdom\\living\\g
enerated\\EventTarget.
js:241:34)\n' +
          '    at 
Object.dispatchEvent (
C:\\Workspace_Melbin\\
fun_websites\\3d_model
_viewer\\test\\error-h
andling.test.js:425:20
)\n' +
          '    at Prom
ise.then.completed (C:
\\Workspace_Melbin\\fu
n_websites\\3d_model_v
iewer\\node_modules\\j
est-circus\\build\\uti
ls.js:298:28)\n' +
          '    at new 
Promise 
(<anonymous>)\n' +
          '    at 
callAsyncCircusFn (C:\
\Workspace_Melbin\\fun
_websites\\3d_model_vi
ewer\\node_modules\\je
st-circus\\build\\util
s.js:231:10)\n' +
          '    at 
_callCircusTest (C:\\W
orkspace_Melbin\\fun_w
ebsites\\3d_model_view
er\\node_modules\\jest
-circus\\build\\run.js
:316:40)\n' +
          '    at proc
essTicksAndRejections 
(node:internal/process
/task_queues:105:5)\n'
 +
          '    at 
_runTest (C:\\Workspac
e_Melbin\\fun_websites
\\3d_model_viewer\\nod
e_modules\\jest-circus
\\build\\run.js:252:3)
\n' +
          '    at _run
TestsForDescribeBlock 
(C:\\Workspace_Melbin\
\fun_websites\\3d_mode
l_viewer\\node_modules
\\jest-circus\\build\\
run.js:126:9)\n' +
          '    at _run
TestsForDescribeBlock 
(C:\\Workspace_Melbin\
\fun_websites\\3d_mode
l_viewer\\node_modules
\\jest-circus\\build\\
run.js:121:9)\n' +
          '    at _run
TestsForDescribeBlock 
(C:\\Workspace_Melbin\
\fun_websites\\3d_mode
l_viewer\\node_modules
\\jest-circus\\build\\
run.js:121:9)\n' +
          '    at run 
(C:\\Workspace_Melbin\
\fun_websites\\3d_mode
l_viewer\\node_modules
\\jest-circus\\build\\
run.js:71:3)\n' +
          '    at runA
ndTransformResultsToJe
stFormat (C:\\Workspac
e_Melbin\\fun_websites
\\3d_model_viewer\\nod
e_modules\\jest-circus
\\build\\legacy-code-t
odo-rewrite\\jestAdapt
erInit.js:122:21)\n' +
          '    at 
jestAdapter (C:\\Works
pace_Melbin\\fun_websi
tes\\3d_model_viewer\\
node_modules\\jest-cir
cus\\build\\legacy-cod
e-todo-rewrite\\jestAd
apter.js:79:19)\n' +
          '    at 
runTestInternal (C:\\W
orkspace_Melbin\\fun_w
ebsites\\3d_model_view
er\\node_modules\\jest
-runner\\build\\runTes
t.js:367:16)\n' +
          '    at 
runTest (C:\\Workspace
_Melbin\\fun_websites\
\3d_model_viewer\\node
_modules\\jest-runner\
\build\\runTest.js:444
:34)\n' +
          '    at 
Object.worker (C:\\Wor
kspace_Melbin\\fun_web
sites\\3d_model_viewer
\\node_modules\\jest-r
unner\\build\\testWork
er.js:106:12)',
        type: 
'webgl_context_lost',
        severity: 
'high',
        context: {},
        recovered: 
false,
        userNotified: 
false
      }

    [0m [90m 449 
|[39m             
[36mcase[39m [33mEr
rorManager[39m[33m.
[39m[33mERROR_SEVERIT
Y[39m[33m.[39m[33m
HIGH[39m[33m:[39m
     [90m 450 |[39m 
            
[36mcase[39m [33mEr
rorManager[39m[33m.
[39m[33mERROR_SEVERIT
Y[39m[33m.[39m[33m
CRITICAL[39m[33m:[3
9m
    [31m[1m>[22m[3
9m[90m 451 |[39m    
             console[
33m.[39merror(logMess
age[33m,[39m 
errorInfo)[33m;[39m
     [90m     |[39m 
                      
  [31m[1m^[22m[39m
     [90m 452 |[39m 
                [36mb
reak[39m[33m;[39m
     [90m 453 |[39m 
            [36mdefau
lt[39m[33m:[39m
     [90m 454 |[39m 
                
[90m// Silent for 
other cases[39m[0m

      at 
ErrorManager.error 
[as logError] (src/cor
e/ErrorManager.js:451:
25)
      at 
ErrorManager.logError 
[as handleError] (src/
core/ErrorManager.js:2
45:14)
      at handleError (
src/core/ErrorManager.
js:123:22)
      at callTheUserOb
jectsOperation (node_m
odules/jsdom/lib/jsdom
/living/generated/Even
tListener.js:26:30)
      at innerInvokeEv
entListeners (node_mod
ules/jsdom/lib/jsdom/l
iving/events/EventTarg
et-impl.js:350:25)
      at 
invokeEventListeners (
node_modules/jsdom/lib
/jsdom/living/events/E
ventTarget-impl.js:286
:3)
      at EventTargetIm
pl._dispatch (node_mod
ules/jsdom/lib/jsdom/l
iving/events/EventTarg
et-impl.js:233:9)
      at EventTargetIm
pl.dispatchEvent (node
_modules/jsdom/lib/jsd
om/living/events/Event
Target-impl.js:104:17)
      at 
dispatchEvent (node_mo
dules/jsdom/lib/jsdom/
living/generated/Event
Target.js:241:34)
      at 
Object.dispatchEvent (
test/error-handling.te
st.js:425:20)

    console.error
      [HIGH] 
webgl_context_lost: 
WebGL context lost {
        id: 'error_177
2390511782_p28urssk9',
        timestamp: '20
26-03-01T18:41:51.782Z
',
        message: 
'WebGL context lost',
        stack: 
'Error: WebGL context 
lost\n' +
          '    at C:\\
Workspace_Melbin\\fun_
websites\\3d_model_vie
wer\\src\\core\\ErrorM
anager.js:123:34\n' +
          '    at call
TheUserObjectsOperatio
n (C:\\Workspace_Melbi
n\\fun_websites\\3d_mo
del_viewer\\node_modul
es\\jsdom\\lib\\jsdom\
\living\\generated\\Ev
entListener.js:26:30)\
n' +
          '    at inne
rInvokeEventListeners 
(C:\\Workspace_Melbin\
\fun_websites\\3d_mode
l_viewer\\node_modules
\\jsdom\\lib\\jsdom\\l
iving\\events\\EventTa
rget-impl.js:350:25)\n
' +
          '    at 
invokeEventListeners (
C:\\Workspace_Melbin\\
fun_websites\\3d_model
_viewer\\node_modules\
\jsdom\\lib\\jsdom\\li
ving\\events\\EventTar
get-impl.js:286:3)\n' 
+
          '    at Even
tTargetImpl._dispatch 
(C:\\Workspace_Melbin\
\fun_websites\\3d_mode
l_viewer\\node_modules
\\jsdom\\lib\\jsdom\\l
iving\\events\\EventTa
rget-impl.js:233:9)\n'
 +
          '    at Even
tTargetImpl.dispatchEv
ent (C:\\Workspace_Mel
bin\\fun_websites\\3d_
model_viewer\\node_mod
ules\\jsdom\\lib\\jsdo
m\\living\\events\\Eve
ntTarget-impl.js:104:1
7)\n' +
          '    at 
dispatchEvent (C:\\Wor
kspace_Melbin\\fun_web
sites\\3d_model_viewer
\\node_modules\\jsdom\
\lib\\jsdom\\living\\g
enerated\\EventTarget.
js:241:34)\n' +
          '    at 
Object.dispatchEvent (
C:\\Workspace_Melbin\\
fun_websites\\3d_model
_viewer\\test\\error-h
andling.test.js:425:20
)\n' +
          '    at Prom
ise.then.completed (C:
\\Workspace_Melbin\\fu
n_websites\\3d_model_v
iewer\\node_modules\\j
est-circus\\build\\uti
ls.js:298:28)\n' +
          '    at new 
Promise 
(<anonymous>)\n' +
          '    at 
callAsyncCircusFn (C:\
\Workspace_Melbin\\fun
_websites\\3d_model_vi
ewer\\node_modules\\je
st-circus\\build\\util
s.js:231:10)\n' +
          '    at 
_callCircusTest (C:\\W
orkspace_Melbin\\fun_w
ebsites\\3d_model_view
er\\node_modules\\jest
-circus\\build\\run.js
:316:40)\n' +
          '    at proc
essTicksAndRejections 
(node:internal/process
/task_queues:105:5)\n'
 +
          '    at 
_runTest (C:\\Workspac
e_Melbin\\fun_websites
\\3d_model_viewer\\nod
e_modules\\jest-circus
\\build\\run.js:252:3)
\n' +
          '    at _run
TestsForDescribeBlock 
(C:\\Workspace_Melbin\
\fun_websites\\3d_mode
l_viewer\\node_modules
\\jest-circus\\build\\
run.js:126:9)\n' +
          '    at _run
TestsForDescribeBlock 
(C:\\Workspace_Melbin\
\fun_websites\\3d_mode
l_viewer\\node_modules
\\jest-circus\\build\\
run.js:121:9)\n' +
          '    at _run
TestsForDescribeBlock 
(C:\\Workspace_Melbin\
\fun_websites\\3d_mode
l_viewer\\node_modules
\\jest-circus\\build\\
run.js:121:9)\n' +
          '    at run 
(C:\\Workspace_Melbin\
\fun_websites\\3d_mode
l_viewer\\node_modules
\\jest-circus\\build\\
run.js:71:3)\n' +
          '    at runA
ndTransformResultsToJe
stFormat (C:\\Workspac
e_Melbin\\fun_websites
\\3d_model_viewer\\nod
e_modules\\jest-circus
\\build\\legacy-code-t
odo-rewrite\\jestAdapt
erInit.js:122:21)\n' +
          '    at 
jestAdapter (C:\\Works
pace_Melbin\\fun_websi
tes\\3d_model_viewer\\
node_modules\\jest-cir
cus\\build\\legacy-cod
e-todo-rewrite\\jestAd
apter.js:79:19)\n' +
          '    at 
runTestInternal (C:\\W
orkspace_Melbin\\fun_w
ebsites\\3d_model_view
er\\node_modules\\jest
-runner\\build\\runTes
t.js:367:16)\n' +
          '    at 
runTest (C:\\Workspace
_Melbin\\fun_websites\
\3d_model_viewer\\node
_modules\\jest-runner\
\build\\runTest.js:444
:34)\n' +
          '    at 
Object.worker (C:\\Wor
kspace_Melbin\\fun_web
sites\\3d_model_viewer
\\node_modules\\jest-r
unner\\build\\testWork
er.js:106:12)',
        type: 
'webgl_context_lost',
        severity: 
'high',
        context: {},
        recovered: 
false,
        userNotified: 
false
      }

    [0m [90m 449 
|[39m             
[36mcase[39m [33mEr
rorManager[39m[33m.
[39m[33mERROR_SEVERIT
Y[39m[33m.[39m[33m
HIGH[39m[33m:[39m
     [90m 450 |[39m 
            
[36mcase[39m [33mEr
rorManager[39m[33m.
[39m[33mERROR_SEVERIT
Y[39m[33m.[39m[33m
CRITICAL[39m[33m:[3
9m
    [31m[1m>[22m[3
9m[90m 451 |[39m    
             console[
33m.[39merror(logMess
age[33m,[39m 
errorInfo)[33m;[39m
     [90m     |[39m 
                      
  [31m[1m^[22m[39m
     [90m 452 |[39m 
                [36mb
reak[39m[33m;[39m
     [90m 453 |[39m 
            [36mdefau
lt[39m[33m:[39m
     [90m 454 |[39m 
                
[90m// Silent for 
other cases[39m[0m

      at 
ErrorManager.error 
[as logError] (src/cor
e/ErrorManager.js:451:
25)
      at 
ErrorManager.logError 
[as handleError] (src/
core/ErrorManager.js:2
45:14)
      at handleError (
src/core/ErrorManager.
js:123:22)
      at callTheUserOb
jectsOperation (node_m
odules/jsdom/lib/jsdom
/living/generated/Even
tListener.js:26:30)
      at innerInvokeEv
entListeners (node_mod
ules/jsdom/lib/jsdom/l
iving/events/EventTarg
et-impl.js:350:25)
      at 
invokeEventListeners (
node_modules/jsdom/lib
/jsdom/living/events/E
ventTarget-impl.js:286
:3)
      at EventTargetIm
pl._dispatch (node_mod
ules/jsdom/lib/jsdom/l
iving/events/EventTarg
et-impl.js:233:9)
      at EventTargetIm
pl.dispatchEvent (node
_modules/jsdom/lib/jsd
om/living/events/Event
Target-impl.js:104:17)
      at 
dispatchEvent (node_mo
dules/jsdom/lib/jsdom/
living/generated/Event
Target.js:241:34)
      at 
Object.dispatchEvent (
test/error-handling.te
st.js:425:20)

    console.error
      [HIGH] 
webgl_context_lost: 
WebGL context lost {
        id: 'error_177
2390511784_f7rpw72fp',
        timestamp: '20
26-03-01T18:41:51.784Z
',
        message: 
'WebGL context lost',
        stack: 
'Error: WebGL context 
lost\n' +
          '    at C:\\
Workspace_Melbin\\fun_
websites\\3d_model_vie
wer\\src\\core\\ErrorM
anager.js:123:34\n' +
          '    at call
TheUserObjectsOperatio
n (C:\\Workspace_Melbi
n\\fun_websites\\3d_mo
del_viewer\\node_modul
es\\jsdom\\lib\\jsdom\
\living\\generated\\Ev
entListener.js:26:30)\
n' +
          '    at inne
rInvokeEventListeners 
(C:\\Workspace_Melbin\
\fun_websites\\3d_mode
l_viewer\\node_modules
\\jsdom\\lib\\jsdom\\l
iving\\events\\EventTa
rget-impl.js:350:25)\n
' +
          '    at 
invokeEventListeners (
C:\\Workspace_Melbin\\
fun_websites\\3d_model
_viewer\\node_modules\
\jsdom\\lib\\jsdom\\li
ving\\events\\EventTar
get-impl.js:286:3)\n' 
+
          '    at Even
tTargetImpl._dispatch 
(C:\\Workspace_Melbin\
\fun_websites\\3d_mode
l_viewer\\node_modules
\\jsdom\\lib\\jsdom\\l
iving\\events\\EventTa
rget-impl.js:233:9)\n'
 +
          '    at Even
tTargetImpl.dispatchEv
ent (C:\\Workspace_Mel
bin\\fun_websites\\3d_
model_viewer\\node_mod
ules\\jsdom\\lib\\jsdo
m\\living\\events\\Eve
ntTarget-impl.js:104:1
7)\n' +
          '    at 
dispatchEvent (C:\\Wor
kspace_Melbin\\fun_web
sites\\3d_model_viewer
\\node_modules\\jsdom\
\lib\\jsdom\\living\\g
enerated\\EventTarget.
js:241:34)\n' +
          '    at 
Object.dispatchEvent (
C:\\Workspace_Melbin\\
fun_websites\\3d_model
_viewer\\test\\error-h
andling.test.js:425:20
)\n' +
          '    at Prom
ise.then.completed (C:
\\Workspace_Melbin\\fu
n_websites\\3d_model_v
iewer\\node_modules\\j
est-circus\\build\\uti
ls.js:298:28)\n' +
          '    at new 
Promise 
(<anonymous>)\n' +
          '    at 
callAsyncCircusFn (C:\
\Workspace_Melbin\\fun
_websites\\3d_model_vi
ewer\\node_modules\\je
st-circus\\build\\util
s.js:231:10)\n' +
          '    at 
_callCircusTest (C:\\W
orkspace_Melbin\\fun_w
ebsites\\3d_model_view
er\\node_modules\\jest
-circus\\build\\run.js
:316:40)\n' +
          '    at proc
essTicksAndRejections 
(node:internal/process
/task_queues:105:5)\n'
 +
          '    at 
_runTest (C:\\Workspac
e_Melbin\\fun_websites
\\3d_model_viewer\\nod
e_modules\\jest-circus
\\build\\run.js:252:3)
\n' +
          '    at _run
TestsForDescribeBlock 
(C:\\Workspace_Melbin\
\fun_websites\\3d_mode
l_viewer\\node_modules
\\jest-circus\\build\\
run.js:126:9)\n' +
          '    at _run
TestsForDescribeBlock 
(C:\\Workspace_Melbin\
\fun_websites\\3d_mode
l_viewer\\node_modules
\\jest-circus\\build\\
run.js:121:9)\n' +
          '    at _run
TestsForDescribeBlock 
(C:\\Workspace_Melbin\
\fun_websites\\3d_mode
l_viewer\\node_modules
\\jest-circus\\build\\
run.js:121:9)\n' +
          '    at run 
(C:\\Workspace_Melbin\
\fun_websites\\3d_mode
l_viewer\\node_modules
\\jest-circus\\build\\
run.js:71:3)\n' +
          '    at runA
ndTransformResultsToJe
stFormat (C:\\Workspac
e_Melbin\\fun_websites
\\3d_model_viewer\\nod
e_modules\\jest-circus
\\build\\legacy-code-t
odo-rewrite\\jestAdapt
erInit.js:122:21)\n' +
          '    at 
jestAdapter (C:\\Works
pace_Melbin\\fun_websi
tes\\3d_model_viewer\\
node_modules\\jest-cir
cus\\build\\legacy-cod
e-todo-rewrite\\jestAd
apter.js:79:19)\n' +
          '    at 
runTestInternal (C:\\W
orkspace_Melbin\\fun_w
ebsites\\3d_model_view
er\\node_modules\\jest
-runner\\build\\runTes
t.js:367:16)\n' +
          '    at 
runTest (C:\\Workspace
_Melbin\\fun_websites\
\3d_model_viewer\\node
_modules\\jest-runner\
\build\\runTest.js:444
:34)\n' +
          '    at 
Object.worker (C:\\Wor
kspace_Melbin\\fun_web
sites\\3d_model_viewer
\\node_modules\\jest-r
unner\\build\\testWork
er.js:106:12)',
        type: 
'webgl_context_lost',
        severity: 
'high',
        context: {},
        recovered: 
false,
        userNotified: 
false
      }

    [0m [90m 449 
|[39m             
[36mcase[39m [33mEr
rorManager[39m[33m.
[39m[33mERROR_SEVERIT
Y[39m[33m.[39m[33m
HIGH[39m[33m:[39m
     [90m 450 |[39m 
            
[36mcase[39m [33mEr
rorManager[39m[33m.
[39m[33mERROR_SEVERIT
Y[39m[33m.[39m[33m
CRITICAL[39m[33m:[3
9m
    [31m[1m>[22m[3
9m[90m 451 |[39m    
             console[
33m.[39merror(logMess
age[33m,[39m 
errorInfo)[33m;[39m
     [90m     |[39m 
                      
  [31m[1m^[22m[39m
     [90m 452 |[39m 
                [36mb
reak[39m[33m;[39m
     [90m 453 |[39m 
            [36mdefau
lt[39m[33m:[39m
     [90m 454 |[39m 
                
[90m// Silent for 
other cases[39m[0m

      at 
ErrorManager.error 
[as logError] (src/cor
e/ErrorManager.js:451:
25)
      at 
ErrorManager.logError 
[as handleError] (src/
core/ErrorManager.js:2
45:14)
      at handleError (
src/core/ErrorManager.
js:123:22)
      at callTheUserOb
jectsOperation (node_m
odules/jsdom/lib/jsdom
/living/generated/Even
tListener.js:26:30)
      at innerInvokeEv
entListeners (node_mod
ules/jsdom/lib/jsdom/l
iving/events/EventTarg
et-impl.js:350:25)
      at 
invokeEventListeners (
node_modules/jsdom/lib
/jsdom/living/events/E
ventTarget-impl.js:286
:3)
      at EventTargetIm
pl._dispatch (node_mod
ules/jsdom/lib/jsdom/l
iving/events/EventTarg
et-impl.js:233:9)
      at EventTargetIm
pl.dispatchEvent (node
_modules/jsdom/lib/jsd
om/living/events/Event
Target-impl.js:104:17)
      at 
dispatchEvent (node_mo
dules/jsdom/lib/jsdom/
living/generated/Event
Target.js:241:34)
      at 
Object.dispatchEvent (
test/error-handling.te
st.js:425:20)

    console.error
      [HIGH] 
webgl_context_lost: 
WebGL context lost {
        id: 'error_177
2390511786_zu6cwvuco',
        timestamp: '20
26-03-01T18:41:51.786Z
',
        message: 
'WebGL context lost',
        stack: 
'Error: WebGL context 
lost\n' +
          '    at C:\\
Workspace_Melbin\\fun_
websites\\3d_model_vie
wer\\src\\core\\ErrorM
anager.js:123:34\n' +
          '    at call
TheUserObjectsOperatio
n (C:\\Workspace_Melbi
n\\fun_websites\\3d_mo
del_viewer\\node_modul
es\\jsdom\\lib\\jsdom\
\living\\generated\\Ev
entListener.js:26:30)\
n' +
          '    at inne
rInvokeEventListeners 
(C:\\Workspace_Melbin\
\fun_websites\\3d_mode
l_viewer\\node_modules
\\jsdom\\lib\\jsdom\\l
iving\\events\\EventTa
rget-impl.js:350:25)\n
' +
          '    at 
invokeEventListeners (
C:\\Workspace_Melbin\\
fun_websites\\3d_model
_viewer\\node_modules\
\jsdom\\lib\\jsdom\\li
ving\\events\\EventTar
get-impl.js:286:3)\n' 
+
          '    at Even
tTargetImpl._dispatch 
(C:\\Workspace_Melbin\
\fun_websites\\3d_mode
l_viewer\\node_modules
\\jsdom\\lib\\jsdom\\l
iving\\events\\EventTa
rget-impl.js:233:9)\n'
 +
          '    at Even
tTargetImpl.dispatchEv
ent (C:\\Workspace_Mel
bin\\fun_websites\\3d_
model_viewer\\node_mod
ules\\jsdom\\lib\\jsdo
m\\living\\events\\Eve
ntTarget-impl.js:104:1
7)\n' +
          '    at 
dispatchEvent (C:\\Wor
kspace_Melbin\\fun_web
sites\\3d_model_viewer
\\node_modules\\jsdom\
\lib\\jsdom\\living\\g
enerated\\EventTarget.
js:241:34)\n' +
          '    at 
Object.dispatchEvent (
C:\\Workspace_Melbin\\
fun_websites\\3d_model
_viewer\\test\\error-h
andling.test.js:425:20
)\n' +
          '    at Prom
ise.then.completed (C:
\\Workspace_Melbin\\fu
n_websites\\3d_model_v
iewer\\node_modules\\j
est-circus\\build\\uti
ls.js:298:28)\n' +
          '    at new 
Promise 
(<anonymous>)\n' +
          '    at 
callAsyncCircusFn (C:\
\Workspace_Melbin\\fun
_websites\\3d_model_vi
ewer\\node_modules\\je
st-circus\\build\\util
s.js:231:10)\n' +
          '    at 
_callCircusTest (C:\\W
orkspace_Melbin\\fun_w
ebsites\\3d_model_view
er\\node_modules\\jest
-circus\\build\\run.js
:316:40)\n' +
          '    at proc
essTicksAndRejections 
(node:internal/process
/task_queues:105:5)\n'
 +
          '    at 
_runTest (C:\\Workspac
e_Melbin\\fun_websites
\\3d_model_viewer\\nod
e_modules\\jest-circus
\\build\\run.js:252:3)
\n' +
          '    at _run
TestsForDescribeBlock 
(C:\\Workspace_Melbin\
\fun_websites\\3d_mode
l_viewer\\node_modules
\\jest-circus\\build\\
run.js:126:9)\n' +
          '    at _run
TestsForDescribeBlock 
(C:\\Workspace_Melbin\
\fun_websites\\3d_mode
l_viewer\\node_modules
\\jest-circus\\build\\
run.js:121:9)\n' +
          '    at _run
TestsForDescribeBlock 
(C:\\Workspace_Melbin\
\fun_websites\\3d_mode
l_viewer\\node_modules
\\jest-circus\\build\\
run.js:121:9)\n' +
          '    at run 
(C:\\Workspace_Melbin\
\fun_websites\\3d_mode
l_viewer\\node_modules
\\jest-circus\\build\\
run.js:71:3)\n' +
          '    at runA
ndTransformResultsToJe
stFormat (C:\\Workspac
e_Melbin\\fun_websites
\\3d_model_viewer\\nod
e_modules\\jest-circus
\\build\\legacy-code-t
odo-rewrite\\jestAdapt
erInit.js:122:21)\n' +
          '    at 
jestAdapter (C:\\Works
pace_Melbin\\fun_websi
tes\\3d_model_viewer\\
node_modules\\jest-cir
cus\\build\\legacy-cod
e-todo-rewrite\\jestAd
apter.js:79:19)\n' +
          '    at 
runTestInternal (C:\\W
orkspace_Melbin\\fun_w
ebsites\\3d_model_view
er\\node_modules\\jest
-runner\\build\\runTes
t.js:367:16)\n' +
          '    at 
runTest (C:\\Workspace
_Melbin\\fun_websites\
\3d_model_viewer\\node
_modules\\jest-runner\
\build\\runTest.js:444
:34)\n' +
          '    at 
Object.worker (C:\\Wor
kspace_Melbin\\fun_web
sites\\3d_model_viewer
\\node_modules\\jest-r
unner\\build\\testWork
er.js:106:12)',
        type: 
'webgl_context_lost',
        severity: 
'high',
        context: {},
        recovered: 
false,
        userNotified: 
false
      }

    [0m [90m 449 
|[39m             
[36mcase[39m [33mEr
rorManager[39m[33m.
[39m[33mERROR_SEVERIT
Y[39m[33m.[39m[33m
HIGH[39m[33m:[39m
     [90m 450 |[39m 
            
[36mcase[39m [33mEr
rorManager[39m[33m.
[39m[33mERROR_SEVERIT
Y[39m[33m.[39m[33m
CRITICAL[39m[33m:[3
9m
    [31m[1m>[22m[3
9m[90m 451 |[39m    
             console[
33m.[39merror(logMess
age[33m,[39m 
errorInfo)[33m;[39m
     [90m     |[39m 
                      
  [31m[1m^[22m[39m
     [90m 452 |[39m 
                [36mb
reak[39m[33m;[39m
     [90m 453 |[39m 
            [36mdefau
lt[39m[33m:[39m
     [90m 454 |[39m 
                
[90m// Silent for 
other cases[39m[0m

      at 
ErrorManager.error 
[as logError] (src/cor
e/ErrorManager.js:451:
25)
      at 
ErrorManager.logError 
[as handleError] (src/
core/ErrorManager.js:2
45:14)
      at handleError (
src/core/ErrorManager.
js:123:22)
      at callTheUserOb
jectsOperation (node_m
odules/jsdom/lib/jsdom
/living/generated/Even
tListener.js:26:30)
      at innerInvokeEv
entListeners (node_mod
ules/jsdom/lib/jsdom/l
iving/events/EventTarg
et-impl.js:350:25)
      at 
invokeEventListeners (
node_modules/jsdom/lib
/jsdom/living/events/E
ventTarget-impl.js:286
:3)
      at EventTargetIm
pl._dispatch (node_mod
ules/jsdom/lib/jsdom/l
iving/events/EventTarg
et-impl.js:233:9)
      at EventTargetIm
pl.dispatchEvent (node
_modules/jsdom/lib/jsd
om/living/events/Event
Target-impl.js:104:17)
      at 
dispatchEvent (node_mo
dules/jsdom/lib/jsdom/
living/generated/Event
Target.js:241:34)
      at 
Object.dispatchEvent (
test/error-handling.te
st.js:425:20)

    console.error
      [HIGH] 
webgl_context_lost: 
WebGL context lost {
        id: 'error_177
2390511789_j39zmnwil',
        timestamp: '20
26-03-01T18:41:51.789Z
',
        message: 
'WebGL context lost',
        stack: 
'Error: WebGL context 
lost\n' +
          '    at C:\\
Workspace_Melbin\\fun_
websites\\3d_model_vie
wer\\src\\core\\ErrorM
anager.js:123:34\n' +
          '    at call
TheUserObjectsOperatio
n (C:\\Workspace_Melbi
n\\fun_websites\\3d_mo
del_viewer\\node_modul
es\\jsdom\\lib\\jsdom\
\living\\generated\\Ev
entListener.js:26:30)\
n' +
          '    at inne
rInvokeEventListeners 
(C:\\Workspace_Melbin\
\fun_websites\\3d_mode
l_viewer\\node_modules
\\jsdom\\lib\\jsdom\\l
iving\\events\\EventTa
rget-impl.js:350:25)\n
' +
          '    at 
invokeEventListeners (
C:\\Workspace_Melbin\\
fun_websites\\3d_model
_viewer\\node_modules\
\jsdom\\lib\\jsdom\\li
ving\\events\\EventTar
get-impl.js:286:3)\n' 
+
          '    at Even
tTargetImpl._dispatch 
(C:\\Workspace_Melbin\
\fun_websites\\3d_mode
l_viewer\\node_modules
\\jsdom\\lib\\jsdom\\l
iving\\events\\EventTa
rget-impl.js:233:9)\n'
 +
          '    at Even
tTargetImpl.dispatchEv
ent (C:\\Workspace_Mel
bin\\fun_websites\\3d_
model_viewer\\node_mod
ules\\jsdom\\lib\\jsdo
m\\living\\events\\Eve
ntTarget-impl.js:104:1
7)\n' +
          '    at 
dispatchEvent (C:\\Wor
kspace_Melbin\\fun_web
sites\\3d_model_viewer
\\node_modules\\jsdom\
\lib\\jsdom\\living\\g
enerated\\EventTarget.
js:241:34)\n' +
          '    at 
Object.dispatchEvent (
C:\\Workspace_Melbin\\
fun_websites\\3d_model
_viewer\\test\\error-h
andling.test.js:425:20
)\n' +
          '    at Prom
ise.then.completed (C:
\\Workspace_Melbin\\fu
n_websites\\3d_model_v
iewer\\node_modules\\j
est-circus\\build\\uti
ls.js:298:28)\n' +
          '    at new 
Promise 
(<anonymous>)\n' +
          '    at 
callAsyncCircusFn (C:\
\Workspace_Melbin\\fun
_websites\\3d_model_vi
ewer\\node_modules\\je
st-circus\\build\\util
s.js:231:10)\n' +
          '    at 
_callCircusTest (C:\\W
orkspace_Melbin\\fun_w
ebsites\\3d_model_view
er\\node_modules\\jest
-circus\\build\\run.js
:316:40)\n' +
          '    at proc
essTicksAndRejections 
(node:internal/process
/task_queues:105:5)\n'
 +
          '    at 
_runTest (C:\\Workspac
e_Melbin\\fun_websites
\\3d_model_viewer\\nod
e_modules\\jest-circus
\\build\\run.js:252:3)
\n' +
          '    at _run
TestsForDescribeBlock 
(C:\\Workspace_Melbin\
\fun_websites\\3d_mode
l_viewer\\node_modules
\\jest-circus\\build\\
run.js:126:9)\n' +
          '    at _run
TestsForDescribeBlock 
(C:\\Workspace_Melbin\
\fun_websites\\3d_mode
l_viewer\\node_modules
\\jest-circus\\build\\
run.js:121:9)\n' +
          '    at _run
TestsForDescribeBlock 
(C:\\Workspace_Melbin\
\fun_websites\\3d_mode
l_viewer\\node_modules
\\jest-circus\\build\\
run.js:121:9)\n' +
          '    at run 
(C:\\Workspace_Melbin\
\fun_websites\\3d_mode
l_viewer\\node_modules
\\jest-circus\\build\\
run.js:71:3)\n' +
          '    at runA
ndTransformResultsToJe
stFormat (C:\\Workspac
e_Melbin\\fun_websites
\\3d_model_viewer\\nod
e_modules\\jest-circus
\\build\\legacy-code-t
odo-rewrite\\jestAdapt
erInit.js:122:21)\n' +
          '    at 
jestAdapter (C:\\Works
pace_Melbin\\fun_websi
tes\\3d_model_viewer\\
node_modules\\jest-cir
cus\\build\\legacy-cod
e-todo-rewrite\\jestAd
apter.js:79:19)\n' +
          '    at 
runTestInternal (C:\\W
orkspace_Melbin\\fun_w
ebsites\\3d_model_view
er\\node_modules\\jest
-runner\\build\\runTes
t.js:367:16)\n' +
          '    at 
runTest (C:\\Workspace
_Melbin\\fun_websites\
\3d_model_viewer\\node
_modules\\jest-runner\
\build\\runTest.js:444
:34)\n' +
          '    at 
Object.worker (C:\\Wor
kspace_Melbin\\fun_web
sites\\3d_model_viewer
\\node_modules\\jest-r
unner\\build\\testWork
er.js:106:12)',
        type: 
'webgl_context_lost',
        severity: 
'high',
        context: {},
        recovered: 
false,
        userNotified: 
false
      }

    [0m [90m 449 
|[39m             
[36mcase[39m [33mEr
rorManager[39m[33m.
[39m[33mERROR_SEVERIT
Y[39m[33m.[39m[33m
HIGH[39m[33m:[39m
     [90m 450 |[39m 
            
[36mcase[39m [33mEr
rorManager[39m[33m.
[39m[33mERROR_SEVERIT
Y[39m[33m.[39m[33m
CRITICAL[39m[33m:[3
9m
    [31m[1m>[22m[3
9m[90m 451 |[39m    
             console[
33m.[39merror(logMess
age[33m,[39m 
errorInfo)[33m;[39m
     [90m     |[39m 
                      
  [31m[1m^[22m[39m
     [90m 452 |[39m 
                [36mb
reak[39m[33m;[39m
     [90m 453 |[39m 
            [36mdefau
lt[39m[33m:[39m
     [90m 454 |[39m 
                
[90m// Silent for 
other cases[39m[0m

      at 
ErrorManager.error 
[as logError] (src/cor
e/ErrorManager.js:451:
25)
      at 
ErrorManager.logError 
[as handleError] (src/
core/ErrorManager.js:2
45:14)
      at handleError (
src/core/ErrorManager.
js:123:22)
      at callTheUserOb
jectsOperation (node_m
odules/jsdom/lib/jsdom
/living/generated/Even
tListener.js:26:30)
      at innerInvokeEv
entListeners (node_mod
ules/jsdom/lib/jsdom/l
iving/events/EventTarg
et-impl.js:350:25)
      at 
invokeEventListeners (
node_modules/jsdom/lib
/jsdom/living/events/E
ventTarget-impl.js:286
:3)
      at EventTargetIm
pl._dispatch (node_mod
ules/jsdom/lib/jsdom/l
iving/events/EventTarg
et-impl.js:233:9)
      at EventTargetIm
pl.dispatchEvent (node
_modules/jsdom/lib/jsd
om/living/events/Event
Target-impl.js:104:17)
      at 
dispatchEvent (node_mo
dules/jsdom/lib/jsdom/
living/generated/Event
Target.js:241:34)
      at 
Object.dispatchEvent (
test/error-handling.te
st.js:425:20)

    console.error
      [HIGH] 
webgl_context_lost: 
WebGL context lost {
        id: 'error_177
2390511791_l0x2e6s9t',
        timestamp: '20
26-03-01T18:41:51.791Z
',
        message: 
'WebGL context lost',
        stack: 
'Error: WebGL context 
lost\n' +
          '    at C:\\
Workspace_Melbin\\fun_
websites\\3d_model_vie
wer\\src\\core\\ErrorM
anager.js:123:34\n' +
          '    at call
TheUserObjectsOperatio
n (C:\\Workspace_Melbi
n\\fun_websites\\3d_mo
del_viewer\\node_modul
es\\jsdom\\lib\\jsdom\
\living\\generated\\Ev
entListener.js:26:30)\
n' +
          '    at inne
rInvokeEventListeners 
(C:\\Workspace_Melbin\
\fun_websites\\3d_mode
l_viewer\\node_modules
\\jsdom\\lib\\jsdom\\l
iving\\events\\EventTa
rget-impl.js:350:25)\n
' +
          '    at 
invokeEventListeners (
C:\\Workspace_Melbin\\
fun_websites\\3d_model
_viewer\\node_modules\
\jsdom\\lib\\jsdom\\li
ving\\events\\EventTar
get-impl.js:286:3)\n' 
+
          '    at Even
tTargetImpl._dispatch 
(C:\\Workspace_Melbin\
\fun_websites\\3d_mode
l_viewer\\node_modules
\\jsdom\\lib\\jsdom\\l
iving\\events\\EventTa
rget-impl.js:233:9)\n'
 +
          '    at Even
tTargetImpl.dispatchEv
ent (C:\\Workspace_Mel
bin\\fun_websites\\3d_
model_viewer\\node_mod
ules\\jsdom\\lib\\jsdo
m\\living\\events\\Eve
ntTarget-impl.js:104:1
7)\n' +
          '    at 
dispatchEvent (C:\\Wor
kspace_Melbin\\fun_web
sites\\3d_model_viewer
\\node_modules\\jsdom\
\lib\\jsdom\\living\\g
enerated\\EventTarget.
js:241:34)\n' +
          '    at 
Object.dispatchEvent (
C:\\Workspace_Melbin\\
fun_websites\\3d_model
_viewer\\test\\error-h
andling.test.js:425:20
)\n' +
          '    at Prom
ise.then.completed (C:
\\Workspace_Melbin\\fu
n_websites\\3d_model_v
iewer\\node_modules\\j
est-circus\\build\\uti
ls.js:298:28)\n' +
          '    at new 
Promise 
(<anonymous>)\n' +
          '    at 
callAsyncCircusFn (C:\
\Workspace_Melbin\\fun
_websites\\3d_model_vi
ewer\\node_modules\\je
st-circus\\build\\util
s.js:231:10)\n' +
          '    at 
_callCircusTest (C:\\W
orkspace_Melbin\\fun_w
ebsites\\3d_model_view
er\\node_modules\\jest
-circus\\build\\run.js
:316:40)\n' +
          '    at proc
essTicksAndRejections 
(node:internal/process
/task_queues:105:5)\n'
 +
          '    at 
_runTest (C:\\Workspac
e_Melbin\\fun_websites
\\3d_model_viewer\\nod
e_modules\\jest-circus
\\build\\run.js:252:3)
\n' +
          '    at _run
TestsForDescribeBlock 
(C:\\Workspace_Melbin\
\fun_websites\\3d_mode
l_viewer\\node_modules
\\jest-circus\\build\\
run.js:126:9)\n' +
          '    at _run
TestsForDescribeBlock 
(C:\\Workspace_Melbin\
\fun_websites\\3d_mode
l_viewer\\node_modules
\\jest-circus\\build\\
run.js:121:9)\n' +
          '    at _run
TestsForDescribeBlock 
(C:\\Workspace_Melbin\
\fun_websites\\3d_mode
l_viewer\\node_modules
\\jest-circus\\build\\
run.js:121:9)\n' +
          '    at run 
(C:\\Workspace_Melbin\
\fun_websites\\3d_mode
l_viewer\\node_modules
\\jest-circus\\build\\
run.js:71:3)\n' +
          '    at runA
ndTransformResultsToJe
stFormat (C:\\Workspac
e_Melbin\\fun_websites
\\3d_model_viewer\\nod
e_modules\\jest-circus
\\build\\legacy-code-t
odo-rewrite\\jestAdapt
erInit.js:122:21)\n' +
          '    at 
jestAdapter (C:\\Works
pace_Melbin\\fun_websi
tes\\3d_model_viewer\\
node_modules\\jest-cir
cus\\build\\legacy-cod
e-todo-rewrite\\jestAd
apter.js:79:19)\n' +
          '    at 
runTestInternal (C:\\W
orkspace_Melbin\\fun_w
ebsites\\3d_model_view
er\\node_modules\\jest
-runner\\build\\runTes
t.js:367:16)\n' +
          '    at 
runTest (C:\\Workspace
_Melbin\\fun_websites\
\3d_model_viewer\\node
_modules\\jest-runner\
\build\\runTest.js:444
:34)\n' +
          '    at 
Object.worker (C:\\Wor
kspace_Melbin\\fun_web
sites\\3d_model_viewer
\\node_modules\\jest-r
unner\\build\\testWork
er.js:106:12)',
        type: 
'webgl_context_lost',
        severity: 
'high',
        context: {},
        recovered: 
false,
        userNotified: 
false
      }

    [0m [90m 449 
|[39m             
[36mcase[39m [33mEr
rorManager[39m[33m.
[39m[33mERROR_SEVERIT
Y[39m[33m.[39m[33m
HIGH[39m[33m:[39m
     [90m 450 |[39m 
            
[36mcase[39m [33mEr
rorManager[39m[33m.
[39m[33mERROR_SEVERIT
Y[39m[33m.[39m[33m
CRITICAL[39m[33m:[3
9m
    [31m[1m>[22m[3
9m[90m 451 |[39m    
             console[
33m.[39merror(logMess
age[33m,[39m 
errorInfo)[33m;[39m
     [90m     |[39m 
                      
  [31m[1m^[22m[39m
     [90m 452 |[39m 
                [36mb
reak[39m[33m;[39m
     [90m 453 |[39m 
            [36mdefau
lt[39m[33m:[39m
     [90m 454 |[39m 
                
[90m// Silent for 
other cases[39m[0m

      at 
ErrorManager.error 
[as logError] (src/cor
e/ErrorManager.js:451:
25)
      at 
ErrorManager.logError 
[as handleError] (src/
core/ErrorManager.js:2
45:14)
      at handleError (
src/core/ErrorManager.
js:123:22)
      at callTheUserOb
jectsOperation (node_m
odules/jsdom/lib/jsdom
/living/generated/Even
tListener.js:26:30)
      at innerInvokeEv
entListeners (node_mod
ules/jsdom/lib/jsdom/l
iving/events/EventTarg
et-impl.js:350:25)
      at 
invokeEventListeners (
node_modules/jsdom/lib
/jsdom/living/events/E
ventTarget-impl.js:286
:3)
      at EventTargetIm
pl._dispatch (node_mod
ules/jsdom/lib/jsdom/l
iving/events/EventTarg
et-impl.js:233:9)
      at EventTargetIm
pl.dispatchEvent (node
_modules/jsdom/lib/jsd
om/living/events/Event
Target-impl.js:104:17)
      at 
dispatchEvent (node_mo
dules/jsdom/lib/jsdom/
living/generated/Event
Target.js:241:34)
      at 
Object.dispatchEvent (
test/error-handling.te
st.js:425:20)

    console.error
      [HIGH] 
webgl_context_lost: 
WebGL context lost {
        id: 'error_177
2390511793_tethnppci',
        timestamp: '20
26-03-01T18:41:51.793Z
',
        message: 
'WebGL context lost',
        stack: 
'Error: WebGL context 
lost\n' +
          '    at C:\\
Workspace_Melbin\\fun_
websites\\3d_model_vie
wer\\src\\core\\ErrorM
anager.js:123:34\n' +
          '    at call
TheUserObjectsOperatio
n (C:\\Workspace_Melbi
n\\fun_websites\\3d_mo
del_viewer\\node_modul
es\\jsdom\\lib\\jsdom\
\living\\generated\\Ev
entListener.js:26:30)\
n' +
          '    at inne
rInvokeEventListeners 
(C:\\Workspace_Melbin\
\fun_websites\\3d_mode
l_viewer\\node_modules
\\jsdom\\lib\\jsdom\\l
iving\\events\\EventTa
rget-impl.js:350:25)\n
' +
          '    at 
invokeEventListeners (
C:\\Workspace_Melbin\\
fun_websites\\3d_model
_viewer\\node_modules\
\jsdom\\lib\\jsdom\\li
ving\\events\\EventTar
get-impl.js:286:3)\n' 
+
          '    at Even
tTargetImpl._dispatch 
(C:\\Workspace_Melbin\
\fun_websites\\3d_mode
l_viewer\\node_modules
\\jsdom\\lib\\jsdom\\l
iving\\events\\EventTa
rget-impl.js:233:9)\n'
 +
          '    at Even
tTargetImpl.dispatchEv
ent (C:\\Workspace_Mel
bin\\fun_websites\\3d_
model_viewer\\node_mod
ules\\jsdom\\lib\\jsdo
m\\living\\events\\Eve
ntTarget-impl.js:104:1
7)\n' +
          '    at 
dispatchEvent (C:\\Wor
kspace_Melbin\\fun_web
sites\\3d_model_viewer
\\node_modules\\jsdom\
\lib\\jsdom\\living\\g
enerated\\EventTarget.
js:241:34)\n' +
          '    at 
Object.dispatchEvent (
C:\\Workspace_Melbin\\
fun_websites\\3d_model
_viewer\\test\\error-h
andling.test.js:425:20
)\n' +
          '    at Prom
ise.then.completed (C:
\\Workspace_Melbin\\fu
n_websites\\3d_model_v
iewer\\node_modules\\j
est-circus\\build\\uti
ls.js:298:28)\n' +
          '    at new 
Promise 
(<anonymous>)\n' +
          '    at 
callAsyncCircusFn (C:\
\Workspace_Melbin\\fun
_websites\\3d_model_vi
ewer\\node_modules\\je
st-circus\\build\\util
s.js:231:10)\n' +
          '    at 
_callCircusTest (C:\\W
orkspace_Melbin\\fun_w
ebsites\\3d_model_view
er\\node_modules\\jest
-circus\\build\\run.js
:316:40)\n' +
          '    at proc
essTicksAndRejections 
(node:internal/process
/task_queues:105:5)\n'
 +
          '    at 
_runTest (C:\\Workspac
e_Melbin\\fun_websites
\\3d_model_viewer\\nod
e_modules\\jest-circus
\\build\\run.js:252:3)
\n' +
          '    at _run
TestsForDescribeBlock 
(C:\\Workspace_Melbin\
\fun_websites\\3d_mode
l_viewer\\node_modules
\\jest-circus\\build\\
run.js:126:9)\n' +
          '    at _run
TestsForDescribeBlock 
(C:\\Workspace_Melbin\
\fun_websites\\3d_mode
l_viewer\\node_modules
\\jest-circus\\build\\
run.js:121:9)\n' +
          '    at _run
TestsForDescribeBlock 
(C:\\Workspace_Melbin\
\fun_websites\\3d_mode
l_viewer\\node_modules
\\jest-circus\\build\\
run.js:121:9)\n' +
          '    at run 
(C:\\Workspace_Melbin\
\fun_websites\\3d_mode
l_viewer\\node_modules
\\jest-circus\\build\\
run.js:71:3)\n' +
          '    at runA
ndTransformResultsToJe
stFormat (C:\\Workspac
e_Melbin\\fun_websites
\\3d_model_viewer\\nod
e_modules\\jest-circus
\\build\\legacy-code-t
odo-rewrite\\jestAdapt
erInit.js:122:21)\n' +
          '    at 
jestAdapter (C:\\Works
pace_Melbin\\fun_websi
tes\\3d_model_viewer\\
node_modules\\jest-cir
cus\\build\\legacy-cod
e-todo-rewrite\\jestAd
apter.js:79:19)\n' +
          '    at 
runTestInternal (C:\\W
orkspace_Melbin\\fun_w
ebsites\\3d_model_view
er\\node_modules\\jest
-runner\\build\\runTes
t.js:367:16)\n' +
          '    at 
runTest (C:\\Workspace
_Melbin\\fun_websites\
\3d_model_viewer\\node
_modules\\jest-runner\
\build\\runTest.js:444
:34)\n' +
          '    at 
Object.worker (C:\\Wor
kspace_Melbin\\fun_web
sites\\3d_model_viewer
\\node_modules\\jest-r
unner\\build\\testWork
er.js:106:12)',
        type: 
'webgl_context_lost',
        severity: 
'high',
        context: {},
        recovered: 
false,
        userNotified: 
false
      }

    [0m [90m 449 
|[39m             
[36mcase[39m [33mEr
rorManager[39m[33m.
[39m[33mERROR_SEVERIT
Y[39m[33m.[39m[33m
HIGH[39m[33m:[39m
     [90m 450 |[39m 
            
[36mcase[39m [33mEr
rorManager[39m[33m.
[39m[33mERROR_SEVERIT
Y[39m[33m.[39m[33m
CRITICAL[39m[33m:[3
9m
    [31m[1m>[22m[3
9m[90m 451 |[39m    
             console[
33m.[39merror(logMess
age[33m,[39m 
errorInfo)[33m;[39m
     [90m     |[39m 
                      
  [31m[1m^[22m[39m
     [90m 452 |[39m 
                [36mb
reak[39m[33m;[39m
     [90m 453 |[39m 
            [36mdefau
lt[39m[33m:[39m
     [90m 454 |[39m 
                
[90m// Silent for 
other cases[39m[0m

      at 
ErrorManager.error 
[as logError] (src/cor
e/ErrorManager.js:451:
25)
      at 
ErrorManager.logError 
[as handleError] (src/
core/ErrorManager.js:2
45:14)
      at handleError (
src/core/ErrorManager.
js:123:22)
      at callTheUserOb
jectsOperation (node_m
odules/jsdom/lib/jsdom
/living/generated/Even
tListener.js:26:30)
      at innerInvokeEv
entListeners (node_mod
ules/jsdom/lib/jsdom/l
iving/events/EventTarg
et-impl.js:350:25)
      at 
invokeEventListeners (
node_modules/jsdom/lib
/jsdom/living/events/E
ventTarget-impl.js:286
:3)
      at EventTargetIm
pl._dispatch (node_mod
ules/jsdom/lib/jsdom/l
iving/events/EventTarg
et-impl.js:233:9)
      at EventTargetIm
pl.dispatchEvent (node
_modules/jsdom/lib/jsd
om/living/events/Event
Target-impl.js:104:17)
      at 
dispatchEvent (node_mo
dules/jsdom/lib/jsdom/
living/generated/Event
Target.js:241:34)
      at 
Object.dispatchEvent (
test/error-handling.te
st.js:425:20)

    console.error
      [HIGH] 
webgl_context_lost: 
WebGL context lost {
        id: 'error_177
2390511795_head41955',
        timestamp: '20
26-03-01T18:41:51.795Z
',
        message: 
'WebGL context lost',
        stack: 
'Error: WebGL context 
lost\n' +
          '    at C:\\
Workspace_Melbin\\fun_
websites\\3d_model_vie
wer\\src\\core\\ErrorM
anager.js:123:34\n' +
          '    at call
TheUserObjectsOperatio
n (C:\\Workspace_Melbi
n\\fun_websites\\3d_mo
del_viewer\\node_modul
es\\jsdom\\lib\\jsdom\
\living\\generated\\Ev
entListener.js:26:30)\
n' +
          '    at inne
rInvokeEventListeners 
(C:\\Workspace_Melbin\
\fun_websites\\3d_mode
l_viewer\\node_modules
\\jsdom\\lib\\jsdom\\l
iving\\events\\EventTa
rget-impl.js:350:25)\n
' +
          '    at 
invokeEventListeners (
C:\\Workspace_Melbin\\
fun_websites\\3d_model
_viewer\\node_modules\
\jsdom\\lib\\jsdom\\li
ving\\events\\EventTar
get-impl.js:286:3)\n' 
+
          '    at Even
tTargetImpl._dispatch 
(C:\\Workspace_Melbin\
\fun_websites\\3d_mode
l_viewer\\node_modules
\\jsdom\\lib\\jsdom\\l
iving\\events\\EventTa
rget-impl.js:233:9)\n'
 +
          '    at Even
tTargetImpl.dispatchEv
ent (C:\\Workspace_Mel
bin\\fun_websites\\3d_
model_viewer\\node_mod
ules\\jsdom\\lib\\jsdo
m\\living\\events\\Eve
ntTarget-impl.js:104:1
7)\n' +
          '    at 
dispatchEvent (C:\\Wor
kspace_Melbin\\fun_web
sites\\3d_model_viewer
\\node_modules\\jsdom\
\lib\\jsdom\\living\\g
enerated\\EventTarget.
js:241:34)\n' +
          '    at 
Object.dispatchEvent (
C:\\Workspace_Melbin\\
fun_websites\\3d_model
_viewer\\test\\error-h
andling.test.js:425:20
)\n' +
          '    at Prom
ise.then.completed (C:
\\Workspace_Melbin\\fu
n_websites\\3d_model_v
iewer\\node_modules\\j
est-circus\\build\\uti
ls.js:298:28)\n' +
          '    at new 
Promise 
(<anonymous>)\n' +
          '    at 
callAsyncCircusFn (C:\
\Workspace_Melbin\\fun
_websites\\3d_model_vi
ewer\\node_modules\\je
st-circus\\build\\util
s.js:231:10)\n' +
          '    at 
_callCircusTest (C:\\W
orkspace_Melbin\\fun_w
ebsites\\3d_model_view
er\\node_modules\\jest
-circus\\build\\run.js
:316:40)\n' +
          '    at proc
essTicksAndRejections 
(node:internal/process
/task_queues:105:5)\n'
 +
          '    at 
_runTest (C:\\Workspac
e_Melbin\\fun_websites
\\3d_model_viewer\\nod
e_modules\\jest-circus
\\build\\run.js:252:3)
\n' +
          '    at _run
TestsForDescribeBlock 
(C:\\Workspace_Melbin\
\fun_websites\\3d_mode
l_viewer\\node_modules
\\jest-circus\\build\\
run.js:126:9)\n' +
          '    at _run
TestsForDescribeBlock 
(C:\\Workspace_Melbin\
\fun_websites\\3d_mode
l_viewer\\node_modules
\\jest-circus\\build\\
run.js:121:9)\n' +
          '    at _run
TestsForDescribeBlock 
(C:\\Workspace_Melbin\
\fun_websites\\3d_mode
l_viewer\\node_modules
\\jest-circus\\build\\
run.js:121:9)\n' +
          '    at run 
(C:\\Workspace_Melbin\
\fun_websites\\3d_mode
l_viewer\\node_modules
\\jest-circus\\build\\
run.js:71:3)\n' +
          '    at runA
ndTransformResultsToJe
stFormat (C:\\Workspac
e_Melbin\\fun_websites
\\3d_model_viewer\\nod
e_modules\\jest-circus
\\build\\legacy-code-t
odo-rewrite\\jestAdapt
erInit.js:122:21)\n' +
          '    at 
jestAdapter (C:\\Works
pace_Melbin\\fun_websi
tes\\3d_model_viewer\\
node_modules\\jest-cir
cus\\build\\legacy-cod
e-todo-rewrite\\jestAd
apter.js:79:19)\n' +
          '    at 
runTestInternal (C:\\W
orkspace_Melbin\\fun_w
ebsites\\3d_model_view
er\\node_modules\\jest
-runner\\build\\runTes
t.js:367:16)\n' +
          '    at 
runTest (C:\\Workspace
_Melbin\\fun_websites\
\3d_model_viewer\\node
_modules\\jest-runner\
\build\\runTest.js:444
:34)\n' +
          '    at 
Object.worker (C:\\Wor
kspace_Melbin\\fun_web
sites\\3d_model_viewer
\\node_modules\\jest-r
unner\\build\\testWork
er.js:106:12)',
        type: 
'webgl_context_lost',
        severity: 
'high',
        context: {},
        recovered: 
false,
        userNotified: 
false
      }

    [0m [90m 449 
|[39m             
[36mcase[39m [33mEr
rorManager[39m[33m.
[39m[33mERROR_SEVERIT
Y[39m[33m.[39m[33m
HIGH[39m[33m:[39m
     [90m 450 |[39m 
            
[36mcase[39m [33mEr
rorManager[39m[33m.
[39m[33mERROR_SEVERIT
Y[39m[33m.[39m[33m
CRITICAL[39m[33m:[3
9m
    [31m[1m>[22m[3
9m[90m 451 |[39m    
             console[
33m.[39merror(logMess
age[33m,[39m 
errorInfo)[33m;[39m
     [90m     |[39m 
                      
  [31m[1m^[22m[39m
     [90m 452 |[39m 
                [36mb
reak[39m[33m;[39m
     [90m 453 |[39m 
            [36mdefau
lt[39m[33m:[39m
     [90m 454 |[39m 
                
[90m// Silent for 
other cases[39m[0m

      at 
ErrorManager.error 
[as logError] (src/cor
e/ErrorManager.js:451:
25)
      at 
ErrorManager.logError 
[as handleError] (src/
core/ErrorManager.js:2
45:14)
      at handleError (
src/core/ErrorManager.
js:123:22)
      at callTheUserOb
jectsOperation (node_m
odules/jsdom/lib/jsdom
/living/generated/Even
tListener.js:26:30)
      at innerInvokeEv
entListeners (node_mod
ules/jsdom/lib/jsdom/l
iving/events/EventTarg
et-impl.js:350:25)
      at 
invokeEventListeners (
node_modules/jsdom/lib
/jsdom/living/events/E
ventTarget-impl.js:286
:3)
      at EventTargetIm
pl._dispatch (node_mod
ules/jsdom/lib/jsdom/l
iving/events/EventTarg
et-impl.js:233:9)
      at EventTargetIm
pl.dispatchEvent (node
_modules/jsdom/lib/jsd
om/living/events/Event
Target-impl.js:104:17)
      at 
dispatchEvent (node_mo
dules/jsdom/lib/jsdom/
living/generated/Event
Target.js:241:34)
      at 
Object.dispatchEvent (
test/error-handling.te
st.js:425:20)

    console.error
      [HIGH] 
webgl_context_lost: 
WebGL context lost {
        id: 'error_177
2390511798_mnec3l8tv',
        timestamp: '20
26-03-01T18:41:51.798Z
',
        message: 
'WebGL context lost',
        stack: 
'Error: WebGL context 
lost\n' +
          '    at C:\\
Workspace_Melbin\\fun_
websites\\3d_model_vie
wer\\src\\core\\ErrorM
anager.js:123:34\n' +
          '    at call
TheUserObjectsOperatio
n (C:\\Workspace_Melbi
n\\fun_websites\\3d_mo
del_viewer\\node_modul
es\\jsdom\\lib\\jsdom\
\living\\generated\\Ev
entListener.js:26:30)\
n' +
          '    at inne
rInvokeEventListeners 
(C:\\Workspace_Melbin\
\fun_websites\\3d_mode
l_viewer\\node_modules
\\jsdom\\lib\\jsdom\\l
iving\\events\\EventTa
rget-impl.js:350:25)\n
' +
          '    at 
invokeEventListeners (
C:\\Workspace_Melbin\\
fun_websites\\3d_model
_viewer\\node_modules\
\jsdom\\lib\\jsdom\\li
ving\\events\\EventTar
get-impl.js:286:3)\n' 
+
          '    at Even
tTargetImpl._dispatch 
(C:\\Workspace_Melbin\
\fun_websites\\3d_mode
l_viewer\\node_modules
\\jsdom\\lib\\jsdom\\l
iving\\events\\EventTa
rget-impl.js:233:9)\n'
 +
          '    at Even
tTargetImpl.dispatchEv
ent (C:\\Workspace_Mel
bin\\fun_websites\\3d_
model_viewer\\node_mod
ules\\jsdom\\lib\\jsdo
m\\living\\events\\Eve
ntTarget-impl.js:104:1
7)\n' +
          '    at 
dispatchEvent (C:\\Wor
kspace_Melbin\\fun_web
sites\\3d_model_viewer
\\node_modules\\jsdom\
\lib\\jsdom\\living\\g
enerated\\EventTarget.
js:241:34)\n' +
          '    at 
Object.dispatchEvent (
C:\\Workspace_Melbin\\
fun_websites\\3d_model
_viewer\\test\\error-h
andling.test.js:425:20
)\n' +
          '    at Prom
ise.then.completed (C:
\\Workspace_Melbin\\fu
n_websites\\3d_model_v
iewer\\node_modules\\j
est-circus\\build\\uti
ls.js:298:28)\n' +
          '    at new 
Promise 
(<anonymous>)\n' +
          '    at 
callAsyncCircusFn (C:\
\Workspace_Melbin\\fun
_websites\\3d_model_vi
ewer\\node_modules\\je
st-circus\\build\\util
s.js:231:10)\n' +
          '    at 
_callCircusTest (C:\\W
orkspace_Melbin\\fun_w
ebsites\\3d_model_view
er\\node_modules\\jest
-circus\\build\\run.js
:316:40)\n' +
          '    at proc
essTicksAndRejections 
(node:internal/process
/task_queues:105:5)\n'
 +
          '    at 
_runTest (C:\\Workspac
e_Melbin\\fun_websites
\\3d_model_viewer\\nod
e_modules\\jest-circus
\\build\\run.js:252:3)
\n' +
          '    at _run
TestsForDescribeBlock 
(C:\\Workspace_Melbin\
\fun_websites\\3d_mode
l_viewer\\node_modules
\\jest-circus\\build\\
run.js:126:9)\n' +
          '    at _run
TestsForDescribeBlock 
(C:\\Workspace_Melbin\
\fun_websites\\3d_mode
l_viewer\\node_modules
\\jest-circus\\build\\
run.js:121:9)\n' +
          '    at _run
TestsForDescribeBlock 
(C:\\Workspace_Melbin\
\fun_websites\\3d_mode
l_viewer\\node_modules
\\jest-circus\\build\\
run.js:121:9)\n' +
          '    at run 
(C:\\Workspace_Melbin\
\fun_websites\\3d_mode
l_viewer\\node_modules
\\jest-circus\\build\\
run.js:71:3)\n' +
          '    at runA
ndTransformResultsToJe
stFormat (C:\\Workspac
e_Melbin\\fun_websites
\\3d_model_viewer\\nod
e_modules\\jest-circus
\\build\\legacy-code-t
odo-rewrite\\jestAdapt
erInit.js:122:21)\n' +
          '    at 
jestAdapter (C:\\Works
pace_Melbin\\fun_websi
tes\\3d_model_viewer\\
node_modules\\jest-cir
cus\\build\\legacy-cod
e-todo-rewrite\\jestAd
apter.js:79:19)\n' +
          '    at 
runTestInternal (C:\\W
orkspace_Melbin\\fun_w
ebsites\\3d_model_view
er\\node_modules\\jest
-runner\\build\\runTes
t.js:367:16)\n' +
          '    at 
runTest (C:\\Workspace
_Melbin\\fun_websites\
\3d_model_viewer\\node
_modules\\jest-runner\
\build\\runTest.js:444
:34)\n' +
          '    at 
Object.worker (C:\\Wor
kspace_Melbin\\fun_web
sites\\3d_model_viewer
\\node_modules\\jest-r
unner\\build\\testWork
er.js:106:12)',
        type: 
'webgl_context_lost',
        severity: 
'high',
        context: {},
        recovered: 
false,
        userNotified: 
false
      }

    [0m [90m 449 
|[39m             
[36mcase[39m [33mEr
rorManager[39m[33m.
[39m[33mERROR_SEVERIT
Y[39m[33m.[39m[33m
HIGH[39m[33m:[39m
     [90m 450 |[39m 
            
[36mcase[39m [33mEr
rorManager[39m[33m.
[39m[33mERROR_SEVERIT
Y[39m[33m.[39m[33m
CRITICAL[39m[33m:[3
9m
    [31m[1m>[22m[3
9m[90m 451 |[39m    
             console[
33m.[39merror(logMess
age[33m,[39m 
errorInfo)[33m;[39m
     [90m     |[39m 
                      
  [31m[1m^[22m[39m
     [90m 452 |[39m 
                [36mb
reak[39m[33m;[39m
     [90m 453 |[39m 
            [36mdefau
lt[39m[33m:[39m
     [90m 454 |[39m 
                
[90m// Silent for 
other cases[39m[0m

      at 
ErrorManager.error 
[as logError] (src/cor
e/ErrorManager.js:451:
25)
      at 
ErrorManager.logError 
[as handleError] (src/
core/ErrorManager.js:2
45:14)
      at handleError (
src/core/ErrorManager.
js:123:22)
      at callTheUserOb
jectsOperation (node_m
odules/jsdom/lib/jsdom
/living/generated/Even
tListener.js:26:30)
      at innerInvokeEv
entListeners (node_mod
ules/jsdom/lib/jsdom/l
iving/events/EventTarg
et-impl.js:350:25)
      at 
invokeEventListeners (
node_modules/jsdom/lib
/jsdom/living/events/E
ventTarget-impl.js:286
:3)
      at EventTargetIm
pl._dispatch (node_mod
ules/jsdom/lib/jsdom/l
iving/events/EventTarg
et-impl.js:233:9)
      at EventTargetIm
pl.dispatchEvent (node
_modules/jsdom/lib/jsd
om/living/events/Event
Target-impl.js:104:17)
      at 
dispatchEvent (node_mo
dules/jsdom/lib/jsdom/
living/generated/Event
Target.js:241:34)
      at 
Object.dispatchEvent (
test/error-handling.te
st.js:425:20)

    console.error
      [HIGH] 
webgl_context_lost: 
WebGL context lost {
        id: 'error_177
2390511806_sddj6tdpc',
        timestamp: '20
26-03-01T18:41:51.806Z
',
        message: 
'WebGL context lost',
        stack: 
'Error: WebGL context 
lost\n' +
          '    at C:\\
Workspace_Melbin\\fun_
websites\\3d_model_vie
wer\\src\\core\\ErrorM
anager.js:123:34\n' +
          '    at call
TheUserObjectsOperatio
n (C:\\Workspace_Melbi
n\\fun_websites\\3d_mo
del_viewer\\node_modul
es\\jsdom\\lib\\jsdom\
\living\\generated\\Ev
entListener.js:26:30)\
n' +
          '    at inne
rInvokeEventListeners 
(C:\\Workspace_Melbin\
\fun_websites\\3d_mode
l_viewer\\node_modules
\\jsdom\\lib\\jsdom\\l
iving\\events\\EventTa
rget-impl.js:350:25)\n
' +
          '    at 
invokeEventListeners (
C:\\Workspace_Melbin\\
fun_websites\\3d_model
_viewer\\node_modules\
\jsdom\\lib\\jsdom\\li
ving\\events\\EventTar
get-impl.js:286:3)\n' 
+
          '    at Even
tTargetImpl._dispatch 
(C:\\Workspace_Melbin\
\fun_websites\\3d_mode
l_viewer\\node_modules
\\jsdom\\lib\\jsdom\\l
iving\\events\\EventTa
rget-impl.js:233:9)\n'
 +
          '    at Even
tTargetImpl.dispatchEv
ent (C:\\Workspace_Mel
bin\\fun_websites\\3d_
model_viewer\\node_mod
ules\\jsdom\\lib\\jsdo
m\\living\\events\\Eve
ntTarget-impl.js:104:1
7)\n' +
          '    at 
dispatchEvent (C:\\Wor
kspace_Melbin\\fun_web
sites\\3d_model_viewer
\\node_modules\\jsdom\
\lib\\jsdom\\living\\g
enerated\\EventTarget.
js:241:34)\n' +
          '    at 
Object.dispatchEvent (
C:\\Workspace_Melbin\\
fun_websites\\3d_model
_viewer\\test\\error-h
andling.test.js:425:20
)\n' +
          '    at Prom
ise.then.completed (C:
\\Workspace_Melbin\\fu
n_websites\\3d_model_v
iewer\\node_modules\\j
est-circus\\build\\uti
ls.js:298:28)\n' +
          '    at new 
Promise 
(<anonymous>)\n' +
          '    at 
callAsyncCircusFn (C:\
\Workspace_Melbin\\fun
_websites\\3d_model_vi
ewer\\node_modules\\je
st-circus\\build\\util
s.js:231:10)\n' +
          '    at 
_callCircusTest (C:\\W
orkspace_Melbin\\fun_w
ebsites\\3d_model_view
er\\node_modules\\jest
-circus\\build\\run.js
:316:40)\n' +
          '    at proc
essTicksAndRejections 
(node:internal/process
/task_queues:105:5)\n'
 +
          '    at 
_runTest (C:\\Workspac
e_Melbin\\fun_websites
\\3d_model_viewer\\nod
e_modules\\jest-circus
\\build\\run.js:252:3)
\n' +
          '    at _run
TestsForDescribeBlock 
(C:\\Workspace_Melbin\
\fun_websites\\3d_mode
l_viewer\\node_modules
\\jest-circus\\build\\
run.js:126:9)\n' +
          '    at _run
TestsForDescribeBlock 
(C:\\Workspace_Melbin\
\fun_websites\\3d_mode
l_viewer\\node_modules
\\jest-circus\\build\\
run.js:121:9)\n' +
          '    at _run
TestsForDescribeBlock 
(C:\\Workspace_Melbin\
\fun_websites\\3d_mode
l_viewer\\node_modules
\\jest-circus\\build\\
run.js:121:9)\n' +
          '    at run 
(C:\\Workspace_Melbin\
\fun_websites\\3d_mode
l_viewer\\node_modules
\\jest-circus\\build\\
run.js:71:3)\n' +
          '    at runA
ndTransformResultsToJe
stFormat (C:\\Workspac
e_Melbin\\fun_websites
\\3d_model_viewer\\nod
e_modules\\jest-circus
\\build\\legacy-code-t
odo-rewrite\\jestAdapt
erInit.js:122:21)\n' +
          '    at 
jestAdapter (C:\\Works
pace_Melbin\\fun_websi
tes\\3d_model_viewer\\
node_modules\\jest-cir
cus\\build\\legacy-cod
e-todo-rewrite\\jestAd
apter.js:79:19)\n' +
          '    at 
runTestInternal (C:\\W
orkspace_Melbin\\fun_w
ebsites\\3d_model_view
er\\node_modules\\jest
-runner\\build\\runTes
t.js:367:16)\n' +
          '    at 
runTest (C:\\Workspace
_Melbin\\fun_websites\
\3d_model_viewer\\node
_modules\\jest-runner\
\build\\runTest.js:444
:34)\n' +
          '    at 
Object.worker (C:\\Wor
kspace_Melbin\\fun_web
sites\\3d_model_viewer
\\node_modules\\jest-r
unner\\build\\testWork
er.js:106:12)',
        type: 
'webgl_context_lost',
        severity: 
'high',
        context: {},
        recovered: 
false,
        userNotified: 
false
      }

    [0m [90m 449 
|[39m             
[36mcase[39m [33mEr
rorManager[39m[33m.
[39m[33mERROR_SEVERIT
Y[39m[33m.[39m[33m
HIGH[39m[33m:[39m
     [90m 450 |[39m 
            
[36mcase[39m [33mEr
rorManager[39m[33m.
[39m[33mERROR_SEVERIT
Y[39m[33m.[39m[33m
CRITICAL[39m[33m:[3
9m
    [31m[1m>[22m[3
9m[90m 451 |[39m    
             console[
33m.[39merror(logMess
age[33m,[39m 
errorInfo)[33m;[39m
     [90m     |[39m 
                      
  [31m[1m^[22m[39m
     [90m 452 |[39m 
                [36mb
reak[39m[33m;[39m
     [90m 453 |[39m 
            [36mdefau
lt[39m[33m:[39m
     [90m 454 |[39m 
                
[90m// Silent for 
other cases[39m[0m

      at 
ErrorManager.error 
[as logError] (src/cor
e/ErrorManager.js:451:
25)
      at 
ErrorManager.logError 
[as handleError] (src/
core/ErrorManager.js:2
45:14)
      at handleError (
src/core/ErrorManager.
js:123:22)
      at callTheUserOb
jectsOperation (node_m
odules/jsdom/lib/jsdom
/living/generated/Even
tListener.js:26:30)
      at innerInvokeEv
entListeners (node_mod
ules/jsdom/lib/jsdom/l
iving/events/EventTarg
et-impl.js:350:25)
      at 
invokeEventListeners (
node_modules/jsdom/lib
/jsdom/living/events/E
ventTarget-impl.js:286
:3)
      at EventTargetIm
pl._dispatch (node_mod
ules/jsdom/lib/jsdom/l
iving/events/EventTarg
et-impl.js:233:9)
      at EventTargetIm
pl.dispatchEvent (node
_modules/jsdom/lib/jsd
om/living/events/Event
Target-impl.js:104:17)
      at 
dispatchEvent (node_mo
dules/jsdom/lib/jsdom/
living/generated/Event
Target.js:241:34)
      at 
Object.dispatchEvent (
test/error-handling.te
st.js:425:20)

    console.error
      [HIGH] 
webgl_context_lost: 
WebGL context lost {
        id: 'error_177
2390511809_k7mhrqru2',
        timestamp: '20
26-03-01T18:41:51.809Z
',
        message: 
'WebGL context lost',
        stack: 
'Error: WebGL context 
lost\n' +
          '    at C:\\
Workspace_Melbin\\fun_
websites\\3d_model_vie
wer\\src\\core\\ErrorM
anager.js:123:34\n' +
          '    at call
TheUserObjectsOperatio
n (C:\\Workspace_Melbi
n\\fun_websites\\3d_mo
del_viewer\\node_modul
es\\jsdom\\lib\\jsdom\
\living\\generated\\Ev
entListener.js:26:30)\
n' +
          '    at inne
rInvokeEventListeners 
(C:\\Workspace_Melbin\
\fun_websites\\3d_mode
l_viewer\\node_modules
\\jsdom\\lib\\jsdom\\l
iving\\events\\EventTa
rget-impl.js:350:25)\n
' +
          '    at 
invokeEventListeners (
C:\\Workspace_Melbin\\
fun_websites\\3d_model
_viewer\\node_modules\
\jsdom\\lib\\jsdom\\li
ving\\events\\EventTar
get-impl.js:286:3)\n' 
+
          '    at Even
tTargetImpl._dispatch 
(C:\\Workspace_Melbin\
\fun_websites\\3d_mode
l_viewer\\node_modules
\\jsdom\\lib\\jsdom\\l
iving\\events\\EventTa
rget-impl.js:233:9)\n'
 +
          '    at Even
tTargetImpl.dispatchEv
ent (C:\\Workspace_Mel
bin\\fun_websites\\3d_
model_viewer\\node_mod
ules\\jsdom\\lib\\jsdo
m\\living\\events\\Eve
ntTarget-impl.js:104:1
7)\n' +
          '    at 
dispatchEvent (C:\\Wor
kspace_Melbin\\fun_web
sites\\3d_model_viewer
\\node_modules\\jsdom\
\lib\\jsdom\\living\\g
enerated\\EventTarget.
js:241:34)\n' +
          '    at 
Object.dispatchEvent (
C:\\Workspace_Melbin\\
fun_websites\\3d_model
_viewer\\test\\error-h
andling.test.js:425:20
)\n' +
          '    at Prom
ise.then.completed (C:
\\Workspace_Melbin\\fu
n_websites\\3d_model_v
iewer\\node_modules\\j
est-circus\\build\\uti
ls.js:298:28)\n' +
          '    at new 
Promise 
(<anonymous>)\n' +
          '    at 
callAsyncCircusFn (C:\
\Workspace_Melbin\\fun
_websites\\3d_model_vi
ewer\\node_modules\\je
st-circus\\build\\util
s.js:231:10)\n' +
          '    at 
_callCircusTest (C:\\W
orkspace_Melbin\\fun_w
ebsites\\3d_model_view
er\\node_modules\\jest
-circus\\build\\run.js
:316:40)\n' +
          '    at proc
essTicksAndRejections 
(node:internal/process
/task_queues:105:5)\n'
 +
          '    at 
_runTest (C:\\Workspac
e_Melbin\\fun_websites
\\3d_model_viewer\\nod
e_modules\\jest-circus
\\build\\run.js:252:3)
\n' +
          '    at _run
TestsForDescribeBlock 
(C:\\Workspace_Melbin\
\fun_websites\\3d_mode
l_viewer\\node_modules
\\jest-circus\\build\\
run.js:126:9)\n' +
          '    at _run
TestsForDescribeBlock 
(C:\\Workspace_Melbin\
\fun_websites\\3d_mode
l_viewer\\node_modules
\\jest-circus\\build\\
run.js:121:9)\n' +
          '    at _run
TestsForDescribeBlock 
(C:\\Workspace_Melbin\
\fun_websites\\3d_mode
l_viewer\\node_modules
\\jest-circus\\build\\
run.js:121:9)\n' +
          '    at run 
(C:\\Workspace_Melbin\
\fun_websites\\3d_mode
l_viewer\\node_modules
\\jest-circus\\build\\
run.js:71:3)\n' +
          '    at runA
ndTransformResultsToJe
stFormat (C:\\Workspac
e_Melbin\\fun_websites
\\3d_model_viewer\\nod
e_modules\\jest-circus
\\build\\legacy-code-t
odo-rewrite\\jestAdapt
erInit.js:122:21)\n' +
          '    at 
jestAdapter (C:\\Works
pace_Melbin\\fun_websi
tes\\3d_model_viewer\\
node_modules\\jest-cir
cus\\build\\legacy-cod
e-todo-rewrite\\jestAd
apter.js:79:19)\n' +
          '    at 
runTestInternal (C:\\W
orkspace_Melbin\\fun_w
ebsites\\3d_model_view
er\\node_modules\\jest
-runner\\build\\runTes
t.js:367:16)\n' +
          '    at 
runTest (C:\\Workspace
_Melbin\\fun_websites\
\3d_model_viewer\\node
_modules\\jest-runner\
\build\\runTest.js:444
:34)\n' +
          '    at 
Object.worker (C:\\Wor
kspace_Melbin\\fun_web
sites\\3d_model_viewer
\\node_modules\\jest-r
unner\\build\\testWork
er.js:106:12)',
        type: 
'webgl_context_lost',
        severity: 
'high',
        context: {},
        recovered: 
false,
        userNotified: 
false
      }

    [0m [90m 449 
|[39m             
[36mcase[39m [33mEr
rorManager[39m[33m.
[39m[33mERROR_SEVERIT
Y[39m[33m.[39m[33m
HIGH[39m[33m:[39m
     [90m 450 |[39m 
            
[36mcase[39m [33mEr
rorManager[39m[33m.
[39m[33mERROR_SEVERIT
Y[39m[33m.[39m[33m
CRITICAL[39m[33m:[3
9m
    [31m[1m>[22m[3
9m[90m 451 |[39m    
             console[
33m.[39merror(logMess
age[33m,[39m 
errorInfo)[33m;[39m
     [90m     |[39m 
                      
  [31m[1m^[22m[39m
     [90m 452 |[39m 
                [36mb
reak[39m[33m;[39m
     [90m 453 |[39m 
            [36mdefau
lt[39m[33m:[39m
     [90m 454 |[39m 
                
[90m// Silent for 
other cases[39m[0m

      at 
ErrorManager.error 
[as logError] (src/cor
e/ErrorManager.js:451:
25)
      at 
ErrorManager.logError 
[as handleError] (src/
core/ErrorManager.js:2
45:14)
      at handleError (
src/core/ErrorManager.
js:123:22)
      at callTheUserOb
jectsOperation (node_m
odules/jsdom/lib/jsdom
/living/generated/Even
tListener.js:26:30)
      at innerInvokeEv
entListeners (node_mod
ules/jsdom/lib/jsdom/l
iving/events/EventTarg
et-impl.js:350:25)
      at 
invokeEventListeners (
node_modules/jsdom/lib
/jsdom/living/events/E
ventTarget-impl.js:286
:3)
      at EventTargetIm
pl._dispatch (node_mod
ules/jsdom/lib/jsdom/l
iving/events/EventTarg
et-impl.js:233:9)
      at EventTargetIm
pl.dispatchEvent (node
_modules/jsdom/lib/jsd
om/living/events/Event
Target-impl.js:104:17)
      at 
dispatchEvent (node_mo
dules/jsdom/lib/jsdom/
living/generated/Event
Target.js:241:34)
      at 
Object.dispatchEvent (
test/error-handling.te
st.js:425:20)

    console.error
      [HIGH] 
webgl_context_lost: 
WebGL context lost {
        id: 'error_177
2390511812_zz9von2e9',
        timestamp: '20
26-03-01T18:41:51.812Z
',
        message: 
'WebGL context lost',
        stack: 
'Error: WebGL context 
lost\n' +
          '    at C:\\
Workspace_Melbin\\fun_
websites\\3d_model_vie
wer\\src\\core\\ErrorM
anager.js:123:34\n' +
          '    at call
TheUserObjectsOperatio
n (C:\\Workspace_Melbi
n\\fun_websites\\3d_mo
del_viewer\\node_modul
es\\jsdom\\lib\\jsdom\
\living\\generated\\Ev
entListener.js:26:30)\
n' +
          '    at inne
rInvokeEventListeners 
(C:\\Workspace_Melbin\
\fun_websites\\3d_mode
l_viewer\\node_modules
\\jsdom\\lib\\jsdom\\l
iving\\events\\EventTa
rget-impl.js:350:25)\n
' +
          '    at 
invokeEventListeners (
C:\\Workspace_Melbin\\
fun_websites\\3d_model
_viewer\\node_modules\
\jsdom\\lib\\jsdom\\li
ving\\events\\EventTar
get-impl.js:286:3)\n' 
+
          '    at Even
tTargetImpl._dispatch 
(C:\\Workspace_Melbin\
\fun_websites\\3d_mode
l_viewer\\node_modules
\\jsdom\\lib\\jsdom\\l
iving\\events\\EventTa
rget-impl.js:233:9)\n'
 +
          '    at Even
tTargetImpl.dispatchEv
ent (C:\\Workspace_Mel
bin\\fun_websites\\3d_
model_viewer\\node_mod
ules\\jsdom\\lib\\jsdo
m\\living\\events\\Eve
ntTarget-impl.js:104:1
7)\n' +
          '    at 
dispatchEvent (C:\\Wor
kspace_Melbin\\fun_web
sites\\3d_model_viewer
\\node_modules\\jsdom\
\lib\\jsdom\\living\\g
enerated\\EventTarget.
js:241:34)\n' +
          '    at 
Object.dispatchEvent (
C:\\Workspace_Melbin\\
fun_websites\\3d_model
_viewer\\test\\error-h
andling.test.js:425:20
)\n' +
          '    at Prom
ise.then.completed (C:
\\Workspace_Melbin\\fu
n_websites\\3d_model_v
iewer\\node_modules\\j
est-circus\\build\\uti
ls.js:298:28)\n' +
          '    at new 
Promise 
(<anonymous>)\n' +
          '    at 
callAsyncCircusFn (C:\
\Workspace_Melbin\\fun
_websites\\3d_model_vi
ewer\\node_modules\\je
st-circus\\build\\util
s.js:231:10)\n' +
          '    at 
_callCircusTest (C:\\W
orkspace_Melbin\\fun_w
ebsites\\3d_model_view
er\\node_modules\\jest
-circus\\build\\run.js
:316:40)\n' +
          '    at proc
essTicksAndRejections 
(node:internal/process
/task_queues:105:5)\n'
 +
          '    at 
_runTest (C:\\Workspac
e_Melbin\\fun_websites
\\3d_model_viewer\\nod
e_modules\\jest-circus
\\build\\run.js:252:3)
\n' +
          '    at _run
TestsForDescribeBlock 
(C:\\Workspace_Melbin\
\fun_websites\\3d_mode
l_viewer\\node_modules
\\jest-circus\\build\\
run.js:126:9)\n' +
          '    at _run
TestsForDescribeBlock 
(C:\\Workspace_Melbin\
\fun_websites\\3d_mode
l_viewer\\node_modules
\\jest-circus\\build\\
run.js:121:9)\n' +
          '    at _run
TestsForDescribeBlock 
(C:\\Workspace_Melbin\
\fun_websites\\3d_mode
l_viewer\\node_modules
\\jest-circus\\build\\
run.js:121:9)\n' +
          '    at run 
(C:\\Workspace_Melbin\
\fun_websites\\3d_mode
l_viewer\\node_modules
\\jest-circus\\build\\
run.js:71:3)\n' +
          '    at runA
ndTransformResultsToJe
stFormat (C:\\Workspac
e_Melbin\\fun_websites
\\3d_model_viewer\\nod
e_modules\\jest-circus
\\build\\legacy-code-t
odo-rewrite\\jestAdapt
erInit.js:122:21)\n' +
          '    at 
jestAdapter (C:\\Works
pace_Melbin\\fun_websi
tes\\3d_model_viewer\\
node_modules\\jest-cir
cus\\build\\legacy-cod
e-todo-rewrite\\jestAd
apter.js:79:19)\n' +
          '    at 
runTestInternal (C:\\W
orkspace_Melbin\\fun_w
ebsites\\3d_model_view
er\\node_modules\\jest
-runner\\build\\runTes
t.js:367:16)\n' +
          '    at 
runTest (C:\\Workspace
_Melbin\\fun_websites\
\3d_model_viewer\\node
_modules\\jest-runner\
\build\\runTest.js:444
:34)\n' +
          '    at 
Object.worker (C:\\Wor
kspace_Melbin\\fun_web
sites\\3d_model_viewer
\\node_modules\\jest-r
unner\\build\\testWork
er.js:106:12)',
        type: 
'webgl_context_lost',
        severity: 
'high',
        context: {},
        recovered: 
false,
        userNotified: 
false
      }

    [0m [90m 449 
|[39m             
[36mcase[39m [33mEr
rorManager[39m[33m.
[39m[33mERROR_SEVERIT
Y[39m[33m.[39m[33m
HIGH[39m[33m:[39m
     [90m 450 |[39m 
            
[36mcase[39m [33mEr
rorManager[39m[33m.
[39m[33mERROR_SEVERIT
Y[39m[33m.[39m[33m
CRITICAL[39m[33m:[3
9m
    [31m[1m>[22m[3
9m[90m 451 |[39m    
             console[
33m.[39merror(logMess
age[33m,[39m 
errorInfo)[33m;[39m
     [90m     |[39m 
                      
  [31m[1m^[22m[39m
     [90m 452 |[39m 
                [36mb
reak[39m[33m;[39m
     [90m 453 |[39m 
            [36mdefau
lt[39m[33m:[39m
     [90m 454 |[39m 
                
[90m// Silent for 
other cases[39m[0m

      at 
ErrorManager.error 
[as logError] (src/cor
e/ErrorManager.js:451:
25)
      at 
ErrorManager.logError 
[as handleError] (src/
core/ErrorManager.js:2
45:14)
      at handleError (
src/core/ErrorManager.
js:123:22)
      at callTheUserOb
jectsOperation (node_m
odules/jsdom/lib/jsdom
/living/generated/Even
tListener.js:26:30)
      at innerInvokeEv
entListeners (node_mod
ules/jsdom/lib/jsdom/l
iving/events/EventTarg
et-impl.js:350:25)
      at 
invokeEventListeners (
node_modules/jsdom/lib
/jsdom/living/events/E
ventTarget-impl.js:286
:3)
      at EventTargetIm
pl._dispatch (node_mod
ules/jsdom/lib/jsdom/l
iving/events/EventTarg
et-impl.js:233:9)
      at EventTargetIm
pl.dispatchEvent (node
_modules/jsdom/lib/jsd
om/living/events/Event
Target-impl.js:104:17)
      at 
dispatchEvent (node_mo
dules/jsdom/lib/jsdom/
living/generated/Event
Target.js:241:34)
      at 
Object.dispatchEvent (
test/error-handling.te
st.js:425:20)

    console.error
      [HIGH] 
webgl_context_lost: 
WebGL context lost {
        id: 'error_177
2390511814_klfpyel2c',
        timestamp: '20
26-03-01T18:41:51.814Z
',
        message: 
'WebGL context lost',
        stack: 
'Error: WebGL context 
lost\n' +
          '    at C:\\
Workspace_Melbin\\fun_
websites\\3d_model_vie
wer\\src\\core\\ErrorM
anager.js:123:34\n' +
          '    at call
TheUserObjectsOperatio
n (C:\\Workspace_Melbi
n\\fun_websites\\3d_mo
del_viewer\\node_modul
es\\jsdom\\lib\\jsdom\
\living\\generated\\Ev
entListener.js:26:30)\
n' +
          '    at inne
rInvokeEventListeners 
(C:\\Workspace_Melbin\
\fun_websites\\3d_mode
l_viewer\\node_modules
\\jsdom\\lib\\jsdom\\l
iving\\events\\EventTa
rget-impl.js:350:25)\n
' +
          '    at 
invokeEventListeners (
C:\\Workspace_Melbin\\
fun_websites\\3d_model
_viewer\\node_modules\
\jsdom\\lib\\jsdom\\li
ving\\events\\EventTar
get-impl.js:286:3)\n' 
+
          '    at Even
tTargetImpl._dispatch 
(C:\\Workspace_Melbin\
\fun_websites\\3d_mode
l_viewer\\node_modules
\\jsdom\\lib\\jsdom\\l
iving\\events\\EventTa
rget-impl.js:233:9)\n'
 +
          '    at Even
tTargetImpl.dispatchEv
ent (C:\\Workspace_Mel
bin\\fun_websites\\3d_
model_viewer\\node_mod
ules\\jsdom\\lib\\jsdo
m\\living\\events\\Eve
ntTarget-impl.js:104:1
7)\n' +
          '    at 
dispatchEvent (C:\\Wor
kspace_Melbin\\fun_web
sites\\3d_model_viewer
\\node_modules\\jsdom\
\lib\\jsdom\\living\\g
enerated\\EventTarget.
js:241:34)\n' +
          '    at 
Object.dispatchEvent (
C:\\Workspace_Melbin\\
fun_websites\\3d_model
_viewer\\test\\error-h
andling.test.js:425:20
)\n' +
          '    at Prom
ise.then.completed (C:
\\Workspace_Melbin\\fu
n_websites\\3d_model_v
iewer\\node_modules\\j
est-circus\\build\\uti
ls.js:298:28)\n' +
          '    at new 
Promise 
(<anonymous>)\n' +
          '    at 
callAsyncCircusFn (C:\
\Workspace_Melbin\\fun
_websites\\3d_model_vi
ewer\\node_modules\\je
st-circus\\build\\util
s.js:231:10)\n' +
          '    at 
_callCircusTest (C:\\W
orkspace_Melbin\\fun_w
ebsites\\3d_model_view
er\\node_modules\\jest
-circus\\build\\run.js
:316:40)\n' +
          '    at proc
essTicksAndRejections 
(node:internal/process
/task_queues:105:5)\n'
 +
          '    at 
_runTest (C:\\Workspac
e_Melbin\\fun_websites
\\3d_model_viewer\\nod
e_modules\\jest-circus
\\build\\run.js:252:3)
\n' +
          '    at _run
TestsForDescribeBlock 
(C:\\Workspace_Melbin\
\fun_websites\\3d_mode
l_viewer\\node_modules
\\jest-circus\\build\\
run.js:126:9)\n' +
          '    at _run
TestsForDescribeBlock 
(C:\\Workspace_Melbin\
\fun_websites\\3d_mode
l_viewer\\node_modules
\\jest-circus\\build\\
run.js:121:9)\n' +
          '    at _run
TestsForDescribeBlock 
(C:\\Workspace_Melbin\
\fun_websites\\3d_mode
l_viewer\\node_modules
\\jest-circus\\build\\
run.js:121:9)\n' +
          '    at run 
(C:\\Workspace_Melbin\
\fun_websites\\3d_mode
l_viewer\\node_modules
\\jest-circus\\build\\
run.js:71:3)\n' +
          '    at runA
ndTransformResultsToJe
stFormat (C:\\Workspac
e_Melbin\\fun_websites
\\3d_model_viewer\\nod
e_modules\\jest-circus
\\build\\legacy-code-t
odo-rewrite\\jestAdapt
erInit.js:122:21)\n' +
          '    at 
jestAdapter (C:\\Works
pace_Melbin\\fun_websi
tes\\3d_model_viewer\\
node_modules\\jest-cir
cus\\build\\legacy-cod
e-todo-rewrite\\jestAd
apter.js:79:19)\n' +
          '    at 
runTestInternal (C:\\W
orkspace_Melbin\\fun_w
ebsites\\3d_model_view
er\\node_modules\\jest
-runner\\build\\runTes
t.js:367:16)\n' +
          '    at 
runTest (C:\\Workspace
_Melbin\\fun_websites\
\3d_model_viewer\\node
_modules\\jest-runner\
\build\\runTest.js:444
:34)\n' +
          '    at 
Object.worker (C:\\Wor
kspace_Melbin\\fun_web
sites\\3d_model_viewer
\\node_modules\\jest-r
unner\\build\\testWork
er.js:106:12)',
        type: 
'webgl_context_lost',
        severity: 
'high',
        context: {},
        recovered: 
false,
        userNotified: 
false
      }

    [0m [90m 449 
|[39m             
[36mcase[39m [33mEr
rorManager[39m[33m.
[39m[33mERROR_SEVERIT
Y[39m[33m.[39m[33m
HIGH[39m[33m:[39m
     [90m 450 |[39m 
            
[36mcase[39m [33mEr
rorManager[39m[33m.
[39m[33mERROR_SEVERIT
Y[39m[33m.[39m[33m
CRITICAL[39m[33m:[3
9m
    [31m[1m>[22m[3
9m[90m 451 |[39m    
             console[
33m.[39merror(logMess
age[33m,[39m 
errorInfo)[33m;[39m
     [90m     |[39m 
                      
  [31m[1m^[22m[39m
     [90m 452 |[39m 
                [36mb
reak[39m[33m;[39m
     [90m 453 |[39m 
            [36mdefau
lt[39m[33m:[39m
     [90m 454 |[39m 
                
[90m// Silent for 
other cases[39m[0m

      at 
ErrorManager.error 
[as logError] (src/cor
e/ErrorManager.js:451:
25)
      at 
ErrorManager.logError 
[as handleError] (src/
core/ErrorManager.js:2
45:14)
      at handleError (
src/core/ErrorManager.
js:123:22)
      at callTheUserOb
jectsOperation (node_m
odules/jsdom/lib/jsdom
/living/generated/Even
tListener.js:26:30)
      at innerInvokeEv
entListeners (node_mod
ules/jsdom/lib/jsdom/l
iving/events/EventTarg
et-impl.js:350:25)
      at 
invokeEventListeners (
node_modules/jsdom/lib
/jsdom/living/events/E
ventTarget-impl.js:286
:3)
      at EventTargetIm
pl._dispatch (node_mod
ules/jsdom/lib/jsdom/l
iving/events/EventTarg
et-impl.js:233:9)
      at EventTargetIm
pl.dispatchEvent (node
_modules/jsdom/lib/jsd
om/living/events/Event
Target-impl.js:104:17)
      at 
dispatchEvent (node_mo
dules/jsdom/lib/jsdom/
living/generated/Event
Target.js:241:34)
      at 
Object.dispatchEvent (
test/error-handling.te
st.js:425:20)

    console.error
      [HIGH] 
webgl_context_lost: 
WebGL context lost {
        id: 'error_177
2390511815_xby7p9vth',
        timestamp: '20
26-03-01T18:41:51.815Z
',
        message: 
'WebGL context lost',
        stack: 
'Error: WebGL context 
lost\n' +
          '    at C:\\
Workspace_Melbin\\fun_
websites\\3d_model_vie
wer\\src\\core\\ErrorM
anager.js:123:34\n' +
          '    at call
TheUserObjectsOperatio
n (C:\\Workspace_Melbi
n\\fun_websites\\3d_mo
del_viewer\\node_modul
es\\jsdom\\lib\\jsdom\
\living\\generated\\Ev
entListener.js:26:30)\
n' +
          '    at inne
rInvokeEventListeners 
(C:\\Workspace_Melbin\
\fun_websites\\3d_mode
l_viewer\\node_modules
\\jsdom\\lib\\jsdom\\l
iving\\events\\EventTa
rget-impl.js:350:25)\n
' +
          '    at 
invokeEventListeners (
C:\\Workspace_Melbin\\
fun_websites\\3d_model
_viewer\\node_modules\
\jsdom\\lib\\jsdom\\li
ving\\events\\EventTar
get-impl.js:286:3)\n' 
+
          '    at Even
tTargetImpl._dispatch 
(C:\\Workspace_Melbin\
\fun_websites\\3d_mode
l_viewer\\node_modules
\\jsdom\\lib\\jsdom\\l
iving\\events\\EventTa
rget-impl.js:233:9)\n'
 +
          '    at Even
tTargetImpl.dispatchEv
ent (C:\\Workspace_Mel
bin\\fun_websites\\3d_
model_viewer\\node_mod
ules\\jsdom\\lib\\jsdo
m\\living\\events\\Eve
ntTarget-impl.js:104:1
7)\n' +
          '    at 
dispatchEvent (C:\\Wor
kspace_Melbin\\fun_web
sites\\3d_model_viewer
\\node_modules\\jsdom\
\lib\\jsdom\\living\\g
enerated\\EventTarget.
js:241:34)\n' +
          '    at 
Object.dispatchEvent (
C:\\Workspace_Melbin\\
fun_websites\\3d_model
_viewer\\test\\error-h
andling.test.js:425:20
)\n' +
          '    at Prom
ise.then.completed (C:
\\Workspace_Melbin\\fu
n_websites\\3d_model_v
iewer\\node_modules\\j
est-circus\\build\\uti
ls.js:298:28)\n' +
          '    at new 
Promise 
(<anonymous>)\n' +
          '    at 
callAsyncCircusFn (C:\
\Workspace_Melbin\\fun
_websites\\3d_model_vi
ewer\\node_modules\\je
st-circus\\build\\util
s.js:231:10)\n' +
          '    at 
_callCircusTest (C:\\W
orkspace_Melbin\\fun_w
ebsites\\3d_model_view
er\\node_modules\\jest
-circus\\build\\run.js
:316:40)\n' +
          '    at proc
essTicksAndRejections 
(node:internal/process
/task_queues:105:5)\n'
 +
          '    at 
_runTest (C:\\Workspac
e_Melbin\\fun_websites
\\3d_model_viewer\\nod
e_modules\\jest-circus
\\build\\run.js:252:3)
\n' +
          '    at _run
TestsForDescribeBlock 
(C:\\Workspace_Melbin\
\fun_websites\\3d_mode
l_viewer\\node_modules
\\jest-circus\\build\\
run.js:126:9)\n' +
          '    at _run
TestsForDescribeBlock 
(C:\\Workspace_Melbin\
\fun_websites\\3d_mode
l_viewer\\node_modules
\\jest-circus\\build\\
run.js:121:9)\n' +
          '    at _run
TestsForDescribeBlock 
(C:\\Workspace_Melbin\
\fun_websites\\3d_mode
l_viewer\\node_modules
\\jest-circus\\build\\
run.js:121:9)\n' +
          '    at run 
(C:\\Workspace_Melbin\
\fun_websites\\3d_mode
l_viewer\\node_modules
\\jest-circus\\build\\
run.js:71:3)\n' +
          '    at runA
ndTransformResultsToJe
stFormat (C:\\Workspac
e_Melbin\\fun_websites
\\3d_model_viewer\\nod
e_modules\\jest-circus
\\build\\legacy-code-t
odo-rewrite\\jestAdapt
erInit.js:122:21)\n' +
          '    at 
jestAdapter (C:\\Works
pace_Melbin\\fun_websi
tes\\3d_model_viewer\\
node_modules\\jest-cir
cus\\build\\legacy-cod
e-todo-rewrite\\jestAd
apter.js:79:19)\n' +
          '    at 
runTestInternal (C:\\W
orkspace_Melbin\\fun_w
ebsites\\3d_model_view
er\\node_modules\\jest
-runner\\build\\runTes
t.js:367:16)\n' +
          '    at 
runTest (C:\\Workspace
_Melbin\\fun_websites\
\3d_model_viewer\\node
_modules\\jest-runner\
\build\\runTest.js:444
:34)\n' +
          '    at 
Object.worker (C:\\Wor
kspace_Melbin\\fun_web
sites\\3d_model_viewer
\\node_modules\\jest-r
unner\\build\\testWork
er.js:106:12)',
        type: 
'webgl_context_lost',
        severity: 
'high',
        context: {},
        recovered: 
false,
        userNotified: 
false
      }

    [0m [90m 449 
|[39m             
[36mcase[39m [33mEr
rorManager[39m[33m.
[39m[33mERROR_SEVERIT
Y[39m[33m.[39m[33m
HIGH[39m[33m:[39m
     [90m 450 |[39m 
            
[36mcase[39m [33mEr
rorManager[39m[33m.
[39m[33mERROR_SEVERIT
Y[39m[33m.[39m[33m
CRITICAL[39m[33m:[3
9m
    [31m[1m>[22m[3
9m[90m 451 |[39m    
             console[
33m.[39merror(logMess
age[33m,[39m 
errorInfo)[33m;[39m
     [90m     |[39m 
                      
  [31m[1m^[22m[39m
     [90m 452 |[39m 
                [36mb
reak[39m[33m;[39m
     [90m 453 |[39m 
            [36mdefau
lt[39m[33m:[39m
     [90m 454 |[39m 
                
[90m// Silent for 
other cases[39m[0m

      at 
ErrorManager.error 
[as logError] (src/cor
e/ErrorManager.js:451:
25)
      at 
ErrorManager.logError 
[as handleError] (src/
core/ErrorManager.js:2
45:14)
      at handleError (
src/core/ErrorManager.
js:123:22)
      at callTheUserOb
jectsOperation (node_m
odules/jsdom/lib/jsdom
/living/generated/Even
tListener.js:26:30)
      at innerInvokeEv
entListeners (node_mod
ules/jsdom/lib/jsdom/l
iving/events/EventTarg
et-impl.js:350:25)
      at 
invokeEventListeners (
node_modules/jsdom/lib
/jsdom/living/events/E
ventTarget-impl.js:286
:3)
      at EventTargetIm
pl._dispatch (node_mod
ules/jsdom/lib/jsdom/l
iving/events/EventTarg
et-impl.js:233:9)
      at EventTargetIm
pl.dispatchEvent (node
_modules/jsdom/lib/jsd
om/living/events/Event
Target-impl.js:104:17)
      at 
dispatchEvent (node_mo
dules/jsdom/lib/jsdom/
living/generated/Event
Target.js:241:34)
      at 
Object.dispatchEvent (
test/error-handling.te
st.js:425:20)

    console.error
      [HIGH] 
webgl_context_lost: 
WebGL context lost {
        id: 'error_177
2390511816_or1dm8z1r',
        timestamp: '20
26-03-01T18:41:51.816Z
',
        message: 
'WebGL context lost',
        stack: 
'Error: WebGL context 
lost\n' +
          '    at C:\\
Workspace_Melbin\\fun_
websites\\3d_model_vie
wer\\src\\core\\ErrorM
anager.js:123:34\n' +
          '    at call
TheUserObjectsOperatio
n (C:\\Workspace_Melbi
n\\fun_websites\\3d_mo
del_viewer\\node_modul
es\\jsdom\\lib\\jsdom\
\living\\generated\\Ev
entListener.js:26:30)\
n' +
          '    at inne
rInvokeEventListeners 
(C:\\Workspace_Melbin\
\fun_websites\\3d_mode
l_viewer\\node_modules
\\jsdom\\lib\\jsdom\\l
iving\\events\\EventTa
rget-impl.js:350:25)\n
' +
          '    at 
invokeEventListeners (
C:\\Workspace_Melbin\\
fun_websites\\3d_model
_viewer\\node_modules\
\jsdom\\lib\\jsdom\\li
ving\\events\\EventTar
get-impl.js:286:3)\n' 
+
          '    at Even
tTargetImpl._dispatch 
(C:\\Workspace_Melbin\
\fun_websites\\3d_mode
l_viewer\\node_modules
\\jsdom\\lib\\jsdom\\l
iving\\events\\EventTa
rget-impl.js:233:9)\n'
 +
          '    at Even
tTargetImpl.dispatchEv
ent (C:\\Workspace_Mel
bin\\fun_websites\\3d_
model_viewer\\node_mod
ules\\jsdom\\lib\\jsdo
m\\living\\events\\Eve
ntTarget-impl.js:104:1
7)\n' +
          '    at 
dispatchEvent (C:\\Wor
kspace_Melbin\\fun_web
sites\\3d_model_viewer
\\node_modules\\jsdom\
\lib\\jsdom\\living\\g
enerated\\EventTarget.
js:241:34)\n' +
          '    at 
Object.dispatchEvent (
C:\\Workspace_Melbin\\
fun_websites\\3d_model
_viewer\\test\\error-h
andling.test.js:425:20
)\n' +
          '    at Prom
ise.then.completed (C:
\\Workspace_Melbin\\fu
n_websites\\3d_model_v
iewer\\node_modules\\j
est-circus\\build\\uti
ls.js:298:28)\n' +
          '    at new 
Promise 
(<anonymous>)\n' +
          '    at 
callAsyncCircusFn (C:\
\Workspace_Melbin\\fun
_websites\\3d_model_vi
ewer\\node_modules\\je
st-circus\\build\\util
s.js:231:10)\n' +
          '    at 
_callCircusTest (C:\\W
orkspace_Melbin\\fun_w
ebsites\\3d_model_view
er\\node_modules\\jest
-circus\\build\\run.js
:316:40)\n' +
          '    at proc
essTicksAndRejections 
(node:internal/process
/task_queues:105:5)\n'
 +
          '    at 
_runTest (C:\\Workspac
e_Melbin\\fun_websites
\\3d_model_viewer\\nod
e_modules\\jest-circus
\\build\\run.js:252:3)
\n' +
          '    at _run
TestsForDescribeBlock 
(C:\\Workspace_Melbin\
\fun_websites\\3d_mode
l_viewer\\node_modules
\\jest-circus\\build\\
run.js:126:9)\n' +
          '    at _run
TestsForDescribeBlock 
(C:\\Workspace_Melbin\
\fun_websites\\3d_mode
l_viewer\\node_modules
\\jest-circus\\build\\
run.js:121:9)\n' +
          '    at _run
TestsForDescribeBlock 
(C:\\Workspace_Melbin\
\fun_websites\\3d_mode
l_viewer\\node_modules
\\jest-circus\\build\\
run.js:121:9)\n' +
          '    at run 
(C:\\Workspace_Melbin\
\fun_websites\\3d_mode
l_viewer\\node_modules
\\jest-circus\\build\\
run.js:71:3)\n' +
          '    at runA
ndTransformResultsToJe
stFormat (C:\\Workspac
e_Melbin\\fun_websites
\\3d_model_viewer\\nod
e_modules\\jest-circus
\\build\\legacy-code-t
odo-rewrite\\jestAdapt
erInit.js:122:21)\n' +
          '    at 
jestAdapter (C:\\Works
pace_Melbin\\fun_websi
tes\\3d_model_viewer\\
node_modules\\jest-cir
cus\\build\\legacy-cod
e-todo-rewrite\\jestAd
apter.js:79:19)\n' +
          '    at 
runTestInternal (C:\\W
orkspace_Melbin\\fun_w
ebsites\\3d_model_view
er\\node_modules\\jest
-runner\\build\\runTes
t.js:367:16)\n' +
          '    at 
runTest (C:\\Workspace
_Melbin\\fun_websites\
\3d_model_viewer\\node
_modules\\jest-runner\
\build\\runTest.js:444
:34)\n' +
          '    at 
Object.worker (C:\\Wor
kspace_Melbin\\fun_web
sites\\3d_model_viewer
\\node_modules\\jest-r
unner\\build\\testWork
er.js:106:12)',
        type: 
'webgl_context_lost',
        severity: 
'high',
        context: {},
        recovered: 
false,
        userNotified: 
false
      }

    [0m [90m 449 
|[39m             
[36mcase[39m [33mEr
rorManager[39m[33m.
[39m[33mERROR_SEVERIT
Y[39m[33m.[39m[33m
HIGH[39m[33m:[39m
     [90m 450 |[39m 
            
[36mcase[39m [33mEr
rorManager[39m[33m.
[39m[33mERROR_SEVERIT
Y[39m[33m.[39m[33m
CRITICAL[39m[33m:[3
9m
    [31m[1m>[22m[3
9m[90m 451 |[39m    
             console[
33m.[39merror(logMess
age[33m,[39m 
errorInfo)[33m;[39m
     [90m     |[39m 
                      
  [31m[1m^[22m[39m
     [90m 452 |[39m 
                [36mb
reak[39m[33m;[39m
     [90m 453 |[39m 
            [36mdefau
lt[39m[33m:[39m
     [90m 454 |[39m 
                
[90m// Silent for 
other cases[39m[0m

      at 
ErrorManager.error 
[as logError] (src/cor
e/ErrorManager.js:451:
25)
      at 
ErrorManager.logError 
[as handleError] (src/
core/ErrorManager.js:2
45:14)
      at handleError (
src/core/ErrorManager.
js:123:22)
      at callTheUserOb
jectsOperation (node_m
odules/jsdom/lib/jsdom
/living/generated/Even
tListener.js:26:30)
      at innerInvokeEv
entListeners (node_mod
ules/jsdom/lib/jsdom/l
iving/events/EventTarg
et-impl.js:350:25)
      at 
invokeEventListeners (
node_modules/jsdom/lib
/jsdom/living/events/E
ventTarget-impl.js:286
:3)
      at EventTargetIm
pl._dispatch (node_mod
ules/jsdom/lib/jsdom/l
iving/events/EventTarg
et-impl.js:233:9)
      at EventTargetIm
pl.dispatchEvent (node
_modules/jsdom/lib/jsd
om/living/events/Event
Target-impl.js:104:17)
      at 
dispatchEvent (node_mo
dules/jsdom/lib/jsdom/
living/generated/Event
Target.js:241:34)
      at 
Object.dispatchEvent (
test/error-handling.te
st.js:425:20)

    console.error
      [HIGH] 
webgl_context_lost: 
WebGL context lost {
        id: 'error_177
2390511817_gt4u6bael',
        timestamp: '20
26-03-01T18:41:51.817Z
',
        message: 
'WebGL context lost',
        stack: 
'Error: WebGL context 
lost\n' +
          '    at C:\\
Workspace_Melbin\\fun_
websites\\3d_model_vie
wer\\src\\core\\ErrorM
anager.js:123:34\n' +
          '    at call
TheUserObjectsOperatio
n (C:\\Workspace_Melbi
n\\fun_websites\\3d_mo
del_viewer\\node_modul
es\\jsdom\\lib\\jsdom\
\living\\generated\\Ev
entListener.js:26:30)\
n' +
          '    at inne
rInvokeEventListeners 
(C:\\Workspace_Melbin\
\fun_websites\\3d_mode
l_viewer\\node_modules
\\jsdom\\lib\\jsdom\\l
iving\\events\\EventTa
rget-impl.js:350:25)\n
' +
          '    at 
invokeEventListeners (
C:\\Workspace_Melbin\\
fun_websites\\3d_model
_viewer\\node_modules\
\jsdom\\lib\\jsdom\\li
ving\\events\\EventTar
get-impl.js:286:3)\n' 
+
          '    at Even
tTargetImpl._dispatch 
(C:\\Workspace_Melbin\
\fun_websites\\3d_mode
l_viewer\\node_modules
\\jsdom\\lib\\jsdom\\l
iving\\events\\EventTa
rget-impl.js:233:9)\n'
 +
          '    at Even
tTargetImpl.dispatchEv
ent (C:\\Workspace_Mel
bin\\fun_websites\\3d_
model_viewer\\node_mod
ules\\jsdom\\lib\\jsdo
m\\living\\events\\Eve
ntTarget-impl.js:104:1
7)\n' +
          '    at 
dispatchEvent (C:\\Wor
kspace_Melbin\\fun_web
sites\\3d_model_viewer
\\node_modules\\jsdom\
\lib\\jsdom\\living\\g
enerated\\EventTarget.
js:241:34)\n' +
          '    at 
Object.dispatchEvent (
C:\\Workspace_Melbin\\
fun_websites\\3d_model
_viewer\\test\\error-h
andling.test.js:425:20
)\n' +
          '    at Prom
ise.then.completed (C:
\\Workspace_Melbin\\fu
n_websites\\3d_model_v
iewer\\node_modules\\j
est-circus\\build\\uti
ls.js:298:28)\n' +
          '    at new 
Promise 
(<anonymous>)\n' +
          '    at 
callAsyncCircusFn (C:\
\Workspace_Melbin\\fun
_websites\\3d_model_vi
ewer\\node_modules\\je
st-circus\\build\\util
s.js:231:10)\n' +
          '    at 
_callCircusTest (C:\\W
orkspace_Melbin\\fun_w
ebsites\\3d_model_view
er\\node_modules\\jest
-circus\\build\\run.js
:316:40)\n' +
          '    at proc
essTicksAndRejections 
(node:internal/process
/task_queues:105:5)\n'
 +
          '    at 
_runTest (C:\\Workspac
e_Melbin\\fun_websites
\\3d_model_viewer\\nod
e_modules\\jest-circus
\\build\\run.js:252:3)
\n' +
          '    at _run
TestsForDescribeBlock 
(C:\\Workspace_Melbin\
\fun_websites\\3d_mode
l_viewer\\node_modules
\\jest-circus\\build\\
run.js:126:9)\n' +
          '    at _run
TestsForDescribeBlock 
(C:\\Workspace_Melbin\
\fun_websites\\3d_mode
l_viewer\\node_modules
\\jest-circus\\build\\
run.js:121:9)\n' +
          '    at _run
TestsForDescribeBlock 
(C:\\Workspace_Melbin\
\fun_websites\\3d_mode
l_viewer\\node_modules
\\jest-circus\\build\\
run.js:121:9)\n' +
          '    at run 
(C:\\Workspace_Melbin\
\fun_websites\\3d_mode
l_viewer\\node_modules
\\jest-circus\\build\\
run.js:71:3)\n' +
          '    at runA
ndTransformResultsToJe
stFormat (C:\\Workspac
e_Melbin\\fun_websites
\\3d_model_viewer\\nod
e_modules\\jest-circus
\\build\\legacy-code-t
odo-rewrite\\jestAdapt
erInit.js:122:21)\n' +
          '    at 
jestAdapter (C:\\Works
pace_Melbin\\fun_websi
tes\\3d_model_viewer\\
node_modules\\jest-cir
cus\\build\\legacy-cod
e-todo-rewrite\\jestAd
apter.js:79:19)\n' +
          '    at 
runTestInternal (C:\\W
orkspace_Melbin\\fun_w
ebsites\\3d_model_view
er\\node_modules\\jest
-runner\\build\\runTes
t.js:367:16)\n' +
          '    at 
runTest (C:\\Workspace
_Melbin\\fun_websites\
\3d_model_viewer\\node
_modules\\jest-runner\
\build\\runTest.js:444
:34)\n' +
          '    at 
Object.worker (C:\\Wor
kspace_Melbin\\fun_web
sites\\3d_model_viewer
\\node_modules\\jest-r
unner\\build\\testWork
er.js:106:12)',
        type: 
'webgl_context_lost',
        severity: 
'high',
        context: {},
        recovered: 
false,
        userNotified: 
false
      }

    [0m [90m 449 
|[39m             
[36mcase[39m [33mEr
rorManager[39m[33m.
[39m[33mERROR_SEVERIT
Y[39m[33m.[39m[33m
HIGH[39m[33m:[39m
     [90m 450 |[39m 
            
[36mcase[39m [33mEr
rorManager[39m[33m.
[39m[33mERROR_SEVERIT
Y[39m[33m.[39m[33m
CRITICAL[39m[33m:[3
9m
    [31m[1m>[22m[3
9m[90m 451 |[39m    
             console[
33m.[39merror(logMess
age[33m,[39m 
errorInfo)[33m;[39m
     [90m     |[39m 
                      
  [31m[1m^[22m[39m
     [90m 452 |[39m 
                [36mb
reak[39m[33m;[39m
     [90m 453 |[39m 
            [36mdefau
lt[39m[33m:[39m
     [90m 454 |[39m 
                
[90m// Silent for 
other cases[39m[0m

      at 
ErrorManager.error 
[as logError] (src/cor
e/ErrorManager.js:451:
25)
      at 
ErrorManager.logError 
[as handleError] (src/
core/ErrorManager.js:2
45:14)
      at handleError (
src/core/ErrorManager.
js:123:22)
      at callTheUserOb
jectsOperation (node_m
odules/jsdom/lib/jsdom
/living/generated/Even
tListener.js:26:30)
      at innerInvokeEv
entListeners (node_mod
ules/jsdom/lib/jsdom/l
iving/events/EventTarg
et-impl.js:350:25)
      at 
invokeEventListeners (
node_modules/jsdom/lib
/jsdom/living/events/E
ventTarget-impl.js:286
:3)
      at EventTargetIm
pl._dispatch (node_mod
ules/jsdom/lib/jsdom/l
iving/events/EventTarg
et-impl.js:233:9)
      at EventTargetIm
pl.dispatchEvent (node
_modules/jsdom/lib/jsd
om/living/events/Event
Target-impl.js:104:17)
      at 
dispatchEvent (node_mo
dules/jsdom/lib/jsdom/
living/generated/Event
Target.js:241:34)
      at 
Object.dispatchEvent (
test/error-handling.te
st.js:425:20)

    console.error
      [HIGH] 
webgl_context_lost: 
WebGL context lost {
        id: 'error_177
2390511819_s6tfeecbz',
        timestamp: '20
26-03-01T18:41:51.819Z
',
        message: 
'WebGL context lost',
        stack: 
'Error: WebGL context 
lost\n' +
          '    at C:\\
Workspace_Melbin\\fun_
websites\\3d_model_vie
wer\\src\\core\\ErrorM
anager.js:123:34\n' +
          '    at call
TheUserObjectsOperatio
n (C:\\Workspace_Melbi
n\\fun_websites\\3d_mo
del_viewer\\node_modul
es\\jsdom\\lib\\jsdom\
\living\\generated\\Ev
entListener.js:26:30)\
n' +
          '    at inne
rInvokeEventListeners 
(C:\\Workspace_Melbin\
\fun_websites\\3d_mode
l_viewer\\node_modules
\\jsdom\\lib\\jsdom\\l
iving\\events\\EventTa
rget-impl.js:350:25)\n
' +
          '    at 
invokeEventListeners (
C:\\Workspace_Melbin\\
fun_websites\\3d_model
_viewer\\node_modules\
\jsdom\\lib\\jsdom\\li
ving\\events\\EventTar
get-impl.js:286:3)\n' 
+
          '    at Even
tTargetImpl._dispatch 
(C:\\Workspace_Melbin\
\fun_websites\\3d_mode
l_viewer\\node_modules
\\jsdom\\lib\\jsdom\\l
iving\\events\\EventTa
rget-impl.js:233:9)\n'
 +
          '    at Even
tTargetImpl.dispatchEv
ent (C:\\Workspace_Mel
bin\\fun_websites\\3d_
model_viewer\\node_mod
ules\\jsdom\\lib\\jsdo
m\\living\\events\\Eve
ntTarget-impl.js:104:1
7)\n' +
          '    at 
dispatchEvent (C:\\Wor
kspace_Melbin\\fun_web
sites\\3d_model_viewer
\\node_modules\\jsdom\
\lib\\jsdom\\living\\g
enerated\\EventTarget.
js:241:34)\n' +
          '    at 
Object.dispatchEvent (
C:\\Workspace_Melbin\\
fun_websites\\3d_model
_viewer\\test\\error-h
andling.test.js:425:20
)\n' +
          '    at Prom
ise.then.completed (C:
\\Workspace_Melbin\\fu
n_websites\\3d_model_v
iewer\\node_modules\\j
est-circus\\build\\uti
ls.js:298:28)\n' +
          '    at new 
Promise 
(<anonymous>)\n' +
          '    at 
callAsyncCircusFn (C:\
\Workspace_Melbin\\fun
_websites\\3d_model_vi
ewer\\node_modules\\je
st-circus\\build\\util
s.js:231:10)\n' +
          '    at 
_callCircusTest (C:\\W
orkspace_Melbin\\fun_w
ebsites\\3d_model_view
er\\node_modules\\jest
-circus\\build\\run.js
:316:40)\n' +
          '    at proc
essTicksAndRejections 
(node:internal/process
/task_queues:105:5)\n'
 +
          '    at 
_runTest (C:\\Workspac
e_Melbin\\fun_websites
\\3d_model_viewer\\nod
e_modules\\jest-circus
\\build\\run.js:252:3)
\n' +
          '    at _run
TestsForDescribeBlock 
(C:\\Workspace_Melbin\
\fun_websites\\3d_mode
l_viewer\\node_modules
\\jest-circus\\build\\
run.js:126:9)\n' +
          '    at _run
TestsForDescribeBlock 
(C:\\Workspace_Melbin\
\fun_websites\\3d_mode
l_viewer\\node_modules
\\jest-circus\\build\\
run.js:121:9)\n' +
          '    at _run
TestsForDescribeBlock 
(C:\\Workspace_Melbin\
\fun_websites\\3d_mode
l_viewer\\node_modules
\\jest-circus\\build\\
run.js:121:9)\n' +
          '    at run 
(C:\\Workspace_Melbin\
\fun_websites\\3d_mode
l_viewer\\node_modules
\\jest-circus\\build\\
run.js:71:3)\n' +
          '    at runA
ndTransformResultsToJe
stFormat (C:\\Workspac
e_Melbin\\fun_websites
\\3d_model_viewer\\nod
e_modules\\jest-circus
\\build\\legacy-code-t
odo-rewrite\\jestAdapt
erInit.js:122:21)\n' +
          '    at 
jestAdapter (C:\\Works
pace_Melbin\\fun_websi
tes\\3d_model_viewer\\
node_modules\\jest-cir
cus\\build\\legacy-cod
e-todo-rewrite\\jestAd
apter.js:79:19)\n' +
          '    at 
runTestInternal (C:\\W
orkspace_Melbin\\fun_w
ebsites\\3d_model_view
er\\node_modules\\jest
-runner\\build\\runTes
t.js:367:16)\n' +
          '    at 
runTest (C:\\Workspace
_Melbin\\fun_websites\
\3d_model_viewer\\node
_modules\\jest-runner\
\build\\runTest.js:444
:34)\n' +
          '    at 
Object.worker (C:\\Wor
kspace_Melbin\\fun_web
sites\\3d_model_viewer
\\node_modules\\jest-r
unner\\build\\testWork
er.js:106:12)',
        type: 
'webgl_context_lost',
        severity: 
'high',
        context: {},
        recovered: 
false,
        userNotified: 
false
      }

    [0m [90m 449 
|[39m             
[36mcase[39m [33mEr
rorManager[39m[33m.
[39m[33mERROR_SEVERIT
Y[39m[33m.[39m[33m
HIGH[39m[33m:[39m
     [90m 450 |[39m 
            
[36mcase[39m [33mEr
rorManager[39m[33m.
[39m[33mERROR_SEVERIT
Y[39m[33m.[39m[33m
CRITICAL[39m[33m:[3
9m
    [31m[1m>[22m[3
9m[90m 451 |[39m    
             console[
33m.[39merror(logMess
age[33m,[39m 
errorInfo)[33m;[39m
     [90m     |[39m 
                      
  [31m[1m^[22m[39m
     [90m 452 |[39m 
                [36mb
reak[39m[33m;[39m
     [90m 453 |[39m 
            [36mdefau
lt[39m[33m:[39m
     [90m 454 |[39m 
                
[90m// Silent for 
other cases[39m[0m

      at 
ErrorManager.error 
[as logError] (src/cor
e/ErrorManager.js:451:
25)
      at 
ErrorManager.logError 
[as handleError] (src/
core/ErrorManager.js:2
45:14)
      at handleError (
src/core/ErrorManager.
js:123:22)
      at callTheUserOb
jectsOperation (node_m
odules/jsdom/lib/jsdom
/living/generated/Even
tListener.js:26:30)
      at innerInvokeEv
entListeners (node_mod
ules/jsdom/lib/jsdom/l
iving/events/EventTarg
et-impl.js:350:25)
      at 
invokeEventListeners (
node_modules/jsdom/lib
/jsdom/living/events/E
ventTarget-impl.js:286
:3)
      at EventTargetIm
pl._dispatch (node_mod
ules/jsdom/lib/jsdom/l
iving/events/EventTarg
et-impl.js:233:9)
      at EventTargetIm
pl.dispatchEvent (node
_modules/jsdom/lib/jsd
om/living/events/Event
Target-impl.js:104:17)
      at 
dispatchEvent (node_mo
dules/jsdom/lib/jsdom/
living/generated/Event
Target.js:241:34)
      at 
Object.dispatchEvent (
test/error-handling.te
st.js:425:20)

    console.error
      [HIGH] 
webgl_context_lost: 
WebGL context lost {
        id: 'error_177
2390511820_ixhazfxcm',
        timestamp: '20
26-03-01T18:41:51.820Z
',
        message: 
'WebGL context lost',
        stack: 
'Error: WebGL context 
lost\n' +
          '    at C:\\
Workspace_Melbin\\fun_
websites\\3d_model_vie
wer\\src\\core\\ErrorM
anager.js:123:34\n' +
          '    at call
TheUserObjectsOperatio
n (C:\\Workspace_Melbi
n\\fun_websites\\3d_mo
del_viewer\\node_modul
es\\jsdom\\lib\\jsdom\
\living\\generated\\Ev
entListener.js:26:30)\
n' +
          '    at inne
rInvokeEventListeners 
(C:\\Workspace_Melbin\
\fun_websites\\3d_mode
l_viewer\\node_modules
\\jsdom\\lib\\jsdom\\l
iving\\events\\EventTa
rget-impl.js:350:25)\n
' +
          '    at 
invokeEventListeners (
C:\\Workspace_Melbin\\
fun_websites\\3d_model
_viewer\\node_modules\
\jsdom\\lib\\jsdom\\li
ving\\events\\EventTar
get-impl.js:286:3)\n' 
+
          '    at Even
tTargetImpl._dispatch 
(C:\\Workspace_Melbin\
\fun_websites\\3d_mode
l_viewer\\node_modules
\\jsdom\\lib\\jsdom\\l
iving\\events\\EventTa
rget-impl.js:233:9)\n'
 +
          '    at Even
tTargetImpl.dispatchEv
ent (C:\\Workspace_Mel
bin\\fun_websites\\3d_
model_viewer\\node_mod
ules\\jsdom\\lib\\jsdo
m\\living\\events\\Eve
ntTarget-impl.js:104:1
7)\n' +
          '    at 
dispatchEvent (C:\\Wor
kspace_Melbin\\fun_web
sites\\3d_model_viewer
\\node_modules\\jsdom\
\lib\\jsdom\\living\\g
enerated\\EventTarget.
js:241:34)\n' +
          '    at 
Object.dispatchEvent (
C:\\Workspace_Melbin\\
fun_websites\\3d_model
_viewer\\test\\error-h
andling.test.js:425:20
)\n' +
          '    at Prom
ise.then.completed (C:
\\Workspace_Melbin\\fu
n_websites\\3d_model_v
iewer\\node_modules\\j
est-circus\\build\\uti
ls.js:298:28)\n' +
          '    at new 
Promise 
(<anonymous>)\n' +
          '    at 
callAsyncCircusFn (C:\
\Workspace_Melbin\\fun
_websites\\3d_model_vi
ewer\\node_modules\\je
st-circus\\build\\util
s.js:231:10)\n' +
          '    at 
_callCircusTest (C:\\W
orkspace_Melbin\\fun_w
ebsites\\3d_model_view
er\\node_modules\\jest
-circus\\build\\run.js
:316:40)\n' +
          '    at proc
essTicksAndRejections 
(node:internal/process
/task_queues:105:5)\n'
 +
          '    at 
_runTest (C:\\Workspac
e_Melbin\\fun_websites
\\3d_model_viewer\\nod
e_modules\\jest-circus
\\build\\run.js:252:3)
\n' +
          '    at _run
TestsForDescribeBlock 
(C:\\Workspace_Melbin\
\fun_websites\\3d_mode
l_viewer\\node_modules
\\jest-circus\\build\\
run.js:126:9)\n' +
          '    at _run
TestsForDescribeBlock 
(C:\\Workspace_Melbin\
\fun_websites\\3d_mode
l_viewer\\node_modules
\\jest-circus\\build\\
run.js:121:9)\n' +
          '    at _run
TestsForDescribeBlock 
(C:\\Workspace_Melbin\
\fun_websites\\3d_mode
l_viewer\\node_modules
\\jest-circus\\build\\
run.js:121:9)\n' +
          '    at run 
(C:\\Workspace_Melbin\
\fun_websites\\3d_mode
l_viewer\\node_modules
\\jest-circus\\build\\
run.js:71:3)\n' +
          '    at runA
ndTransformResultsToJe
stFormat (C:\\Workspac
e_Melbin\\fun_websites
\\3d_model_viewer\\nod
e_modules\\jest-circus
\\build\\legacy-code-t
odo-rewrite\\jestAdapt
erInit.js:122:21)\n' +
          '    at 
jestAdapter (C:\\Works
pace_Melbin\\fun_websi
tes\\3d_model_viewer\\
node_modules\\jest-cir
cus\\build\\legacy-cod
e-todo-rewrite\\jestAd
apter.js:79:19)\n' +
          '    at 
runTestInternal (C:\\W
orkspace_Melbin\\fun_w
ebsites\\3d_model_view
er\\node_modules\\jest
-runner\\build\\runTes
t.js:367:16)\n' +
          '    at 
runTest (C:\\Workspace
_Melbin\\fun_websites\
\3d_model_viewer\\node
_modules\\jest-runner\
\build\\runTest.js:444
:34)\n' +
          '    at 
Object.worker (C:\\Wor
kspace_Melbin\\fun_web
sites\\3d_model_viewer
\\node_modules\\jest-r
unner\\build\\testWork
er.js:106:12)',
        type: 
'webgl_context_lost',
        severity: 
'high',
        context: {},
        recovered: 
false,
        userNotified: 
false
      }

    [0m [90m 449 
|[39m             
[36mcase[39m [33mEr
rorManager[39m[33m.
[39m[33mERROR_SEVERIT
Y[39m[33m.[39m[33m
HIGH[39m[33m:[39m
     [90m 450 |[39m 
            
[36mcase[39m [33mEr
rorManager[39m[33m.
[39m[33mERROR_SEVERIT
Y[39m[33m.[39m[33m
CRITICAL[39m[33m:[3
9m
    [31m[1m>[22m[3
9m[90m 451 |[39m    
             console[
33m.[39merror(logMess
age[33m,[39m 
errorInfo)[33m;[39m
     [90m     |[39m 
                      
  [31m[1m^[22m[39m
     [90m 452 |[39m 
                [36mb
reak[39m[33m;[39m
     [90m 453 |[39m 
            [36mdefau
lt[39m[33m:[39m
     [90m 454 |[39m 
                
[90m// Silent for 
other cases[39m[0m

      at 
ErrorManager.error 
[as logError] (src/cor
e/ErrorManager.js:451:
25)
      at 
ErrorManager.logError 
[as handleError] (src/
core/ErrorManager.js:2
45:14)
      at handleError (
src/core/ErrorManager.
js:123:22)
      at callTheUserOb
jectsOperation (node_m
odules/jsdom/lib/jsdom
/living/generated/Even
tListener.js:26:30)
      at innerInvokeEv
entListeners (node_mod
ules/jsdom/lib/jsdom/l
iving/events/EventTarg
et-impl.js:350:25)
      at 
invokeEventListeners (
node_modules/jsdom/lib
/jsdom/living/events/E
ventTarget-impl.js:286
:3)
      at EventTargetIm
pl._dispatch (node_mod
ules/jsdom/lib/jsdom/l
iving/events/EventTarg
et-impl.js:233:9)
      at EventTargetIm
pl.dispatchEvent (node
_modules/jsdom/lib/jsd
om/living/events/Event
Target-impl.js:104:17)
      at 
dispatchEvent (node_mo
dules/jsdom/lib/jsdom/
living/generated/Event
Target.js:241:34)
      at 
Object.dispatchEvent (
test/error-handling.te
st.js:425:20)

    console.error
      [HIGH] 
webgl_context_lost: 
WebGL context lost {
        id: 'error_177
2390511821_zbqlog053',
        timestamp: '20
26-03-01T18:41:51.821Z
',
        message: 
'WebGL context lost',
        stack: 
'Error: WebGL context 
lost\n' +
          '    at C:\\
Workspace_Melbin\\fun_
websites\\3d_model_vie
wer\\src\\core\\ErrorM
anager.js:123:34\n' +
          '    at call
TheUserObjectsOperatio
n (C:\\Workspace_Melbi
n\\fun_websites\\3d_mo
del_viewer\\node_modul
es\\jsdom\\lib\\jsdom\
\living\\generated\\Ev
entListener.js:26:30)\
n' +
          '    at inne
rInvokeEventListeners 
(C:\\Workspace_Melbin\
\fun_websites\\3d_mode
l_viewer\\node_modules
\\jsdom\\lib\\jsdom\\l
iving\\events\\EventTa
rget-impl.js:350:25)\n
' +
          '    at 
invokeEventListeners (
C:\\Workspace_Melbin\\
fun_websites\\3d_model
_viewer\\node_modules\
\jsdom\\lib\\jsdom\\li
ving\\events\\EventTar
get-impl.js:286:3)\n' 
+
          '    at Even
tTargetImpl._dispatch 
(C:\\Workspace_Melbin\
\fun_websites\\3d_mode
l_viewer\\node_modules
\\jsdom\\lib\\jsdom\\l
iving\\events\\EventTa
rget-impl.js:233:9)\n'
 +
          '    at Even
tTargetImpl.dispatchEv
ent (C:\\Workspace_Mel
bin\\fun_websites\\3d_
model_viewer\\node_mod
ules\\jsdom\\lib\\jsdo
m\\living\\events\\Eve
ntTarget-impl.js:104:1
7)\n' +
          '    at 
dispatchEvent (C:\\Wor
kspace_Melbin\\fun_web
sites\\3d_model_viewer
\\node_modules\\jsdom\
\lib\\jsdom\\living\\g
enerated\\EventTarget.
js:241:34)\n' +
          '    at 
Object.dispatchEvent (
C:\\Workspace_Melbin\\
fun_websites\\3d_model
_viewer\\test\\error-h
andling.test.js:425:20
)\n' +
          '    at Prom
ise.then.completed (C:
\\Workspace_Melbin\\fu
n_websites\\3d_model_v
iewer\\node_modules\\j
est-circus\\build\\uti
ls.js:298:28)\n' +
          '    at new 
Promise 
(<anonymous>)\n' +
          '    at 
callAsyncCircusFn (C:\
\Workspace_Melbin\\fun
_websites\\3d_model_vi
ewer\\node_modules\\je
st-circus\\build\\util
s.js:231:10)\n' +
          '    at 
_callCircusTest (C:\\W
orkspace_Melbin\\fun_w
ebsites\\3d_model_view
er\\node_modules\\jest
-circus\\build\\run.js
:316:40)\n' +
          '    at proc
essTicksAndRejections 
(node:internal/process
/task_queues:105:5)\n'
 +
          '    at 
_runTest (C:\\Workspac
e_Melbin\\fun_websites
\\3d_model_viewer\\nod
e_modules\\jest-circus
\\build\\run.js:252:3)
\n' +
          '    at _run
TestsForDescribeBlock 
(C:\\Workspace_Melbin\
\fun_websites\\3d_mode
l_viewer\\node_modules
\\jest-circus\\build\\
run.js:126:9)\n' +
          '    at _run
TestsForDescribeBlock 
(C:\\Workspace_Melbin\
\fun_websites\\3d_mode
l_viewer\\node_modules
\\jest-circus\\build\\
run.js:121:9)\n' +
          '    at _run
TestsForDescribeBlock 
(C:\\Workspace_Melbin\
\fun_websites\\3d_mode
l_viewer\\node_modules
\\jest-circus\\build\\
run.js:121:9)\n' +
          '    at run 
(C:\\Workspace_Melbin\
\fun_websites\\3d_mode
l_viewer\\node_modules
\\jest-circus\\build\\
run.js:71:3)\n' +
          '    at runA
ndTransformResultsToJe
stFormat (C:\\Workspac
e_Melbin\\fun_websites
\\3d_model_viewer\\nod
e_modules\\jest-circus
\\build\\legacy-code-t
odo-rewrite\\jestAdapt
erInit.js:122:21)\n' +
          '    at 
jestAdapter (C:\\Works
pace_Melbin\\fun_websi
tes\\3d_model_viewer\\
node_modules\\jest-cir
cus\\build\\legacy-cod
e-todo-rewrite\\jestAd
apter.js:79:19)\n' +
          '    at 
runTestInternal (C:\\W
orkspace_Melbin\\fun_w
ebsites\\3d_model_view
er\\node_modules\\jest
-runner\\build\\runTes
t.js:367:16)\n' +
          '    at 
runTest (C:\\Workspace
_Melbin\\fun_websites\
\3d_model_viewer\\node
_modules\\jest-runner\
\build\\runTest.js:444
:34)\n' +
          '    at 
Object.worker (C:\\Wor
kspace_Melbin\\fun_web
sites\\3d_model_viewer
\\node_modules\\jest-r
unner\\build\\testWork
er.js:106:12)',
        type: 
'webgl_context_lost',
        severity: 
'high',
        context: {},
        recovered: 
false,
        userNotified: 
false
      }

    [0m [90m 449 
|[39m             
[36mcase[39m [33mEr
rorManager[39m[33m.
[39m[33mERROR_SEVERIT
Y[39m[33m.[39m[33m
HIGH[39m[33m:[39m
     [90m 450 |[39m 
            
[36mcase[39m [33mEr
rorManager[39m[33m.
[39m[33mERROR_SEVERIT
Y[39m[33m.[39m[33m
CRITICAL[39m[33m:[3
9m
    [31m[1m>[22m[3
9m[90m 451 |[39m    
             console[
33m.[39merror(logMess
age[33m,[39m 
errorInfo)[33m;[39m
     [90m     |[39m 
                      
  [31m[1m^[22m[39m
     [90m 452 |[39m 
                [36mb
reak[39m[33m;[39m
     [90m 453 |[39m 
            [36mdefau
lt[39m[33m:[39m
     [90m 454 |[39m 
                
[90m// Silent for 
other cases[39m[0m

      at 
ErrorManager.error 
[as logError] (src/cor
e/ErrorManager.js:451:
25)
      at 
ErrorManager.logError 
[as handleError] (src/
core/ErrorManager.js:2
45:14)
      at handleError (
src/core/ErrorManager.
js:123:22)
      at callTheUserOb
jectsOperation (node_m
odules/jsdom/lib/jsdom
/living/generated/Even
tListener.js:26:30)
      at innerInvokeEv
entListeners (node_mod
ules/jsdom/lib/jsdom/l
iving/events/EventTarg
et-impl.js:350:25)
      at 
invokeEventListeners (
node_modules/jsdom/lib
/jsdom/living/events/E
ventTarget-impl.js:286
:3)
      at EventTargetIm
pl._dispatch (node_mod
ules/jsdom/lib/jsdom/l
iving/events/EventTarg
et-impl.js:233:9)
      at EventTargetIm
pl.dispatchEvent (node
_modules/jsdom/lib/jsd
om/living/events/Event
Target-impl.js:104:17)
      at 
dispatchEvent (node_mo
dules/jsdom/lib/jsdom/
living/generated/Event
Target.js:241:34)
      at 
Object.dispatchEvent (
test/error-handling.te
st.js:425:20)

    console.error
      [HIGH] 
webgl_context_lost: 
WebGL context lost {
        id: 'error_177
2390511822_l5vp8vs1y',
        timestamp: '20
26-03-01T18:41:51.822Z
',
        message: 
'WebGL context lost',
        stack: 
'Error: WebGL context 
lost\n' +
          '    at C:\\
Workspace_Melbin\\fun_
websites\\3d_model_vie
wer\\src\\core\\ErrorM
anager.js:123:34\n' +
          '    at call
TheUserObjectsOperatio
n (C:\\Workspace_Melbi
n\\fun_websites\\3d_mo
del_viewer\\node_modul
es\\jsdom\\lib\\jsdom\
\living\\generated\\Ev
entListener.js:26:30)\
n' +
          '    at inne
rInvokeEventListeners 
(C:\\Workspace_Melbin\
\fun_websites\\3d_mode
l_viewer\\node_modules
\\jsdom\\lib\\jsdom\\l
iving\\events\\EventTa
rget-impl.js:350:25)\n
' +
          '    at 
invokeEventListeners (
C:\\Workspace_Melbin\\
fun_websites\\3d_model
_viewer\\node_modules\
\jsdom\\lib\\jsdom\\li
ving\\events\\EventTar
get-impl.js:286:3)\n' 
+
          '    at Even
tTargetImpl._dispatch 
(C:\\Workspace_Melbin\
\fun_websites\\3d_mode
l_viewer\\node_modules
\\jsdom\\lib\\jsdom\\l
iving\\events\\EventTa
rget-impl.js:233:9)\n'
 +
          '    at Even
tTargetImpl.dispatchEv
ent (C:\\Workspace_Mel
bin\\fun_websites\\3d_
model_viewer\\node_mod
ules\\jsdom\\lib\\jsdo
m\\living\\events\\Eve
ntTarget-impl.js:104:1
7)\n' +
          '    at 
dispatchEvent (C:\\Wor
kspace_Melbin\\fun_web
sites\\3d_model_viewer
\\node_modules\\jsdom\
\lib\\jsdom\\living\\g
enerated\\EventTarget.
js:241:34)\n' +
          '    at 
Object.dispatchEvent (
C:\\Workspace_Melbin\\
fun_websites\\3d_model
_viewer\\test\\error-h
andling.test.js:425:20
)\n' +
          '    at Prom
ise.then.completed (C:
\\Workspace_Melbin\\fu
n_websites\\3d_model_v
iewer\\node_modules\\j
est-circus\\build\\uti
ls.js:298:28)\n' +
          '    at new 
Promise 
(<anonymous>)\n' +
          '    at 
callAsyncCircusFn (C:\
\Workspace_Melbin\\fun
_websites\\3d_model_vi
ewer\\node_modules\\je
st-circus\\build\\util
s.js:231:10)\n' +
          '    at 
_callCircusTest (C:\\W
orkspace_Melbin\\fun_w
ebsites\\3d_model_view
er\\node_modules\\jest
-circus\\build\\run.js
:316:40)\n' +
          '    at proc
essTicksAndRejections 
(node:internal/process
/task_queues:105:5)\n'
 +
          '    at 
_runTest (C:\\Workspac
e_Melbin\\fun_websites
\\3d_model_viewer\\nod
e_modules\\jest-circus
\\build\\run.js:252:3)
\n' +
          '    at _run
TestsForDescribeBlock 
(C:\\Workspace_Melbin\
\fun_websites\\3d_mode
l_viewer\\node_modules
\\jest-circus\\build\\
run.js:126:9)\n' +
          '    at _run
TestsForDescribeBlock 
(C:\\Workspace_Melbin\
\fun_websites\\3d_mode
l_viewer\\node_modules
\\jest-circus\\build\\
run.js:121:9)\n' +
          '    at _run
TestsForDescribeBlock 
(C:\\Workspace_Melbin\
\fun_websites\\3d_mode
l_viewer\\node_modules
\\jest-circus\\build\\
run.js:121:9)\n' +
          '    at run 
(C:\\Workspace_Melbin\
\fun_websites\\3d_mode
l_viewer\\node_modules
\\jest-circus\\build\\
run.js:71:3)\n' +
          '    at runA
ndTransformResultsToJe
stFormat (C:\\Workspac
e_Melbin\\fun_websites
\\3d_model_viewer\\nod
e_modules\\jest-circus
\\build\\legacy-code-t
odo-rewrite\\jestAdapt
erInit.js:122:21)\n' +
          '    at 
jestAdapter (C:\\Works
pace_Melbin\\fun_websi
tes\\3d_model_viewer\\
node_modules\\jest-cir
cus\\build\\legacy-cod
e-todo-rewrite\\jestAd
apter.js:79:19)\n' +
          '    at 
runTestInternal (C:\\W
orkspace_Melbin\\fun_w
ebsites\\3d_model_view
er\\node_modules\\jest
-runner\\build\\runTes
t.js:367:16)\n' +
          '    at 
runTest (C:\\Workspace
_Melbin\\fun_websites\
\3d_model_viewer\\node
_modules\\jest-runner\
\build\\runTest.js:444
:34)\n' +
          '    at 
Object.worker (C:\\Wor
kspace_Melbin\\fun_web
sites\\3d_model_viewer
\\node_modules\\jest-r
unner\\build\\testWork
er.js:106:12)',
        type: 
'webgl_context_lost',
        severity: 
'high',
        context: {},
        recovered: 
false,
        userNotified: 
false
      }

    [0m [90m 449 
|[39m             
[36mcase[39m [33mEr
rorManager[39m[33m.
[39m[33mERROR_SEVERIT
Y[39m[33m.[39m[33m
HIGH[39m[33m:[39m
     [90m 450 |[39m 
            
[36mcase[39m [33mEr
rorManager[39m[33m.
[39m[33mERROR_SEVERIT
Y[39m[33m.[39m[33m
CRITICAL[39m[33m:[3
9m
    [31m[1m>[22m[3
9m[90m 451 |[39m    
             console[
33m.[39merror(logMess
age[33m,[39m 
errorInfo)[33m;[39m
     [90m     |[39m 
                      
  [31m[1m^[22m[39m
     [90m 452 |[39m 
                [36mb
reak[39m[33m;[39m
     [90m 453 |[39m 
            [36mdefau
lt[39m[33m:[39m
     [90m 454 |[39m 
                
[90m// Silent for 
other cases[39m[0m

      at 
ErrorManager.error 
[as logError] (src/cor
e/ErrorManager.js:451:
25)
      at 
ErrorManager.logError 
[as handleError] (src/
core/ErrorManager.js:2
45:14)
      at handleError (
src/core/ErrorManager.
js:123:22)
      at callTheUserOb
jectsOperation (node_m
odules/jsdom/lib/jsdom
/living/generated/Even
tListener.js:26:30)
      at innerInvokeEv
entListeners (node_mod
ules/jsdom/lib/jsdom/l
iving/events/EventTarg
et-impl.js:350:25)
      at 
invokeEventListeners (
node_modules/jsdom/lib
/jsdom/living/events/E
ventTarget-impl.js:286
:3)
      at EventTargetIm
pl._dispatch (node_mod
ules/jsdom/lib/jsdom/l
iving/events/EventTarg
et-impl.js:233:9)
      at EventTargetIm
pl.dispatchEvent (node
_modules/jsdom/lib/jsd
om/living/events/Event
Target-impl.js:104:17)
      at 
dispatchEvent (node_mo
dules/jsdom/lib/jsdom/
living/generated/Event
Target.js:241:34)
      at 
Object.dispatchEvent (
test/error-handling.te
st.js:425:20)

    console.error
      [HIGH] 
webgl_context_lost: 
WebGL context lost {
        id: 'error_177
2390511823_zs4fefo1k',
        timestamp: '20
26-03-01T18:41:51.823Z
',
        message: 
'WebGL context lost',
        stack: 
'Error: WebGL context 
lost\n' +
          '    at C:\\
Workspace_Melbin\\fun_
websites\\3d_model_vie
wer\\src\\core\\ErrorM
anager.js:123:34\n' +
          '    at call
TheUserObjectsOperatio
n (C:\\Workspace_Melbi
n\\fun_websites\\3d_mo
del_viewer\\node_modul
es\\jsdom\\lib\\jsdom\
\living\\generated\\Ev
entListener.js:26:30)\
n' +
          '    at inne
rInvokeEventListeners 
(C:\\Workspace_Melbin\
\fun_websites\\3d_mode
l_viewer\\node_modules
\\jsdom\\lib\\jsdom\\l
iving\\events\\EventTa
rget-impl.js:350:25)\n
' +
          '    at 
invokeEventListeners (
C:\\Workspace_Melbin\\
fun_websites\\3d_model
_viewer\\node_modules\
\jsdom\\lib\\jsdom\\li
ving\\events\\EventTar
get-impl.js:286:3)\n' 
+
          '    at Even
tTargetImpl._dispatch 
(C:\\Workspace_Melbin\
\fun_websites\\3d_mode
l_viewer\\node_modules
\\jsdom\\lib\\jsdom\\l
iving\\events\\EventTa
rget-impl.js:233:9)\n'
 +
          '    at Even
tTargetImpl.dispatchEv
ent (C:\\Workspace_Mel
bin\\fun_websites\\3d_
model_viewer\\node_mod
ules\\jsdom\\lib\\jsdo
m\\living\\events\\Eve
ntTarget-impl.js:104:1
7)\n' +
          '    at 
dispatchEvent (C:\\Wor
kspace_Melbin\\fun_web
sites\\3d_model_viewer
\\node_modules\\jsdom\
\lib\\jsdom\\living\\g
enerated\\EventTarget.
js:241:34)\n' +
          '    at 
Object.dispatchEvent (
C:\\Workspace_Melbin\\
fun_websites\\3d_model
_viewer\\test\\error-h
andling.test.js:425:20
)\n' +
          '    at Prom
ise.then.completed (C:
\\Workspace_Melbin\\fu
n_websites\\3d_model_v
iewer\\node_modules\\j
est-circus\\build\\uti
ls.js:298:28)\n' +
          '    at new 
Promise 
(<anonymous>)\n' +
          '    at 
callAsyncCircusFn (C:\
\Workspace_Melbin\\fun
_websites\\3d_model_vi
ewer\\node_modules\\je
st-circus\\build\\util
s.js:231:10)\n' +
          '    at 
_callCircusTest (C:\\W
orkspace_Melbin\\fun_w
ebsites\\3d_model_view
er\\node_modules\\jest
-circus\\build\\run.js
:316:40)\n' +
          '    at proc
essTicksAndRejections 
(node:internal/process
/task_queues:105:5)\n'
 +
          '    at 
_runTest (C:\\Workspac
e_Melbin\\fun_websites
\\3d_model_viewer\\nod
e_modules\\jest-circus
\\build\\run.js:252:3)
\n' +
          '    at _run
TestsForDescribeBlock 
(C:\\Workspace_Melbin\
\fun_websites\\3d_mode
l_viewer\\node_modules
\\jest-circus\\build\\
run.js:126:9)\n' +
          '    at _run
TestsForDescribeBlock 
(C:\\Workspace_Melbin\
\fun_websites\\3d_mode
l_viewer\\node_modules
\\jest-circus\\build\\
run.js:121:9)\n' +
          '    at _run
TestsForDescribeBlock 
(C:\\Workspace_Melbin\
\fun_websites\\3d_mode
l_viewer\\node_modules
\\jest-circus\\build\\
run.js:121:9)\n' +
          '    at run 
(C:\\Workspace_Melbin\
\fun_websites\\3d_mode
l_viewer\\node_modules
\\jest-circus\\build\\
run.js:71:3)\n' +
          '    at runA
ndTransformResultsToJe
stFormat (C:\\Workspac
e_Melbin\\fun_websites
\\3d_model_viewer\\nod
e_modules\\jest-circus
\\build\\legacy-code-t
odo-rewrite\\jestAdapt
erInit.js:122:21)\n' +
          '    at 
jestAdapter (C:\\Works
pace_Melbin\\fun_websi
tes\\3d_model_viewer\\
node_modules\\jest-cir
cus\\build\\legacy-cod
e-todo-rewrite\\jestAd
apter.js:79:19)\n' +
          '    at 
runTestInternal (C:\\W
orkspace_Melbin\\fun_w
ebsites\\3d_model_view
er\\node_modules\\jest
-runner\\build\\runTes
t.js:367:16)\n' +
          '    at 
runTest (C:\\Workspace
_Melbin\\fun_websites\
\3d_model_viewer\\node
_modules\\jest-runner\
\build\\runTest.js:444
:34)\n' +
          '    at 
Object.worker (C:\\Wor
kspace_Melbin\\fun_web
sites\\3d_model_viewer
\\node_modules\\jest-r
unner\\build\\testWork
er.js:106:12)',
        type: 
'webgl_context_lost',
        severity: 
'high',
        context: {},
        recovered: 
false,
        userNotified: 
false
      }

    [0m [90m 449 
|[39m             
[36mcase[39m [33mEr
rorManager[39m[33m.
[39m[33mERROR_SEVERIT
Y[39m[33m.[39m[33m
HIGH[39m[33m:[39m
     [90m 450 |[39m 
            
[36mcase[39m [33mEr
rorManager[39m[33m.
[39m[33mERROR_SEVERIT
Y[39m[33m.[39m[33m
CRITICAL[39m[33m:[3
9m
    [31m[1m>[22m[3
9m[90m 451 |[39m    
             console[
33m.[39merror(logMess
age[33m,[39m 
errorInfo)[33m;[39m
     [90m     |[39m 
                      
  [31m[1m^[22m[39m
     [90m 452 |[39m 
                [36mb
reak[39m[33m;[39m
     [90m 453 |[39m 
            [36mdefau
lt[39m[33m:[39m
     [90m 454 |[39m 
                
[90m// Silent for 
other cases[39m[0m

      at 
ErrorManager.error 
[as logError] (src/cor
e/ErrorManager.js:451:
25)
      at 
ErrorManager.logError 
[as handleError] (src/
core/ErrorManager.js:2
45:14)
      at handleError (
src/core/ErrorManager.
js:123:22)
      at callTheUserOb
jectsOperation (node_m
odules/jsdom/lib/jsdom
/living/generated/Even
tListener.js:26:30)
      at innerInvokeEv
entListeners (node_mod
ules/jsdom/lib/jsdom/l
iving/events/EventTarg
et-impl.js:350:25)
      at 
invokeEventListeners (
node_modules/jsdom/lib
/jsdom/living/events/E
ventTarget-impl.js:286
:3)
      at EventTargetIm
pl._dispatch (node_mod
ules/jsdom/lib/jsdom/l
iving/events/EventTarg
et-impl.js:233:9)
      at EventTargetIm
pl.dispatchEvent (node
_modules/jsdom/lib/jsd
om/living/events/Event
Target-impl.js:104:17)
      at 
dispatchEvent (node_mo
dules/jsdom/lib/jsdom/
living/generated/Event
Target.js:241:34)
      at 
Object.dispatchEvent (
test/error-handling.te
st.js:425:20)

    console.error
      [HIGH] 
webgl_context_lost: 
WebGL context lost {
        id: 'error_177
2390511824_hdn0j2xmp',
        timestamp: '20
26-03-01T18:41:51.824Z
',
        message: 
'WebGL context lost',
        stack: 
'Error: WebGL context 
lost\n' +
          '    at C:\\
Workspace_Melbin\\fun_
websites\\3d_model_vie
wer\\src\\core\\ErrorM
anager.js:123:34\n' +
          '    at call
TheUserObjectsOperatio
n (C:\\Workspace_Melbi
n\\fun_websites\\3d_mo
del_viewer\\node_modul
es\\jsdom\\lib\\jsdom\
\living\\generated\\Ev
entListener.js:26:30)\
n' +
          '    at inne
rInvokeEventListeners 
(C:\\Workspace_Melbin\
\fun_websites\\3d_mode
l_viewer\\node_modules
\\jsdom\\lib\\jsdom\\l
iving\\events\\EventTa
rget-impl.js:350:25)\n
' +
          '    at 
invokeEventListeners (
C:\\Workspace_Melbin\\
fun_websites\\3d_model
_viewer\\node_modules\
\jsdom\\lib\\jsdom\\li
ving\\events\\EventTar
get-impl.js:286:3)\n' 
+
          '    at Even
tTargetImpl._dispatch 
(C:\\Workspace_Melbin\
\fun_websites\\3d_mode
l_viewer\\node_modules
\\jsdom\\lib\\jsdom\\l
iving\\events\\EventTa
rget-impl.js:233:9)\n'
 +
          '    at Even
tTargetImpl.dispatchEv
ent (C:\\Workspace_Mel
bin\\fun_websites\\3d_
model_viewer\\node_mod
ules\\jsdom\\lib\\jsdo
m\\living\\events\\Eve
ntTarget-impl.js:104:1
7)\n' +
          '    at 
dispatchEvent (C:\\Wor
kspace_Melbin\\fun_web
sites\\3d_model_viewer
\\node_modules\\jsdom\
\lib\\jsdom\\living\\g
enerated\\EventTarget.
js:241:34)\n' +
          '    at 
Object.dispatchEvent (
C:\\Workspace_Melbin\\
fun_websites\\3d_model
_viewer\\test\\error-h
andling.test.js:425:20
)\n' +
          '    at Prom
ise.then.completed (C:
\\Workspace_Melbin\\fu
n_websites\\3d_model_v
iewer\\node_modules\\j
est-circus\\build\\uti
ls.js:298:28)\n' +
          '    at new 
Promise 
(<anonymous>)\n' +
          '    at 
callAsyncCircusFn (C:\
\Workspace_Melbin\\fun
_websites\\3d_model_vi
ewer\\node_modules\\je
st-circus\\build\\util
s.js:231:10)\n' +
          '    at 
_callCircusTest (C:\\W
orkspace_Melbin\\fun_w
ebsites\\3d_model_view
er\\node_modules\\jest
-circus\\build\\run.js
:316:40)\n' +
          '    at proc
essTicksAndRejections 
(node:internal/process
/task_queues:105:5)\n'
 +
          '    at 
_runTest (C:\\Workspac
e_Melbin\\fun_websites
\\3d_model_viewer\\nod
e_modules\\jest-circus
\\build\\run.js:252:3)
\n' +
          '    at _run
TestsForDescribeBlock 
(C:\\Workspace_Melbin\
\fun_websites\\3d_mode
l_viewer\\node_modules
\\jest-circus\\build\\
run.js:126:9)\n' +
          '    at _run
TestsForDescribeBlock 
(C:\\Workspace_Melbin\
\fun_websites\\3d_mode
l_viewer\\node_modules
\\jest-circus\\build\\
run.js:121:9)\n' +
          '    at _run
TestsForDescribeBlock 
(C:\\Workspace_Melbin\
\fun_websites\\3d_mode
l_viewer\\node_modules
\\jest-circus\\build\\
run.js:121:9)\n' +
          '    at run 
(C:\\Workspace_Melbin\
\fun_websites\\3d_mode
l_viewer\\node_modules
\\jest-circus\\build\\
run.js:71:3)\n' +
          '    at runA
ndTransformResultsToJe
stFormat (C:\\Workspac
e_Melbin\\fun_websites
\\3d_model_viewer\\nod
e_modules\\jest-circus
\\build\\legacy-code-t
odo-rewrite\\jestAdapt
erInit.js:122:21)\n' +
          '    at 
jestAdapter (C:\\Works
pace_Melbin\\fun_websi
tes\\3d_model_viewer\\
node_modules\\jest-cir
cus\\build\\legacy-cod
e-todo-rewrite\\jestAd
apter.js:79:19)\n' +
          '    at 
runTestInternal (C:\\W
orkspace_Melbin\\fun_w
ebsites\\3d_model_view
er\\node_modules\\jest
-runner\\build\\runTes
t.js:367:16)\n' +
          '    at 
runTest (C:\\Workspace
_Melbin\\fun_websites\
\3d_model_viewer\\node
_modules\\jest-runner\
\build\\runTest.js:444
:34)\n' +
          '    at 
Object.worker (C:\\Wor
kspace_Melbin\\fun_web
sites\\3d_model_viewer
\\node_modules\\jest-r
unner\\build\\testWork
er.js:106:12)',
        type: 
'webgl_context_lost',
        severity: 
'high',
        context: {},
        recovered: 
false,
        userNotified: 
false
      }

    [0m [90m 449 
|[39m             
[36mcase[39m [33mEr
rorManager[39m[33m.
[39m[33mERROR_SEVERIT
Y[39m[33m.[39m[33m
HIGH[39m[33m:[39m
     [90m 450 |[39m 
            
[36mcase[39m [33mEr
rorManager[39m[33m.
[39m[33mERROR_SEVERIT
Y[39m[33m.[39m[33m
CRITICAL[39m[33m:[3
9m
    [31m[1m>[22m[3
9m[90m 451 |[39m    
             console[
33m.[39merror(logMess
age[33m,[39m 
errorInfo)[33m;[39m
     [90m     |[39m 
                      
  [31m[1m^[22m[39m
     [90m 452 |[39m 
                [36mb
reak[39m[33m;[39m
     [90m 453 |[39m 
            [36mdefau
lt[39m[33m:[39m
     [90m 454 |[39m 
                
[90m// Silent for 
other cases[39m[0m

      at 
ErrorManager.error 
[as logError] (src/cor
e/ErrorManager.js:451:
25)
      at 
ErrorManager.logError 
[as handleError] (src/
core/ErrorManager.js:2
45:14)
      at handleError (
src/core/ErrorManager.
js:123:22)
      at callTheUserOb
jectsOperation (node_m
odules/jsdom/lib/jsdom
/living/generated/Even
tListener.js:26:30)
      at innerInvokeEv
entListeners (node_mod
ules/jsdom/lib/jsdom/l
iving/events/EventTarg
et-impl.js:350:25)
      at 
invokeEventListeners (
node_modules/jsdom/lib
/jsdom/living/events/E
ventTarget-impl.js:286
:3)
      at EventTargetIm
pl._dispatch (node_mod
ules/jsdom/lib/jsdom/l
iving/events/EventTarg
et-impl.js:233:9)
      at EventTargetIm
pl.dispatchEvent (node
_modules/jsdom/lib/jsd
om/living/events/Event
Target-impl.js:104:17)
      at 
dispatchEvent (node_mo
dules/jsdom/lib/jsdom/
living/generated/Event
Target.js:241:34)
      at 
Object.dispatchEvent (
test/error-handling.te
st.js:425:20)

    console.error
      [HIGH] 
webgl_context_lost: 
WebGL context lost {
        id: 'error_177
2390511826_gggttbu3t',
        timestamp: '20
26-03-01T18:41:51.826Z
',
        message: 
'WebGL context lost',
        stack: 
'Error: WebGL context 
lost\n' +
          '    at C:\\
Workspace_Melbin\\fun_
websites\\3d_model_vie
wer\\src\\core\\ErrorM
anager.js:123:34\n' +
          '    at call
TheUserObjectsOperatio
n (C:\\Workspace_Melbi
n\\fun_websites\\3d_mo
del_viewer\\node_modul
es\\jsdom\\lib\\jsdom\
\living\\generated\\Ev
entListener.js:26:30)\
n' +
          '    at inne
rInvokeEventListeners 
(C:\\Workspace_Melbin\
\fun_websites\\3d_mode
l_viewer\\node_modules
\\jsdom\\lib\\jsdom\\l
iving\\events\\EventTa
rget-impl.js:350:25)\n
' +
          '    at 
invokeEventListeners (
C:\\Workspace_Melbin\\
fun_websites\\3d_model
_viewer\\node_modules\
\jsdom\\lib\\jsdom\\li
ving\\events\\EventTar
get-impl.js:286:3)\n' 
+
          '    at Even
tTargetImpl._dispatch 
(C:\\Workspace_Melbin\
\fun_websites\\3d_mode
l_viewer\\node_modules
\\jsdom\\lib\\jsdom\\l
iving\\events\\EventTa
rget-impl.js:233:9)\n'
 +
          '    at Even
tTargetImpl.dispatchEv
ent (C:\\Workspace_Mel
bin\\fun_websites\\3d_
model_viewer\\node_mod
ules\\jsdom\\lib\\jsdo
m\\living\\events\\Eve
ntTarget-impl.js:104:1
7)\n' +
          '    at 
dispatchEvent (C:\\Wor
kspace_Melbin\\fun_web
sites\\3d_model_viewer
\\node_modules\\jsdom\
\lib\\jsdom\\living\\g
enerated\\EventTarget.
js:241:34)\n' +
          '    at 
Object.dispatchEvent (
C:\\Workspace_Melbin\\
fun_websites\\3d_model
_viewer\\test\\error-h
andling.test.js:425:20
)\n' +
          '    at Prom
ise.then.completed (C:
\\Workspace_Melbin\\fu
n_websites\\3d_model_v
iewer\\node_modules\\j
est-circus\\build\\uti
ls.js:298:28)\n' +
          '    at new 
Promise 
(<anonymous>)\n' +
          '    at 
callAsyncCircusFn (C:\
\Workspace_Melbin\\fun
_websites\\3d_model_vi
ewer\\node_modules\\je
st-circus\\build\\util
s.js:231:10)\n' +
          '    at 
_callCircusTest (C:\\W
orkspace_Melbin\\fun_w
ebsites\\3d_model_view
er\\node_modules\\jest
-circus\\build\\run.js
:316:40)\n' +
          '    at proc
essTicksAndRejections 
(node:internal/process
/task_queues:105:5)\n'
 +
          '    at 
_runTest (C:\\Workspac
e_Melbin\\fun_websites
\\3d_model_viewer\\nod
e_modules\\jest-circus
\\build\\run.js:252:3)
\n' +
          '    at _run
TestsForDescribeBlock 
(C:\\Workspace_Melbin\
\fun_websites\\3d_mode
l_viewer\\node_modules
\\jest-circus\\build\\
run.js:126:9)\n' +
          '    at _run
TestsForDescribeBlock 
(C:\\Workspace_Melbin\
\fun_websites\\3d_mode
l_viewer\\node_modules
\\jest-circus\\build\\
run.js:121:9)\n' +
          '    at _run
TestsForDescribeBlock 
(C:\\Workspace_Melbin\
\fun_websites\\3d_mode
l_viewer\\node_modules
\\jest-circus\\build\\
run.js:121:9)\n' +
          '    at run 
(C:\\Workspace_Melbin\
\fun_websites\\3d_mode
l_viewer\\node_modules
\\jest-circus\\build\\
run.js:71:3)\n' +
          '    at runA
ndTransformResultsToJe
stFormat (C:\\Workspac
e_Melbin\\fun_websites
\\3d_model_viewer\\nod
e_modules\\jest-circus
\\build\\legacy-code-t
odo-rewrite\\jestAdapt
erInit.js:122:21)\n' +
          '    at 
jestAdapter (C:\\Works
pace_Melbin\\fun_websi
tes\\3d_model_viewer\\
node_modules\\jest-cir
cus\\build\\legacy-cod
e-todo-rewrite\\jestAd
apter.js:79:19)\n' +
          '    at 
runTestInternal (C:\\W
orkspace_Melbin\\fun_w
ebsites\\3d_model_view
er\\node_modules\\jest
-runner\\build\\runTes
t.js:367:16)\n' +
          '    at 
runTest (C:\\Workspace
_Melbin\\fun_websites\
\3d_model_viewer\\node
_modules\\jest-runner\
\build\\runTest.js:444
:34)\n' +
          '    at 
Object.worker (C:\\Wor
kspace_Melbin\\fun_web
sites\\3d_model_viewer
\\node_modules\\jest-r
unner\\build\\testWork
er.js:106:12)',
        type: 
'webgl_context_lost',
        severity: 
'high',
        context: {},
        recovered: 
false,
        userNotified: 
false
      }

    [0m [90m 449 
|[39m             
[36mcase[39m [33mEr
rorManager[39m[33m.
[39m[33mERROR_SEVERIT
Y[39m[33m.[39m[33m
HIGH[39m[33m:[39m
     [90m 450 |[39m 
            
[36mcase[39m [33mEr
rorManager[39m[33m.
[39m[33mERROR_SEVERIT
Y[39m[33m.[39m[33m
CRITICAL[39m[33m:[3
9m
    [31m[1m>[22m[3
9m[90m 451 |[39m    
             console[
33m.[39merror(logMess
age[33m,[39m 
errorInfo)[33m;[39m
     [90m     |[39m 
                      
  [31m[1m^[22m[39m
     [90m 452 |[39m 
                [36mb
reak[39m[33m;[39m
     [90m 453 |[39m 
            [36mdefau
lt[39m[33m:[39m
     [90m 454 |[39m 
                
[90m// Silent for 
other cases[39m[0m

      at 
ErrorManager.error 
[as logError] (src/cor
e/ErrorManager.js:451:
25)
      at 
ErrorManager.logError 
[as handleError] (src/
core/ErrorManager.js:2
45:14)
      at handleError (
src/core/ErrorManager.
js:123:22)
      at callTheUserOb
jectsOperation (node_m
odules/jsdom/lib/jsdom
/living/generated/Even
tListener.js:26:30)
      at innerInvokeEv
entListeners (node_mod
ules/jsdom/lib/jsdom/l
iving/events/EventTarg
et-impl.js:350:25)
      at 
invokeEventListeners (
node_modules/jsdom/lib
/jsdom/living/events/E
ventTarget-impl.js:286
:3)
      at EventTargetIm
pl._dispatch (node_mod
ules/jsdom/lib/jsdom/l
iving/events/EventTarg
et-impl.js:233:9)
      at EventTargetIm
pl.dispatchEvent (node
_modules/jsdom/lib/jsd
om/living/events/Event
Target-impl.js:104:17)
      at 
dispatchEvent (node_mo
dules/jsdom/lib/jsdom/
living/generated/Event
Target.js:241:34)
      at 
Object.dispatchEvent (
test/error-handling.te
st.js:425:20)

    console.info
      [RECOVERY] 
Successfully 
recovered from 
webgl_context_lost {
        id: 'error_177
2390511826_gggttbu3t',
        timestamp: '20
26-03-01T18:41:51.826Z
',
        message: 
'WebGL context lost',
        stack: 
'Error: WebGL context 
lost\n' +
          '    at C:\\
Workspace_Melbin\\fun_
websites\\3d_model_vie
wer\\src\\core\\ErrorM
anager.js:123:34\n' +
          '    at call
TheUserObjectsOperatio
n (C:\\Workspace_Melbi
n\\fun_websites\\3d_mo
del_viewer\\node_modul
es\\jsdom\\lib\\jsdom\
\living\\generated\\Ev
entListener.js:26:30)\
n' +
          '    at inne
rInvokeEventListeners 
(C:\\Workspace_Melbin\
\fun_websites\\3d_mode
l_viewer\\node_modules
\\jsdom\\lib\\jsdom\\l
iving\\events\\EventTa
rget-impl.js:350:25)\n
' +
          '    at 
invokeEventListeners (
C:\\Workspace_Melbin\\
fun_websites\\3d_model
_viewer\\node_modules\
\jsdom\\lib\\jsdom\\li
ving\\events\\EventTar
get-impl.js:286:3)\n' 
+
          '    at Even
tTargetImpl._dispatch 
(C:\\Workspace_Melbin\
\fun_websites\\3d_mode
l_viewer\\node_modules
\\jsdom\\lib\\jsdom\\l
iving\\events\\EventTa
rget-impl.js:233:9)\n'
 +
          '    at Even
tTargetImpl.dispatchEv
ent (C:\\Workspace_Mel
bin\\fun_websites\\3d_
model_viewer\\node_mod
ules\\jsdom\\lib\\jsdo
m\\living\\events\\Eve
ntTarget-impl.js:104:1
7)\n' +
          '    at 
dispatchEvent (C:\\Wor
kspace_Melbin\\fun_web
sites\\3d_model_viewer
\\node_modules\\jsdom\
\lib\\jsdom\\living\\g
enerated\\EventTarget.
js:241:34)\n' +
          '    at 
Object.dispatchEvent (
C:\\Workspace_Melbin\\
fun_websites\\3d_model
_viewer\\test\\error-h
andling.test.js:425:20
)\n' +
          '    at Prom
ise.then.completed (C:
\\Workspace_Melbin\\fu
n_websites\\3d_model_v
iewer\\node_modules\\j
est-circus\\build\\uti
ls.js:298:28)\n' +
          '    at new 
Promise 
(<anonymous>)\n' +
          '    at 
callAsyncCircusFn (C:\
\Workspace_Melbin\\fun
_websites\\3d_model_vi
ewer\\node_modules\\je
st-circus\\build\\util
s.js:231:10)\n' +
          '    at 
_callCircusTest (C:\\W
orkspace_Melbin\\fun_w
ebsites\\3d_model_view
er\\node_modules\\jest
-circus\\build\\run.js
:316:40)\n' +
          '    at proc
essTicksAndRejections 
(node:internal/process
/task_queues:105:5)\n'
 +
          '    at 
_runTest (C:\\Workspac
e_Melbin\\fun_websites
\\3d_model_viewer\\nod
e_modules\\jest-circus
\\build\\run.js:252:3)
\n' +
          '    at _run
TestsForDescribeBlock 
(C:\\Workspace_Melbin\
\fun_websites\\3d_mode
l_viewer\\node_modules
\\jest-circus\\build\\
run.js:126:9)\n' +
          '    at _run
TestsForDescribeBlock 
(C:\\Workspace_Melbin\
\fun_websites\\3d_mode
l_viewer\\node_modules
\\jest-circus\\build\\
run.js:121:9)\n' +
          '    at _run
TestsForDescribeBlock 
(C:\\Workspace_Melbin\
\fun_websites\\3d_mode
l_viewer\\node_modules
\\jest-circus\\build\\
run.js:121:9)\n' +
          '    at run 
(C:\\Workspace_Melbin\
\fun_websites\\3d_mode
l_viewer\\node_modules
\\jest-circus\\build\\
run.js:71:3)\n' +
          '    at runA
ndTransformResultsToJe
stFormat (C:\\Workspac
e_Melbin\\fun_websites
\\3d_model_viewer\\nod
e_modules\\jest-circus
\\build\\legacy-code-t
odo-rewrite\\jestAdapt
erInit.js:122:21)\n' +
          '    at 
jestAdapter (C:\\Works
pace_Melbin\\fun_websi
tes\\3d_model_viewer\\
node_modules\\jest-cir
cus\\build\\legacy-cod
e-todo-rewrite\\jestAd
apter.js:79:19)\n' +
          '    at 
runTestInternal (C:\\W
orkspace_Melbin\\fun_w
ebsites\\3d_model_view
er\\node_modules\\jest
-runner\\build\\runTes
t.js:367:16)\n' +
          '    at 
runTest (C:\\Workspace
_Melbin\\fun_websites\
\3d_model_viewer\\node
_modules\\jest-runner\
\build\\runTest.js:444
:34)\n' +
          '    at 
Object.worker (C:\\Wor
kspace_Melbin\\fun_web
sites\\3d_model_viewer
\\node_modules\\jest-r
unner\\build\\testWork
er.js:106:12)',
        type: 
'webgl_context_lost',
        severity: 
'high',
        context: {},
        recovered: 
false,
        userNotified: 
false
      }

      at 
ErrorManager.info [as 
logRecovery] (src/core
/ErrorManager.js:463:1
7)

    console.info
      [RECOVERY] 
Successfully 
recovered from perform
ance_degradation {
        id: 'error_177
2390511829_ju2p4dlsu',
        timestamp: '20
26-03-01T18:41:51.829Z
',
        message: 
'Performance 
degradation detected',
        stack: 
'Error: Performance 
degradation 
detected\n' +
          '    at C:\\
Workspace_Melbin\\fun_
websites\\3d_model_vie
wer\\src\\core\\ErrorM
anager.js:77:30\n' +
          '    at 
callback (C:\\Workspac
e_Melbin\\fun_websites
\\3d_model_viewer\\tes
t\\error-handling.test
.js:24:72)\n' +
          '    at 
Array.forEach 
(<anonymous>)\n' +
          '    at 
Object.forEach [as 
emit] (C:\\Workspace_M
elbin\\fun_websites\\3
d_model_viewer\\test\\
error-handling.test.js
:24:52)\n' +
          '    at 
Object.emit (C:\\Works
pace_Melbin\\fun_websi
tes\\3d_model_viewer\\
test\\error-handling.t
est.js:442:22)\n' +
          '    at Prom
ise.then.completed (C:
\\Workspace_Melbin\\fu
n_websites\\3d_model_v
iewer\\node_modules\\j
est-circus\\build\\uti
ls.js:298:28)\n' +
          '    at new 
Promise 
(<anonymous>)\n' +
          '    at 
callAsyncCircusFn (C:\
\Workspace_Melbin\\fun
_websites\\3d_model_vi
ewer\\node_modules\\je
st-circus\\build\\util
s.js:231:10)\n' +
          '    at 
_callCircusTest (C:\\W
orkspace_Melbin\\fun_w
ebsites\\3d_model_view
er\\node_modules\\jest
-circus\\build\\run.js
:316:40)\n' +
          '    at proc
essTicksAndRejections 
(node:internal/process
/task_queues:105:5)\n'
 +
          '    at 
_runTest (C:\\Workspac
e_Melbin\\fun_websites
\\3d_model_viewer\\nod
e_modules\\jest-circus
\\build\\run.js:252:3)
\n' +
          '    at _run
TestsForDescribeBlock 
(C:\\Workspace_Melbin\
\fun_websites\\3d_mode
l_viewer\\node_modules
\\jest-circus\\build\\
run.js:126:9)\n' +
          '    at _run
TestsForDescribeBlock 
(C:\\Workspace_Melbin\
\fun_websites\\3d_mode
l_viewer\\node_modules
\\jest-circus\\build\\
run.js:121:9)\n' +
          '    at _run
TestsForDescribeBlock 
(C:\\Workspace_Melbin\
\fun_websites\\3d_mode
l_viewer\\node_modules
\\jest-circus\\build\\
run.js:121:9)\n' +
          '    at run 
(C:\\Workspace_Melbin\
\fun_websites\\3d_mode
l_viewer\\node_modules
\\jest-circus\\build\\
run.js:71:3)\n' +
          '    at runA
ndTransformResultsToJe
stFormat (C:\\Workspac
e_Melbin\\fun_websites
\\3d_model_viewer\\nod
e_modules\\jest-circus
\\build\\legacy-code-t
odo-rewrite\\jestAdapt
erInit.js:122:21)\n' +
          '    at 
jestAdapter (C:\\Works
pace_Melbin\\fun_websi
tes\\3d_model_viewer\\
node_modules\\jest-cir
cus\\build\\legacy-cod
e-todo-rewrite\\jestAd
apter.js:79:19)\n' +
          '    at 
runTestInternal (C:\\W
orkspace_Melbin\\fun_w
ebsites\\3d_model_view
er\\node_modules\\jest
-runner\\build\\runTes
t.js:367:16)\n' +
          '    at 
runTest (C:\\Workspace
_Melbin\\fun_websites\
\3d_model_viewer\\node
_modules\\jest-runner\
\build\\runTest.js:444
:34)\n' +
          '    at 
Object.worker (C:\\Wor
kspace_Melbin\\fun_web
sites\\3d_model_viewer
\\node_modules\\jest-r
unner\\build\\testWork
er.js:106:12)',
        type: 'perform
ance_degradation',
        severity: 
'medium',
        context: { 
issues: [ [Object] ] 
},
        recovered: 
false,
        userNotified: 
false
      }

      at 
ErrorManager.info [as 
logRecovery] (src/core
/ErrorManager.js:463:1
7)

    console.info
      [RECOVERY] 
Successfully 
recovered from 
memory_error {
        id: 'error_177
2390511832_0k4eagw8h',
        timestamp: '20
26-03-01T18:41:51.832Z
',
        message: 
'Memory usage 
warning',
        stack: 
'Error: Memory usage 
warning\n' +
          '    at C:\\
Workspace_Melbin\\fun_
websites\\3d_model_vie
wer\\src\\core\\ErrorM
anager.js:85:30\n' +
          '    at 
callback (C:\\Workspac
e_Melbin\\fun_websites
\\3d_model_viewer\\tes
t\\error-handling.test
.js:24:72)\n' +
          '    at 
Array.forEach 
(<anonymous>)\n' +
          '    at 
Object.forEach [as 
emit] (C:\\Workspace_M
elbin\\fun_websites\\3
d_model_viewer\\test\\
error-handling.test.js
:24:52)\n' +
          '    at 
Object.emit (C:\\Works
pace_Melbin\\fun_websi
tes\\3d_model_viewer\\
test\\error-handling.t
est.js:454:22)\n' +
          '    at Prom
ise.then.completed (C:
\\Workspace_Melbin\\fu
n_websites\\3d_model_v
iewer\\node_modules\\j
est-circus\\build\\uti
ls.js:298:28)\n' +
          '    at new 
Promise 
(<anonymous>)\n' +
          '    at 
callAsyncCircusFn (C:\
\Workspace_Melbin\\fun
_websites\\3d_model_vi
ewer\\node_modules\\je
st-circus\\build\\util
s.js:231:10)\n' +
          '    at 
_callCircusTest (C:\\W
orkspace_Melbin\\fun_w
ebsites\\3d_model_view
er\\node_modules\\jest
-circus\\build\\run.js
:316:40)\n' +
          '    at proc
essTicksAndRejections 
(node:internal/process
/task_queues:105:5)\n'
 +
          '    at 
_runTest (C:\\Workspac
e_Melbin\\fun_websites
\\3d_model_viewer\\nod
e_modules\\jest-circus
\\build\\run.js:252:3)
\n' +
          '    at _run
TestsForDescribeBlock 
(C:\\Workspace_Melbin\
\fun_websites\\3d_mode
l_viewer\\node_modules
\\jest-circus\\build\\
run.js:126:9)\n' +
          '    at _run
TestsForDescribeBlock 
(C:\\Workspace_Melbin\
\fun_websites\\3d_mode
l_viewer\\node_modules
\\jest-circus\\build\\
run.js:121:9)\n' +
          '    at _run
TestsForDescribeBlock 
(C:\\Workspace_Melbin\
\fun_websites\\3d_mode
l_viewer\\node_modules
\\jest-circus\\build\\
run.js:121:9)\n' +
          '    at run 
(C:\\Workspace_Melbin\
\fun_websites\\3d_mode
l_viewer\\node_modules
\\jest-circus\\build\\
run.js:71:3)\n' +
          '    at runA
ndTransformResultsToJe
stFormat (C:\\Workspac
e_Melbin\\fun_websites
\\3d_model_viewer\\nod
e_modules\\jest-circus
\\build\\legacy-code-t
odo-rewrite\\jestAdapt
erInit.js:122:21)\n' +
          '    at 
jestAdapter (C:\\Works
pace_Melbin\\fun_websi
tes\\3d_model_viewer\\
node_modules\\jest-cir
cus\\build\\legacy-cod
e-todo-rewrite\\jestAd
apter.js:79:19)\n' +
          '    at 
runTestInternal (C:\\W
orkspace_Melbin\\fun_w
ebsites\\3d_model_view
er\\node_modules\\jest
-runner\\build\\runTes
t.js:367:16)\n' +
          '    at 
runTest (C:\\Workspace
_Melbin\\fun_websites\
\3d_model_viewer\\node
_modules\\jest-runner\
\build\\runTest.js:444
:34)\n' +
          '    at 
Object.worker (C:\\Wor
kspace_Melbin\\fun_web
sites\\3d_model_viewer
\\node_modules\\jest-r
unner\\build\\testWork
er.js:106:12)',
        type: 
'memory_error',
        severity: 
'medium',
        context: { 
usagePercent: 85, 
timestamp: 
1772390511832 },
        recovered: 
false,
        userNotified: 
false
      }

      at 
ErrorManager.info [as 
logRecovery] (src/core
/ErrorManager.js:463:1
7)

FAIL test/analysis/Ana
lysisManager.test.js
  ΓùÅ Test suite 
failed to run

    Jest encountered 
an unexpected token

    Jest failed to 
parse a file. This 
happens e.g. when 
your code or its 
dependencies use 
non-standard 
JavaScript syntax, or 
when Jest is not 
configured to support 
such syntax.

    Out of the box 
Jest supports Babel, 
which will be used to 
transform your files 
into valid JS based 
on your Babel 
configuration.

    By default 
"node_modules" folder 
is ignored by 
transformers.

    Here's what you 
can do:
     ΓÇó If you are 
trying to use 
ECMAScript Modules, 
see https://jestjs.io/
docs/ecmascript-module
s for how to enable 
it.
     ΓÇó If you are 
trying to use 
TypeScript, see https:
//jestjs.io/docs/getti
ng-started#using-types
cript
     ΓÇó To have some 
of your 
"node_modules" files 
transformed, you can 
specify a custom "tran
sformIgnorePatterns" 
in your config.
     ΓÇó If you need 
a custom 
transformation 
specify a "transform" 
option in your config.
     ΓÇó If you 
simply want to mock 
your non-JS modules 
(e.g. binary assets) 
you can stub them out 
with the 
"moduleNameMapper" 
config option.

    You'll find more 
details and examples 
of these config 
options in the docs:
    https://jestjs.io/
docs/configuration
    For information 
about custom 
transformations, see:
    https://jestjs.io/
docs/code-transformati
on

    Details:

    SyntaxError: C:\Wo
rkspace_Melbin\fun_web
sites\3d_model_viewer\
src\ui\MobileGestureMa
nager.js: Missing 
semicolon. (480:20)

    [0m [90m 478 
|[39m [90m     * 
Check if device is 
mobile[39m
     [90m 479 |[39m 
[90m     */[39m
    [31m[1m>[22m[3
9m[90m 480 |[39m    
 isMobileDevice() {
     [90m     |[39m 
                    
[31m[1m^[22m[39m
     [90m 481 |[39m 
        
[36mreturn[39m [35m
/Android|webOS|iPhone|
iPad|iPod|BlackBerry|I
EMobile|Opera Mini/i[
39m[33m.[39mtest(nav
igator[33m.[39muserA
gent)[33m;[39m
     [90m 482 |[39m 
    }
     [90m 483 
|[39m[0m

    [0m [90m  7 
|[39m 
[36mimport[39m { [3
3mKeyboardShortcutMana
ger[39m } 
[36mfrom[39m [32m'.
/KeyboardShortcutManag
er.js'[39m[33m;[39m
     [90m  8 |[39m 
[36mimport[39m { [3
3mOnboardingManager[3
9m } [36mfrom[39m [
32m'./OnboardingManage
r.js'[39m[33m;[39m
    [31m[1m>[22m[3
9m[90m  9 |[39m 
[36mimport[39m { [3
3mMobileGestureManager
[39m } 
[36mfrom[39m [32m'.
/MobileGestureManager.
js'[39m[33m;[39m
     [90m    |[39m 
[31m[1m^[22m[39m
     [90m 10 |[39m 
[36mimport[39m { [3
3mFeatureDiscoveryEngi
ne[39m } 
[36mfrom[39m [32m'.
/FeatureDiscoveryEngin
e.js'[39m[33m;[39m
     [90m 11 |[39m 
[36mimport[39m { [3
3mUXEnhancementsIntegr
ation[39m } 
[36mfrom[39m [32m'.
/UXEnhancementsIntegra
tion.js'[39m[33m;[3
9m
     [90m 12 
|[39m[0m

      at constructor (
node_modules/@babel/pa
rser/src/parse-error.t
s:95:45)
      at 
Parser.toParseError 
[as raise] (node_modul
es/@babel/parser/src/t
okenizer/index.ts:1503
:19)
      at Parser.raise 
[as semicolon] (node_m
odules/@babel/parser/s
rc/parser/util.ts:149:
10)
      at 
Parser.semicolon [as p
arseExpressionStatemen
t] (node_modules/@babe
l/parser/src/parser/st
atement.ts:1358:10)
      at Parser.parseE
xpressionStatement 
[as parseStatementCont
ent] (node_modules/@ba
bel/parser/src/parser/
statement.ts:697:19)
      at Parser.parseS
tatementContent [as 
parseStatementLike] (n
ode_modules/@babel/par
ser/src/parser/stateme
nt.ts:477:17)
      at Parser.parseS
tatementLike [as 
parseModuleItem] (node
_modules/@babel/parser
/src/parser/statement.
ts:414:17)
      at Parser.parseM
oduleItem [as parseBlo
ckOrModuleBlockBody] (
node_modules/@babel/pa
rser/src/parser/statem
ent.ts:1438:16)
      at Parser.parseB
lockOrModuleBlockBody 
[as parseBlockBody] (n
ode_modules/@babel/par
ser/src/parser/stateme
nt.ts:1412:10)
      at 
Parser.parseBlockBody 
[as parseProgram] (nod
e_modules/@babel/parse
r/src/parser/statement
.ts:229:10)
      at 
Parser.parseProgram 
[as parseTopLevel] (no
de_modules/@babel/pars
er/src/parser/statemen
t.ts:203:25)
      at 
Parser.parseTopLevel 
[as parse] (node_modul
es/@babel/parser/src/p
arser/index.ts:93:10)
      at parse (node_m
odules/@babel/parser/s
rc/index.ts:92:38)
      at parser (node_
modules/@babel/core/sr
c/parser/index.ts:28:1
9)
          at 
parser.next 
(<anonymous>)
      at 
normalizeFile (node_mo
dules/@babel/core/src/
transformation/normali
ze-file.ts:49:24)
          at 
normalizeFile.next 
(<anonymous>)
      at run (node_mod
ules/@babel/core/src/t
ransformation/index.ts
:40:36)
          at run.next 
(<anonymous>)
      at transform (no
de_modules/@babel/core
/src/transform.ts:29:2
0)
          at 
transform.next 
(<anonymous>)
      at evaluateSync 
(node_modules/gensync/
index.js:251:28)
      at sync (node_mo
dules/gensync/index.js
:89:14)
      at fn (node_modu
les/@babel/core/src/er
rors/rewrite-stack-tra
ce.ts:99:14)
      at 
transformSync (node_mo
dules/@babel/core/src/
transform.ts:66:52)
      at ScriptTransfo
rmer.transformSource (
node_modules/@jest/tra
nsform/build/ScriptTra
nsformer.js:545:31)
      at ScriptTransfo
rmer._transformAndBuil
dScript (node_modules/
@jest/transform/build/
ScriptTransformer.js:6
74:40)
      at ScriptTransfo
rmer.transform (node_m
odules/@jest/transform
/build/ScriptTransform
er.js:726:19)
      at 
Object.require (src/ui
/UIManager.js:9:1)
      at 
Object.require (src/Mo
delViewer.js:5:1)
      at 
Object.require (test/a
nalysis/AnalysisManage
r.test.js:6:1)

FAIL test/onboarding-m
anager.test.js
  ΓùÅ Console

    console.warn
      Onboarding 
target not found: 
#fileDrop

    [0m [90m 236 
|[39m         
[36mconst[39m 
target [33m=[39m doc
ument[33m.[39mqueryS
elector(step[33m.[39
mtarget)[33m;[39m
     [90m 237 |[39m 
        [36mif[39m 
([33m![39mtarget) {
    [31m[1m>[22m[3
9m[90m 238 |[39m    
         console[33m.
[39mwarn([32m`Onboar
ding target not 
found: ${step.target}`
[39m)[33m;[39m
     [90m     |[39m 
                    
[31m[1m^[22m[39m
     [90m 239 |[39m 
            [36mretur
n[39m[33m;[39m
     [90m 240 |[39m 
        }
     [90m 241 |[39m 
        [0m

      at OnboardingMan
ager.warn [as 
showStep] (src/ui/Onbo
ardingManager.js:238:2
1)
      at OnboardingMan
ager.showStep [as 
startOnboarding] (src/
ui/OnboardingManager.j
s:210:18)
      at OnboardingMan
ager.startOnboarding 
[as start] (src/ui/Onb
oardingManager.js:563:
14)
      at Object.start 
(test/onboarding-manag
er.test.js:115:31)

    console.warn
      Onboarding 
target not found: 
#fileDrop

    [0m [90m 236 
|[39m         
[36mconst[39m 
target [33m=[39m doc
ument[33m.[39mqueryS
elector(step[33m.[39
mtarget)[33m;[39m
     [90m 237 |[39m 
        [36mif[39m 
([33m![39mtarget) {
    [31m[1m>[22m[3
9m[90m 238 |[39m    
         console[33m.
[39mwarn([32m`Onboar
ding target not 
found: ${step.target}`
[39m)[33m;[39m
     [90m     |[39m 
                    
[31m[1m^[22m[39m
     [90m 239 |[39m 
            [36mretur
n[39m[33m;[39m
     [90m 240 |[39m 
        }
     [90m 241 |[39m 
        [0m

      at OnboardingMan
ager.warn [as 
showStep] (src/ui/Onbo
ardingManager.js:238:2
1)
      at OnboardingMan
ager.showStep [as 
startOnboarding] (src/
ui/OnboardingManager.j
s:210:18)
      at OnboardingMan
ager.startOnboarding 
[as start] (src/ui/Onb
oardingManager.js:563:
14)
      at Object.start 
(test/onboarding-manag
er.test.js:125:31)

    console.warn
      Onboarding 
target not found: 
#fileDrop

    [0m [90m 236 
|[39m         
[36mconst[39m 
target [33m=[39m doc
ument[33m.[39mqueryS
elector(step[33m.[39
mtarget)[33m;[39m
     [90m 237 |[39m 
        [36mif[39m 
([33m![39mtarget) {
    [31m[1m>[22m[3
9m[90m 238 |[39m    
         console[33m.
[39mwarn([32m`Onboar
ding target not 
found: ${step.target}`
[39m)[33m;[39m
     [90m     |[39m 
                    
[31m[1m^[22m[39m
     [90m 239 |[39m 
            [36mretur
n[39m[33m;[39m
     [90m 240 |[39m 
        }
     [90m 241 |[39m 
        [0m

      at OnboardingMan
ager.warn [as 
showStep] (src/ui/Onbo
ardingManager.js:238:2
1)
      at OnboardingMan
ager.showStep [as 
startOnboarding] (src/
ui/OnboardingManager.j
s:210:18)
      at OnboardingMan
ager.startOnboarding 
[as start] (src/ui/Onb
oardingManager.js:563:
14)
      at Object.start 
(test/onboarding-manag
er.test.js:133:31)

    console.warn
      Onboarding 
target not found: 
#viewerContainer

    [0m [90m 236 
|[39m         
[36mconst[39m 
target [33m=[39m doc
ument[33m.[39mqueryS
elector(step[33m.[39
mtarget)[33m;[39m
     [90m 237 |[39m 
        [36mif[39m 
([33m![39mtarget) {
    [31m[1m>[22m[3
9m[90m 238 |[39m    
         console[33m.
[39mwarn([32m`Onboar
ding target not 
found: ${step.target}`
[39m)[33m;[39m
     [90m     |[39m 
                    
[31m[1m^[22m[39m
     [90m 239 |[39m 
            [36mretur
n[39m[33m;[39m
     [90m 240 |[39m 
        }
     [90m 241 |[39m 
        [0m

      at OnboardingMan
ager.warn [as 
showStep] (src/ui/Onbo
ardingManager.js:238:2
1)
      at OnboardingMan
ager.showStep [as 
showCurrentStep] (src/
ui/OnboardingManager.j
s:579:18)
      at OnboardingMan
ager.showCurrentStep 
[as nextStep] (src/ui/
OnboardingManager.js:5
89:18)
      at 
Object.nextStep (test/
onboarding-manager.tes
t.js:136:31)

    console.warn
      Onboarding 
target not found: 
#fileDrop

    [0m [90m 236 
|[39m         
[36mconst[39m 
target [33m=[39m doc
ument[33m.[39mqueryS
elector(step[33m.[39
mtarget)[33m;[39m
     [90m 237 |[39m 
        [36mif[39m 
([33m![39mtarget) {
    [31m[1m>[22m[3
9m[90m 238 |[39m    
         console[33m.
[39mwarn([32m`Onboar
ding target not 
found: ${step.target}`
[39m)[33m;[39m
     [90m     |[39m 
                    
[31m[1m^[22m[39m
     [90m 239 |[39m 
            [36mretur
n[39m[33m;[39m
     [90m 240 |[39m 
        }
     [90m 241 |[39m 
        [0m

      at OnboardingMan
ager.warn [as 
showStep] (src/ui/Onbo
ardingManager.js:238:2
1)
      at OnboardingMan
ager.showStep [as 
startOnboarding] (src/
ui/OnboardingManager.j
s:210:18)
      at OnboardingMan
ager.startOnboarding 
[as start] (src/ui/Onb
oardingManager.js:563:
14)
      at Object.start 
(test/onboarding-manag
er.test.js:142:31)

    console.warn
      Onboarding 
target not found: 
#viewerContainer

    [0m [90m 236 
|[39m         
[36mconst[39m 
target [33m=[39m doc
ument[33m.[39mqueryS
elector(step[33m.[39
mtarget)[33m;[39m
     [90m 237 |[39m 
        [36mif[39m 
([33m![39mtarget) {
    [31m[1m>[22m[3
9m[90m 238 |[39m    
         console[33m.
[39mwarn([32m`Onboar
ding target not 
found: ${step.target}`
[39m)[33m;[39m
     [90m     |[39m 
                    
[31m[1m^[22m[39m
     [90m 239 |[39m 
            [36mretur
n[39m[33m;[39m
     [90m 240 |[39m 
        }
     [90m 241 |[39m 
        [0m

      at OnboardingMan
ager.warn [as 
showStep] (src/ui/Onbo
ardingManager.js:238:2
1)
      at OnboardingMan
ager.showStep [as 
showCurrentStep] (src/
ui/OnboardingManager.j
s:579:18)
      at OnboardingMan
ager.showCurrentStep 
[as nextStep] (src/ui/
OnboardingManager.js:5
89:18)
      at 
Object.nextStep (test/
onboarding-manager.tes
t.js:143:31)

    console.warn
      Onboarding 
target not found: 
#fileDrop

    [0m [90m 236 
|[39m         
[36mconst[39m 
target [33m=[39m doc
ument[33m.[39mqueryS
elector(step[33m.[39
mtarget)[33m;[39m
     [90m 237 |[39m 
        [36mif[39m 
([33m![39mtarget) {
    [31m[1m>[22m[3
9m[90m 238 |[39m    
         console[33m.
[39mwarn([32m`Onboar
ding target not 
found: ${step.target}`
[39m)[33m;[39m
     [90m     |[39m 
                    
[31m[1m^[22m[39m
     [90m 239 |[39m 
            [36mretur
n[39m[33m;[39m
     [90m 240 |[39m 
        }
     [90m 241 |[39m 
        [0m

      at OnboardingMan
ager.warn [as 
showStep] (src/ui/Onbo
ardingManager.js:238:2
1)
      at OnboardingMan
ager.showStep [as 
showCurrentStep] (src/
ui/OnboardingManager.j
s:579:18)
      at OnboardingMan
ager.showCurrentStep 
[as previousStep] (src
/ui/OnboardingManager.
js:601:18)
      at 
Object.previousStep (t
est/onboarding-manager
.test.js:146:31)

    console.warn
      Onboarding 
target not found: 
#fileDrop

    [0m [90m 236 
|[39m         
[36mconst[39m 
target [33m=[39m doc
ument[33m.[39mqueryS
elector(step[33m.[39
mtarget)[33m;[39m
     [90m 237 |[39m 
        [36mif[39m 
([33m![39mtarget) {
    [31m[1m>[22m[3
9m[90m 238 |[39m    
         console[33m.
[39mwarn([32m`Onboar
ding target not 
found: ${step.target}`
[39m)[33m;[39m
     [90m     |[39m 
                    
[31m[1m^[22m[39m
     [90m 239 |[39m 
            [36mretur
n[39m[33m;[39m
     [90m 240 |[39m 
        }
     [90m 241 |[39m 
        [0m

      at OnboardingMan
ager.warn [as 
showStep] (src/ui/Onbo
ardingManager.js:238:2
1)
      at OnboardingMan
ager.showStep [as 
startOnboarding] (src/
ui/OnboardingManager.j
s:210:18)
      at OnboardingMan
ager.startOnboarding 
[as start] (src/ui/Onb
oardingManager.js:563:
14)
      at Object.start 
(test/onboarding-manag
er.test.js:152:31)

    console.warn
      Onboarding 
target not found: 
#fileDrop

    [0m [90m 236 
|[39m         
[36mconst[39m 
target [33m=[39m doc
ument[33m.[39mqueryS
elector(step[33m.[39
mtarget)[33m;[39m
     [90m 237 |[39m 
        [36mif[39m 
([33m![39mtarget) {
    [31m[1m>[22m[3
9m[90m 238 |[39m    
         console[33m.
[39mwarn([32m`Onboar
ding target not 
found: ${step.target}`
[39m)[33m;[39m
     [90m     |[39m 
                    
[31m[1m^[22m[39m
     [90m 239 |[39m 
            [36mretur
n[39m[33m;[39m
     [90m 240 |[39m 
        }
     [90m 241 |[39m 
        [0m

      at OnboardingMan
ager.warn [as 
showStep] (src/ui/Onbo
ardingManager.js:238:2
1)
      at OnboardingMan
ager.showStep [as 
startOnboarding] (src/
ui/OnboardingManager.j
s:210:18)
      at OnboardingMan
ager.startOnboarding 
[as start] (src/ui/Onb
oardingManager.js:563:
14)
      at Object.start 
(test/onboarding-manag
er.test.js:159:31)

    console.warn
      Onboarding 
target not found: 
#viewerContainer

    [0m [90m 236 
|[39m         
[36mconst[39m 
target [33m=[39m doc
ument[33m.[39mqueryS
elector(step[33m.[39
mtarget)[33m;[39m
     [90m 237 |[39m 
        [36mif[39m 
([33m![39mtarget) {
    [31m[1m>[22m[3
9m[90m 238 |[39m    
         console[33m.
[39mwarn([32m`Onboar
ding target not 
found: ${step.target}`
[39m)[33m;[39m
     [90m     |[39m 
                    
[31m[1m^[22m[39m
     [90m 239 |[39m 
            [36mretur
n[39m[33m;[39m
     [90m 240 |[39m 
        }
     [90m 241 |[39m 
        [0m

      at OnboardingMan
ager.warn [as 
showStep] (src/ui/Onbo
ardingManager.js:238:2
1)
      at OnboardingMan
ager.showStep [as 
showCurrentStep] (src/
ui/OnboardingManager.j
s:579:18)
      at OnboardingMan
ager.showCurrentStep 
[as nextStep] (src/ui/
OnboardingManager.js:5
89:18)
      at 
Object.nextStep (test/
onboarding-manager.tes
t.js:163:35)

    console.warn
      Onboarding 
target not found: 
#resetCamera

    [0m [90m 236 
|[39m         
[36mconst[39m 
target [33m=[39m doc
ument[33m.[39mqueryS
elector(step[33m.[39
mtarget)[33m;[39m
     [90m 237 |[39m 
        [36mif[39m 
([33m![39mtarget) {
    [31m[1m>[22m[3
9m[90m 238 |[39m    
         console[33m.
[39mwarn([32m`Onboar
ding target not 
found: ${step.target}`
[39m)[33m;[39m
     [90m     |[39m 
                    
[31m[1m^[22m[39m
     [90m 239 |[39m 
            [36mretur
n[39m[33m;[39m
     [90m 240 |[39m 
        }
     [90m 241 |[39m 
        [0m

      at OnboardingMan
ager.warn [as 
showStep] (src/ui/Onbo
ardingManager.js:238:2
1)
      at OnboardingMan
ager.showStep [as 
showCurrentStep] (src/
ui/OnboardingManager.j
s:579:18)
      at OnboardingMan
ager.showCurrentStep 
[as nextStep] (src/ui/
OnboardingManager.js:5
89:18)
      at 
Object.nextStep (test/
onboarding-manager.tes
t.js:163:35)

    console.warn
      Onboarding 
target not found: .acc
ordion-item[data-featu
re="lighting-controls"
]

    [0m [90m 236 
|[39m         
[36mconst[39m 
target [33m=[39m doc
ument[33m.[39mqueryS
elector(step[33m.[39
mtarget)[33m;[39m
     [90m 237 |[39m 
        [36mif[39m 
([33m![39mtarget) {
    [31m[1m>[22m[3
9m[90m 238 |[39m    
         console[33m.
[39mwarn([32m`Onboar
ding target not 
found: ${step.target}`
[39m)[33m;[39m
     [90m     |[39m 
                    
[31m[1m^[22m[39m
     [90m 239 |[39m 
            [36mretur
n[39m[33m;[39m
     [90m 240 |[39m 
        }
     [90m 241 |[39m 
        [0m

      at OnboardingMan
ager.warn [as 
showStep] (src/ui/Onbo
ardingManager.js:238:2
1)
      at OnboardingMan
ager.showStep [as 
showCurrentStep] (src/
ui/OnboardingManager.j
s:579:18)
      at OnboardingMan
ager.showCurrentStep 
[as nextStep] (src/ui/
OnboardingManager.js:5
89:18)
      at 
Object.nextStep (test/
onboarding-manager.tes
t.js:163:35)

    console.warn
      Onboarding 
target not found: 
#modeToggleBtn

    [0m [90m 236 
|[39m         
[36mconst[39m 
target [33m=[39m doc
ument[33m.[39mqueryS
elector(step[33m.[39
mtarget)[33m;[39m
     [90m 237 |[39m 
        [36mif[39m 
([33m![39mtarget) {
    [31m[1m>[22m[3
9m[90m 238 |[39m    
         console[33m.
[39mwarn([32m`Onboar
ding target not 
found: ${step.target}`
[39m)[33m;[39m
     [90m     |[39m 
                    
[31m[1m^[22m[39m
     [90m 239 |[39m 
            [36mretur
n[39m[33m;[39m
     [90m 240 |[39m 
        }
     [90m 241 |[39m 
        [0m

      at OnboardingMan
ager.warn [as 
showStep] (src/ui/Onbo
ardingManager.js:238:2
1)
      at OnboardingMan
ager.showStep [as 
showCurrentStep] (src/
ui/OnboardingManager.j
s:579:18)
      at OnboardingMan
ager.showCurrentStep 
[as nextStep] (src/ui/
OnboardingManager.js:5
89:18)
      at 
Object.nextStep (test/
onboarding-manager.tes
t.js:163:35)

    console.warn
      Onboarding 
target not found: 
#fileDrop

    [0m [90m 236 
|[39m         
[36mconst[39m 
target [33m=[39m doc
ument[33m.[39mqueryS
elector(step[33m.[39
mtarget)[33m;[39m
     [90m 237 |[39m 
        [36mif[39m 
([33m![39mtarget) {
    [31m[1m>[22m[3
9m[90m 238 |[39m    
         console[33m.
[39mwarn([32m`Onboar
ding target not 
found: ${step.target}`
[39m)[33m;[39m
     [90m     |[39m 
                    
[31m[1m^[22m[39m
     [90m 239 |[39m 
            [36mretur
n[39m[33m;[39m
     [90m 240 |[39m 
        }
     [90m 241 |[39m 
        [0m

      at OnboardingMan
ager.warn [as 
showStep] (src/ui/Onbo
ardingManager.js:238:2
1)
      at OnboardingMan
ager.showStep [as 
startOnboarding] (src/
ui/OnboardingManager.j
s:210:18)
      at OnboardingMan
ager.startOnboarding 
[as start] (src/ui/Onb
oardingManager.js:563:
14)
      at Object.start 
(test/onboarding-manag
er.test.js:173:31)

    console.warn
      Onboarding 
target not found: 
#fileDrop

    [0m [90m 236 
|[39m         
[36mconst[39m 
target [33m=[39m doc
ument[33m.[39mqueryS
elector(step[33m.[39
mtarget)[33m;[39m
     [90m 237 |[39m 
        [36mif[39m 
([33m![39mtarget) {
    [31m[1m>[22m[3
9m[90m 238 |[39m    
         console[33m.
[39mwarn([32m`Onboar
ding target not 
found: ${step.target}`
[39m)[33m;[39m
     [90m     |[39m 
                    
[31m[1m^[22m[39m
     [90m 239 |[39m 
            [36mretur
n[39m[33m;[39m
     [90m 240 |[39m 
        }
     [90m 241 |[39m 
        [0m

      at OnboardingMan
ager.warn [as 
showStep] (src/ui/Onbo
ardingManager.js:238:2
1)
      at OnboardingMan
ager.showStep [as 
startOnboarding] (src/
ui/OnboardingManager.j
s:210:18)
      at OnboardingMan
ager.startOnboarding 
[as start] (src/ui/Onb
oardingManager.js:563:
14)
      at Object.start 
(test/onboarding-manag
er.test.js:186:31)

    console.warn
      Onboarding 
target not found: 
#fileDrop

    [0m [90m 236 
|[39m         
[36mconst[39m 
target [33m=[39m doc
ument[33m.[39mqueryS
elector(step[33m.[39
mtarget)[33m;[39m
     [90m 237 |[39m 
        [36mif[39m 
([33m![39mtarget) {
    [31m[1m>[22m[3
9m[90m 238 |[39m    
         console[33m.
[39mwarn([32m`Onboar
ding target not 
found: ${step.target}`
[39m)[33m;[39m
     [90m     |[39m 
                    
[31m[1m^[22m[39m
     [90m 239 |[39m 
            [36mretur
n[39m[33m;[39m
     [90m 240 |[39m 
        }
     [90m 241 |[39m 
        [0m

      at OnboardingMan
ager.warn [as 
showStep] (src/ui/Onbo
ardingManager.js:238:2
1)
      at OnboardingMan
ager.showStep [as 
startOnboarding] (src/
ui/OnboardingManager.j
s:210:18)
      at OnboardingMan
ager.startOnboarding 
[as start] (src/ui/Onb
oardingManager.js:563:
14)
      at Object.start 
(test/onboarding-manag
er.test.js:340:31)

    console.warn
      Onboarding 
target not found: 
#fileDrop

    [0m [90m 236 
|[39m         
[36mconst[39m 
target [33m=[39m doc
ument[33m.[39mqueryS
elector(step[33m.[39
mtarget)[33m;[39m
     [90m 237 |[39m 
        [36mif[39m 
([33m![39mtarget) {
    [31m[1m>[22m[3
9m[90m 238 |[39m    
         console[33m.
[39mwarn([32m`Onboar
ding target not 
found: ${step.target}`
[39m)[33m;[39m
     [90m     |[39m 
                    
[31m[1m^[22m[39m
     [90m 239 |[39m 
            [36mretur
n[39m[33m;[39m
     [90m 240 |[39m 
        }
     [90m 241 |[39m 
        [0m

      at OnboardingMan
ager.warn [as 
showStep] (src/ui/Onbo
ardingManager.js:238:2
1)
      at OnboardingMan
ager.showStep [as 
startOnboarding] (src/
ui/OnboardingManager.j
s:210:18)
      at OnboardingMan
ager.startOnboarding 
[as start] (src/ui/Onb
oardingManager.js:563:
14)
      at Object.start 
(test/onboarding-manag
er.test.js:352:31)

    console.warn
      Onboarding 
target not found: 
#fileDrop

    [0m [90m 236 
|[39m         
[36mconst[39m 
target [33m=[39m doc
ument[33m.[39mqueryS
elector(step[33m.[39
mtarget)[33m;[39m
     [90m 237 |[39m 
        [36mif[39m 
([33m![39mtarget) {
    [31m[1m>[22m[3
9m[90m 238 |[39m    
         console[33m.
[39mwarn([32m`Onboar
ding target not 
found: ${step.target}`
[39m)[33m;[39m
     [90m     |[39m 
                    
[31m[1m^[22m[39m
     [90m 239 |[39m 
            [36mretur
n[39m[33m;[39m
     [90m 240 |[39m 
        }
     [90m 241 |[39m 
        [0m

      at OnboardingMan
ager.warn [as 
showStep] (src/ui/Onbo
ardingManager.js:238:2
1)
      at OnboardingMan
ager.showStep [as 
startOnboarding] (src/
ui/OnboardingManager.j
s:210:18)
      at OnboardingMan
ager.startOnboarding 
[as start] (src/ui/Onb
oardingManager.js:563:
14)
      at Object.start 
(test/onboarding-manag
er.test.js:361:31)

    console.warn
      Onboarding 
target not found: 
#fileDrop

    [0m [90m 236 
|[39m         
[36mconst[39m 
target [33m=[39m doc
ument[33m.[39mqueryS
elector(step[33m.[39
mtarget)[33m;[39m
     [90m 237 |[39m 
        [36mif[39m 
([33m![39mtarget) {
    [31m[1m>[22m[3
9m[90m 238 |[39m    
         console[33m.
[39mwarn([32m`Onboar
ding target not 
found: ${step.target}`
[39m)[33m;[39m
     [90m     |[39m 
                    
[31m[1m^[22m[39m
     [90m 239 |[39m 
            [36mretur
n[39m[33m;[39m
     [90m 240 |[39m 
        }
     [90m 241 |[39m 
        [0m

      at OnboardingMan
ager.warn [as 
showStep] (src/ui/Onbo
ardingManager.js:238:2
1)
      at OnboardingMan
ager.showStep [as 
startOnboarding] (src/
ui/OnboardingManager.j
s:210:18)
      at OnboardingMan
ager.startOnboarding 
[as start] (src/ui/Onb
oardingManager.js:563:
14)
      at Object.start 
(test/onboarding-manag
er.test.js:373:31)

    console.warn
      Onboarding 
target not found: 
#fileDrop

    [0m [90m 236 
|[39m         
[36mconst[39m 
target [33m=[39m doc
ument[33m.[39mqueryS
elector(step[33m.[39
mtarget)[33m;[39m
     [90m 237 |[39m 
        [36mif[39m 
([33m![39mtarget) {
    [31m[1m>[22m[3
9m[90m 238 |[39m    
         console[33m.
[39mwarn([32m`Onboar
ding target not 
found: ${step.target}`
[39m)[33m;[39m
     [90m     |[39m 
                    
[31m[1m^[22m[39m
     [90m 239 |[39m 
            [36mretur
n[39m[33m;[39m
     [90m 240 |[39m 
        }
     [90m 241 |[39m 
        [0m

      at OnboardingMan
ager.warn [as 
showStep] (src/ui/Onbo
ardingManager.js:238:2
1)
      at OnboardingMan
ager.showStep [as 
startOnboarding] (src/
ui/OnboardingManager.j
s:210:18)
      at OnboardingMan
ager.startOnboarding 
[as start] (src/ui/Onb
oardingManager.js:563:
14)
      at Object.start 
(test/onboarding-manag
er.test.js:401:31)

    console.warn
      Onboarding 
target not found: 
#fileDrop

    [0m [90m 236 
|[39m         
[36mconst[39m 
target [33m=[39m doc
ument[33m.[39mqueryS
elector(step[33m.[39
mtarget)[33m;[39m
     [90m 237 |[39m 
        [36mif[39m 
([33m![39mtarget) {
    [31m[1m>[22m[3
9m[90m 238 |[39m    
         console[33m.
[39mwarn([32m`Onboar
ding target not 
found: ${step.target}`
[39m)[33m;[39m
     [90m     |[39m 
                    
[31m[1m^[22m[39m
     [90m 239 |[39m 
            [36mretur
n[39m[33m;[39m
     [90m 240 |[39m 
        }
     [90m 241 |[39m 
        [0m

      at OnboardingMan
ager.warn [as 
showStep] (src/ui/Onbo
ardingManager.js:238:2
1)
      at OnboardingMan
ager.showStep [as 
startOnboarding] (src/
ui/OnboardingManager.j
s:210:18)
      at OnboardingMan
ager.startOnboarding 
[as start] (src/ui/Onb
oardingManager.js:563:
14)
      at Object.start 
(test/onboarding-manag
er.test.js:409:31)

    console.warn
      Onboarding 
target not found: 
#fileDrop

    [0m [90m 236 
|[39m         
[36mconst[39m 
target [33m=[39m doc
ument[33m.[39mqueryS
elector(step[33m.[39
mtarget)[33m;[39m
     [90m 237 |[39m 
        [36mif[39m 
([33m![39mtarget) {
    [31m[1m>[22m[3
9m[90m 238 |[39m    
         console[33m.
[39mwarn([32m`Onboar
ding target not 
found: ${step.target}`
[39m)[33m;[39m
     [90m     |[39m 
                    
[31m[1m^[22m[39m
     [90m 239 |[39m 
            [36mretur
n[39m[33m;[39m
     [90m 240 |[39m 
        }
     [90m 241 |[39m 
        [0m

      at OnboardingMan
ager.warn [as 
showStep] (src/ui/Onbo
ardingManager.js:238:2
1)
      at OnboardingMan
ager.showStep [as 
startOnboarding] (src/
ui/OnboardingManager.j
s:210:18)
      at OnboardingMan
ager.startOnboarding 
[as start] (src/ui/Onb
oardingManager.js:563:
14)
      at Object.start 
(test/onboarding-manag
er.test.js:421:31)

    console.warn
      Onboarding 
target not found: 
#fileDrop

    [0m [90m 236 
|[39m         
[36mconst[39m 
target [33m=[39m doc
ument[33m.[39mqueryS
elector(step[33m.[39
mtarget)[33m;[39m
     [90m 237 |[39m 
        [36mif[39m 
([33m![39mtarget) {
    [31m[1m>[22m[3
9m[90m 238 |[39m    
         console[33m.
[39mwarn([32m`Onboar
ding target not 
found: ${step.target}`
[39m)[33m;[39m
     [90m     |[39m 
                    
[31m[1m^[22m[39m
     [90m 239 |[39m 
            [36mretur
n[39m[33m;[39m
     [90m 240 |[39m 
        }
     [90m 241 |[39m 
        [0m

      at OnboardingMan
ager.warn [as 
showStep] (src/ui/Onbo
ardingManager.js:238:2
1)
      at OnboardingMan
ager.showStep [as 
startOnboarding] (src/
ui/OnboardingManager.j
s:210:18)
      at OnboardingMan
ager.startOnboarding 
[as start] (src/ui/Onb
oardingManager.js:563:
14)
      at Object.start 
(test/onboarding-manag
er.test.js:441:31)

    console.warn
      Onboarding 
target not found: 
#fileDrop

    [0m [90m 236 
|[39m         
[36mconst[39m 
target [33m=[39m doc
ument[33m.[39mqueryS
elector(step[33m.[39
mtarget)[33m;[39m
     [90m 237 |[39m 
        [36mif[39m 
([33m![39mtarget) {
    [31m[1m>[22m[3
9m[90m 238 |[39m    
         console[33m.
[39mwarn([32m`Onboar
ding target not 
found: ${step.target}`
[39m)[33m;[39m
     [90m     |[39m 
                    
[31m[1m^[22m[39m
     [90m 239 |[39m 
            [36mretur
n[39m[33m;[39m
     [90m 240 |[39m 
        }
     [90m 241 |[39m 
        [0m

      at OnboardingMan
ager.warn [as 
showStep] (src/ui/Onbo
ardingManager.js:238:2
1)
      at OnboardingMan
ager.showStep [as 
startOnboarding] (src/
ui/OnboardingManager.j
s:210:18)
      at OnboardingMan
ager.startOnboarding 
[as start] (src/ui/Onb
oardingManager.js:563:
14)
      at Object.start 
(test/onboarding-manag
er.test.js:449:31)

    console.warn
      Element not 
found: 
non-existent-element

    [0m [90m 465 
|[39m         
[36mconst[39m 
element [33m=[39m do
cument[33m.[39mgetEl
ementById(elementId) 
[33m||[39m document
[33m.[39mquerySelecto
r(elementId)[33m;[39
m
     [90m 466 |[39m 
        [36mif[39m 
([33m![39melement) {
    [31m[1m>[22m[3
9m[90m 467 |[39m    
         console[33m.
[39mwarn([32m`Elemen
t not found: ${element
Id}`[39m)[33m;[39m
     [90m     |[39m 
                    
[31m[1m^[22m[39m
     [90m 468 |[39m 
            [36mretur
n[39m[33m;[39m
     [90m 469 |[39m 
        }
     [90m 470 
|[39m[0m

      at OnboardingMan
ager.warn [as 
showTooltip] (src/ui/O
nboardingManager.js:46
7:21)
      at showTooltip (
test/onboarding-manage
r.test.js:460:35)
      at 
Object.<anonymous> (no
de_modules/expect/buil
d/toThrowMatchers.js:7
4:11)
      at Object.throwi
ngMatcher [as 
toThrow] (node_modules
/expect/build/index.js
:320:21)
      at 
Object.toThrow (test/o
nboarding-manager.test
.js:461:20)

    console.warn
      Onboarding 
target not found: 
#fileDrop

    [0m [90m 236 
|[39m         
[36mconst[39m 
target [33m=[39m doc
ument[33m.[39mqueryS
elector(step[33m.[39
mtarget)[33m;[39m
     [90m 237 |[39m 
        [36mif[39m 
([33m![39mtarget) {
    [31m[1m>[22m[3
9m[90m 238 |[39m    
         console[33m.
[39mwarn([32m`Onboar
ding target not 
found: ${step.target}`
[39m)[33m;[39m
     [90m     |[39m 
                    
[31m[1m^[22m[39m
     [90m 239 |[39m 
            [36mretur
n[39m[33m;[39m
     [90m 240 |[39m 
        }
     [90m 241 |[39m 
        [0m

      at OnboardingMan
ager.warn [as 
showStep] (src/ui/Onbo
ardingManager.js:238:2
1)
      at OnboardingMan
ager.showStep [as 
startOnboarding] (src/
ui/OnboardingManager.j
s:210:18)
      at OnboardingMan
ager.startOnboarding 
[as start] (src/ui/Onb
oardingManager.js:563:
14)
      at start (test/o
nboarding-manager.test
.js:481:35)
      at 
Object.<anonymous> (no
de_modules/expect/buil
d/toThrowMatchers.js:7
4:11)
      at Object.throwi
ngMatcher [as 
toThrow] (node_modules
/expect/build/index.js
:320:21)
      at 
Object.toThrow (test/o
nboarding-manager.test
.js:485:20)

  ΓùÅ 
OnboardingManager ΓÇ║ 
Initialization ΓÇ║ 
should initialize 
with correct default 
values

    expect(received).t
oBe(expected) // 
Object.is equality

    Expected: false
    Received: 
undefined

    [0m [90m 60 
|[39m             exp
ect(onboardingManager
[33m.[39minitialized)
[33m.[39mtoBe([36mt
rue[39m)[33m;[39m
     [90m 61 |[39m  
           expect(onbo
ardingManager[33m.[3
9mcurrentStep)[33m.[
39mtoBe([35m0[39m)[
33m;[39m
    [31m[1m>[22m[3
9m[90m 62 |[39m     
        expect(onboard
ingManager[33m.[39mi
sActive)[33m.[39mtoB
e([36mfalse[39m)[33
m;[39m
     [90m    |[39m  
                      
                      
  [31m[1m^[22m[39m
     [90m 63 |[39m  
       })[33m;[39m
     [90m 64 |[39m
     [90m 65 |[39m  
       
test([32m'should 
load user progress 
from localStorage'[39
m[33m,[39m () 
[33m=>[39m {[0m

      at Object.toBe (
test/onboarding-manage
r.test.js:62:48)

  ΓùÅ 
OnboardingManager ΓÇ║ 
Initialization ΓÇ║ 
should load user 
progress from 
localStorage

    expect(received).t
oContain(expected) // 
indexOf

    Matcher error: 
received value must 
not be null nor 
undefined

    Received has 
value: undefined

    [0m [90m 71 
|[39m
     [90m 72 |[39m  
           
[36mconst[39m 
newManager 
[33m=[39m 
[36mnew[39m [33mOnb
oardingManager[39m(mo
ckCore)[33m;[39m
    [31m[1m>[22m[3
9m[90m 73 |[39m     
        expect(newMana
ger[33m.[39muserProg
ress[33m.[39mcomplet
edSteps)[33m.[39mtoC
ontain([32m'welcome'
[39m)[33m;[39m
     [90m    |[39m  
                      
                      
              
[31m[1m^[22m[39m
     [90m 74 |[39m  
           expect(newM
anager[33m.[39muserP
rogress[33m.[39mcomp
letedSteps)[33m.[39m
toContain([32m'load-m
odel'[39m)[33m;[39m
     [90m 75 |[39m  
       })[33m;[39m
     [90m 76 
|[39m[0m

      at 
Object.toContain (test
/onboarding-manager.te
st.js:73:60)

  ΓùÅ 
OnboardingManager ΓÇ║ 
Initialization ΓÇ║ 
should create overlay 
container in DOM

    expect(received).t
oBeTruthy()

    Received: null

    [0m [90m 77 
|[39m         
test([32m'should 
create overlay 
container in 
DOM'[39m[33m,[39m 
() [33m=>[39m {
     [90m 78 |[39m  
           
[36mconst[39m 
overlay [33m=[39m do
cument[33m.[39mquery
Selector([32m'.onboar
ding-overlay'[39m)[3
3m;[39m
    [31m[1m>[22m[3
9m[90m 79 |[39m     
        expect(overlay
)[33m.[39mtoBeTruthy
()[33m;[39m
     [90m    |[39m  
                      
     
[31m[1m^[22m[39m
     [90m 80 |[39m  
       })[33m;[39m
     [90m 81 |[39m
     [90m 82 |[39m  
       
test([32m'should 
register event listene
rs'[39m[33m,[39m 
() [33m=>[39m {[0m

      at 
Object.toBeTruthy (tes
t/onboarding-manager.t
est.js:79:29)

  ΓùÅ 
OnboardingManager ΓÇ║ 
Initialization ΓÇ║ 
should register event 
listeners

    expect(received).t
oBe(expected) // 
Object.is equality

    Expected: true
    Received: false

    [0m [90m 81 
|[39m
     [90m 82 |[39m  
       
test([32m'should 
register event listene
rs'[39m[33m,[39m 
() [33m=>[39m {
    [31m[1m>[22m[3
9m[90m 83 |[39m     
        expect(mockCor
e[33m.[39meventListe
ners[33m.[39mhas([3
2m'modelLoaded'[39m))
[33m.[39mtoBe([36mt
rue[39m)[33m;[39m
     [90m    |[39m  
                      
                      
                  
[31m[1m^[22m[39m
     [90m 84 |[39m  
           expect(mock
Core[33m.[39meventLi
steners[33m.[39mhas(
[32m'featureUsed'[39
m))[33m.[39mtoBe([3
6mtrue[39m)[33m;[39
m
     [90m 85 |[39m  
       })[33m;[39m
     [90m 86 |[39m  
   })[33m;[39m[0m

      at Object.toBe (
test/onboarding-manage
r.test.js:83:64)

  ΓùÅ 
OnboardingManager ΓÇ║ 
First-Time User 
Detection ΓÇ║ should 
detect returning user

    expect(received).t
oBe(expected) // 
Object.is equality

    Expected: false
    Received: true

    [0m [90m  96 
|[39m             loc
alStorage[33m.[39mse
tItem([32m'onboarding
_completed'[39m[33m,
[39m [32m'true'[39m
)[33m;[39m
     [90m  97 |[39m 
            
[36mconst[39m 
isFirstTime 
[33m=[39m onboarding
Manager[33m.[39misFi
rstTimeUser()[33m;[3
9m
    [31m[1m>[22m[3
9m[90m  98 |[39m    
         expect(isFirs
tTime)[33m.[39mtoBe(
[36mfalse[39m)[33m;
[39m
     [90m     |[39m 
                      
          
[31m[1m^[22m[39m
     [90m  99 |[39m 
        })[33m;[39m
     [90m 100 |[39m
     [90m 101 |[39m 
        
test([32m'should 
auto-start onboarding 
for first-time users'
[39m[33m,[39m 
[36masync[39m () 
[33m=>[39m {[0m

      at Object.toBe (
test/onboarding-manage
r.test.js:98:33)

  ΓùÅ 
OnboardingManager ΓÇ║ 
Onboarding Flow ΓÇ║ 
should start 
onboarding flow

    expect(received).t
oBe(expected) // 
Object.is equality

    Expected: true
    Received: 
undefined

    [0m [90m 115 
|[39m             onb
oardingManager[33m.[
39mstart()[33m;[39m
     [90m 116 |[39m 
            
    [31m[1m>[22m[3
9m[90m 117 |[39m    
         expect(onboar
dingManager[33m.[39m
isActive)[33m.[39mto
Be([36mtrue[39m)[33
m;[39m
     [90m     |[39m 
                      
                      
   
[31m[1m^[22m[39m
     [90m 118 |[39m 
            expect(onb
oardingManager[33m.[
39mcurrentStep)[33m.
[39mtoBe([35m0[39m)
[33m;[39m
     [90m 119 |[39m 
            
     [90m 120 |[39m 
            
[36mconst[39m 
overlay [33m=[39m do
cument[33m.[39mquery
Selector([32m'.onboar
ding-overlay'[39m)[3
3m;[39m[0m

      at Object.toBe (
test/onboarding-manage
r.test.js:117:48)

  ΓùÅ 
OnboardingManager ΓÇ║ 
Onboarding Flow ΓÇ║ 
should show welcome 
step

    expect(received).t
oBeTruthy()

    Received: null

    [0m [90m 126 
|[39m             
     [90m 127 |[39m 
            
[36mconst[39m 
tooltip [33m=[39m do
cument[33m.[39mquery
Selector([32m'.onboar
ding-tooltip'[39m)[3
3m;[39m
    [31m[1m>[22m[3
9m[90m 128 |[39m    
         expect(toolti
p)[33m.[39mtoBeTruth
y()[33m;[39m
     [90m     |[39m 
                      
      
[31m[1m^[22m[39m
     [90m 129 |[39m 
            expect(too
ltip[33m.[39mtextCon
tent)[33m.[39mtoCont
ain([32m'Welcome'[39
m)[33m;[39m
     [90m 130 |[39m 
        })[33m;[39m
     [90m 131 
|[39m[0m

      at 
Object.toBeTruthy (tes
t/onboarding-manager.t
est.js:128:29)

  ΓùÅ 
OnboardingManager ΓÇ║ 
Onboarding Flow ΓÇ║ 
should complete 
onboarding at final 
step

    expect(received).t
oBe(expected) // 
Object.is equality

    Expected: false
    Received: 
undefined

    [0m [90m 166 
|[39m             onb
oardingManager[33m.[
39mnextStep()[33m;[3
9m
     [90m 167 |[39m 
            
    [31m[1m>[22m[3
9m[90m 168 |[39m    
         expect(onboar
dingManager[33m.[39m
isActive)[33m.[39mto
Be([36mfalse[39m)[3
3m;[39m
     [90m     |[39m 
                      
                      
   
[31m[1m^[22m[39m
     [90m 169 |[39m 
            expect(loc
alStorage[33m.[39mge
tItem([32m'onboarding
_completed'[39m))[33
m.[39mtoBe([32m'true
'[39m)[33m;[39m
     [90m 170 |[39m 
        })[33m;[39m
     [90m 171 
|[39m[0m

      at Object.toBe (
test/onboarding-manage
r.test.js:168:48)

  ΓùÅ 
OnboardingManager ΓÇ║ 
Onboarding Flow ΓÇ║ 
should skip onboarding

    expect(received).t
oBe(expected) // 
Object.is equality

    Expected: false
    Received: 
undefined

    [0m [90m 174 
|[39m             onb
oardingManager[33m.[
39mskip()[33m;[39m
     [90m 175 |[39m 
            
    [31m[1m>[22m[3
9m[90m 176 |[39m    
         expect(onboar
dingManager[33m.[39m
isActive)[33m.[39mto
Be([36mfalse[39m)[3
3m;[39m
     [90m     |[39m 
                      
                      
   
[31m[1m^[22m[39m
     [90m 177 |[39m 
            expect(onb
oardingManager[33m.[
39muserProgress[33m.
[39mskipped)[33m.[39
mtoBe([36mtrue[39m)
[33m;[39m
     [90m 178 |[39m 
        })[33m;[39m
     [90m 179 
|[39m[0m

      at Object.toBe (
test/onboarding-manage
r.test.js:176:48)

  ΓùÅ 
OnboardingManager ΓÇ║ 
Onboarding Flow ΓÇ║ 
should emit events 
during flow

    expect(received).t
oBe(expected) // 
Object.is equality

    Expected: true
    Received: false

    [0m [90m 185 
|[39m             
     [90m 186 |[39m 
            onboarding
Manager[33m.[39mstar
t()[33m;[39m
    [31m[1m>[22m[3
9m[90m 187 |[39m    
         expect(eventE
mitted)[33m.[39mtoBe
([36mtrue[39m)[33m;
[39m
     [90m     |[39m 
                      
           
[31m[1m^[22m[39m
     [90m 188 |[39m 
        })[33m;[39m
     [90m 189 |[39m 
    })[33m;[39m
     [90m 190 
|[39m[0m

      at Object.toBe (
test/onboarding-manage
r.test.js:187:34)

  ΓùÅ 
OnboardingManager ΓÇ║ 
Progressive Feature 
Discovery ΓÇ║ should 
track feature usage

    TypeError: Cannot 
read properties of 
undefined (reading 
'has')

    [0m [90m 254 
|[39m             onb
oardingManager[33m.[
39mtrackFeatureUsage(
[32m'camera-controls'
[39m)[33m;[39m
     [90m 255 |[39m 
            
    [31m[1m>[22m[3
9m[90m 256 |[39m    
         expect(onboar
dingManager[33m.[39m
featureUsage[33m.[39
mhas([32m'camera-cont
rols'[39m))[33m.[39
mtoBe([36mtrue[39m)
[33m;[39m
     [90m     |[39m 
                      
                      
      
[31m[1m^[22m[39m
     [90m 257 |[39m 
            expect(onb
oardingManager[33m.[
39mfeatureUsage[33m.
[39m[36mget[39m([32
m'camera-controls'[39
m))[33m.[39mtoBe([3
5m1[39m)[33m;[39m
     [90m 258 |[39m 
        })[33m;[39m
     [90m 259 
|[39m[0m

      at Object.has (t
est/onboarding-manager
.test.js:256:51)

  ΓùÅ 
OnboardingManager ΓÇ║ 
Progressive Feature 
Discovery ΓÇ║ should 
increment usage count

    TypeError: Cannot 
read properties of 
undefined (reading 
'get')

    [0m [90m 262 
|[39m             onb
oardingManager[33m.[
39mtrackFeatureUsage(
[32m'camera-controls'
[39m)[33m;[39m
     [90m 263 |[39m 
            
    [31m[1m>[22m[3
9m[90m 264 |[39m    
         expect(onboar
dingManager[33m.[39m
featureUsage[33m.[39
m[36mget[39m([32m'c
amera-controls'[39m))
[33m.[39mtoBe([35m2
[39m)[33m;[39m
     [90m     |[39m 
                      
                      
      
[31m[1m^[22m[39m
     [90m 265 |[39m 
        })[33m;[39m
     [90m 266 |[39m
     [90m 267 |[39m 
        
test([32m'should 
suggest next feature 
based on usage'[39m[
33m,[39m () 
[33m=>[39m {[0m

      at Object.get (t
est/onboarding-manager
.test.js:264:51)

  ΓùÅ 
OnboardingManager ΓÇ║ 
Progressive Feature 
Discovery ΓÇ║ should 
not suggest already 
used features

    TypeError: Cannot 
read properties of 
undefined (reading 
'forEach')

    [0m [90m 277 
|[39m         
test([32m'should not 
suggest already used f
eatures'[39m[33m,[3
9m () [33m=>[39m {
     [90m 278 |[39m 
            [90m// 
Mark all features as 
used[39m
    [31m[1m>[22m[3
9m[90m 279 |[39m    
         onboardingMan
ager[33m.[39madvance
dFeatures[33m.[39mfo
rEach(feature 
[33m=>[39m {
     [90m     |[39m 
                      
                      
   
[31m[1m^[22m[39m
     [90m 280 |[39m 
                onboar
dingManager[33m.[39m
trackFeatureUsage(feat
ure[33m.[39mid)[33m
;[39m
     [90m 281 |[39m 
            
})[33m;[39m
     [90m 282 |[39m 
            [0m

      at 
Object.forEach (test/o
nboarding-manager.test
.js:279:48)

  ΓùÅ 
OnboardingManager ΓÇ║ 
Progressive Feature 
Discovery ΓÇ║ should 
show feature hint

    expect(received).t
oBeTruthy()

    Received: null

    [0m [90m 300 
|[39m             
     [90m 301 |[39m 
            
[36mconst[39m hint 
[33m=[39m document[
33m.[39mquerySelector
([32m'.feature-hint'
[39m)[33m;[39m
    [31m[1m>[22m[3
9m[90m 302 |[39m    
         expect(hint)
[33m.[39mtoBeTruthy()
[33m;[39m
     [90m     |[39m 
                      
   
[31m[1m^[22m[39m
     [90m 303 |[39m 
        })[33m;[39m
     [90m 304 |[39m 
    })[33m;[39m
     [90m 305 
|[39m[0m

      at 
Object.toBeTruthy (tes
t/onboarding-manager.t
est.js:302:26)

  ΓùÅ 
OnboardingManager ΓÇ║ 
User Progress 
Tracking ΓÇ║ should 
save progress to 
localStorage

    TypeError: Cannot 
read properties of 
undefined (reading 
'push')

    [0m [90m 306 
|[39m     
describe([32m'User 
Progress Tracking'[39
m[33m,[39m () 
[33m=>[39m {
     [90m 307 |[39m 
        
test([32m'should 
save progress to local
Storage'[39m[33m,[3
9m () [33m=>[39m {
    [31m[1m>[22m[3
9m[90m 308 |[39m    
         onboardingMan
ager[33m.[39muserPro
gress[33m.[39mcomple
tedSteps[33m.[39mpus
h([32m'welcome'[39m)
[33m;[39m
     [90m     |[39m 
                      
                      
              
[31m[1m^[22m[39m
     [90m 309 |[39m 
            onboarding
Manager[33m.[39msave
Progress()[33m;[39m
     [90m 310 |[39m 
            
     [90m 311 |[39m 
            
[36mconst[39m saved 
[33m=[39m [33mJSON
[39m[33m.[39mparse(l
ocalStorage[33m.[39m
getItem([32m'onboardi
ng_progress'[39m))[3
3m;[39m[0m

      at Object.push (
test/onboarding-manage
r.test.js:308:59)

  ΓùÅ 
OnboardingManager ΓÇ║ 
User Progress 
Tracking ΓÇ║ should 
mark step as completed

    expect(received).t
oContain(expected) // 
indexOf

    Matcher error: 
received value must 
not be null nor 
undefined

    Received has 
value: undefined

    [0m [90m 316 
|[39m             onb
oardingManager[33m.[
39mmarkStepCompleted(
[32m'load-model'[39m)
[33m;[39m
     [90m 317 |[39m 
            
    [31m[1m>[22m[3
9m[90m 318 |[39m    
         expect(onboar
dingManager[33m.[39m
userProgress[33m.[39
mcompletedSteps)[33m.
[39mtoContain([32m'l
oad-model'[39m)[33m;
[39m
     [90m     |[39m 
                      
                      
                      
[31m[1m^[22m[39m
     [90m 319 |[39m 
        })[33m;[39m
     [90m 320 |[39m
     [90m 321 |[39m 
        
test([32m'should 
check if step is compl
eted'[39m[33m,[39m 
() [33m=>[39m {[0m

      at 
Object.toContain (test
/onboarding-manager.te
st.js:318:67)

  ΓùÅ 
OnboardingManager ΓÇ║ 
Interactive Elements 
ΓÇ║ should handle 
button clicks

    expect(received).t
oBeTruthy()

    Received: null

    [0m [90m 341 
|[39m             
     [90m 342 |[39m 
            
[36mconst[39m 
nextButton 
[33m=[39m document[
33m.[39mquerySelector
([32m'.onboarding-nex
t'[39m)[33m;[39m
    [31m[1m>[22m[3
9m[90m 343 |[39m    
         expect(nextBu
tton)[33m.[39mtoBeTr
uthy()[33m;[39m
     [90m     |[39m 
                      
         
[31m[1m^[22m[39m
     [90m 344 |[39m 
            
     [90m 345 |[39m 
            
[36mconst[39m 
initialStep 
[33m=[39m onboarding
Manager[33m.[39mcurr
entStep[33m;[39m
     [90m 346 |[39m 
            nextButton
[33m.[39mclick()[33
m;[39m[0m

      at 
Object.toBeTruthy (tes
t/onboarding-manager.t
est.js:343:32)

  ΓùÅ 
OnboardingManager ΓÇ║ 
Interactive Elements 
ΓÇ║ should handle 
skip button

    TypeError: Cannot 
read properties of 
null (reading 'click')

    [0m [90m 353 
|[39m             
     [90m 354 |[39m 
            
[36mconst[39m 
skipButton 
[33m=[39m document[
33m.[39mquerySelector
([32m'.onboarding-ski
p'[39m)[33m;[39m
    [31m[1m>[22m[3
9m[90m 355 |[39m    
         skipButton[3
3m.[39mclick()[33m;
[39m
     [90m     |[39m 
                      
 [31m[1m^[22m[39m
     [90m 356 |[39m 
            
     [90m 357 |[39m 
            expect(onb
oardingManager[33m.[
39misActive)[33m.[39
mtoBe([36mfalse[39m)
[33m;[39m
     [90m 358 |[39m 
        
})[33m;[39m[0m

      at Object.click 
(test/onboarding-manag
er.test.js:355:24)

  ΓùÅ 
OnboardingManager ΓÇ║ 
Event Integration ΓÇ║ 
should respond to 
modelLoaded event

    expect(received).t
oContain(expected) // 
indexOf

    Matcher error: 
received value must 
not be null nor 
undefined

    Received has 
value: undefined

    [0m [90m 375 
|[39m             moc
kCore[33m.[39memit(
[32m'modelLoaded'[39m
[33m,[39m { 
modelName[33m:[39m 
[32m'test.glb'[39m 
})[33m;[39m
     [90m 376 |[39m 
            
    [31m[1m>[22m[3
9m[90m 377 |[39m    
         expect(onboar
dingManager[33m.[39m
userProgress[33m.[39
mcompletedSteps)[33m.
[39mtoContain([32m'l
oad-model'[39m)[33m;
[39m
     [90m     |[39m 
                      
                      
                      
[31m[1m^[22m[39m
     [90m 378 |[39m 
        })[33m;[39m
     [90m 379 |[39m
     [90m 380 |[39m 
        
test([32m'should 
respond to 
featureUsed event'[39
m[33m,[39m () 
[33m=>[39m {[0m

      at 
Object.toContain (test
/onboarding-manager.te
st.js:377:67)

  ΓùÅ 
OnboardingManager ΓÇ║ 
Event Integration ΓÇ║ 
should respond to 
featureUsed event

    TypeError: Cannot 
read properties of 
undefined (reading 
'has')

    [0m [90m 381 
|[39m             moc
kCore[33m.[39memit(
[32m'featureUsed'[39m
[33m,[39m { 
feature[33m:[39m [3
2m'camera-controls'[3
9m })[33m;[39m
     [90m 382 |[39m 
            
    [31m[1m>[22m[3
9m[90m 383 |[39m    
         expect(onboar
dingManager[33m.[39m
featureUsage[33m.[39
mhas([32m'camera-cont
rols'[39m))[33m.[39
mtoBe([36mtrue[39m)
[33m;[39m
     [90m     |[39m 
                      
                      
      
[31m[1m^[22m[39m
     [90m 384 |[39m 
        })[33m;[39m
     [90m 385 |[39m
     [90m 386 |[39m 
        
test([32m'should 
emit progress events'
[39m[33m,[39m () 
[33m=>[39m {[0m

      at Object.has (t
est/onboarding-manager
.test.js:383:51)

  ΓùÅ 
OnboardingManager ΓÇ║ 
Event Integration ΓÇ║ 
should emit progress 
events

    expect(received).t
oBeTruthy()

    Received: null

    [0m [90m 392 
|[39m             onb
oardingManager[33m.[
39mmarkStepCompleted(
[32m'welcome'[39m)[3
3m;[39m
     [90m 393 |[39m 
            
    [31m[1m>[22m[3
9m[90m 394 |[39m    
         expect(progre
ssEvent)[33m.[39mtoB
eTruthy()[33m;[39m
     [90m     |[39m 
                      
            
[31m[1m^[22m[39m
     [90m 395 |[39m 
            expect(pro
gressEvent[33m.[39ms
tep)[33m.[39mtoBe([
32m'welcome'[39m)[33
m;[39m
     [90m 396 |[39m 
        })[33m;[39m
     [90m 397 |[39m 
    })[33m;[39m[0m

      at 
Object.toBeTruthy (tes
t/onboarding-manager.t
est.js:394:35)

  ΓùÅ 
OnboardingManager ΓÇ║ 
Accessibility ΓÇ║ 
should have ARIA 
labels

    TypeError: Cannot 
read properties of 
null (reading 
'getAttribute')

    [0m [90m 402 
|[39m             
     [90m 403 |[39m 
            
[36mconst[39m 
overlay [33m=[39m do
cument[33m.[39mquery
Selector([32m'.onboar
ding-overlay'[39m)[3
3m;[39m
    [31m[1m>[22m[3
9m[90m 404 |[39m    
         expect(overla
y[33m.[39mgetAttribu
te([32m'role'[39m))
[33m.[39mtoBe([32m'd
ialog'[39m)[33m;[39
m
     [90m     |[39m 
                      
     
[31m[1m^[22m[39m
     [90m 405 |[39m 
            expect(ove
rlay[33m.[39mgetAttr
ibute([32m'aria-label
'[39m))[33m.[39mtoB
eTruthy()[33m;[39m
     [90m 406 |[39m 
        })[33m;[39m
     [90m 407 
|[39m[0m

      at 
Object.getAttribute (t
est/onboarding-manager
.test.js:404:28)

  ΓùÅ 
OnboardingManager ΓÇ║ 
Cleanup and Destroy 
ΓÇ║ should remove 
event listeners on 
destroy

    expect(received).t
oBeLessThan(expected)

    Expected: < 0
    Received:   0

    [0m [90m 435 
|[39m             
     [90m 436 |[39m 
            
[36mconst[39m 
newCount [33m=[39m m
ockCore[33m.[39meven
tListeners[33m.[39m
[36mget[39m([32m'mod
elLoaded'[39m)[33m?
[39m[33m.[39mlength 
[33m||[39m 
[35m0[39m[33m;[39m
    [31m[1m>[22m[3
9m[90m 437 |[39m    
         expect(newCou
nt)[33m.[39mtoBeLess
Than(listenerCount)[3
3m;[39m
     [90m     |[39m 
                      
       
[31m[1m^[22m[39m
     [90m 438 |[39m 
        })[33m;[39m
     [90m 439 |[39m
     [90m 440 |[39m 
        
test([32m'should 
remove DOM elements 
on destroy'[39m[33m,
[39m () [33m=>[39m 
{[0m

      at 
Object.toBeLessThan (t
est/onboarding-manager
.test.js:437:30)

  ΓùÅ 
OnboardingManager ΓÇ║ 
Cleanup and Destroy 
ΓÇ║ should reset 
state on destroy

    expect(received).t
oBe(expected) // 
Object.is equality

    Expected: false
    Received: 
undefined

    [0m [90m 451 
|[39m             
     [90m 452 |[39m 
            expect(onb
oardingManager[33m.[
39minitialized)[33m.
[39mtoBe([36mfalse[3
9m)[33m;[39m
    [31m[1m>[22m[3
9m[90m 453 |[39m    
         expect(onboar
dingManager[33m.[39m
isActive)[33m.[39mto
Be([36mfalse[39m)[3
3m;[39m
     [90m     |[39m 
                      
                      
   
[31m[1m^[22m[39m
     [90m 454 |[39m 
        })[33m;[39m
     [90m 455 |[39m 
    })[33m;[39m
     [90m 456 
|[39m[0m

      at Object.toBe (
test/onboarding-manage
r.test.js:453:48)

FAIL test/ux-enhanceme
nts-integration.test.j
s
  ΓùÅ UX Enhancements 
Integration ΓÇ║ 
Initialization ΓÇ║ 
should initialize all 
sub-modules

    Jest encountered 
an unexpected token

    Jest failed to 
parse a file. This 
happens e.g. when 
your code or its 
dependencies use 
non-standard 
JavaScript syntax, or 
when Jest is not 
configured to support 
such syntax.

    Out of the box 
Jest supports Babel, 
which will be used to 
transform your files 
into valid JS based 
on your Babel 
configuration.

    By default 
"node_modules" folder 
is ignored by 
transformers.

    Here's what you 
can do:
     ΓÇó If you are 
trying to use 
ECMAScript Modules, 
see https://jestjs.io/
docs/ecmascript-module
s for how to enable 
it.
     ΓÇó If you are 
trying to use 
TypeScript, see https:
//jestjs.io/docs/getti
ng-started#using-types
cript
     ΓÇó To have some 
of your 
"node_modules" files 
transformed, you can 
specify a custom "tran
sformIgnorePatterns" 
in your config.
     ΓÇó If you need 
a custom 
transformation 
specify a "transform" 
option in your config.
     ΓÇó If you 
simply want to mock 
your non-JS modules 
(e.g. binary assets) 
you can stub them out 
with the 
"moduleNameMapper" 
config option.

    You'll find more 
details and examples 
of these config 
options in the docs:
    https://jestjs.io/
docs/configuration
    For information 
about custom 
transformations, see:
    https://jestjs.io/
docs/code-transformati
on

    Details:

    SyntaxError: C:\Wo
rkspace_Melbin\fun_web
sites\3d_model_viewer\
src\ui\MobileGestureMa
nager.js: Missing 
semicolon. (480:20)

    [0m [90m 478 
|[39m [90m     * 
Check if device is 
mobile[39m
     [90m 479 |[39m 
[90m     */[39m
    [31m[1m>[22m[3
9m[90m 480 |[39m    
 isMobileDevice() {
     [90m     |[39m 
                    
[31m[1m^[22m[39m
     [90m 481 |[39m 
        
[36mreturn[39m [35m
/Android|webOS|iPhone|
iPad|iPod|BlackBerry|I
EMobile|Opera Mini/i[
39m[33m.[39mtest(nav
igator[33m.[39muserA
gent)[33m;[39m
     [90m 482 |[39m 
    }
     [90m 483 
|[39m[0m

    [0m [90m 54 
|[39m         
[90m// Import 
modules[39m
     [90m 55 |[39m  
       
[36mconst[39m [33mO
nboardingModule[39m 
[33m=[39m 
[36mawait[39m [36mi
mport[39m([32m'../sr
c/ui/OnboardingManager
.js'[39m)[33m;[39m
    [31m[1m>[22m[3
9m[90m 56 |[39m     
    [36mconst[39m [
33mGestureModule[39m 
[33m=[39m 
[36mawait[39m [36mi
mport[39m([32m'../sr
c/ui/MobileGestureMana
ger.js'[39m)[33m;[3
9m
     [90m    |[39m  
                      
       
[31m[1m^[22m[39m
     [90m 57 |[39m  
       
[36mconst[39m [33mD
iscoveryModule[39m 
[33m=[39m 
[36mawait[39m [36mi
mport[39m([32m'../sr
c/ui/FeatureDiscoveryE
ngine.js'[39m)[33m;
[39m
     [90m 58 |[39m  
       
[36mconst[39m [33mI
ntegrationModule[39m 
[33m=[39m 
[36mawait[39m [36mi
mport[39m([32m'../sr
c/ui/UXEnhancementsInt
egration.js'[39m)[33
m;[39m
     [90m 59 |[39m  
       [0m

      at constructor (
node_modules/@babel/pa
rser/src/parse-error.t
s:95:45)
      at 
Parser.toParseError 
[as raise] (node_modul
es/@babel/parser/src/t
okenizer/index.ts:1503
:19)
      at Parser.raise 
[as semicolon] (node_m
odules/@babel/parser/s
rc/parser/util.ts:149:
10)
      at 
Parser.semicolon [as p
arseExpressionStatemen
t] (node_modules/@babe
l/parser/src/parser/st
atement.ts:1358:10)
      at Parser.parseE
xpressionStatement 
[as parseStatementCont
ent] (node_modules/@ba
bel/parser/src/parser/
statement.ts:697:19)
      at Parser.parseS
tatementContent [as 
parseStatementLike] (n
ode_modules/@babel/par
ser/src/parser/stateme
nt.ts:477:17)
      at Parser.parseS
tatementLike [as 
parseModuleItem] (node
_modules/@babel/parser
/src/parser/statement.
ts:414:17)
      at Parser.parseM
oduleItem [as parseBlo
ckOrModuleBlockBody] (
node_modules/@babel/pa
rser/src/parser/statem
ent.ts:1438:16)
      at Parser.parseB
lockOrModuleBlockBody 
[as parseBlockBody] (n
ode_modules/@babel/par
ser/src/parser/stateme
nt.ts:1412:10)
      at 
Parser.parseBlockBody 
[as parseProgram] (nod
e_modules/@babel/parse
r/src/parser/statement
.ts:229:10)
      at 
Parser.parseProgram 
[as parseTopLevel] (no
de_modules/@babel/pars
er/src/parser/statemen
t.ts:203:25)
      at 
Parser.parseTopLevel 
[as parse] (node_modul
es/@babel/parser/src/p
arser/index.ts:93:10)
      at parse (node_m
odules/@babel/parser/s
rc/index.ts:92:38)
      at parser (node_
modules/@babel/core/sr
c/parser/index.ts:28:1
9)
          at 
parser.next 
(<anonymous>)
      at 
normalizeFile (node_mo
dules/@babel/core/src/
transformation/normali
ze-file.ts:49:24)
          at 
normalizeFile.next 
(<anonymous>)
      at run (node_mod
ules/@babel/core/src/t
ransformation/index.ts
:40:36)
          at run.next 
(<anonymous>)
      at transform (no
de_modules/@babel/core
/src/transform.ts:29:2
0)
          at 
transform.next 
(<anonymous>)
      at evaluateSync 
(node_modules/gensync/
index.js:251:28)
      at sync (node_mo
dules/gensync/index.js
:89:14)
      at fn (node_modu
les/@babel/core/src/er
rors/rewrite-stack-tra
ce.ts:99:14)
      at 
transformSync (node_mo
dules/@babel/core/src/
transform.ts:66:52)
      at ScriptTransfo
rmer.transformSource (
node_modules/@jest/tra
nsform/build/ScriptTra
nsformer.js:545:31)
      at ScriptTransfo
rmer._transformAndBuil
dScript (node_modules/
@jest/transform/build/
ScriptTransformer.js:6
74:40)
      at ScriptTransfo
rmer.transform (node_m
odules/@jest/transform
/build/ScriptTransform
er.js:726:19)
      at require (test
/ux-enhancements-integ
ration.test.js:56:31)
      at 
Object.<anonymous> (te
st/ux-enhancements-int
egration.test.js:56:31
)

  ΓùÅ UX Enhancements 
Integration ΓÇ║ 
Initialization ΓÇ║ 
should initialize 
with correct default 
values

    Jest encountered 
an unexpected token

    Jest failed to 
parse a file. This 
happens e.g. when 
your code or its 
dependencies use 
non-standard 
JavaScript syntax, or 
when Jest is not 
configured to support 
such syntax.

    Out of the box 
Jest supports Babel, 
which will be used to 
transform your files 
into valid JS based 
on your Babel 
configuration.

    By default 
"node_modules" folder 
is ignored by 
transformers.

    Here's what you 
can do:
     ΓÇó If you are 
trying to use 
ECMAScript Modules, 
see https://jestjs.io/
docs/ecmascript-module
s for how to enable 
it.
     ΓÇó If you are 
trying to use 
TypeScript, see https:
//jestjs.io/docs/getti
ng-started#using-types
cript
     ΓÇó To have some 
of your 
"node_modules" files 
transformed, you can 
specify a custom "tran
sformIgnorePatterns" 
in your config.
     ΓÇó If you need 
a custom 
transformation 
specify a "transform" 
option in your config.
     ΓÇó If you 
simply want to mock 
your non-JS modules 
(e.g. binary assets) 
you can stub them out 
with the 
"moduleNameMapper" 
config option.

    You'll find more 
details and examples 
of these config 
options in the docs:
    https://jestjs.io/
docs/configuration
    For information 
about custom 
transformations, see:
    https://jestjs.io/
docs/code-transformati
on

    Details:

    SyntaxError: C:\Wo
rkspace_Melbin\fun_web
sites\3d_model_viewer\
src\ui\MobileGestureMa
nager.js: Missing 
semicolon. (480:20)

    [0m [90m 478 
|[39m [90m     * 
Check if device is 
mobile[39m
     [90m 479 |[39m 
[90m     */[39m
    [31m[1m>[22m[3
9m[90m 480 |[39m    
 isMobileDevice() {
     [90m     |[39m 
                    
[31m[1m^[22m[39m
     [90m 481 |[39m 
        
[36mreturn[39m [35m
/Android|webOS|iPhone|
iPad|iPod|BlackBerry|I
EMobile|Opera Mini/i[
39m[33m.[39mtest(nav
igator[33m.[39muserA
gent)[33m;[39m
     [90m 482 |[39m 
    }
     [90m 483 
|[39m[0m

    [0m [90m 54 
|[39m         
[90m// Import 
modules[39m
     [90m 55 |[39m  
       
[36mconst[39m [33mO
nboardingModule[39m 
[33m=[39m 
[36mawait[39m [36mi
mport[39m([32m'../sr
c/ui/OnboardingManager
.js'[39m)[33m;[39m
    [31m[1m>[22m[3
9m[90m 56 |[39m     
    [36mconst[39m [
33mGestureModule[39m 
[33m=[39m 
[36mawait[39m [36mi
mport[39m([32m'../sr
c/ui/MobileGestureMana
ger.js'[39m)[33m;[3
9m
     [90m    |[39m  
                      
       
[31m[1m^[22m[39m
     [90m 57 |[39m  
       
[36mconst[39m [33mD
iscoveryModule[39m 
[33m=[39m 
[36mawait[39m [36mi
mport[39m([32m'../sr
c/ui/FeatureDiscoveryE
ngine.js'[39m)[33m;
[39m
     [90m 58 |[39m  
       
[36mconst[39m [33mI
ntegrationModule[39m 
[33m=[39m 
[36mawait[39m [36mi
mport[39m([32m'../sr
c/ui/UXEnhancementsInt
egration.js'[39m)[33
m;[39m
     [90m 59 |[39m  
       [0m

      at constructor (
node_modules/@babel/pa
rser/src/parse-error.t
s:95:45)
      at 
Parser.toParseError 
[as raise] (node_modul
es/@babel/parser/src/t
okenizer/index.ts:1503
:19)
      at Parser.raise 
[as semicolon] (node_m
odules/@babel/parser/s
rc/parser/util.ts:149:
10)
      at 
Parser.semicolon [as p
arseExpressionStatemen
t] (node_modules/@babe
l/parser/src/parser/st
atement.ts:1358:10)
      at Parser.parseE
xpressionStatement 
[as parseStatementCont
ent] (node_modules/@ba
bel/parser/src/parser/
statement.ts:697:19)
      at Parser.parseS
tatementContent [as 
parseStatementLike] (n
ode_modules/@babel/par
ser/src/parser/stateme
nt.ts:477:17)
      at Parser.parseS
tatementLike [as 
parseModuleItem] (node
_modules/@babel/parser
/src/parser/statement.
ts:414:17)
      at Parser.parseM
oduleItem [as parseBlo
ckOrModuleBlockBody] (
node_modules/@babel/pa
rser/src/parser/statem
ent.ts:1438:16)
      at Parser.parseB
lockOrModuleBlockBody 
[as parseBlockBody] (n
ode_modules/@babel/par
ser/src/parser/stateme
nt.ts:1412:10)
      at 
Parser.parseBlockBody 
[as parseProgram] (nod
e_modules/@babel/parse
r/src/parser/statement
.ts:229:10)
      at 
Parser.parseProgram 
[as parseTopLevel] (no
de_modules/@babel/pars
er/src/parser/statemen
t.ts:203:25)
      at 
Parser.parseTopLevel 
[as parse] (node_modul
es/@babel/parser/src/p
arser/index.ts:93:10)
      at parse (node_m
odules/@babel/parser/s
rc/index.ts:92:38)
      at parser (node_
modules/@babel/core/sr
c/parser/index.ts:28:1
9)
          at 
parser.next 
(<anonymous>)
      at 
normalizeFile (node_mo
dules/@babel/core/src/
transformation/normali
ze-file.ts:49:24)
          at 
normalizeFile.next 
(<anonymous>)
      at run (node_mod
ules/@babel/core/src/t
ransformation/index.ts
:40:36)
          at run.next 
(<anonymous>)
      at transform (no
de_modules/@babel/core
/src/transform.ts:29:2
0)
          at 
transform.next 
(<anonymous>)
      at evaluateSync 
(node_modules/gensync/
index.js:251:28)
      at sync (node_mo
dules/gensync/index.js
:89:14)
      at fn (node_modu
les/@babel/core/src/er
rors/rewrite-stack-tra
ce.ts:99:14)
      at 
transformSync (node_mo
dules/@babel/core/src/
transform.ts:66:52)
      at ScriptTransfo
rmer.transformSource (
node_modules/@jest/tra
nsform/build/ScriptTra
nsformer.js:545:31)
      at ScriptTransfo
rmer._transformAndBuil
dScript (node_modules/
@jest/transform/build/
ScriptTransformer.js:6
74:40)
      at ScriptTransfo
rmer.transform (node_m
odules/@jest/transform
/build/ScriptTransform
er.js:726:19)
      at require (test
/ux-enhancements-integ
ration.test.js:56:31)
      at 
Object.<anonymous> (te
st/ux-enhancements-int
egration.test.js:56:31
)

  ΓùÅ UX Enhancements 
Integration ΓÇ║ 
Initialization ΓÇ║ 
should track feature 
initialization status

    Jest encountered 
an unexpected token

    Jest failed to 
parse a file. This 
happens e.g. when 
your code or its 
dependencies use 
non-standard 
JavaScript syntax, or 
when Jest is not 
configured to support 
such syntax.

    Out of the box 
Jest supports Babel, 
which will be used to 
transform your files 
into valid JS based 
on your Babel 
configuration.

    By default 
"node_modules" folder 
is ignored by 
transformers.

    Here's what you 
can do:
     ΓÇó If you are 
trying to use 
ECMAScript Modules, 
see https://jestjs.io/
docs/ecmascript-module
s for how to enable 
it.
     ΓÇó If you are 
trying to use 
TypeScript, see https:
//jestjs.io/docs/getti
ng-started#using-types
cript
     ΓÇó To have some 
of your 
"node_modules" files 
transformed, you can 
specify a custom "tran
sformIgnorePatterns" 
in your config.
     ΓÇó If you need 
a custom 
transformation 
specify a "transform" 
option in your config.
     ΓÇó If you 
simply want to mock 
your non-JS modules 
(e.g. binary assets) 
you can stub them out 
with the 
"moduleNameMapper" 
config option.

    You'll find more 
details and examples 
of these config 
options in the docs:
    https://jestjs.io/
docs/configuration
    For information 
about custom 
transformations, see:
    https://jestjs.io/
docs/code-transformati
on

    Details:

    SyntaxError: C:\Wo
rkspace_Melbin\fun_web
sites\3d_model_viewer\
src\ui\MobileGestureMa
nager.js: Missing 
semicolon. (480:20)

    [0m [90m 478 
|[39m [90m     * 
Check if device is 
mobile[39m
     [90m 479 |[39m 
[90m     */[39m
    [31m[1m>[22m[3
9m[90m 480 |[39m    
 isMobileDevice() {
     [90m     |[39m 
                    
[31m[1m^[22m[39m
     [90m 481 |[39m 
        
[36mreturn[39m [35m
/Android|webOS|iPhone|
iPad|iPod|BlackBerry|I
EMobile|Opera Mini/i[
39m[33m.[39mtest(nav
igator[33m.[39muserA
gent)[33m;[39m
     [90m 482 |[39m 
    }
     [90m 483 
|[39m[0m

    [0m [90m 54 
|[39m         
[90m// Import 
modules[39m
     [90m 55 |[39m  
       
[36mconst[39m [33mO
nboardingModule[39m 
[33m=[39m 
[36mawait[39m [36mi
mport[39m([32m'../sr
c/ui/OnboardingManager
.js'[39m)[33m;[39m
    [31m[1m>[22m[3
9m[90m 56 |[39m     
    [36mconst[39m [
33mGestureModule[39m 
[33m=[39m 
[36mawait[39m [36mi
mport[39m([32m'../sr
c/ui/MobileGestureMana
ger.js'[39m)[33m;[3
9m
     [90m    |[39m  
                      
       
[31m[1m^[22m[39m
     [90m 57 |[39m  
       
[36mconst[39m [33mD
iscoveryModule[39m 
[33m=[39m 
[36mawait[39m [36mi
mport[39m([32m'../sr
c/ui/FeatureDiscoveryE
ngine.js'[39m)[33m;
[39m
     [90m 58 |[39m  
       
[36mconst[39m [33mI
ntegrationModule[39m 
[33m=[39m 
[36mawait[39m [36mi
mport[39m([32m'../sr
c/ui/UXEnhancementsInt
egration.js'[39m)[33
m;[39m
     [90m 59 |[39m  
       [0m

      at constructor (
node_modules/@babel/pa
rser/src/parse-error.t
s:95:45)
      at 
Parser.toParseError 
[as raise] (node_modul
es/@babel/parser/src/t
okenizer/index.ts:1503
:19)
      at Parser.raise 
[as semicolon] (node_m
odules/@babel/parser/s
rc/parser/util.ts:149:
10)
      at 
Parser.semicolon [as p
arseExpressionStatemen
t] (node_modules/@babe
l/parser/src/parser/st
atement.ts:1358:10)
      at Parser.parseE
xpressionStatement 
[as parseStatementCont
ent] (node_modules/@ba
bel/parser/src/parser/
statement.ts:697:19)
      at Parser.parseS
tatementContent [as 
parseStatementLike] (n
ode_modules/@babel/par
ser/src/parser/stateme
nt.ts:477:17)
      at Parser.parseS
tatementLike [as 
parseModuleItem] (node
_modules/@babel/parser
/src/parser/statement.
ts:414:17)
      at Parser.parseM
oduleItem [as parseBlo
ckOrModuleBlockBody] (
node_modules/@babel/pa
rser/src/parser/statem
ent.ts:1438:16)
      at Parser.parseB
lockOrModuleBlockBody 
[as parseBlockBody] (n
ode_modules/@babel/par
ser/src/parser/stateme
nt.ts:1412:10)
      at 
Parser.parseBlockBody 
[as parseProgram] (nod
e_modules/@babel/parse
r/src/parser/statement
.ts:229:10)
      at 
Parser.parseProgram 
[as parseTopLevel] (no
de_modules/@babel/pars
er/src/parser/statemen
t.ts:203:25)
      at 
Parser.parseTopLevel 
[as parse] (node_modul
es/@babel/parser/src/p
arser/index.ts:93:10)
      at parse (node_m
odules/@babel/parser/s
rc/index.ts:92:38)
      at parser (node_
modules/@babel/core/sr
c/parser/index.ts:28:1
9)
          at 
parser.next 
(<anonymous>)
      at 
normalizeFile (node_mo
dules/@babel/core/src/
transformation/normali
ze-file.ts:49:24)
          at 
normalizeFile.next 
(<anonymous>)
      at run (node_mod
ules/@babel/core/src/t
ransformation/index.ts
:40:36)
          at run.next 
(<anonymous>)
      at transform (no
de_modules/@babel/core
/src/transform.ts:29:2
0)
          at 
transform.next 
(<anonymous>)
      at evaluateSync 
(node_modules/gensync/
index.js:251:28)
      at sync (node_mo
dules/gensync/index.js
:89:14)
      at fn (node_modu
les/@babel/core/src/er
rors/rewrite-stack-tra
ce.ts:99:14)
      at 
transformSync (node_mo
dules/@babel/core/src/
transform.ts:66:52)
      at ScriptTransfo
rmer.transformSource (
node_modules/@jest/tra
nsform/build/ScriptTra
nsformer.js:545:31)
      at ScriptTransfo
rmer._transformAndBuil
dScript (node_modules/
@jest/transform/build/
ScriptTransformer.js:6
74:40)
      at ScriptTransfo
rmer.transform (node_m
odules/@jest/transform
/build/ScriptTransform
er.js:726:19)
      at require (test
/ux-enhancements-integ
ration.test.js:56:31)
      at 
Object.<anonymous> (te
st/ux-enhancements-int
egration.test.js:56:31
)

  ΓùÅ UX Enhancements 
Integration ΓÇ║ 
Initialization ΓÇ║ 
should setup 
cross-module 
communication

    Jest encountered 
an unexpected token

    Jest failed to 
parse a file. This 
happens e.g. when 
your code or its 
dependencies use 
non-standard 
JavaScript syntax, or 
when Jest is not 
configured to support 
such syntax.

    Out of the box 
Jest supports Babel, 
which will be used to 
transform your files 
into valid JS based 
on your Babel 
configuration.

    By default 
"node_modules" folder 
is ignored by 
transformers.

    Here's what you 
can do:
     ΓÇó If you are 
trying to use 
ECMAScript Modules, 
see https://jestjs.io/
docs/ecmascript-module
s for how to enable 
it.
     ΓÇó If you are 
trying to use 
TypeScript, see https:
//jestjs.io/docs/getti
ng-started#using-types
cript
     ΓÇó To have some 
of your 
"node_modules" files 
transformed, you can 
specify a custom "tran
sformIgnorePatterns" 
in your config.
     ΓÇó If you need 
a custom 
transformation 
specify a "transform" 
option in your config.
     ΓÇó If you 
simply want to mock 
your non-JS modules 
(e.g. binary assets) 
you can stub them out 
with the 
"moduleNameMapper" 
config option.

    You'll find more 
details and examples 
of these config 
options in the docs:
    https://jestjs.io/
docs/configuration
    For information 
about custom 
transformations, see:
    https://jestjs.io/
docs/code-transformati
on

    Details:

    SyntaxError: C:\Wo
rkspace_Melbin\fun_web
sites\3d_model_viewer\
src\ui\MobileGestureMa
nager.js: Missing 
semicolon. (480:20)

    [0m [90m 478 
|[39m [90m     * 
Check if device is 
mobile[39m
     [90m 479 |[39m 
[90m     */[39m
    [31m[1m>[22m[3
9m[90m 480 |[39m    
 isMobileDevice() {
     [90m     |[39m 
                    
[31m[1m^[22m[39m
     [90m 481 |[39m 
        
[36mreturn[39m [35m
/Android|webOS|iPhone|
iPad|iPod|BlackBerry|I
EMobile|Opera Mini/i[
39m[33m.[39mtest(nav
igator[33m.[39muserA
gent)[33m;[39m
     [90m 482 |[39m 
    }
     [90m 483 
|[39m[0m

    [0m [90m 54 
|[39m         
[90m// Import 
modules[39m
     [90m 55 |[39m  
       
[36mconst[39m [33mO
nboardingModule[39m 
[33m=[39m 
[36mawait[39m [36mi
mport[39m([32m'../sr
c/ui/OnboardingManager
.js'[39m)[33m;[39m
    [31m[1m>[22m[3
9m[90m 56 |[39m     
    [36mconst[39m [
33mGestureModule[39m 
[33m=[39m 
[36mawait[39m [36mi
mport[39m([32m'../sr
c/ui/MobileGestureMana
ger.js'[39m)[33m;[3
9m
     [90m    |[39m  
                      
       
[31m[1m^[22m[39m
     [90m 57 |[39m  
       
[36mconst[39m [33mD
iscoveryModule[39m 
[33m=[39m 
[36mawait[39m [36mi
mport[39m([32m'../sr
c/ui/FeatureDiscoveryE
ngine.js'[39m)[33m;
[39m
     [90m 58 |[39m  
       
[36mconst[39m [33mI
ntegrationModule[39m 
[33m=[39m 
[36mawait[39m [36mi
mport[39m([32m'../sr
c/ui/UXEnhancementsInt
egration.js'[39m)[33
m;[39m
     [90m 59 |[39m  
       [0m

      at constructor (
node_modules/@babel/pa
rser/src/parse-error.t
s:95:45)
      at 
Parser.toParseError 
[as raise] (node_modul
es/@babel/parser/src/t
okenizer/index.ts:1503
:19)
      at Parser.raise 
[as semicolon] (node_m
odules/@babel/parser/s
rc/parser/util.ts:149:
10)
      at 
Parser.semicolon [as p
arseExpressionStatemen
t] (node_modules/@babe
l/parser/src/parser/st
atement.ts:1358:10)
      at Parser.parseE
xpressionStatement 
[as parseStatementCont
ent] (node_modules/@ba
bel/parser/src/parser/
statement.ts:697:19)
      at Parser.parseS
tatementContent [as 
parseStatementLike] (n
ode_modules/@babel/par
ser/src/parser/stateme
nt.ts:477:17)
      at Parser.parseS
tatementLike [as 
parseModuleItem] (node
_modules/@babel/parser
/src/parser/statement.
ts:414:17)
      at Parser.parseM
oduleItem [as parseBlo
ckOrModuleBlockBody] (
node_modules/@babel/pa
rser/src/parser/statem
ent.ts:1438:16)
      at Parser.parseB
lockOrModuleBlockBody 
[as parseBlockBody] (n
ode_modules/@babel/par
ser/src/parser/stateme
nt.ts:1412:10)
      at 
Parser.parseBlockBody 
[as parseProgram] (nod
e_modules/@babel/parse
r/src/parser/statement
.ts:229:10)
      at 
Parser.parseProgram 
[as parseTopLevel] (no
de_modules/@babel/pars
er/src/parser/statemen
t.ts:203:25)
      at 
Parser.parseTopLevel 
[as parse] (node_modul
es/@babel/parser/src/p
arser/index.ts:93:10)
      at parse (node_m
odules/@babel/parser/s
rc/index.ts:92:38)
      at parser (node_
modules/@babel/core/sr
c/parser/index.ts:28:1
9)
          at 
parser.next 
(<anonymous>)
      at 
normalizeFile (node_mo
dules/@babel/core/src/
transformation/normali
ze-file.ts:49:24)
          at 
normalizeFile.next 
(<anonymous>)
      at run (node_mod
ules/@babel/core/src/t
ransformation/index.ts
:40:36)
          at run.next 
(<anonymous>)
      at transform (no
de_modules/@babel/core
/src/transform.ts:29:2
0)
          at 
transform.next 
(<anonymous>)
      at evaluateSync 
(node_modules/gensync/
index.js:251:28)
      at sync (node_mo
dules/gensync/index.js
:89:14)
      at fn (node_modu
les/@babel/core/src/er
rors/rewrite-stack-tra
ce.ts:99:14)
      at 
transformSync (node_mo
dules/@babel/core/src/
transform.ts:66:52)
      at ScriptTransfo
rmer.transformSource (
node_modules/@jest/tra
nsform/build/ScriptTra
nsformer.js:545:31)
      at ScriptTransfo
rmer._transformAndBuil
dScript (node_modules/
@jest/transform/build/
ScriptTransformer.js:6
74:40)
      at ScriptTransfo
rmer.transform (node_m
odules/@jest/transform
/build/ScriptTransform
er.js:726:19)
      at require (test
/ux-enhancements-integ
ration.test.js:56:31)
      at 
Object.<anonymous> (te
st/ux-enhancements-int
egration.test.js:56:31
)

  ΓùÅ UX Enhancements 
Integration ΓÇ║ 
Initialization ΓÇ║ 
should handle 
initialization errors 
gracefully

    Jest encountered 
an unexpected token

    Jest failed to 
parse a file. This 
happens e.g. when 
your code or its 
dependencies use 
non-standard 
JavaScript syntax, or 
when Jest is not 
configured to support 
such syntax.

    Out of the box 
Jest supports Babel, 
which will be used to 
transform your files 
into valid JS based 
on your Babel 
configuration.

    By default 
"node_modules" folder 
is ignored by 
transformers.

    Here's what you 
can do:
     ΓÇó If you are 
trying to use 
ECMAScript Modules, 
see https://jestjs.io/
docs/ecmascript-module
s for how to enable 
it.
     ΓÇó If you are 
trying to use 
TypeScript, see https:
//jestjs.io/docs/getti
ng-started#using-types
cript
     ΓÇó To have some 
of your 
"node_modules" files 
transformed, you can 
specify a custom "tran
sformIgnorePatterns" 
in your config.
     ΓÇó If you need 
a custom 
transformation 
specify a "transform" 
option in your config.
     ΓÇó If you 
simply want to mock 
your non-JS modules 
(e.g. binary assets) 
you can stub them out 
with the 
"moduleNameMapper" 
config option.

    You'll find more 
details and examples 
of these config 
options in the docs:
    https://jestjs.io/
docs/configuration
    For information 
about custom 
transformations, see:
    https://jestjs.io/
docs/code-transformati
on

    Details:

    SyntaxError: C:\Wo
rkspace_Melbin\fun_web
sites\3d_model_viewer\
src\ui\MobileGestureMa
nager.js: Missing 
semicolon. (480:20)

    [0m [90m 478 
|[39m [90m     * 
Check if device is 
mobile[39m
     [90m 479 |[39m 
[90m     */[39m
    [31m[1m>[22m[3
9m[90m 480 |[39m    
 isMobileDevice() {
     [90m     |[39m 
                    
[31m[1m^[22m[39m
     [90m 481 |[39m 
        
[36mreturn[39m [35m
/Android|webOS|iPhone|
iPad|iPod|BlackBerry|I
EMobile|Opera Mini/i[
39m[33m.[39mtest(nav
igator[33m.[39muserA
gent)[33m;[39m
     [90m 482 |[39m 
    }
     [90m 483 
|[39m[0m

    [0m [90m 54 
|[39m         
[90m// Import 
modules[39m
     [90m 55 |[39m  
       
[36mconst[39m [33mO
nboardingModule[39m 
[33m=[39m 
[36mawait[39m [36mi
mport[39m([32m'../sr
c/ui/OnboardingManager
.js'[39m)[33m;[39m
    [31m[1m>[22m[3
9m[90m 56 |[39m     
    [36mconst[39m [
33mGestureModule[39m 
[33m=[39m 
[36mawait[39m [36mi
mport[39m([32m'../sr
c/ui/MobileGestureMana
ger.js'[39m)[33m;[3
9m
     [90m    |[39m  
                      
       
[31m[1m^[22m[39m
     [90m 57 |[39m  
       
[36mconst[39m [33mD
iscoveryModule[39m 
[33m=[39m 
[36mawait[39m [36mi
mport[39m([32m'../sr
c/ui/FeatureDiscoveryE
ngine.js'[39m)[33m;
[39m
     [90m 58 |[39m  
       
[36mconst[39m [33mI
ntegrationModule[39m 
[33m=[39m 
[36mawait[39m [36mi
mport[39m([32m'../sr
c/ui/UXEnhancementsInt
egration.js'[39m)[33
m;[39m
     [90m 59 |[39m  
       [0m

      at constructor (
node_modules/@babel/pa
rser/src/parse-error.t
s:95:45)
      at 
Parser.toParseError 
[as raise] (node_modul
es/@babel/parser/src/t
okenizer/index.ts:1503
:19)
      at Parser.raise 
[as semicolon] (node_m
odules/@babel/parser/s
rc/parser/util.ts:149:
10)
      at 
Parser.semicolon [as p
arseExpressionStatemen
t] (node_modules/@babe
l/parser/src/parser/st
atement.ts:1358:10)
      at Parser.parseE
xpressionStatement 
[as parseStatementCont
ent] (node_modules/@ba
bel/parser/src/parser/
statement.ts:697:19)
      at Parser.parseS
tatementContent [as 
parseStatementLike] (n
ode_modules/@babel/par
ser/src/parser/stateme
nt.ts:477:17)
      at Parser.parseS
tatementLike [as 
parseModuleItem] (node
_modules/@babel/parser
/src/parser/statement.
ts:414:17)
      at Parser.parseM
oduleItem [as parseBlo
ckOrModuleBlockBody] (
node_modules/@babel/pa
rser/src/parser/statem
ent.ts:1438:16)
      at Parser.parseB
lockOrModuleBlockBody 
[as parseBlockBody] (n
ode_modules/@babel/par
ser/src/parser/stateme
nt.ts:1412:10)
      at 
Parser.parseBlockBody 
[as parseProgram] (nod
e_modules/@babel/parse
r/src/parser/statement
.ts:229:10)
      at 
Parser.parseProgram 
[as parseTopLevel] (no
de_modules/@babel/pars
er/src/parser/statemen
t.ts:203:25)
      at 
Parser.parseTopLevel 
[as parse] (node_modul
es/@babel/parser/src/p
arser/index.ts:93:10)
      at parse (node_m
odules/@babel/parser/s
rc/index.ts:92:38)
      at parser (node_
modules/@babel/core/sr
c/parser/index.ts:28:1
9)
          at 
parser.next 
(<anonymous>)
      at 
normalizeFile (node_mo
dules/@babel/core/src/
transformation/normali
ze-file.ts:49:24)
          at 
normalizeFile.next 
(<anonymous>)
      at run (node_mod
ules/@babel/core/src/t
ransformation/index.ts
:40:36)
          at run.next 
(<anonymous>)
      at transform (no
de_modules/@babel/core
/src/transform.ts:29:2
0)
          at 
transform.next 
(<anonymous>)
      at evaluateSync 
(node_modules/gensync/
index.js:251:28)
      at sync (node_mo
dules/gensync/index.js
:89:14)
      at fn (node_modu
les/@babel/core/src/er
rors/rewrite-stack-tra
ce.ts:99:14)
      at 
transformSync (node_mo
dules/@babel/core/src/
transform.ts:66:52)
      at ScriptTransfo
rmer.transformSource (
node_modules/@jest/tra
nsform/build/ScriptTra
nsformer.js:545:31)
      at ScriptTransfo
rmer._transformAndBuil
dScript (node_modules/
@jest/transform/build/
ScriptTransformer.js:6
74:40)
      at ScriptTransfo
rmer.transform (node_m
odules/@jest/transform
/build/ScriptTransform
er.js:726:19)
      at require (test
/ux-enhancements-integ
ration.test.js:56:31)
      at 
Object.<anonymous> (te
st/ux-enhancements-int
egration.test.js:56:31
)

  ΓùÅ UX Enhancements 
Integration ΓÇ║ 
Onboarding and 
Discovery Integration 
ΓÇ║ should have 
onboarding manager 
available

    Jest encountered 
an unexpected token

    Jest failed to 
parse a file. This 
happens e.g. when 
your code or its 
dependencies use 
non-standard 
JavaScript syntax, or 
when Jest is not 
configured to support 
such syntax.

    Out of the box 
Jest supports Babel, 
which will be used to 
transform your files 
into valid JS based 
on your Babel 
configuration.

    By default 
"node_modules" folder 
is ignored by 
transformers.

    Here's what you 
can do:
     ΓÇó If you are 
trying to use 
ECMAScript Modules, 
see https://jestjs.io/
docs/ecmascript-module
s for how to enable 
it.
     ΓÇó If you are 
trying to use 
TypeScript, see https:
//jestjs.io/docs/getti
ng-started#using-types
cript
     ΓÇó To have some 
of your 
"node_modules" files 
transformed, you can 
specify a custom "tran
sformIgnorePatterns" 
in your config.
     ΓÇó If you need 
a custom 
transformation 
specify a "transform" 
option in your config.
     ΓÇó If you 
simply want to mock 
your non-JS modules 
(e.g. binary assets) 
you can stub them out 
with the 
"moduleNameMapper" 
config option.

    You'll find more 
details and examples 
of these config 
options in the docs:
    https://jestjs.io/
docs/configuration
    For information 
about custom 
transformations, see:
    https://jestjs.io/
docs/code-transformati
on

    Details:

    SyntaxError: C:\Wo
rkspace_Melbin\fun_web
sites\3d_model_viewer\
src\ui\MobileGestureMa
nager.js: Missing 
semicolon. (480:20)

    [0m [90m 478 
|[39m [90m     * 
Check if device is 
mobile[39m
     [90m 479 |[39m 
[90m     */[39m
    [31m[1m>[22m[3
9m[90m 480 |[39m    
 isMobileDevice() {
     [90m     |[39m 
                    
[31m[1m^[22m[39m
     [90m 481 |[39m 
        
[36mreturn[39m [35m
/Android|webOS|iPhone|
iPad|iPod|BlackBerry|I
EMobile|Opera Mini/i[
39m[33m.[39mtest(nav
igator[33m.[39muserA
gent)[33m;[39m
     [90m 482 |[39m 
    }
     [90m 483 
|[39m[0m

    [0m [90m 54 
|[39m         
[90m// Import 
modules[39m
     [90m 55 |[39m  
       
[36mconst[39m [33mO
nboardingModule[39m 
[33m=[39m 
[36mawait[39m [36mi
mport[39m([32m'../sr
c/ui/OnboardingManager
.js'[39m)[33m;[39m
    [31m[1m>[22m[3
9m[90m 56 |[39m     
    [36mconst[39m [
33mGestureModule[39m 
[33m=[39m 
[36mawait[39m [36mi
mport[39m([32m'../sr
c/ui/MobileGestureMana
ger.js'[39m)[33m;[3
9m
     [90m    |[39m  
                      
       
[31m[1m^[22m[39m
     [90m 57 |[39m  
       
[36mconst[39m [33mD
iscoveryModule[39m 
[33m=[39m 
[36mawait[39m [36mi
mport[39m([32m'../sr
c/ui/FeatureDiscoveryE
ngine.js'[39m)[33m;
[39m
     [90m 58 |[39m  
       
[36mconst[39m [33mI
ntegrationModule[39m 
[33m=[39m 
[36mawait[39m [36mi
mport[39m([32m'../sr
c/ui/UXEnhancementsInt
egration.js'[39m)[33
m;[39m
     [90m 59 |[39m  
       [0m

      at constructor (
node_modules/@babel/pa
rser/src/parse-error.t
s:95:45)
      at 
Parser.toParseError 
[as raise] (node_modul
es/@babel/parser/src/t
okenizer/index.ts:1503
:19)
      at Parser.raise 
[as semicolon] (node_m
odules/@babel/parser/s
rc/parser/util.ts:149:
10)
      at 
Parser.semicolon [as p
arseExpressionStatemen
t] (node_modules/@babe
l/parser/src/parser/st
atement.ts:1358:10)
      at Parser.parseE
xpressionStatement 
[as parseStatementCont
ent] (node_modules/@ba
bel/parser/src/parser/
statement.ts:697:19)
      at Parser.parseS
tatementContent [as 
parseStatementLike] (n
ode_modules/@babel/par
ser/src/parser/stateme
nt.ts:477:17)
      at Parser.parseS
tatementLike [as 
parseModuleItem] (node
_modules/@babel/parser
/src/parser/statement.
ts:414:17)
      at Parser.parseM
oduleItem [as parseBlo
ckOrModuleBlockBody] (
node_modules/@babel/pa
rser/src/parser/statem
ent.ts:1438:16)
      at Parser.parseB
lockOrModuleBlockBody 
[as parseBlockBody] (n
ode_modules/@babel/par
ser/src/parser/stateme
nt.ts:1412:10)
      at 
Parser.parseBlockBody 
[as parseProgram] (nod
e_modules/@babel/parse
r/src/parser/statement
.ts:229:10)
      at 
Parser.parseProgram 
[as parseTopLevel] (no
de_modules/@babel/pars
er/src/parser/statemen
t.ts:203:25)
      at 
Parser.parseTopLevel 
[as parse] (node_modul
es/@babel/parser/src/p
arser/index.ts:93:10)
      at parse (node_m
odules/@babel/parser/s
rc/index.ts:92:38)
      at parser (node_
modules/@babel/core/sr
c/parser/index.ts:28:1
9)
          at 
parser.next 
(<anonymous>)
      at 
normalizeFile (node_mo
dules/@babel/core/src/
transformation/normali
ze-file.ts:49:24)
          at 
normalizeFile.next 
(<anonymous>)
      at run (node_mod
ules/@babel/core/src/t
ransformation/index.ts
:40:36)
          at run.next 
(<anonymous>)
      at transform (no
de_modules/@babel/core
/src/transform.ts:29:2
0)
          at 
transform.next 
(<anonymous>)
      at evaluateSync 
(node_modules/gensync/
index.js:251:28)
      at sync (node_mo
dules/gensync/index.js
:89:14)
      at fn (node_modu
les/@babel/core/src/er
rors/rewrite-stack-tra
ce.ts:99:14)
      at 
transformSync (node_mo
dules/@babel/core/src/
transform.ts:66:52)
      at ScriptTransfo
rmer.transformSource (
node_modules/@jest/tra
nsform/build/ScriptTra
nsformer.js:545:31)
      at ScriptTransfo
rmer._transformAndBuil
dScript (node_modules/
@jest/transform/build/
ScriptTransformer.js:6
74:40)
      at ScriptTransfo
rmer.transform (node_m
odules/@jest/transform
/build/ScriptTransform
er.js:726:19)
      at require (test
/ux-enhancements-integ
ration.test.js:56:31)
      at 
Object.<anonymous> (te
st/ux-enhancements-int
egration.test.js:56:31
)

  ΓùÅ UX Enhancements 
Integration ΓÇ║ 
Onboarding and 
Discovery Integration 
ΓÇ║ should have 
discovery engine 
available

    Jest encountered 
an unexpected token

    Jest failed to 
parse a file. This 
happens e.g. when 
your code or its 
dependencies use 
non-standard 
JavaScript syntax, or 
when Jest is not 
configured to support 
such syntax.

    Out of the box 
Jest supports Babel, 
which will be used to 
transform your files 
into valid JS based 
on your Babel 
configuration.

    By default 
"node_modules" folder 
is ignored by 
transformers.

    Here's what you 
can do:
     ΓÇó If you are 
trying to use 
ECMAScript Modules, 
see https://jestjs.io/
docs/ecmascript-module
s for how to enable 
it.
     ΓÇó If you are 
trying to use 
TypeScript, see https:
//jestjs.io/docs/getti
ng-started#using-types
cript
     ΓÇó To have some 
of your 
"node_modules" files 
transformed, you can 
specify a custom "tran
sformIgnorePatterns" 
in your config.
     ΓÇó If you need 
a custom 
transformation 
specify a "transform" 
option in your config.
     ΓÇó If you 
simply want to mock 
your non-JS modules 
(e.g. binary assets) 
you can stub them out 
with the 
"moduleNameMapper" 
config option.

    You'll find more 
details and examples 
of these config 
options in the docs:
    https://jestjs.io/
docs/configuration
    For information 
about custom 
transformations, see:
    https://jestjs.io/
docs/code-transformati
on

    Details:

    SyntaxError: C:\Wo
rkspace_Melbin\fun_web
sites\3d_model_viewer\
src\ui\MobileGestureMa
nager.js: Missing 
semicolon. (480:20)

    [0m [90m 478 
|[39m [90m     * 
Check if device is 
mobile[39m
     [90m 479 |[39m 
[90m     */[39m
    [31m[1m>[22m[3
9m[90m 480 |[39m    
 isMobileDevice() {
     [90m     |[39m 
                    
[31m[1m^[22m[39m
     [90m 481 |[39m 
        
[36mreturn[39m [35m
/Android|webOS|iPhone|
iPad|iPod|BlackBerry|I
EMobile|Opera Mini/i[
39m[33m.[39mtest(nav
igator[33m.[39muserA
gent)[33m;[39m
     [90m 482 |[39m 
    }
     [90m 483 
|[39m[0m

    [0m [90m 54 
|[39m         
[90m// Import 
modules[39m
     [90m 55 |[39m  
       
[36mconst[39m [33mO
nboardingModule[39m 
[33m=[39m 
[36mawait[39m [36mi
mport[39m([32m'../sr
c/ui/OnboardingManager
.js'[39m)[33m;[39m
    [31m[1m>[22m[3
9m[90m 56 |[39m     
    [36mconst[39m [
33mGestureModule[39m 
[33m=[39m 
[36mawait[39m [36mi
mport[39m([32m'../sr
c/ui/MobileGestureMana
ger.js'[39m)[33m;[3
9m
     [90m    |[39m  
                      
       
[31m[1m^[22m[39m
     [90m 57 |[39m  
       
[36mconst[39m [33mD
iscoveryModule[39m 
[33m=[39m 
[36mawait[39m [36mi
mport[39m([32m'../sr
c/ui/FeatureDiscoveryE
ngine.js'[39m)[33m;
[39m
     [90m 58 |[39m  
       
[36mconst[39m [33mI
ntegrationModule[39m 
[33m=[39m 
[36mawait[39m [36mi
mport[39m([32m'../sr
c/ui/UXEnhancementsInt
egration.js'[39m)[33
m;[39m
     [90m 59 |[39m  
       [0m

      at constructor (
node_modules/@babel/pa
rser/src/parse-error.t
s:95:45)
      at 
Parser.toParseError 
[as raise] (node_modul
es/@babel/parser/src/t
okenizer/index.ts:1503
:19)
      at Parser.raise 
[as semicolon] (node_m
odules/@babel/parser/s
rc/parser/util.ts:149:
10)
      at 
Parser.semicolon [as p
arseExpressionStatemen
t] (node_modules/@babe
l/parser/src/parser/st
atement.ts:1358:10)
      at Parser.parseE
xpressionStatement 
[as parseStatementCont
ent] (node_modules/@ba
bel/parser/src/parser/
statement.ts:697:19)
      at Parser.parseS
tatementContent [as 
parseStatementLike] (n
ode_modules/@babel/par
ser/src/parser/stateme
nt.ts:477:17)
      at Parser.parseS
tatementLike [as 
parseModuleItem] (node
_modules/@babel/parser
/src/parser/statement.
ts:414:17)
      at Parser.parseM
oduleItem [as parseBlo
ckOrModuleBlockBody] (
node_modules/@babel/pa
rser/src/parser/statem
ent.ts:1438:16)
      at Parser.parseB
lockOrModuleBlockBody 
[as parseBlockBody] (n
ode_modules/@babel/par
ser/src/parser/stateme
nt.ts:1412:10)
      at 
Parser.parseBlockBody 
[as parseProgram] (nod
e_modules/@babel/parse
r/src/parser/statement
.ts:229:10)
      at 
Parser.parseProgram 
[as parseTopLevel] (no
de_modules/@babel/pars
er/src/parser/statemen
t.ts:203:25)
      at 
Parser.parseTopLevel 
[as parse] (node_modul
es/@babel/parser/src/p
arser/index.ts:93:10)
      at parse (node_m
odules/@babel/parser/s
rc/index.ts:92:38)
      at parser (node_
modules/@babel/core/sr
c/parser/index.ts:28:1
9)
          at 
parser.next 
(<anonymous>)
      at 
normalizeFile (node_mo
dules/@babel/core/src/
transformation/normali
ze-file.ts:49:24)
          at 
normalizeFile.next 
(<anonymous>)
      at run (node_mod
ules/@babel/core/src/t
ransformation/index.ts
:40:36)
          at run.next 
(<anonymous>)
      at transform (no
de_modules/@babel/core
/src/transform.ts:29:2
0)
          at 
transform.next 
(<anonymous>)
      at evaluateSync 
(node_modules/gensync/
index.js:251:28)
      at sync (node_mo
dules/gensync/index.js
:89:14)
      at fn (node_modu
les/@babel/core/src/er
rors/rewrite-stack-tra
ce.ts:99:14)
      at 
transformSync (node_mo
dules/@babel/core/src/
transform.ts:66:52)
      at ScriptTransfo
rmer.transformSource (
node_modules/@jest/tra
nsform/build/ScriptTra
nsformer.js:545:31)
      at ScriptTransfo
rmer._transformAndBuil
dScript (node_modules/
@jest/transform/build/
ScriptTransformer.js:6
74:40)
      at ScriptTransfo
rmer.transform (node_m
odules/@jest/transform
/build/ScriptTransform
er.js:726:19)
      at require (test
/ux-enhancements-integ
ration.test.js:56:31)
      at 
Object.<anonymous> (te
st/ux-enhancements-int
egration.test.js:56:31
)

  ΓùÅ UX Enhancements 
Integration ΓÇ║ 
Onboarding and 
Discovery Integration 
ΓÇ║ should track 
feature initialization

    Jest encountered 
an unexpected token

    Jest failed to 
parse a file. This 
happens e.g. when 
your code or its 
dependencies use 
non-standard 
JavaScript syntax, or 
when Jest is not 
configured to support 
such syntax.

    Out of the box 
Jest supports Babel, 
which will be used to 
transform your files 
into valid JS based 
on your Babel 
configuration.

    By default 
"node_modules" folder 
is ignored by 
transformers.

    Here's what you 
can do:
     ΓÇó If you are 
trying to use 
ECMAScript Modules, 
see https://jestjs.io/
docs/ecmascript-module
s for how to enable 
it.
     ΓÇó If you are 
trying to use 
TypeScript, see https:
//jestjs.io/docs/getti
ng-started#using-types
cript
     ΓÇó To have some 
of your 
"node_modules" files 
transformed, you can 
specify a custom "tran
sformIgnorePatterns" 
in your config.
     ΓÇó If you need 
a custom 
transformation 
specify a "transform" 
option in your config.
     ΓÇó If you 
simply want to mock 
your non-JS modules 
(e.g. binary assets) 
you can stub them out 
with the 
"moduleNameMapper" 
config option.

    You'll find more 
details and examples 
of these config 
options in the docs:
    https://jestjs.io/
docs/configuration
    For information 
about custom 
transformations, see:
    https://jestjs.io/
docs/code-transformati
on

    Details:

    SyntaxError: C:\Wo
rkspace_Melbin\fun_web
sites\3d_model_viewer\
src\ui\MobileGestureMa
nager.js: Missing 
semicolon. (480:20)

    [0m [90m 478 
|[39m [90m     * 
Check if device is 
mobile[39m
     [90m 479 |[39m 
[90m     */[39m
    [31m[1m>[22m[3
9m[90m 480 |[39m    
 isMobileDevice() {
     [90m     |[39m 
                    
[31m[1m^[22m[39m
     [90m 481 |[39m 
        
[36mreturn[39m [35m
/Android|webOS|iPhone|
iPad|iPod|BlackBerry|I
EMobile|Opera Mini/i[
39m[33m.[39mtest(nav
igator[33m.[39muserA
gent)[33m;[39m
     [90m 482 |[39m 
    }
     [90m 483 
|[39m[0m

    [0m [90m 54 
|[39m         
[90m// Import 
modules[39m
     [90m 55 |[39m  
       
[36mconst[39m [33mO
nboardingModule[39m 
[33m=[39m 
[36mawait[39m [36mi
mport[39m([32m'../sr
c/ui/OnboardingManager
.js'[39m)[33m;[39m
    [31m[1m>[22m[3
9m[90m 56 |[39m     
    [36mconst[39m [
33mGestureModule[39m 
[33m=[39m 
[36mawait[39m [36mi
mport[39m([32m'../sr
c/ui/MobileGestureMana
ger.js'[39m)[33m;[3
9m
     [90m    |[39m  
                      
       
[31m[1m^[22m[39m
     [90m 57 |[39m  
       
[36mconst[39m [33mD
iscoveryModule[39m 
[33m=[39m 
[36mawait[39m [36mi
mport[39m([32m'../sr
c/ui/FeatureDiscoveryE
ngine.js'[39m)[33m;
[39m
     [90m 58 |[39m  
       
[36mconst[39m [33mI
ntegrationModule[39m 
[33m=[39m 
[36mawait[39m [36mi
mport[39m([32m'../sr
c/ui/UXEnhancementsInt
egration.js'[39m)[33
m;[39m
     [90m 59 |[39m  
       [0m

      at constructor (
node_modules/@babel/pa
rser/src/parse-error.t
s:95:45)
      at 
Parser.toParseError 
[as raise] (node_modul
es/@babel/parser/src/t
okenizer/index.ts:1503
:19)
      at Parser.raise 
[as semicolon] (node_m
odules/@babel/parser/s
rc/parser/util.ts:149:
10)
      at 
Parser.semicolon [as p
arseExpressionStatemen
t] (node_modules/@babe
l/parser/src/parser/st
atement.ts:1358:10)
      at Parser.parseE
xpressionStatement 
[as parseStatementCont
ent] (node_modules/@ba
bel/parser/src/parser/
statement.ts:697:19)
      at Parser.parseS
tatementContent [as 
parseStatementLike] (n
ode_modules/@babel/par
ser/src/parser/stateme
nt.ts:477:17)
      at Parser.parseS
tatementLike [as 
parseModuleItem] (node
_modules/@babel/parser
/src/parser/statement.
ts:414:17)
      at Parser.parseM
oduleItem [as parseBlo
ckOrModuleBlockBody] (
node_modules/@babel/pa
rser/src/parser/statem
ent.ts:1438:16)
      at Parser.parseB
lockOrModuleBlockBody 
[as parseBlockBody] (n
ode_modules/@babel/par
ser/src/parser/stateme
nt.ts:1412:10)
      at 
Parser.parseBlockBody 
[as parseProgram] (nod
e_modules/@babel/parse
r/src/parser/statement
.ts:229:10)
      at 
Parser.parseProgram 
[as parseTopLevel] (no
de_modules/@babel/pars
er/src/parser/statemen
t.ts:203:25)
      at 
Parser.parseTopLevel 
[as parse] (node_modul
es/@babel/parser/src/p
arser/index.ts:93:10)
      at parse (node_m
odules/@babel/parser/s
rc/index.ts:92:38)
      at parser (node_
modules/@babel/core/sr
c/parser/index.ts:28:1
9)
          at 
parser.next 
(<anonymous>)
      at 
normalizeFile (node_mo
dules/@babel/core/src/
transformation/normali
ze-file.ts:49:24)
          at 
normalizeFile.next 
(<anonymous>)
      at run (node_mod
ules/@babel/core/src/t
ransformation/index.ts
:40:36)
          at run.next 
(<anonymous>)
      at transform (no
de_modules/@babel/core
/src/transform.ts:29:2
0)
          at 
transform.next 
(<anonymous>)
      at evaluateSync 
(node_modules/gensync/
index.js:251:28)
      at sync (node_mo
dules/gensync/index.js
:89:14)
      at fn (node_modu
les/@babel/core/src/er
rors/rewrite-stack-tra
ce.ts:99:14)
      at 
transformSync (node_mo
dules/@babel/core/src/
transform.ts:66:52)
      at ScriptTransfo
rmer.transformSource (
node_modules/@jest/tra
nsform/build/ScriptTra
nsformer.js:545:31)
      at ScriptTransfo
rmer._transformAndBuil
dScript (node_modules/
@jest/transform/build/
ScriptTransformer.js:6
74:40)
      at ScriptTransfo
rmer.transform (node_m
odules/@jest/transform
/build/ScriptTransform
er.js:726:19)
      at require (test
/ux-enhancements-integ
ration.test.js:56:31)
      at 
Object.<anonymous> (te
st/ux-enhancements-int
egration.test.js:56:31
)

  ΓùÅ UX Enhancements 
Integration ΓÇ║ 
Onboarding and 
Discovery Integration 
ΓÇ║ should emit 
initialization events

    Jest encountered 
an unexpected token

    Jest failed to 
parse a file. This 
happens e.g. when 
your code or its 
dependencies use 
non-standard 
JavaScript syntax, or 
when Jest is not 
configured to support 
such syntax.

    Out of the box 
Jest supports Babel, 
which will be used to 
transform your files 
into valid JS based 
on your Babel 
configuration.

    By default 
"node_modules" folder 
is ignored by 
transformers.

    Here's what you 
can do:
     ΓÇó If you are 
trying to use 
ECMAScript Modules, 
see https://jestjs.io/
docs/ecmascript-module
s for how to enable 
it.
     ΓÇó If you are 
trying to use 
TypeScript, see https:
//jestjs.io/docs/getti
ng-started#using-types
cript
     ΓÇó To have some 
of your 
"node_modules" files 
transformed, you can 
specify a custom "tran
sformIgnorePatterns" 
in your config.
     ΓÇó If you need 
a custom 
transformation 
specify a "transform" 
option in your config.
     ΓÇó If you 
simply want to mock 
your non-JS modules 
(e.g. binary assets) 
you can stub them out 
with the 
"moduleNameMapper" 
config option.

    You'll find more 
details and examples 
of these config 
options in the docs:
    https://jestjs.io/
docs/configuration
    For information 
about custom 
transformations, see:
    https://jestjs.io/
docs/code-transformati
on

    Details:

    SyntaxError: C:\Wo
rkspace_Melbin\fun_web
sites\3d_model_viewer\
src\ui\MobileGestureMa
nager.js: Missing 
semicolon. (480:20)

    [0m [90m 478 
|[39m [90m     * 
Check if device is 
mobile[39m
     [90m 479 |[39m 
[90m     */[39m
    [31m[1m>[22m[3
9m[90m 480 |[39m    
 isMobileDevice() {
     [90m     |[39m 
                    
[31m[1m^[22m[39m
     [90m 481 |[39m 
        
[36mreturn[39m [35m
/Android|webOS|iPhone|
iPad|iPod|BlackBerry|I
EMobile|Opera Mini/i[
39m[33m.[39mtest(nav
igator[33m.[39muserA
gent)[33m;[39m
     [90m 482 |[39m 
    }
     [90m 483 
|[39m[0m

    [0m [90m 54 
|[39m         
[90m// Import 
modules[39m
     [90m 55 |[39m  
       
[36mconst[39m [33mO
nboardingModule[39m 
[33m=[39m 
[36mawait[39m [36mi
mport[39m([32m'../sr
c/ui/OnboardingManager
.js'[39m)[33m;[39m
    [31m[1m>[22m[3
9m[90m 56 |[39m     
    [36mconst[39m [
33mGestureModule[39m 
[33m=[39m 
[36mawait[39m [36mi
mport[39m([32m'../sr
c/ui/MobileGestureMana
ger.js'[39m)[33m;[3
9m
     [90m    |[39m  
                      
       
[31m[1m^[22m[39m
     [90m 57 |[39m  
       
[36mconst[39m [33mD
iscoveryModule[39m 
[33m=[39m 
[36mawait[39m [36mi
mport[39m([32m'../sr
c/ui/FeatureDiscoveryE
ngine.js'[39m)[33m;
[39m
     [90m 58 |[39m  
       
[36mconst[39m [33mI
ntegrationModule[39m 
[33m=[39m 
[36mawait[39m [36mi
mport[39m([32m'../sr
c/ui/UXEnhancementsInt
egration.js'[39m)[33
m;[39m
     [90m 59 |[39m  
       [0m

      at constructor (
node_modules/@babel/pa
rser/src/parse-error.t
s:95:45)
      at 
Parser.toParseError 
[as raise] (node_modul
es/@babel/parser/src/t
okenizer/index.ts:1503
:19)
      at Parser.raise 
[as semicolon] (node_m
odules/@babel/parser/s
rc/parser/util.ts:149:
10)
      at 
Parser.semicolon [as p
arseExpressionStatemen
t] (node_modules/@babe
l/parser/src/parser/st
atement.ts:1358:10)
      at Parser.parseE
xpressionStatement 
[as parseStatementCont
ent] (node_modules/@ba
bel/parser/src/parser/
statement.ts:697:19)
      at Parser.parseS
tatementContent [as 
parseStatementLike] (n
ode_modules/@babel/par
ser/src/parser/stateme
nt.ts:477:17)
      at Parser.parseS
tatementLike [as 
parseModuleItem] (node
_modules/@babel/parser
/src/parser/statement.
ts:414:17)
      at Parser.parseM
oduleItem [as parseBlo
ckOrModuleBlockBody] (
node_modules/@babel/pa
rser/src/parser/statem
ent.ts:1438:16)
      at Parser.parseB
lockOrModuleBlockBody 
[as parseBlockBody] (n
ode_modules/@babel/par
ser/src/parser/stateme
nt.ts:1412:10)
      at 
Parser.parseBlockBody 
[as parseProgram] (nod
e_modules/@babel/parse
r/src/parser/statement
.ts:229:10)
      at 
Parser.parseProgram 
[as parseTopLevel] (no
de_modules/@babel/pars
er/src/parser/statemen
t.ts:203:25)
      at 
Parser.parseTopLevel 
[as parse] (node_modul
es/@babel/parser/src/p
arser/index.ts:93:10)
      at parse (node_m
odules/@babel/parser/s
rc/index.ts:92:38)
      at parser (node_
modules/@babel/core/sr
c/parser/index.ts:28:1
9)
          at 
parser.next 
(<anonymous>)
      at 
normalizeFile (node_mo
dules/@babel/core/src/
transformation/normali
ze-file.ts:49:24)
          at 
normalizeFile.next 
(<anonymous>)
      at run (node_mod
ules/@babel/core/src/t
ransformation/index.ts
:40:36)
          at run.next 
(<anonymous>)
      at transform (no
de_modules/@babel/core
/src/transform.ts:29:2
0)
          at 
transform.next 
(<anonymous>)
      at evaluateSync 
(node_modules/gensync/
index.js:251:28)
      at sync (node_mo
dules/gensync/index.js
:89:14)
      at fn (node_modu
les/@babel/core/src/er
rors/rewrite-stack-tra
ce.ts:99:14)
      at 
transformSync (node_mo
dules/@babel/core/src/
transform.ts:66:52)
      at ScriptTransfo
rmer.transformSource (
node_modules/@jest/tra
nsform/build/ScriptTra
nsformer.js:545:31)
      at ScriptTransfo
rmer._transformAndBuil
dScript (node_modules/
@jest/transform/build/
ScriptTransformer.js:6
74:40)
      at ScriptTransfo
rmer.transform (node_m
odules/@jest/transform
/build/ScriptTransform
er.js:726:19)
      at require (test
/ux-enhancements-integ
ration.test.js:56:31)
      at 
Object.<anonymous> (te
st/ux-enhancements-int
egration.test.js:56:31
)

  ΓùÅ UX Enhancements 
Integration ΓÇ║ 
Gesture and Discovery 
Integration ΓÇ║ 
should have gesture 
manager available

    Jest encountered 
an unexpected token

    Jest failed to 
parse a file. This 
happens e.g. when 
your code or its 
dependencies use 
non-standard 
JavaScript syntax, or 
when Jest is not 
configured to support 
such syntax.

    Out of the box 
Jest supports Babel, 
which will be used to 
transform your files 
into valid JS based 
on your Babel 
configuration.

    By default 
"node_modules" folder 
is ignored by 
transformers.

    Here's what you 
can do:
     ΓÇó If you are 
trying to use 
ECMAScript Modules, 
see https://jestjs.io/
docs/ecmascript-module
s for how to enable 
it.
     ΓÇó If you are 
trying to use 
TypeScript, see https:
//jestjs.io/docs/getti
ng-started#using-types
cript
     ΓÇó To have some 
of your 
"node_modules" files 
transformed, you can 
specify a custom "tran
sformIgnorePatterns" 
in your config.
     ΓÇó If you need 
a custom 
transformation 
specify a "transform" 
option in your config.
     ΓÇó If you 
simply want to mock 
your non-JS modules 
(e.g. binary assets) 
you can stub them out 
with the 
"moduleNameMapper" 
config option.

    You'll find more 
details and examples 
of these config 
options in the docs:
    https://jestjs.io/
docs/configuration
    For information 
about custom 
transformations, see:
    https://jestjs.io/
docs/code-transformati
on

    Details:

    SyntaxError: C:\Wo
rkspace_Melbin\fun_web
sites\3d_model_viewer\
src\ui\MobileGestureMa
nager.js: Missing 
semicolon. (480:20)

    [0m [90m 478 
|[39m [90m     * 
Check if device is 
mobile[39m
     [90m 479 |[39m 
[90m     */[39m
    [31m[1m>[22m[3
9m[90m 480 |[39m    
 isMobileDevice() {
     [90m     |[39m 
                    
[31m[1m^[22m[39m
     [90m 481 |[39m 
        
[36mreturn[39m [35m
/Android|webOS|iPhone|
iPad|iPod|BlackBerry|I
EMobile|Opera Mini/i[
39m[33m.[39mtest(nav
igator[33m.[39muserA
gent)[33m;[39m
     [90m 482 |[39m 
    }
     [90m 483 
|[39m[0m

    [0m [90m 54 
|[39m         
[90m// Import 
modules[39m
     [90m 55 |[39m  
       
[36mconst[39m [33mO
nboardingModule[39m 
[33m=[39m 
[36mawait[39m [36mi
mport[39m([32m'../sr
c/ui/OnboardingManager
.js'[39m)[33m;[39m
    [31m[1m>[22m[3
9m[90m 56 |[39m     
    [36mconst[39m [
33mGestureModule[39m 
[33m=[39m 
[36mawait[39m [36mi
mport[39m([32m'../sr
c/ui/MobileGestureMana
ger.js'[39m)[33m;[3
9m
     [90m    |[39m  
                      
       
[31m[1m^[22m[39m
     [90m 57 |[39m  
       
[36mconst[39m [33mD
iscoveryModule[39m 
[33m=[39m 
[36mawait[39m [36mi
mport[39m([32m'../sr
c/ui/FeatureDiscoveryE
ngine.js'[39m)[33m;
[39m
     [90m 58 |[39m  
       
[36mconst[39m [33mI
ntegrationModule[39m 
[33m=[39m 
[36mawait[39m [36mi
mport[39m([32m'../sr
c/ui/UXEnhancementsInt
egration.js'[39m)[33
m;[39m
     [90m 59 |[39m  
       [0m

      at constructor (
node_modules/@babel/pa
rser/src/parse-error.t
s:95:45)
      at 
Parser.toParseError 
[as raise] (node_modul
es/@babel/parser/src/t
okenizer/index.ts:1503
:19)
      at Parser.raise 
[as semicolon] (node_m
odules/@babel/parser/s
rc/parser/util.ts:149:
10)
      at 
Parser.semicolon [as p
arseExpressionStatemen
t] (node_modules/@babe
l/parser/src/parser/st
atement.ts:1358:10)
      at Parser.parseE
xpressionStatement 
[as parseStatementCont
ent] (node_modules/@ba
bel/parser/src/parser/
statement.ts:697:19)
      at Parser.parseS
tatementContent [as 
parseStatementLike] (n
ode_modules/@babel/par
ser/src/parser/stateme
nt.ts:477:17)
      at Parser.parseS
tatementLike [as 
parseModuleItem] (node
_modules/@babel/parser
/src/parser/statement.
ts:414:17)
      at Parser.parseM
oduleItem [as parseBlo
ckOrModuleBlockBody] (
node_modules/@babel/pa
rser/src/parser/statem
ent.ts:1438:16)
      at Parser.parseB
lockOrModuleBlockBody 
[as parseBlockBody] (n
ode_modules/@babel/par
ser/src/parser/stateme
nt.ts:1412:10)
      at 
Parser.parseBlockBody 
[as parseProgram] (nod
e_modules/@babel/parse
r/src/parser/statement
.ts:229:10)
      at 
Parser.parseProgram 
[as parseTopLevel] (no
de_modules/@babel/pars
er/src/parser/statemen
t.ts:203:25)
      at 
Parser.parseTopLevel 
[as parse] (node_modul
es/@babel/parser/src/p
arser/index.ts:93:10)
      at parse (node_m
odules/@babel/parser/s
rc/index.ts:92:38)
      at parser (node_
modules/@babel/core/sr
c/parser/index.ts:28:1
9)
          at 
parser.next 
(<anonymous>)
      at 
normalizeFile (node_mo
dules/@babel/core/src/
transformation/normali
ze-file.ts:49:24)
          at 
normalizeFile.next 
(<anonymous>)
      at run (node_mod
ules/@babel/core/src/t
ransformation/index.ts
:40:36)
          at run.next 
(<anonymous>)
      at transform (no
de_modules/@babel/core
/src/transform.ts:29:2
0)
          at 
transform.next 
(<anonymous>)
      at evaluateSync 
(node_modules/gensync/
index.js:251:28)
      at sync (node_mo
dules/gensync/index.js
:89:14)
      at fn (node_modu
les/@babel/core/src/er
rors/rewrite-stack-tra
ce.ts:99:14)
      at 
transformSync (node_mo
dules/@babel/core/src/
transform.ts:66:52)
      at ScriptTransfo
rmer.transformSource (
node_modules/@jest/tra
nsform/build/ScriptTra
nsformer.js:545:31)
      at ScriptTransfo
rmer._transformAndBuil
dScript (node_modules/
@jest/transform/build/
ScriptTransformer.js:6
74:40)
      at ScriptTransfo
rmer.transform (node_m
odules/@jest/transform
/build/ScriptTransform
er.js:726:19)
      at require (test
/ux-enhancements-integ
ration.test.js:56:31)
      at 
Object.<anonymous> (te
st/ux-enhancements-int
egration.test.js:56:31
)

  ΓùÅ UX Enhancements 
Integration ΓÇ║ 
Gesture and Discovery 
Integration ΓÇ║ 
should track gesture 
feature status

    Jest encountered 
an unexpected token

    Jest failed to 
parse a file. This 
happens e.g. when 
your code or its 
dependencies use 
non-standard 
JavaScript syntax, or 
when Jest is not 
configured to support 
such syntax.

    Out of the box 
Jest supports Babel, 
which will be used to 
transform your files 
into valid JS based 
on your Babel 
configuration.

    By default 
"node_modules" folder 
is ignored by 
transformers.

    Here's what you 
can do:
     ΓÇó If you are 
trying to use 
ECMAScript Modules, 
see https://jestjs.io/
docs/ecmascript-module
s for how to enable 
it.
     ΓÇó If you are 
trying to use 
TypeScript, see https:
//jestjs.io/docs/getti
ng-started#using-types
cript
     ΓÇó To have some 
of your 
"node_modules" files 
transformed, you can 
specify a custom "tran
sformIgnorePatterns" 
in your config.
     ΓÇó If you need 
a custom 
transformation 
specify a "transform" 
option in your config.
     ΓÇó If you 
simply want to mock 
your non-JS modules 
(e.g. binary assets) 
you can stub them out 
with the 
"moduleNameMapper" 
config option.

    You'll find more 
details and examples 
of these config 
options in the docs:
    https://jestjs.io/
docs/configuration
    For information 
about custom 
transformations, see:
    https://jestjs.io/
docs/code-transformati
on

    Details:

    SyntaxError: C:\Wo
rkspace_Melbin\fun_web
sites\3d_model_viewer\
src\ui\MobileGestureMa
nager.js: Missing 
semicolon. (480:20)

    [0m [90m 478 
|[39m [90m     * 
Check if device is 
mobile[39m
     [90m 479 |[39m 
[90m     */[39m
    [31m[1m>[22m[3
9m[90m 480 |[39m    
 isMobileDevice() {
     [90m     |[39m 
                    
[31m[1m^[22m[39m
     [90m 481 |[39m 
        
[36mreturn[39m [35m
/Android|webOS|iPhone|
iPad|iPod|BlackBerry|I
EMobile|Opera Mini/i[
39m[33m.[39mtest(nav
igator[33m.[39muserA
gent)[33m;[39m
     [90m 482 |[39m 
    }
     [90m 483 
|[39m[0m

    [0m [90m 54 
|[39m         
[90m// Import 
modules[39m
     [90m 55 |[39m  
       
[36mconst[39m [33mO
nboardingModule[39m 
[33m=[39m 
[36mawait[39m [36mi
mport[39m([32m'../sr
c/ui/OnboardingManager
.js'[39m)[33m;[39m
    [31m[1m>[22m[3
9m[90m 56 |[39m     
    [36mconst[39m [
33mGestureModule[39m 
[33m=[39m 
[36mawait[39m [36mi
mport[39m([32m'../sr
c/ui/MobileGestureMana
ger.js'[39m)[33m;[3
9m
     [90m    |[39m  
                      
       
[31m[1m^[22m[39m
     [90m 57 |[39m  
       
[36mconst[39m [33mD
iscoveryModule[39m 
[33m=[39m 
[36mawait[39m [36mi
mport[39m([32m'../sr
c/ui/FeatureDiscoveryE
ngine.js'[39m)[33m;
[39m
     [90m 58 |[39m  
       
[36mconst[39m [33mI
ntegrationModule[39m 
[33m=[39m 
[36mawait[39m [36mi
mport[39m([32m'../sr
c/ui/UXEnhancementsInt
egration.js'[39m)[33
m;[39m
     [90m 59 |[39m  
       [0m

      at constructor (
node_modules/@babel/pa
rser/src/parse-error.t
s:95:45)
      at 
Parser.toParseError 
[as raise] (node_modul
es/@babel/parser/src/t
okenizer/index.ts:1503
:19)
      at Parser.raise 
[as semicolon] (node_m
odules/@babel/parser/s
rc/parser/util.ts:149:
10)
      at 
Parser.semicolon [as p
arseExpressionStatemen
t] (node_modules/@babe
l/parser/src/parser/st
atement.ts:1358:10)
      at Parser.parseE
xpressionStatement 
[as parseStatementCont
ent] (node_modules/@ba
bel/parser/src/parser/
statement.ts:697:19)
      at Parser.parseS
tatementContent [as 
parseStatementLike] (n
ode_modules/@babel/par
ser/src/parser/stateme
nt.ts:477:17)
      at Parser.parseS
tatementLike [as 
parseModuleItem] (node
_modules/@babel/parser
/src/parser/statement.
ts:414:17)
      at Parser.parseM
oduleItem [as parseBlo
ckOrModuleBlockBody] (
node_modules/@babel/pa
rser/src/parser/statem
ent.ts:1438:16)
      at Parser.parseB
lockOrModuleBlockBody 
[as parseBlockBody] (n
ode_modules/@babel/par
ser/src/parser/stateme
nt.ts:1412:10)
      at 
Parser.parseBlockBody 
[as parseProgram] (nod
e_modules/@babel/parse
r/src/parser/statement
.ts:229:10)
      at 
Parser.parseProgram 
[as parseTopLevel] (no
de_modules/@babel/pars
er/src/parser/statemen
t.ts:203:25)
      at 
Parser.parseTopLevel 
[as parse] (node_modul
es/@babel/parser/src/p
arser/index.ts:93:10)
      at parse (node_m
odules/@babel/parser/s
rc/index.ts:92:38)
      at parser (node_
modules/@babel/core/sr
c/parser/index.ts:28:1
9)
          at 
parser.next 
(<anonymous>)
      at 
normalizeFile (node_mo
dules/@babel/core/src/
transformation/normali
ze-file.ts:49:24)
          at 
normalizeFile.next 
(<anonymous>)
      at run (node_mod
ules/@babel/core/src/t
ransformation/index.ts
:40:36)
          at run.next 
(<anonymous>)
      at transform (no
de_modules/@babel/core
/src/transform.ts:29:2
0)
          at 
transform.next 
(<anonymous>)
      at evaluateSync 
(node_modules/gensync/
index.js:251:28)
      at sync (node_mo
dules/gensync/index.js
:89:14)
      at fn (node_modu
les/@babel/core/src/er
rors/rewrite-stack-tra
ce.ts:99:14)
      at 
transformSync (node_mo
dules/@babel/core/src/
transform.ts:66:52)
      at ScriptTransfo
rmer.transformSource (
node_modules/@jest/tra
nsform/build/ScriptTra
nsformer.js:545:31)
      at ScriptTransfo
rmer._transformAndBuil
dScript (node_modules/
@jest/transform/build/
ScriptTransformer.js:6
74:40)
      at ScriptTransfo
rmer.transform (node_m
odules/@jest/transform
/build/ScriptTransform
er.js:726:19)
      at require (test
/ux-enhancements-integ
ration.test.js:56:31)
      at 
Object.<anonymous> (te
st/ux-enhancements-int
egration.test.js:56:31
)

  ΓùÅ UX Enhancements 
Integration ΓÇ║ 
Gesture and Discovery 
Integration ΓÇ║ 
should handle gesture 
events

    Jest encountered 
an unexpected token

    Jest failed to 
parse a file. This 
happens e.g. when 
your code or its 
dependencies use 
non-standard 
JavaScript syntax, or 
when Jest is not 
configured to support 
such syntax.

    Out of the box 
Jest supports Babel, 
which will be used to 
transform your files 
into valid JS based 
on your Babel 
configuration.

    By default 
"node_modules" folder 
is ignored by 
transformers.

    Here's what you 
can do:
     ΓÇó If you are 
trying to use 
ECMAScript Modules, 
see https://jestjs.io/
docs/ecmascript-module
s for how to enable 
it.
     ΓÇó If you are 
trying to use 
TypeScript, see https:
//jestjs.io/docs/getti
ng-started#using-types
cript
     ΓÇó To have some 
of your 
"node_modules" files 
transformed, you can 
specify a custom "tran
sformIgnorePatterns" 
in your config.
     ΓÇó If you need 
a custom 
transformation 
specify a "transform" 
option in your config.
     ΓÇó If you 
simply want to mock 
your non-JS modules 
(e.g. binary assets) 
you can stub them out 
with the 
"moduleNameMapper" 
config option.

    You'll find more 
details and examples 
of these config 
options in the docs:
    https://jestjs.io/
docs/configuration
    For information 
about custom 
transformations, see:
    https://jestjs.io/
docs/code-transformati
on

    Details:

    SyntaxError: C:\Wo
rkspace_Melbin\fun_web
sites\3d_model_viewer\
src\ui\MobileGestureMa
nager.js: Missing 
semicolon. (480:20)

    [0m [90m 478 
|[39m [90m     * 
Check if device is 
mobile[39m
     [90m 479 |[39m 
[90m     */[39m
    [31m[1m>[22m[3
9m[90m 480 |[39m    
 isMobileDevice() {
     [90m     |[39m 
                    
[31m[1m^[22m[39m
     [90m 481 |[39m 
        
[36mreturn[39m [35m
/Android|webOS|iPhone|
iPad|iPod|BlackBerry|I
EMobile|Opera Mini/i[
39m[33m.[39mtest(nav
igator[33m.[39muserA
gent)[33m;[39m
     [90m 482 |[39m 
    }
     [90m 483 
|[39m[0m

    [0m [90m 54 
|[39m         
[90m// Import 
modules[39m
     [90m 55 |[39m  
       
[36mconst[39m [33mO
nboardingModule[39m 
[33m=[39m 
[36mawait[39m [36mi
mport[39m([32m'../sr
c/ui/OnboardingManager
.js'[39m)[33m;[39m
    [31m[1m>[22m[3
9m[90m 56 |[39m     
    [36mconst[39m [
33mGestureModule[39m 
[33m=[39m 
[36mawait[39m [36mi
mport[39m([32m'../sr
c/ui/MobileGestureMana
ger.js'[39m)[33m;[3
9m
     [90m    |[39m  
                      
       
[31m[1m^[22m[39m
     [90m 57 |[39m  
       
[36mconst[39m [33mD
iscoveryModule[39m 
[33m=[39m 
[36mawait[39m [36mi
mport[39m([32m'../sr
c/ui/FeatureDiscoveryE
ngine.js'[39m)[33m;
[39m
     [90m 58 |[39m  
       
[36mconst[39m [33mI
ntegrationModule[39m 
[33m=[39m 
[36mawait[39m [36mi
mport[39m([32m'../sr
c/ui/UXEnhancementsInt
egration.js'[39m)[33
m;[39m
     [90m 59 |[39m  
       [0m

      at constructor (
node_modules/@babel/pa
rser/src/parse-error.t
s:95:45)
      at 
Parser.toParseError 
[as raise] (node_modul
es/@babel/parser/src/t
okenizer/index.ts:1503
:19)
      at Parser.raise 
[as semicolon] (node_m
odules/@babel/parser/s
rc/parser/util.ts:149:
10)
      at 
Parser.semicolon [as p
arseExpressionStatemen
t] (node_modules/@babe
l/parser/src/parser/st
atement.ts:1358:10)
      at Parser.parseE
xpressionStatement 
[as parseStatementCont
ent] (node_modules/@ba
bel/parser/src/parser/
statement.ts:697:19)
      at Parser.parseS
tatementContent [as 
parseStatementLike] (n
ode_modules/@babel/par
ser/src/parser/stateme
nt.ts:477:17)
      at Parser.parseS
tatementLike [as 
parseModuleItem] (node
_modules/@babel/parser
/src/parser/statement.
ts:414:17)
      at Parser.parseM
oduleItem [as parseBlo
ckOrModuleBlockBody] (
node_modules/@babel/pa
rser/src/parser/statem
ent.ts:1438:16)
      at Parser.parseB
lockOrModuleBlockBody 
[as parseBlockBody] (n
ode_modules/@babel/par
ser/src/parser/stateme
nt.ts:1412:10)
      at 
Parser.parseBlockBody 
[as parseProgram] (nod
e_modules/@babel/parse
r/src/parser/statement
.ts:229:10)
      at 
Parser.parseProgram 
[as parseTopLevel] (no
de_modules/@babel/pars
er/src/parser/statemen
t.ts:203:25)
      at 
Parser.parseTopLevel 
[as parse] (node_modul
es/@babel/parser/src/p
arser/index.ts:93:10)
      at parse (node_m
odules/@babel/parser/s
rc/index.ts:92:38)
      at parser (node_
modules/@babel/core/sr
c/parser/index.ts:28:1
9)
          at 
parser.next 
(<anonymous>)
      at 
normalizeFile (node_mo
dules/@babel/core/src/
transformation/normali
ze-file.ts:49:24)
          at 
normalizeFile.next 
(<anonymous>)
      at run (node_mod
ules/@babel/core/src/t
ransformation/index.ts
:40:36)
          at run.next 
(<anonymous>)
      at transform (no
de_modules/@babel/core
/src/transform.ts:29:2
0)
          at 
transform.next 
(<anonymous>)
      at evaluateSync 
(node_modules/gensync/
index.js:251:28)
      at sync (node_mo
dules/gensync/index.js
:89:14)
      at fn (node_modu
les/@babel/core/src/er
rors/rewrite-stack-tra
ce.ts:99:14)
      at 
transformSync (node_mo
dules/@babel/core/src/
transform.ts:66:52)
      at ScriptTransfo
rmer.transformSource (
node_modules/@jest/tra
nsform/build/ScriptTra
nsformer.js:545:31)
      at ScriptTransfo
rmer._transformAndBuil
dScript (node_modules/
@jest/transform/build/
ScriptTransformer.js:6
74:40)
      at ScriptTransfo
rmer.transform (node_m
odules/@jest/transform
/build/ScriptTransform
er.js:726:19)
      at require (test
/ux-enhancements-integ
ration.test.js:56:31)
      at 
Object.<anonymous> (te
st/ux-enhancements-int
egration.test.js:56:31
)

  ΓùÅ UX Enhancements 
Integration ΓÇ║ 
Gesture and Discovery 
Integration ΓÇ║ 
should integrate with 
discovery engine

    Jest encountered 
an unexpected token

    Jest failed to 
parse a file. This 
happens e.g. when 
your code or its 
dependencies use 
non-standard 
JavaScript syntax, or 
when Jest is not 
configured to support 
such syntax.

    Out of the box 
Jest supports Babel, 
which will be used to 
transform your files 
into valid JS based 
on your Babel 
configuration.

    By default 
"node_modules" folder 
is ignored by 
transformers.

    Here's what you 
can do:
     ΓÇó If you are 
trying to use 
ECMAScript Modules, 
see https://jestjs.io/
docs/ecmascript-module
s for how to enable 
it.
     ΓÇó If you are 
trying to use 
TypeScript, see https:
//jestjs.io/docs/getti
ng-started#using-types
cript
     ΓÇó To have some 
of your 
"node_modules" files 
transformed, you can 
specify a custom "tran
sformIgnorePatterns" 
in your config.
     ΓÇó If you need 
a custom 
transformation 
specify a "transform" 
option in your config.
     ΓÇó If you 
simply want to mock 
your non-JS modules 
(e.g. binary assets) 
you can stub them out 
with the 
"moduleNameMapper" 
config option.

    You'll find more 
details and examples 
of these config 
options in the docs:
    https://jestjs.io/
docs/configuration
    For information 
about custom 
transformations, see:
    https://jestjs.io/
docs/code-transformati
on

    Details:

    SyntaxError: C:\Wo
rkspace_Melbin\fun_web
sites\3d_model_viewer\
src\ui\MobileGestureMa
nager.js: Missing 
semicolon. (480:20)

    [0m [90m 478 
|[39m [90m     * 
Check if device is 
mobile[39m
     [90m 479 |[39m 
[90m     */[39m
    [31m[1m>[22m[3
9m[90m 480 |[39m    
 isMobileDevice() {
     [90m     |[39m 
                    
[31m[1m^[22m[39m
     [90m 481 |[39m 
        
[36mreturn[39m [35m
/Android|webOS|iPhone|
iPad|iPod|BlackBerry|I
EMobile|Opera Mini/i[
39m[33m.[39mtest(nav
igator[33m.[39muserA
gent)[33m;[39m
     [90m 482 |[39m 
    }
     [90m 483 
|[39m[0m

    [0m [90m 54 
|[39m         
[90m// Import 
modules[39m
     [90m 55 |[39m  
       
[36mconst[39m [33mO
nboardingModule[39m 
[33m=[39m 
[36mawait[39m [36mi
mport[39m([32m'../sr
c/ui/OnboardingManager
.js'[39m)[33m;[39m
    [31m[1m>[22m[3
9m[90m 56 |[39m     
    [36mconst[39m [
33mGestureModule[39m 
[33m=[39m 
[36mawait[39m [36mi
mport[39m([32m'../sr
c/ui/MobileGestureMana
ger.js'[39m)[33m;[3
9m
     [90m    |[39m  
                      
       
[31m[1m^[22m[39m
     [90m 57 |[39m  
       
[36mconst[39m [33mD
iscoveryModule[39m 
[33m=[39m 
[36mawait[39m [36mi
mport[39m([32m'../sr
c/ui/FeatureDiscoveryE
ngine.js'[39m)[33m;
[39m
     [90m 58 |[39m  
       
[36mconst[39m [33mI
ntegrationModule[39m 
[33m=[39m 
[36mawait[39m [36mi
mport[39m([32m'../sr
c/ui/UXEnhancementsInt
egration.js'[39m)[33
m;[39m
     [90m 59 |[39m  
       [0m

      at constructor (
node_modules/@babel/pa
rser/src/parse-error.t
s:95:45)
      at 
Parser.toParseError 
[as raise] (node_modul
es/@babel/parser/src/t
okenizer/index.ts:1503
:19)
      at Parser.raise 
[as semicolon] (node_m
odules/@babel/parser/s
rc/parser/util.ts:149:
10)
      at 
Parser.semicolon [as p
arseExpressionStatemen
t] (node_modules/@babe
l/parser/src/parser/st
atement.ts:1358:10)
      at Parser.parseE
xpressionStatement 
[as parseStatementCont
ent] (node_modules/@ba
bel/parser/src/parser/
statement.ts:697:19)
      at Parser.parseS
tatementContent [as 
parseStatementLike] (n
ode_modules/@babel/par
ser/src/parser/stateme
nt.ts:477:17)
      at Parser.parseS
tatementLike [as 
parseModuleItem] (node
_modules/@babel/parser
/src/parser/statement.
ts:414:17)
      at Parser.parseM
oduleItem [as parseBlo
ckOrModuleBlockBody] (
node_modules/@babel/pa
rser/src/parser/statem
ent.ts:1438:16)
      at Parser.parseB
lockOrModuleBlockBody 
[as parseBlockBody] (n
ode_modules/@babel/par
ser/src/parser/stateme
nt.ts:1412:10)
      at 
Parser.parseBlockBody 
[as parseProgram] (nod
e_modules/@babel/parse
r/src/parser/statement
.ts:229:10)
      at 
Parser.parseProgram 
[as parseTopLevel] (no
de_modules/@babel/pars
er/src/parser/statemen
t.ts:203:25)
      at 
Parser.parseTopLevel 
[as parse] (node_modul
es/@babel/parser/src/p
arser/index.ts:93:10)
      at parse (node_m
odules/@babel/parser/s
rc/index.ts:92:38)
      at parser (node_
modules/@babel/core/sr
c/parser/index.ts:28:1
9)
          at 
parser.next 
(<anonymous>)
      at 
normalizeFile (node_mo
dules/@babel/core/src/
transformation/normali
ze-file.ts:49:24)
          at 
normalizeFile.next 
(<anonymous>)
      at run (node_mod
ules/@babel/core/src/t
ransformation/index.ts
:40:36)
          at run.next 
(<anonymous>)
      at transform (no
de_modules/@babel/core
/src/transform.ts:29:2
0)
          at 
transform.next 
(<anonymous>)
      at evaluateSync 
(node_modules/gensync/
index.js:251:28)
      at sync (node_mo
dules/gensync/index.js
:89:14)
      at fn (node_modu
les/@babel/core/src/er
rors/rewrite-stack-tra
ce.ts:99:14)
      at 
transformSync (node_mo
dules/@babel/core/src/
transform.ts:66:52)
      at ScriptTransfo
rmer.transformSource (
node_modules/@jest/tra
nsform/build/ScriptTra
nsformer.js:545:31)
      at ScriptTransfo
rmer._transformAndBuil
dScript (node_modules/
@jest/transform/build/
ScriptTransformer.js:6
74:40)
      at ScriptTransfo
rmer.transform (node_m
odules/@jest/transform
/build/ScriptTransform
er.js:726:19)
      at require (test
/ux-enhancements-integ
ration.test.js:56:31)
      at 
Object.<anonymous> (te
st/ux-enhancements-int
egration.test.js:56:31
)

  ΓùÅ UX Enhancements 
Integration ΓÇ║ 
Onboarding and 
Gesture Integration 
ΓÇ║ should have both 
onboarding and 
gesture managers

    Jest encountered 
an unexpected token

    Jest failed to 
parse a file. This 
happens e.g. when 
your code or its 
dependencies use 
non-standard 
JavaScript syntax, or 
when Jest is not 
configured to support 
such syntax.

    Out of the box 
Jest supports Babel, 
which will be used to 
transform your files 
into valid JS based 
on your Babel 
configuration.

    By default 
"node_modules" folder 
is ignored by 
transformers.

    Here's what you 
can do:
     ΓÇó If you are 
trying to use 
ECMAScript Modules, 
see https://jestjs.io/
docs/ecmascript-module
s for how to enable 
it.
     ΓÇó If you are 
trying to use 
TypeScript, see https:
//jestjs.io/docs/getti
ng-started#using-types
cript
     ΓÇó To have some 
of your 
"node_modules" files 
transformed, you can 
specify a custom "tran
sformIgnorePatterns" 
in your config.
     ΓÇó If you need 
a custom 
transformation 
specify a "transform" 
option in your config.
     ΓÇó If you 
simply want to mock 
your non-JS modules 
(e.g. binary assets) 
you can stub them out 
with the 
"moduleNameMapper" 
config option.

    You'll find more 
details and examples 
of these config 
options in the docs:
    https://jestjs.io/
docs/configuration
    For information 
about custom 
transformations, see:
    https://jestjs.io/
docs/code-transformati
on

    Details:

    SyntaxError: C:\Wo
rkspace_Melbin\fun_web
sites\3d_model_viewer\
src\ui\MobileGestureMa
nager.js: Missing 
semicolon. (480:20)

    [0m [90m 478 
|[39m [90m     * 
Check if device is 
mobile[39m
     [90m 479 |[39m 
[90m     */[39m
    [31m[1m>[22m[3
9m[90m 480 |[39m    
 isMobileDevice() {
     [90m     |[39m 
                    
[31m[1m^[22m[39m
     [90m 481 |[39m 
        
[36mreturn[39m [35m
/Android|webOS|iPhone|
iPad|iPod|BlackBerry|I
EMobile|Opera Mini/i[
39m[33m.[39mtest(nav
igator[33m.[39muserA
gent)[33m;[39m
     [90m 482 |[39m 
    }
     [90m 483 
|[39m[0m

    [0m [90m 54 
|[39m         
[90m// Import 
modules[39m
     [90m 55 |[39m  
       
[36mconst[39m [33mO
nboardingModule[39m 
[33m=[39m 
[36mawait[39m [36mi
mport[39m([32m'../sr
c/ui/OnboardingManager
.js'[39m)[33m;[39m
    [31m[1m>[22m[3
9m[90m 56 |[39m     
    [36mconst[39m [
33mGestureModule[39m 
[33m=[39m 
[36mawait[39m [36mi
mport[39m([32m'../sr
c/ui/MobileGestureMana
ger.js'[39m)[33m;[3
9m
     [90m    |[39m  
                      
       
[31m[1m^[22m[39m
     [90m 57 |[39m  
       
[36mconst[39m [33mD
iscoveryModule[39m 
[33m=[39m 
[36mawait[39m [36mi
mport[39m([32m'../sr
c/ui/FeatureDiscoveryE
ngine.js'[39m)[33m;
[39m
     [90m 58 |[39m  
       
[36mconst[39m [33mI
ntegrationModule[39m 
[33m=[39m 
[36mawait[39m [36mi
mport[39m([32m'../sr
c/ui/UXEnhancementsInt
egration.js'[39m)[33
m;[39m
     [90m 59 |[39m  
       [0m

      at constructor (
node_modules/@babel/pa
rser/src/parse-error.t
s:95:45)
      at 
Parser.toParseError 
[as raise] (node_modul
es/@babel/parser/src/t
okenizer/index.ts:1503
:19)
      at Parser.raise 
[as semicolon] (node_m
odules/@babel/parser/s
rc/parser/util.ts:149:
10)
      at 
Parser.semicolon [as p
arseExpressionStatemen
t] (node_modules/@babe
l/parser/src/parser/st
atement.ts:1358:10)
      at Parser.parseE
xpressionStatement 
[as parseStatementCont
ent] (node_modules/@ba
bel/parser/src/parser/
statement.ts:697:19)
      at Parser.parseS
tatementContent [as 
parseStatementLike] (n
ode_modules/@babel/par
ser/src/parser/stateme
nt.ts:477:17)
      at Parser.parseS
tatementLike [as 
parseModuleItem] (node
_modules/@babel/parser
/src/parser/statement.
ts:414:17)
      at Parser.parseM
oduleItem [as parseBlo
ckOrModuleBlockBody] (
node_modules/@babel/pa
rser/src/parser/statem
ent.ts:1438:16)
      at Parser.parseB
lockOrModuleBlockBody 
[as parseBlockBody] (n
ode_modules/@babel/par
ser/src/parser/stateme
nt.ts:1412:10)
      at 
Parser.parseBlockBody 
[as parseProgram] (nod
e_modules/@babel/parse
r/src/parser/statement
.ts:229:10)
      at 
Parser.parseProgram 
[as parseTopLevel] (no
de_modules/@babel/pars
er/src/parser/statemen
t.ts:203:25)
      at 
Parser.parseTopLevel 
[as parse] (node_modul
es/@babel/parser/src/p
arser/index.ts:93:10)
      at parse (node_m
odules/@babel/parser/s
rc/index.ts:92:38)
      at parser (node_
modules/@babel/core/sr
c/parser/index.ts:28:1
9)
          at 
parser.next 
(<anonymous>)
      at 
normalizeFile (node_mo
dules/@babel/core/src/
transformation/normali
ze-file.ts:49:24)
          at 
normalizeFile.next 
(<anonymous>)
      at run (node_mod
ules/@babel/core/src/t
ransformation/index.ts
:40:36)
          at run.next 
(<anonymous>)
      at transform (no
de_modules/@babel/core
/src/transform.ts:29:2
0)
          at 
transform.next 
(<anonymous>)
      at evaluateSync 
(node_modules/gensync/
index.js:251:28)
      at sync (node_mo
dules/gensync/index.js
:89:14)
      at fn (node_modu
les/@babel/core/src/er
rors/rewrite-stack-tra
ce.ts:99:14)
      at 
transformSync (node_mo
dules/@babel/core/src/
transform.ts:66:52)
      at ScriptTransfo
rmer.transformSource (
node_modules/@jest/tra
nsform/build/ScriptTra
nsformer.js:545:31)
      at ScriptTransfo
rmer._transformAndBuil
dScript (node_modules/
@jest/transform/build/
ScriptTransformer.js:6
74:40)
      at ScriptTransfo
rmer.transform (node_m
odules/@jest/transform
/build/ScriptTransform
er.js:726:19)
      at require (test
/ux-enhancements-integ
ration.test.js:56:31)
      at 
Object.<anonymous> (te
st/ux-enhancements-int
egration.test.js:56:31
)

  ΓùÅ UX Enhancements 
Integration ΓÇ║ 
Onboarding and 
Gesture Integration 
ΓÇ║ should track both 
feature statuses

    Jest encountered 
an unexpected token

    Jest failed to 
parse a file. This 
happens e.g. when 
your code or its 
dependencies use 
non-standard 
JavaScript syntax, or 
when Jest is not 
configured to support 
such syntax.

    Out of the box 
Jest supports Babel, 
which will be used to 
transform your files 
into valid JS based 
on your Babel 
configuration.

    By default 
"node_modules" folder 
is ignored by 
transformers.

    Here's what you 
can do:
     ΓÇó If you are 
trying to use 
ECMAScript Modules, 
see https://jestjs.io/
docs/ecmascript-module
s for how to enable 
it.
     ΓÇó If you are 
trying to use 
TypeScript, see https:
//jestjs.io/docs/getti
ng-started#using-types
cript
     ΓÇó To have some 
of your 
"node_modules" files 
transformed, you can 
specify a custom "tran
sformIgnorePatterns" 
in your config.
     ΓÇó If you need 
a custom 
transformation 
specify a "transform" 
option in your config.
     ΓÇó If you 
simply want to mock 
your non-JS modules 
(e.g. binary assets) 
you can stub them out 
with the 
"moduleNameMapper" 
config option.

    You'll find more 
details and examples 
of these config 
options in the docs:
    https://jestjs.io/
docs/configuration
    For information 
about custom 
transformations, see:
    https://jestjs.io/
docs/code-transformati
on

    Details:

    SyntaxError: C:\Wo
rkspace_Melbin\fun_web
sites\3d_model_viewer\
src\ui\MobileGestureMa
nager.js: Missing 
semicolon. (480:20)

    [0m [90m 478 
|[39m [90m     * 
Check if device is 
mobile[39m
     [90m 479 |[39m 
[90m     */[39m
    [31m[1m>[22m[3
9m[90m 480 |[39m    
 isMobileDevice() {
     [90m     |[39m 
                    
[31m[1m^[22m[39m
     [90m 481 |[39m 
        
[36mreturn[39m [35m
/Android|webOS|iPhone|
iPad|iPod|BlackBerry|I
EMobile|Opera Mini/i[
39m[33m.[39mtest(nav
igator[33m.[39muserA
gent)[33m;[39m
     [90m 482 |[39m 
    }
     [90m 483 
|[39m[0m

    [0m [90m 54 
|[39m         
[90m// Import 
modules[39m
     [90m 55 |[39m  
       
[36mconst[39m [33mO
nboardingModule[39m 
[33m=[39m 
[36mawait[39m [36mi
mport[39m([32m'../sr
c/ui/OnboardingManager
.js'[39m)[33m;[39m
    [31m[1m>[22m[3
9m[90m 56 |[39m     
    [36mconst[39m [
33mGestureModule[39m 
[33m=[39m 
[36mawait[39m [36mi
mport[39m([32m'../sr
c/ui/MobileGestureMana
ger.js'[39m)[33m;[3
9m
     [90m    |[39m  
                      
       
[31m[1m^[22m[39m
     [90m 57 |[39m  
       
[36mconst[39m [33mD
iscoveryModule[39m 
[33m=[39m 
[36mawait[39m [36mi
mport[39m([32m'../sr
c/ui/FeatureDiscoveryE
ngine.js'[39m)[33m;
[39m
     [90m 58 |[39m  
       
[36mconst[39m [33mI
ntegrationModule[39m 
[33m=[39m 
[36mawait[39m [36mi
mport[39m([32m'../sr
c/ui/UXEnhancementsInt
egration.js'[39m)[33
m;[39m
     [90m 59 |[39m  
       [0m

      at constructor (
node_modules/@babel/pa
rser/src/parse-error.t
s:95:45)
      at 
Parser.toParseError 
[as raise] (node_modul
es/@babel/parser/src/t
okenizer/index.ts:1503
:19)
      at Parser.raise 
[as semicolon] (node_m
odules/@babel/parser/s
rc/parser/util.ts:149:
10)
      at 
Parser.semicolon [as p
arseExpressionStatemen
t] (node_modules/@babe
l/parser/src/parser/st
atement.ts:1358:10)
      at Parser.parseE
xpressionStatement 
[as parseStatementCont
ent] (node_modules/@ba
bel/parser/src/parser/
statement.ts:697:19)
      at Parser.parseS
tatementContent [as 
parseStatementLike] (n
ode_modules/@babel/par
ser/src/parser/stateme
nt.ts:477:17)
      at Parser.parseS
tatementLike [as 
parseModuleItem] (node
_modules/@babel/parser
/src/parser/statement.
ts:414:17)
      at Parser.parseM
oduleItem [as parseBlo
ckOrModuleBlockBody] (
node_modules/@babel/pa
rser/src/parser/statem
ent.ts:1438:16)
      at Parser.parseB
lockOrModuleBlockBody 
[as parseBlockBody] (n
ode_modules/@babel/par
ser/src/parser/stateme
nt.ts:1412:10)
      at 
Parser.parseBlockBody 
[as parseProgram] (nod
e_modules/@babel/parse
r/src/parser/statement
.ts:229:10)
      at 
Parser.parseProgram 
[as parseTopLevel] (no
de_modules/@babel/pars
er/src/parser/statemen
t.ts:203:25)
      at 
Parser.parseTopLevel 
[as parse] (node_modul
es/@babel/parser/src/p
arser/index.ts:93:10)
      at parse (node_m
odules/@babel/parser/s
rc/index.ts:92:38)
      at parser (node_
modules/@babel/core/sr
c/parser/index.ts:28:1
9)
          at 
parser.next 
(<anonymous>)
      at 
normalizeFile (node_mo
dules/@babel/core/src/
transformation/normali
ze-file.ts:49:24)
          at 
normalizeFile.next 
(<anonymous>)
      at run (node_mod
ules/@babel/core/src/t
ransformation/index.ts
:40:36)
          at run.next 
(<anonymous>)
      at transform (no
de_modules/@babel/core
/src/transform.ts:29:2
0)
          at 
transform.next 
(<anonymous>)
      at evaluateSync 
(node_modules/gensync/
index.js:251:28)
      at sync (node_mo
dules/gensync/index.js
:89:14)
      at fn (node_modu
les/@babel/core/src/er
rors/rewrite-stack-tra
ce.ts:99:14)
      at 
transformSync (node_mo
dules/@babel/core/src/
transform.ts:66:52)
      at ScriptTransfo
rmer.transformSource (
node_modules/@jest/tra
nsform/build/ScriptTra
nsformer.js:545:31)
      at ScriptTransfo
rmer._transformAndBuil
dScript (node_modules/
@jest/transform/build/
ScriptTransformer.js:6
74:40)
      at ScriptTransfo
rmer.transform (node_m
odules/@jest/transform
/build/ScriptTransform
er.js:726:19)
      at require (test
/ux-enhancements-integ
ration.test.js:56:31)
      at 
Object.<anonymous> (te
st/ux-enhancements-int
egration.test.js:56:31
)

  ΓùÅ UX Enhancements 
Integration ΓÇ║ 
Onboarding and 
Gesture Integration 
ΓÇ║ should handle 
onboarding events

    Jest encountered 
an unexpected token

    Jest failed to 
parse a file. This 
happens e.g. when 
your code or its 
dependencies use 
non-standard 
JavaScript syntax, or 
when Jest is not 
configured to support 
such syntax.

    Out of the box 
Jest supports Babel, 
which will be used to 
transform your files 
into valid JS based 
on your Babel 
configuration.

    By default 
"node_modules" folder 
is ignored by 
transformers.

    Here's what you 
can do:
     ΓÇó If you are 
trying to use 
ECMAScript Modules, 
see https://jestjs.io/
docs/ecmascript-module
s for how to enable 
it.
     ΓÇó If you are 
trying to use 
TypeScript, see https:
//jestjs.io/docs/getti
ng-started#using-types
cript
     ΓÇó To have some 
of your 
"node_modules" files 
transformed, you can 
specify a custom "tran
sformIgnorePatterns" 
in your config.
     ΓÇó If you need 
a custom 
transformation 
specify a "transform" 
option in your config.
     ΓÇó If you 
simply want to mock 
your non-JS modules 
(e.g. binary assets) 
you can stub them out 
with the 
"moduleNameMapper" 
config option.

    You'll find more 
details and examples 
of these config 
options in the docs:
    https://jestjs.io/
docs/configuration
    For information 
about custom 
transformations, see:
    https://jestjs.io/
docs/code-transformati
on

    Details:

    SyntaxError: C:\Wo
rkspace_Melbin\fun_web
sites\3d_model_viewer\
src\ui\MobileGestureMa
nager.js: Missing 
semicolon. (480:20)

    [0m [90m 478 
|[39m [90m     * 
Check if device is 
mobile[39m
     [90m 479 |[39m 
[90m     */[39m
    [31m[1m>[22m[3
9m[90m 480 |[39m    
 isMobileDevice() {
     [90m     |[39m 
                    
[31m[1m^[22m[39m
     [90m 481 |[39m 
        
[36mreturn[39m [35m
/Android|webOS|iPhone|
iPad|iPod|BlackBerry|I
EMobile|Opera Mini/i[
39m[33m.[39mtest(nav
igator[33m.[39muserA
gent)[33m;[39m
     [90m 482 |[39m 
    }
     [90m 483 
|[39m[0m

    [0m [90m 54 
|[39m         
[90m// Import 
modules[39m
     [90m 55 |[39m  
       
[36mconst[39m [33mO
nboardingModule[39m 
[33m=[39m 
[36mawait[39m [36mi
mport[39m([32m'../sr
c/ui/OnboardingManager
.js'[39m)[33m;[39m
    [31m[1m>[22m[3
9m[90m 56 |[39m     
    [36mconst[39m [
33mGestureModule[39m 
[33m=[39m 
[36mawait[39m [36mi
mport[39m([32m'../sr
c/ui/MobileGestureMana
ger.js'[39m)[33m;[3
9m
     [90m    |[39m  
                      
       
[31m[1m^[22m[39m
     [90m 57 |[39m  
       
[36mconst[39m [33mD
iscoveryModule[39m 
[33m=[39m 
[36mawait[39m [36mi
mport[39m([32m'../sr
c/ui/FeatureDiscoveryE
ngine.js'[39m)[33m;
[39m
     [90m 58 |[39m  
       
[36mconst[39m [33mI
ntegrationModule[39m 
[33m=[39m 
[36mawait[39m [36mi
mport[39m([32m'../sr
c/ui/UXEnhancementsInt
egration.js'[39m)[33
m;[39m
     [90m 59 |[39m  
       [0m

      at constructor (
node_modules/@babel/pa
rser/src/parse-error.t
s:95:45)
      at 
Parser.toParseError 
[as raise] (node_modul
es/@babel/parser/src/t
okenizer/index.ts:1503
:19)
      at Parser.raise 
[as semicolon] (node_m
odules/@babel/parser/s
rc/parser/util.ts:149:
10)
      at 
Parser.semicolon [as p
arseExpressionStatemen
t] (node_modules/@babe
l/parser/src/parser/st
atement.ts:1358:10)
      at Parser.parseE
xpressionStatement 
[as parseStatementCont
ent] (node_modules/@ba
bel/parser/src/parser/
statement.ts:697:19)
      at Parser.parseS
tatementContent [as 
parseStatementLike] (n
ode_modules/@babel/par
ser/src/parser/stateme
nt.ts:477:17)
      at Parser.parseS
tatementLike [as 
parseModuleItem] (node
_modules/@babel/parser
/src/parser/statement.
ts:414:17)
      at Parser.parseM
oduleItem [as parseBlo
ckOrModuleBlockBody] (
node_modules/@babel/pa
rser/src/parser/statem
ent.ts:1438:16)
      at Parser.parseB
lockOrModuleBlockBody 
[as parseBlockBody] (n
ode_modules/@babel/par
ser/src/parser/stateme
nt.ts:1412:10)
      at 
Parser.parseBlockBody 
[as parseProgram] (nod
e_modules/@babel/parse
r/src/parser/statement
.ts:229:10)
      at 
Parser.parseProgram 
[as parseTopLevel] (no
de_modules/@babel/pars
er/src/parser/statemen
t.ts:203:25)
      at 
Parser.parseTopLevel 
[as parse] (node_modul
es/@babel/parser/src/p
arser/index.ts:93:10)
      at parse (node_m
odules/@babel/parser/s
rc/index.ts:92:38)
      at parser (node_
modules/@babel/core/sr
c/parser/index.ts:28:1
9)
          at 
parser.next 
(<anonymous>)
      at 
normalizeFile (node_mo
dules/@babel/core/src/
transformation/normali
ze-file.ts:49:24)
          at 
normalizeFile.next 
(<anonymous>)
      at run (node_mod
ules/@babel/core/src/t
ransformation/index.ts
:40:36)
          at run.next 
(<anonymous>)
      at transform (no
de_modules/@babel/core
/src/transform.ts:29:2
0)
          at 
transform.next 
(<anonymous>)
      at evaluateSync 
(node_modules/gensync/
index.js:251:28)
      at sync (node_mo
dules/gensync/index.js
:89:14)
      at fn (node_modu
les/@babel/core/src/er
rors/rewrite-stack-tra
ce.ts:99:14)
      at 
transformSync (node_mo
dules/@babel/core/src/
transform.ts:66:52)
      at ScriptTransfo
rmer.transformSource (
node_modules/@jest/tra
nsform/build/ScriptTra
nsformer.js:545:31)
      at ScriptTransfo
rmer._transformAndBuil
dScript (node_modules/
@jest/transform/build/
ScriptTransformer.js:6
74:40)
      at ScriptTransfo
rmer.transform (node_m
odules/@jest/transform
/build/ScriptTransform
er.js:726:19)
      at require (test
/ux-enhancements-integ
ration.test.js:56:31)
      at 
Object.<anonymous> (te
st/ux-enhancements-int
egration.test.js:56:31
)

  ΓùÅ UX Enhancements 
Integration ΓÇ║ 
Cross-Module Event 
Flow ΓÇ║ should 
handle modelLoaded 
events

    Jest encountered 
an unexpected token

    Jest failed to 
parse a file. This 
happens e.g. when 
your code or its 
dependencies use 
non-standard 
JavaScript syntax, or 
when Jest is not 
configured to support 
such syntax.

    Out of the box 
Jest supports Babel, 
which will be used to 
transform your files 
into valid JS based 
on your Babel 
configuration.

    By default 
"node_modules" folder 
is ignored by 
transformers.

    Here's what you 
can do:
     ΓÇó If you are 
trying to use 
ECMAScript Modules, 
see https://jestjs.io/
docs/ecmascript-module
s for how to enable 
it.
     ΓÇó If you are 
trying to use 
TypeScript, see https:
//jestjs.io/docs/getti
ng-started#using-types
cript
     ΓÇó To have some 
of your 
"node_modules" files 
transformed, you can 
specify a custom "tran
sformIgnorePatterns" 
in your config.
     ΓÇó If you need 
a custom 
transformation 
specify a "transform" 
option in your config.
     ΓÇó If you 
simply want to mock 
your non-JS modules 
(e.g. binary assets) 
you can stub them out 
with the 
"moduleNameMapper" 
config option.

    You'll find more 
details and examples 
of these config 
options in the docs:
    https://jestjs.io/
docs/configuration
    For information 
about custom 
transformations, see:
    https://jestjs.io/
docs/code-transformati
on

    Details:

    SyntaxError: C:\Wo
rkspace_Melbin\fun_web
sites\3d_model_viewer\
src\ui\MobileGestureMa
nager.js: Missing 
semicolon. (480:20)

    [0m [90m 478 
|[39m [90m     * 
Check if device is 
mobile[39m
     [90m 479 |[39m 
[90m     */[39m
    [31m[1m>[22m[3
9m[90m 480 |[39m    
 isMobileDevice() {
     [90m     |[39m 
                    
[31m[1m^[22m[39m
     [90m 481 |[39m 
        
[36mreturn[39m [35m
/Android|webOS|iPhone|
iPad|iPod|BlackBerry|I
EMobile|Opera Mini/i[
39m[33m.[39mtest(nav
igator[33m.[39muserA
gent)[33m;[39m
     [90m 482 |[39m 
    }
     [90m 483 
|[39m[0m

    [0m [90m 54 
|[39m         
[90m// Import 
modules[39m
     [90m 55 |[39m  
       
[36mconst[39m [33mO
nboardingModule[39m 
[33m=[39m 
[36mawait[39m [36mi
mport[39m([32m'../sr
c/ui/OnboardingManager
.js'[39m)[33m;[39m
    [31m[1m>[22m[3
9m[90m 56 |[39m     
    [36mconst[39m [
33mGestureModule[39m 
[33m=[39m 
[36mawait[39m [36mi
mport[39m([32m'../sr
c/ui/MobileGestureMana
ger.js'[39m)[33m;[3
9m
     [90m    |[39m  
                      
       
[31m[1m^[22m[39m
     [90m 57 |[39m  
       
[36mconst[39m [33mD
iscoveryModule[39m 
[33m=[39m 
[36mawait[39m [36mi
mport[39m([32m'../sr
c/ui/FeatureDiscoveryE
ngine.js'[39m)[33m;
[39m
     [90m 58 |[39m  
       
[36mconst[39m [33mI
ntegrationModule[39m 
[33m=[39m 
[36mawait[39m [36mi
mport[39m([32m'../sr
c/ui/UXEnhancementsInt
egration.js'[39m)[33
m;[39m
     [90m 59 |[39m  
       [0m

      at constructor (
node_modules/@babel/pa
rser/src/parse-error.t
s:95:45)
      at 
Parser.toParseError 
[as raise] (node_modul
es/@babel/parser/src/t
okenizer/index.ts:1503
:19)
      at Parser.raise 
[as semicolon] (node_m
odules/@babel/parser/s
rc/parser/util.ts:149:
10)
      at 
Parser.semicolon [as p
arseExpressionStatemen
t] (node_modules/@babe
l/parser/src/parser/st
atement.ts:1358:10)
      at Parser.parseE
xpressionStatement 
[as parseStatementCont
ent] (node_modules/@ba
bel/parser/src/parser/
statement.ts:697:19)
      at Parser.parseS
tatementContent [as 
parseStatementLike] (n
ode_modules/@babel/par
ser/src/parser/stateme
nt.ts:477:17)
      at Parser.parseS
tatementLike [as 
parseModuleItem] (node
_modules/@babel/parser
/src/parser/statement.
ts:414:17)
      at Parser.parseM
oduleItem [as parseBlo
ckOrModuleBlockBody] (
node_modules/@babel/pa
rser/src/parser/statem
ent.ts:1438:16)
      at Parser.parseB
lockOrModuleBlockBody 
[as parseBlockBody] (n
ode_modules/@babel/par
ser/src/parser/stateme
nt.ts:1412:10)
      at 
Parser.parseBlockBody 
[as parseProgram] (nod
e_modules/@babel/parse
r/src/parser/statement
.ts:229:10)
      at 
Parser.parseProgram 
[as parseTopLevel] (no
de_modules/@babel/pars
er/src/parser/statemen
t.ts:203:25)
      at 
Parser.parseTopLevel 
[as parse] (node_modul
es/@babel/parser/src/p
arser/index.ts:93:10)
      at parse (node_m
odules/@babel/parser/s
rc/index.ts:92:38)
      at parser (node_
modules/@babel/core/sr
c/parser/index.ts:28:1
9)
          at 
parser.next 
(<anonymous>)
      at 
normalizeFile (node_mo
dules/@babel/core/src/
transformation/normali
ze-file.ts:49:24)
          at 
normalizeFile.next 
(<anonymous>)
      at run (node_mod
ules/@babel/core/src/t
ransformation/index.ts
:40:36)
          at run.next 
(<anonymous>)
      at transform (no
de_modules/@babel/core
/src/transform.ts:29:2
0)
          at 
transform.next 
(<anonymous>)
      at evaluateSync 
(node_modules/gensync/
index.js:251:28)
      at sync (node_mo
dules/gensync/index.js
:89:14)
      at fn (node_modu
les/@babel/core/src/er
rors/rewrite-stack-tra
ce.ts:99:14)
      at 
transformSync (node_mo
dules/@babel/core/src/
transform.ts:66:52)
      at ScriptTransfo
rmer.transformSource (
node_modules/@jest/tra
nsform/build/ScriptTra
nsformer.js:545:31)
      at ScriptTransfo
rmer._transformAndBuil
dScript (node_modules/
@jest/transform/build/
ScriptTransformer.js:6
74:40)
      at ScriptTransfo
rmer.transform (node_m
odules/@jest/transform
/build/ScriptTransform
er.js:726:19)
      at require (test
/ux-enhancements-integ
ration.test.js:56:31)
      at 
Object.<anonymous> (te
st/ux-enhancements-int
egration.test.js:56:31
)

  ΓùÅ UX Enhancements 
Integration ΓÇ║ 
Cross-Module Event 
Flow ΓÇ║ should 
handle feature 
activation events

    Jest encountered 
an unexpected token

    Jest failed to 
parse a file. This 
happens e.g. when 
your code or its 
dependencies use 
non-standard 
JavaScript syntax, or 
when Jest is not 
configured to support 
such syntax.

    Out of the box 
Jest supports Babel, 
which will be used to 
transform your files 
into valid JS based 
on your Babel 
configuration.

    By default 
"node_modules" folder 
is ignored by 
transformers.

    Here's what you 
can do:
     ΓÇó If you are 
trying to use 
ECMAScript Modules, 
see https://jestjs.io/
docs/ecmascript-module
s for how to enable 
it.
     ΓÇó If you are 
trying to use 
TypeScript, see https:
//jestjs.io/docs/getti
ng-started#using-types
cript
     ΓÇó To have some 
of your 
"node_modules" files 
transformed, you can 
specify a custom "tran
sformIgnorePatterns" 
in your config.
     ΓÇó If you need 
a custom 
transformation 
specify a "transform" 
option in your config.
     ΓÇó If you 
simply want to mock 
your non-JS modules 
(e.g. binary assets) 
you can stub them out 
with the 
"moduleNameMapper" 
config option.

    You'll find more 
details and examples 
of these config 
options in the docs:
    https://jestjs.io/
docs/configuration
    For information 
about custom 
transformations, see:
    https://jestjs.io/
docs/code-transformati
on

    Details:

    SyntaxError: C:\Wo
rkspace_Melbin\fun_web
sites\3d_model_viewer\
src\ui\MobileGestureMa
nager.js: Missing 
semicolon. (480:20)

    [0m [90m 478 
|[39m [90m     * 
Check if device is 
mobile[39m
     [90m 479 |[39m 
[90m     */[39m
    [31m[1m>[22m[3
9m[90m 480 |[39m    
 isMobileDevice() {
     [90m     |[39m 
                    
[31m[1m^[22m[39m
     [90m 481 |[39m 
        
[36mreturn[39m [35m
/Android|webOS|iPhone|
iPad|iPod|BlackBerry|I
EMobile|Opera Mini/i[
39m[33m.[39mtest(nav
igator[33m.[39muserA
gent)[33m;[39m
     [90m 482 |[39m 
    }
     [90m 483 
|[39m[0m

    [0m [90m 54 
|[39m         
[90m// Import 
modules[39m
     [90m 55 |[39m  
       
[36mconst[39m [33mO
nboardingModule[39m 
[33m=[39m 
[36mawait[39m [36mi
mport[39m([32m'../sr
c/ui/OnboardingManager
.js'[39m)[33m;[39m
    [31m[1m>[22m[3
9m[90m 56 |[39m     
    [36mconst[39m [
33mGestureModule[39m 
[33m=[39m 
[36mawait[39m [36mi
mport[39m([32m'../sr
c/ui/MobileGestureMana
ger.js'[39m)[33m;[3
9m
     [90m    |[39m  
                      
       
[31m[1m^[22m[39m
     [90m 57 |[39m  
       
[36mconst[39m [33mD
iscoveryModule[39m 
[33m=[39m 
[36mawait[39m [36mi
mport[39m([32m'../sr
c/ui/FeatureDiscoveryE
ngine.js'[39m)[33m;
[39m
     [90m 58 |[39m  
       
[36mconst[39m [33mI
ntegrationModule[39m 
[33m=[39m 
[36mawait[39m [36mi
mport[39m([32m'../sr
c/ui/UXEnhancementsInt
egration.js'[39m)[33
m;[39m
     [90m 59 |[39m  
       [0m

      at constructor (
node_modules/@babel/pa
rser/src/parse-error.t
s:95:45)
      at 
Parser.toParseError 
[as raise] (node_modul
es/@babel/parser/src/t
okenizer/index.ts:1503
:19)
      at Parser.raise 
[as semicolon] (node_m
odules/@babel/parser/s
rc/parser/util.ts:149:
10)
      at 
Parser.semicolon [as p
arseExpressionStatemen
t] (node_modules/@babe
l/parser/src/parser/st
atement.ts:1358:10)
      at Parser.parseE
xpressionStatement 
[as parseStatementCont
ent] (node_modules/@ba
bel/parser/src/parser/
statement.ts:697:19)
      at Parser.parseS
tatementContent [as 
parseStatementLike] (n
ode_modules/@babel/par
ser/src/parser/stateme
nt.ts:477:17)
      at Parser.parseS
tatementLike [as 
parseModuleItem] (node
_modules/@babel/parser
/src/parser/statement.
ts:414:17)
      at Parser.parseM
oduleItem [as parseBlo
ckOrModuleBlockBody] (
node_modules/@babel/pa
rser/src/parser/statem
ent.ts:1438:16)
      at Parser.parseB
lockOrModuleBlockBody 
[as parseBlockBody] (n
ode_modules/@babel/par
ser/src/parser/stateme
nt.ts:1412:10)
      at 
Parser.parseBlockBody 
[as parseProgram] (nod
e_modules/@babel/parse
r/src/parser/statement
.ts:229:10)
      at 
Parser.parseProgram 
[as parseTopLevel] (no
de_modules/@babel/pars
er/src/parser/statemen
t.ts:203:25)
      at 
Parser.parseTopLevel 
[as parse] (node_modul
es/@babel/parser/src/p
arser/index.ts:93:10)
      at parse (node_m
odules/@babel/parser/s
rc/index.ts:92:38)
      at parser (node_
modules/@babel/core/sr
c/parser/index.ts:28:1
9)
          at 
parser.next 
(<anonymous>)
      at 
normalizeFile (node_mo
dules/@babel/core/src/
transformation/normali
ze-file.ts:49:24)
          at 
normalizeFile.next 
(<anonymous>)
      at run (node_mod
ules/@babel/core/src/t
ransformation/index.ts
:40:36)
          at run.next 
(<anonymous>)
      at transform (no
de_modules/@babel/core
/src/transform.ts:29:2
0)
          at 
transform.next 
(<anonymous>)
      at evaluateSync 
(node_modules/gensync/
index.js:251:28)
      at sync (node_mo
dules/gensync/index.js
:89:14)
      at fn (node_modu
les/@babel/core/src/er
rors/rewrite-stack-tra
ce.ts:99:14)
      at 
transformSync (node_mo
dules/@babel/core/src/
transform.ts:66:52)
      at ScriptTransfo
rmer.transformSource (
node_modules/@jest/tra
nsform/build/ScriptTra
nsformer.js:545:31)
      at ScriptTransfo
rmer._transformAndBuil
dScript (node_modules/
@jest/transform/build/
ScriptTransformer.js:6
74:40)
      at ScriptTransfo
rmer.transform (node_m
odules/@jest/transform
/build/ScriptTransform
er.js:726:19)
      at require (test
/ux-enhancements-integ
ration.test.js:56:31)
      at 
Object.<anonymous> (te
st/ux-enhancements-int
egration.test.js:56:31
)

  ΓùÅ UX Enhancements 
Integration ΓÇ║ 
Cross-Module Event 
Flow ΓÇ║ should 
handle error events

    Jest encountered 
an unexpected token

    Jest failed to 
parse a file. This 
happens e.g. when 
your code or its 
dependencies use 
non-standard 
JavaScript syntax, or 
when Jest is not 
configured to support 
such syntax.

    Out of the box 
Jest supports Babel, 
which will be used to 
transform your files 
into valid JS based 
on your Babel 
configuration.

    By default 
"node_modules" folder 
is ignored by 
transformers.

    Here's what you 
can do:
     ΓÇó If you are 
trying to use 
ECMAScript Modules, 
see https://jestjs.io/
docs/ecmascript-module
s for how to enable 
it.
     ΓÇó If you are 
trying to use 
TypeScript, see https:
//jestjs.io/docs/getti
ng-started#using-types
cript
     ΓÇó To have some 
of your 
"node_modules" files 
transformed, you can 
specify a custom "tran
sformIgnorePatterns" 
in your config.
     ΓÇó If you need 
a custom 
transformation 
specify a "transform" 
option in your config.
     ΓÇó If you 
simply want to mock 
your non-JS modules 
(e.g. binary assets) 
you can stub them out 
with the 
"moduleNameMapper" 
config option.

    You'll find more 
details and examples 
of these config 
options in the docs:
    https://jestjs.io/
docs/configuration
    For information 
about custom 
transformations, see:
    https://jestjs.io/
docs/code-transformati
on

    Details:

    SyntaxError: C:\Wo
rkspace_Melbin\fun_web
sites\3d_model_viewer\
src\ui\MobileGestureMa
nager.js: Missing 
semicolon. (480:20)

    [0m [90m 478 
|[39m [90m     * 
Check if device is 
mobile[39m
     [90m 479 |[39m 
[90m     */[39m
    [31m[1m>[22m[3
9m[90m 480 |[39m    
 isMobileDevice() {
     [90m     |[39m 
                    
[31m[1m^[22m[39m
     [90m 481 |[39m 
        
[36mreturn[39m [35m
/Android|webOS|iPhone|
iPad|iPod|BlackBerry|I
EMobile|Opera Mini/i[
39m[33m.[39mtest(nav
igator[33m.[39muserA
gent)[33m;[39m
     [90m 482 |[39m 
    }
     [90m 483 
|[39m[0m

    [0m [90m 54 
|[39m         
[90m// Import 
modules[39m
     [90m 55 |[39m  
       
[36mconst[39m [33mO
nboardingModule[39m 
[33m=[39m 
[36mawait[39m [36mi
mport[39m([32m'../sr
c/ui/OnboardingManager
.js'[39m)[33m;[39m
    [31m[1m>[22m[3
9m[90m 56 |[39m     
    [36mconst[39m [
33mGestureModule[39m 
[33m=[39m 
[36mawait[39m [36mi
mport[39m([32m'../sr
c/ui/MobileGestureMana
ger.js'[39m)[33m;[3
9m
     [90m    |[39m  
                      
       
[31m[1m^[22m[39m
     [90m 57 |[39m  
       
[36mconst[39m [33mD
iscoveryModule[39m 
[33m=[39m 
[36mawait[39m [36mi
mport[39m([32m'../sr
c/ui/FeatureDiscoveryE
ngine.js'[39m)[33m;
[39m
     [90m 58 |[39m  
       
[36mconst[39m [33mI
ntegrationModule[39m 
[33m=[39m 
[36mawait[39m [36mi
mport[39m([32m'../sr
c/ui/UXEnhancementsInt
egration.js'[39m)[33
m;[39m
     [90m 59 |[39m  
       [0m

      at constructor (
node_modules/@babel/pa
rser/src/parse-error.t
s:95:45)
      at 
Parser.toParseError 
[as raise] (node_modul
es/@babel/parser/src/t
okenizer/index.ts:1503
:19)
      at Parser.raise 
[as semicolon] (node_m
odules/@babel/parser/s
rc/parser/util.ts:149:
10)
      at 
Parser.semicolon [as p
arseExpressionStatemen
t] (node_modules/@babe
l/parser/src/parser/st
atement.ts:1358:10)
      at Parser.parseE
xpressionStatement 
[as parseStatementCont
ent] (node_modules/@ba
bel/parser/src/parser/
statement.ts:697:19)
      at Parser.parseS
tatementContent [as 
parseStatementLike] (n
ode_modules/@babel/par
ser/src/parser/stateme
nt.ts:477:17)
      at Parser.parseS
tatementLike [as 
parseModuleItem] (node
_modules/@babel/parser
/src/parser/statement.
ts:414:17)
      at Parser.parseM
oduleItem [as parseBlo
ckOrModuleBlockBody] (
node_modules/@babel/pa
rser/src/parser/statem
ent.ts:1438:16)
      at Parser.parseB
lockOrModuleBlockBody 
[as parseBlockBody] (n
ode_modules/@babel/par
ser/src/parser/stateme
nt.ts:1412:10)
      at 
Parser.parseBlockBody 
[as parseProgram] (nod
e_modules/@babel/parse
r/src/parser/statement
.ts:229:10)
      at 
Parser.parseProgram 
[as parseTopLevel] (no
de_modules/@babel/pars
er/src/parser/statemen
t.ts:203:25)
      at 
Parser.parseTopLevel 
[as parse] (node_modul
es/@babel/parser/src/p
arser/index.ts:93:10)
      at parse (node_m
odules/@babel/parser/s
rc/index.ts:92:38)
      at parser (node_
modules/@babel/core/sr
c/parser/index.ts:28:1
9)
          at 
parser.next 
(<anonymous>)
      at 
normalizeFile (node_mo
dules/@babel/core/src/
transformation/normali
ze-file.ts:49:24)
          at 
normalizeFile.next 
(<anonymous>)
      at run (node_mod
ules/@babel/core/src/t
ransformation/index.ts
:40:36)
          at run.next 
(<anonymous>)
      at transform (no
de_modules/@babel/core
/src/transform.ts:29:2
0)
          at 
transform.next 
(<anonymous>)
      at evaluateSync 
(node_modules/gensync/
index.js:251:28)
      at sync (node_mo
dules/gensync/index.js
:89:14)
      at fn (node_modu
les/@babel/core/src/er
rors/rewrite-stack-tra
ce.ts:99:14)
      at 
transformSync (node_mo
dules/@babel/core/src/
transform.ts:66:52)
      at ScriptTransfo
rmer.transformSource (
node_modules/@jest/tra
nsform/build/ScriptTra
nsformer.js:545:31)
      at ScriptTransfo
rmer._transformAndBuil
dScript (node_modules/
@jest/transform/build/
ScriptTransformer.js:6
74:40)
      at ScriptTransfo
rmer.transform (node_m
odules/@jest/transform
/build/ScriptTransform
er.js:726:19)
      at require (test
/ux-enhancements-integ
ration.test.js:56:31)
      at 
Object.<anonymous> (te
st/ux-enhancements-int
egration.test.js:56:31
)

  ΓùÅ UX Enhancements 
Integration ΓÇ║ User 
Experience Flow ΓÇ║ 
should initialize all 
UX features

    Jest encountered 
an unexpected token

    Jest failed to 
parse a file. This 
happens e.g. when 
your code or its 
dependencies use 
non-standard 
JavaScript syntax, or 
when Jest is not 
configured to support 
such syntax.

    Out of the box 
Jest supports Babel, 
which will be used to 
transform your files 
into valid JS based 
on your Babel 
configuration.

    By default 
"node_modules" folder 
is ignored by 
transformers.

    Here's what you 
can do:
     ΓÇó If you are 
trying to use 
ECMAScript Modules, 
see https://jestjs.io/
docs/ecmascript-module
s for how to enable 
it.
     ΓÇó If you are 
trying to use 
TypeScript, see https:
//jestjs.io/docs/getti
ng-started#using-types
cript
     ΓÇó To have some 
of your 
"node_modules" files 
transformed, you can 
specify a custom "tran
sformIgnorePatterns" 
in your config.
     ΓÇó If you need 
a custom 
transformation 
specify a "transform" 
option in your config.
     ΓÇó If you 
simply want to mock 
your non-JS modules 
(e.g. binary assets) 
you can stub them out 
with the 
"moduleNameMapper" 
config option.

    You'll find more 
details and examples 
of these config 
options in the docs:
    https://jestjs.io/
docs/configuration
    For information 
about custom 
transformations, see:
    https://jestjs.io/
docs/code-transformati
on

    Details:

    SyntaxError: C:\Wo
rkspace_Melbin\fun_web
sites\3d_model_viewer\
src\ui\MobileGestureMa
nager.js: Missing 
semicolon. (480:20)

    [0m [90m 478 
|[39m [90m     * 
Check if device is 
mobile[39m
     [90m 479 |[39m 
[90m     */[39m
    [31m[1m>[22m[3
9m[90m 480 |[39m    
 isMobileDevice() {
     [90m     |[39m 
                    
[31m[1m^[22m[39m
     [90m 481 |[39m 
        
[36mreturn[39m [35m
/Android|webOS|iPhone|
iPad|iPod|BlackBerry|I
EMobile|Opera Mini/i[
39m[33m.[39mtest(nav
igator[33m.[39muserA
gent)[33m;[39m
     [90m 482 |[39m 
    }
     [90m 483 
|[39m[0m

    [0m [90m 54 
|[39m         
[90m// Import 
modules[39m
     [90m 55 |[39m  
       
[36mconst[39m [33mO
nboardingModule[39m 
[33m=[39m 
[36mawait[39m [36mi
mport[39m([32m'../sr
c/ui/OnboardingManager
.js'[39m)[33m;[39m
    [31m[1m>[22m[3
9m[90m 56 |[39m     
    [36mconst[39m [
33mGestureModule[39m 
[33m=[39m 
[36mawait[39m [36mi
mport[39m([32m'../sr
c/ui/MobileGestureMana
ger.js'[39m)[33m;[3
9m
     [90m    |[39m  
                      
       
[31m[1m^[22m[39m
     [90m 57 |[39m  
       
[36mconst[39m [33mD
iscoveryModule[39m 
[33m=[39m 
[36mawait[39m [36mi
mport[39m([32m'../sr
c/ui/FeatureDiscoveryE
ngine.js'[39m)[33m;
[39m
     [90m 58 |[39m  
       
[36mconst[39m [33mI
ntegrationModule[39m 
[33m=[39m 
[36mawait[39m [36mi
mport[39m([32m'../sr
c/ui/UXEnhancementsInt
egration.js'[39m)[33
m;[39m
     [90m 59 |[39m  
       [0m

      at constructor (
node_modules/@babel/pa
rser/src/parse-error.t
s:95:45)
      at 
Parser.toParseError 
[as raise] (node_modul
es/@babel/parser/src/t
okenizer/index.ts:1503
:19)
      at Parser.raise 
[as semicolon] (node_m
odules/@babel/parser/s
rc/parser/util.ts:149:
10)
      at 
Parser.semicolon [as p
arseExpressionStatemen
t] (node_modules/@babe
l/parser/src/parser/st
atement.ts:1358:10)
      at Parser.parseE
xpressionStatement 
[as parseStatementCont
ent] (node_modules/@ba
bel/parser/src/parser/
statement.ts:697:19)
      at Parser.parseS
tatementContent [as 
parseStatementLike] (n
ode_modules/@babel/par
ser/src/parser/stateme
nt.ts:477:17)
      at Parser.parseS
tatementLike [as 
parseModuleItem] (node
_modules/@babel/parser
/src/parser/statement.
ts:414:17)
      at Parser.parseM
oduleItem [as parseBlo
ckOrModuleBlockBody] (
node_modules/@babel/pa
rser/src/parser/statem
ent.ts:1438:16)
      at Parser.parseB
lockOrModuleBlockBody 
[as parseBlockBody] (n
ode_modules/@babel/par
ser/src/parser/stateme
nt.ts:1412:10)
      at 
Parser.parseBlockBody 
[as parseProgram] (nod
e_modules/@babel/parse
r/src/parser/statement
.ts:229:10)
      at 
Parser.parseProgram 
[as parseTopLevel] (no
de_modules/@babel/pars
er/src/parser/statemen
t.ts:203:25)
      at 
Parser.parseTopLevel 
[as parse] (node_modul
es/@babel/parser/src/p
arser/index.ts:93:10)
      at parse (node_m
odules/@babel/parser/s
rc/index.ts:92:38)
      at parser (node_
modules/@babel/core/sr
c/parser/index.ts:28:1
9)
          at 
parser.next 
(<anonymous>)
      at 
normalizeFile (node_mo
dules/@babel/core/src/
transformation/normali
ze-file.ts:49:24)
          at 
normalizeFile.next 
(<anonymous>)
      at run (node_mod
ules/@babel/core/src/t
ransformation/index.ts
:40:36)
          at run.next 
(<anonymous>)
      at transform (no
de_modules/@babel/core
/src/transform.ts:29:2
0)
          at 
transform.next 
(<anonymous>)
      at evaluateSync 
(node_modules/gensync/
index.js:251:28)
      at sync (node_mo
dules/gensync/index.js
:89:14)
      at fn (node_modu
les/@babel/core/src/er
rors/rewrite-stack-tra
ce.ts:99:14)
      at 
transformSync (node_mo
dules/@babel/core/src/
transform.ts:66:52)
      at ScriptTransfo
rmer.transformSource (
node_modules/@jest/tra
nsform/build/ScriptTra
nsformer.js:545:31)
      at ScriptTransfo
rmer._transformAndBuil
dScript (node_modules/
@jest/transform/build/
ScriptTransformer.js:6
74:40)
      at ScriptTransfo
rmer.transform (node_m
odules/@jest/transform
/build/ScriptTransform
er.js:726:19)
      at require (test
/ux-enhancements-integ
ration.test.js:56:31)
      at 
Object.<anonymous> (te
st/ux-enhancements-int
egration.test.js:56:31
)

  ΓùÅ UX Enhancements 
Integration ΓÇ║ User 
Experience Flow ΓÇ║ 
should have all 
managers initialized

    Jest encountered 
an unexpected token

    Jest failed to 
parse a file. This 
happens e.g. when 
your code or its 
dependencies use 
non-standard 
JavaScript syntax, or 
when Jest is not 
configured to support 
such syntax.

    Out of the box 
Jest supports Babel, 
which will be used to 
transform your files 
into valid JS based 
on your Babel 
configuration.

    By default 
"node_modules" folder 
is ignored by 
transformers.

    Here's what you 
can do:
     ΓÇó If you are 
trying to use 
ECMAScript Modules, 
see https://jestjs.io/
docs/ecmascript-module
s for how to enable 
it.
     ΓÇó If you are 
trying to use 
TypeScript, see https:
//jestjs.io/docs/getti
ng-started#using-types
cript
     ΓÇó To have some 
of your 
"node_modules" files 
transformed, you can 
specify a custom "tran
sformIgnorePatterns" 
in your config.
     ΓÇó If you need 
a custom 
transformation 
specify a "transform" 
option in your config.
     ΓÇó If you 
simply want to mock 
your non-JS modules 
(e.g. binary assets) 
you can stub them out 
with the 
"moduleNameMapper" 
config option.

    You'll find more 
details and examples 
of these config 
options in the docs:
    https://jestjs.io/
docs/configuration
    For information 
about custom 
transformations, see:
    https://jestjs.io/
docs/code-transformati
on

    Details:

    SyntaxError: C:\Wo
rkspace_Melbin\fun_web
sites\3d_model_viewer\
src\ui\MobileGestureMa
nager.js: Missing 
semicolon. (480:20)

    [0m [90m 478 
|[39m [90m     * 
Check if device is 
mobile[39m
     [90m 479 |[39m 
[90m     */[39m
    [31m[1m>[22m[3
9m[90m 480 |[39m    
 isMobileDevice() {
     [90m     |[39m 
                    
[31m[1m^[22m[39m
     [90m 481 |[39m 
        
[36mreturn[39m [35m
/Android|webOS|iPhone|
iPad|iPod|BlackBerry|I
EMobile|Opera Mini/i[
39m[33m.[39mtest(nav
igator[33m.[39muserA
gent)[33m;[39m
     [90m 482 |[39m 
    }
     [90m 483 
|[39m[0m

    [0m [90m 54 
|[39m         
[90m// Import 
modules[39m
     [90m 55 |[39m  
       
[36mconst[39m [33mO
nboardingModule[39m 
[33m=[39m 
[36mawait[39m [36mi
mport[39m([32m'../sr
c/ui/OnboardingManager
.js'[39m)[33m;[39m
    [31m[1m>[22m[3
9m[90m 56 |[39m     
    [36mconst[39m [
33mGestureModule[39m 
[33m=[39m 
[36mawait[39m [36mi
mport[39m([32m'../sr
c/ui/MobileGestureMana
ger.js'[39m)[33m;[3
9m
     [90m    |[39m  
                      
       
[31m[1m^[22m[39m
     [90m 57 |[39m  
       
[36mconst[39m [33mD
iscoveryModule[39m 
[33m=[39m 
[36mawait[39m [36mi
mport[39m([32m'../sr
c/ui/FeatureDiscoveryE
ngine.js'[39m)[33m;
[39m
     [90m 58 |[39m  
       
[36mconst[39m [33mI
ntegrationModule[39m 
[33m=[39m 
[36mawait[39m [36mi
mport[39m([32m'../sr
c/ui/UXEnhancementsInt
egration.js'[39m)[33
m;[39m
     [90m 59 |[39m  
       [0m

      at constructor (
node_modules/@babel/pa
rser/src/parse-error.t
s:95:45)
      at 
Parser.toParseError 
[as raise] (node_modul
es/@babel/parser/src/t
okenizer/index.ts:1503
:19)
      at Parser.raise 
[as semicolon] (node_m
odules/@babel/parser/s
rc/parser/util.ts:149:
10)
      at 
Parser.semicolon [as p
arseExpressionStatemen
t] (node_modules/@babe
l/parser/src/parser/st
atement.ts:1358:10)
      at Parser.parseE
xpressionStatement 
[as parseStatementCont
ent] (node_modules/@ba
bel/parser/src/parser/
statement.ts:697:19)
      at Parser.parseS
tatementContent [as 
parseStatementLike] (n
ode_modules/@babel/par
ser/src/parser/stateme
nt.ts:477:17)
      at Parser.parseS
tatementLike [as 
parseModuleItem] (node
_modules/@babel/parser
/src/parser/statement.
ts:414:17)
      at Parser.parseM
oduleItem [as parseBlo
ckOrModuleBlockBody] (
node_modules/@babel/pa
rser/src/parser/statem
ent.ts:1438:16)
      at Parser.parseB
lockOrModuleBlockBody 
[as parseBlockBody] (n
ode_modules/@babel/par
ser/src/parser/stateme
nt.ts:1412:10)
      at 
Parser.parseBlockBody 
[as parseProgram] (nod
e_modules/@babel/parse
r/src/parser/statement
.ts:229:10)
      at 
Parser.parseProgram 
[as parseTopLevel] (no
de_modules/@babel/pars
er/src/parser/statemen
t.ts:203:25)
      at 
Parser.parseTopLevel 
[as parse] (node_modul
es/@babel/parser/src/p
arser/index.ts:93:10)
      at parse (node_m
odules/@babel/parser/s
rc/index.ts:92:38)
      at parser (node_
modules/@babel/core/sr
c/parser/index.ts:28:1
9)
          at 
parser.next 
(<anonymous>)
      at 
normalizeFile (node_mo
dules/@babel/core/src/
transformation/normali
ze-file.ts:49:24)
          at 
normalizeFile.next 
(<anonymous>)
      at run (node_mod
ules/@babel/core/src/t
ransformation/index.ts
:40:36)
          at run.next 
(<anonymous>)
      at transform (no
de_modules/@babel/core
/src/transform.ts:29:2
0)
          at 
transform.next 
(<anonymous>)
      at evaluateSync 
(node_modules/gensync/
index.js:251:28)
      at sync (node_mo
dules/gensync/index.js
:89:14)
      at fn (node_modu
les/@babel/core/src/er
rors/rewrite-stack-tra
ce.ts:99:14)
      at 
transformSync (node_mo
dules/@babel/core/src/
transform.ts:66:52)
      at ScriptTransfo
rmer.transformSource (
node_modules/@jest/tra
nsform/build/ScriptTra
nsformer.js:545:31)
      at ScriptTransfo
rmer._transformAndBuil
dScript (node_modules/
@jest/transform/build/
ScriptTransformer.js:6
74:40)
      at ScriptTransfo
rmer.transform (node_m
odules/@jest/transform
/build/ScriptTransform
er.js:726:19)
      at require (test
/ux-enhancements-integ
ration.test.js:56:31)
      at 
Object.<anonymous> (te
st/ux-enhancements-int
egration.test.js:56:31
)

  ΓùÅ UX Enhancements 
Integration ΓÇ║ User 
Experience Flow ΓÇ║ 
should track user 
profile

    Jest encountered 
an unexpected token

    Jest failed to 
parse a file. This 
happens e.g. when 
your code or its 
dependencies use 
non-standard 
JavaScript syntax, or 
when Jest is not 
configured to support 
such syntax.

    Out of the box 
Jest supports Babel, 
which will be used to 
transform your files 
into valid JS based 
on your Babel 
configuration.

    By default 
"node_modules" folder 
is ignored by 
transformers.

    Here's what you 
can do:
     ΓÇó If you are 
trying to use 
ECMAScript Modules, 
see https://jestjs.io/
docs/ecmascript-module
s for how to enable 
it.
     ΓÇó If you are 
trying to use 
TypeScript, see https:
//jestjs.io/docs/getti
ng-started#using-types
cript
     ΓÇó To have some 
of your 
"node_modules" files 
transformed, you can 
specify a custom "tran
sformIgnorePatterns" 
in your config.
     ΓÇó If you need 
a custom 
transformation 
specify a "transform" 
option in your config.
     ΓÇó If you 
simply want to mock 
your non-JS modules 
(e.g. binary assets) 
you can stub them out 
with the 
"moduleNameMapper" 
config option.

    You'll find more 
details and examples 
of these config 
options in the docs:
    https://jestjs.io/
docs/configuration
    For information 
about custom 
transformations, see:
    https://jestjs.io/
docs/code-transformati
on

    Details:

    SyntaxError: C:\Wo
rkspace_Melbin\fun_web
sites\3d_model_viewer\
src\ui\MobileGestureMa
nager.js: Missing 
semicolon. (480:20)

    [0m [90m 478 
|[39m [90m     * 
Check if device is 
mobile[39m
     [90m 479 |[39m 
[90m     */[39m
    [31m[1m>[22m[3
9m[90m 480 |[39m    
 isMobileDevice() {
     [90m     |[39m 
                    
[31m[1m^[22m[39m
     [90m 481 |[39m 
        
[36mreturn[39m [35m
/Android|webOS|iPhone|
iPad|iPod|BlackBerry|I
EMobile|Opera Mini/i[
39m[33m.[39mtest(nav
igator[33m.[39muserA
gent)[33m;[39m
     [90m 482 |[39m 
    }
     [90m 483 
|[39m[0m

    [0m [90m 54 
|[39m         
[90m// Import 
modules[39m
     [90m 55 |[39m  
       
[36mconst[39m [33mO
nboardingModule[39m 
[33m=[39m 
[36mawait[39m [36mi
mport[39m([32m'../sr
c/ui/OnboardingManager
.js'[39m)[33m;[39m
    [31m[1m>[22m[3
9m[90m 56 |[39m     
    [36mconst[39m [
33mGestureModule[39m 
[33m=[39m 
[36mawait[39m [36mi
mport[39m([32m'../sr
c/ui/MobileGestureMana
ger.js'[39m)[33m;[3
9m
     [90m    |[39m  
                      
       
[31m[1m^[22m[39m
     [90m 57 |[39m  
       
[36mconst[39m [33mD
iscoveryModule[39m 
[33m=[39m 
[36mawait[39m [36mi
mport[39m([32m'../sr
c/ui/FeatureDiscoveryE
ngine.js'[39m)[33m;
[39m
     [90m 58 |[39m  
       
[36mconst[39m [33mI
ntegrationModule[39m 
[33m=[39m 
[36mawait[39m [36mi
mport[39m([32m'../sr
c/ui/UXEnhancementsInt
egration.js'[39m)[33
m;[39m
     [90m 59 |[39m  
       [0m

      at constructor (
node_modules/@babel/pa
rser/src/parse-error.t
s:95:45)
      at 
Parser.toParseError 
[as raise] (node_modul
es/@babel/parser/src/t
okenizer/index.ts:1503
:19)
      at Parser.raise 
[as semicolon] (node_m
odules/@babel/parser/s
rc/parser/util.ts:149:
10)
      at 
Parser.semicolon [as p
arseExpressionStatemen
t] (node_modules/@babe
l/parser/src/parser/st
atement.ts:1358:10)
      at Parser.parseE
xpressionStatement 
[as parseStatementCont
ent] (node_modules/@ba
bel/parser/src/parser/
statement.ts:697:19)
      at Parser.parseS
tatementContent [as 
parseStatementLike] (n
ode_modules/@babel/par
ser/src/parser/stateme
nt.ts:477:17)
      at Parser.parseS
tatementLike [as 
parseModuleItem] (node
_modules/@babel/parser
/src/parser/statement.
ts:414:17)
      at Parser.parseM
oduleItem [as parseBlo
ckOrModuleBlockBody] (
node_modules/@babel/pa
rser/src/parser/statem
ent.ts:1438:16)
      at Parser.parseB
lockOrModuleBlockBody 
[as parseBlockBody] (n
ode_modules/@babel/par
ser/src/parser/stateme
nt.ts:1412:10)
      at 
Parser.parseBlockBody 
[as parseProgram] (nod
e_modules/@babel/parse
r/src/parser/statement
.ts:229:10)
      at 
Parser.parseProgram 
[as parseTopLevel] (no
de_modules/@babel/pars
er/src/parser/statemen
t.ts:203:25)
      at 
Parser.parseTopLevel 
[as parse] (node_modul
es/@babel/parser/src/p
arser/index.ts:93:10)
      at parse (node_m
odules/@babel/parser/s
rc/index.ts:92:38)
      at parser (node_
modules/@babel/core/sr
c/parser/index.ts:28:1
9)
          at 
parser.next 
(<anonymous>)
      at 
normalizeFile (node_mo
dules/@babel/core/src/
transformation/normali
ze-file.ts:49:24)
          at 
normalizeFile.next 
(<anonymous>)
      at run (node_mod
ules/@babel/core/src/t
ransformation/index.ts
:40:36)
          at run.next 
(<anonymous>)
      at transform (no
de_modules/@babel/core
/src/transform.ts:29:2
0)
          at 
transform.next 
(<anonymous>)
      at evaluateSync 
(node_modules/gensync/
index.js:251:28)
      at sync (node_mo
dules/gensync/index.js
:89:14)
      at fn (node_modu
les/@babel/core/src/er
rors/rewrite-stack-tra
ce.ts:99:14)
      at 
transformSync (node_mo
dules/@babel/core/src/
transform.ts:66:52)
      at ScriptTransfo
rmer.transformSource (
node_modules/@jest/tra
nsform/build/ScriptTra
nsformer.js:545:31)
      at ScriptTransfo
rmer._transformAndBuil
dScript (node_modules/
@jest/transform/build/
ScriptTransformer.js:6
74:40)
      at ScriptTransfo
rmer.transform (node_m
odules/@jest/transform
/build/ScriptTransform
er.js:726:19)
      at require (test
/ux-enhancements-integ
ration.test.js:56:31)
      at 
Object.<anonymous> (te
st/ux-enhancements-int
egration.test.js:56:31
)

  ΓùÅ UX Enhancements 
Integration ΓÇ║ 
Mobile-Specific 
Integration ΓÇ║ 
should have mobile 
gesture manager

    Jest encountered 
an unexpected token

    Jest failed to 
parse a file. This 
happens e.g. when 
your code or its 
dependencies use 
non-standard 
JavaScript syntax, or 
when Jest is not 
configured to support 
such syntax.

    Out of the box 
Jest supports Babel, 
which will be used to 
transform your files 
into valid JS based 
on your Babel 
configuration.

    By default 
"node_modules" folder 
is ignored by 
transformers.

    Here's what you 
can do:
     ΓÇó If you are 
trying to use 
ECMAScript Modules, 
see https://jestjs.io/
docs/ecmascript-module
s for how to enable 
it.
     ΓÇó If you are 
trying to use 
TypeScript, see https:
//jestjs.io/docs/getti
ng-started#using-types
cript
     ΓÇó To have some 
of your 
"node_modules" files 
transformed, you can 
specify a custom "tran
sformIgnorePatterns" 
in your config.
     ΓÇó If you need 
a custom 
transformation 
specify a "transform" 
option in your config.
     ΓÇó If you 
simply want to mock 
your non-JS modules 
(e.g. binary assets) 
you can stub them out 
with the 
"moduleNameMapper" 
config option.

    You'll find more 
details and examples 
of these config 
options in the docs:
    https://jestjs.io/
docs/configuration
    For information 
about custom 
transformations, see:
    https://jestjs.io/
docs/code-transformati
on

    Details:

    SyntaxError: C:\Wo
rkspace_Melbin\fun_web
sites\3d_model_viewer\
src\ui\MobileGestureMa
nager.js: Missing 
semicolon. (480:20)

    [0m [90m 478 
|[39m [90m     * 
Check if device is 
mobile[39m
     [90m 479 |[39m 
[90m     */[39m
    [31m[1m>[22m[3
9m[90m 480 |[39m    
 isMobileDevice() {
     [90m     |[39m 
                    
[31m[1m^[22m[39m
     [90m 481 |[39m 
        
[36mreturn[39m [35m
/Android|webOS|iPhone|
iPad|iPod|BlackBerry|I
EMobile|Opera Mini/i[
39m[33m.[39mtest(nav
igator[33m.[39muserA
gent)[33m;[39m
     [90m 482 |[39m 
    }
     [90m 483 
|[39m[0m

    [0m [90m 54 
|[39m         
[90m// Import 
modules[39m
     [90m 55 |[39m  
       
[36mconst[39m [33mO
nboardingModule[39m 
[33m=[39m 
[36mawait[39m [36mi
mport[39m([32m'../sr
c/ui/OnboardingManager
.js'[39m)[33m;[39m
    [31m[1m>[22m[3
9m[90m 56 |[39m     
    [36mconst[39m [
33mGestureModule[39m 
[33m=[39m 
[36mawait[39m [36mi
mport[39m([32m'../sr
c/ui/MobileGestureMana
ger.js'[39m)[33m;[3
9m
     [90m    |[39m  
                      
       
[31m[1m^[22m[39m
     [90m 57 |[39m  
       
[36mconst[39m [33mD
iscoveryModule[39m 
[33m=[39m 
[36mawait[39m [36mi
mport[39m([32m'../sr
c/ui/FeatureDiscoveryE
ngine.js'[39m)[33m;
[39m
     [90m 58 |[39m  
       
[36mconst[39m [33mI
ntegrationModule[39m 
[33m=[39m 
[36mawait[39m [36mi
mport[39m([32m'../sr
c/ui/UXEnhancementsInt
egration.js'[39m)[33
m;[39m
     [90m 59 |[39m  
       [0m

      at constructor (
node_modules/@babel/pa
rser/src/parse-error.t
s:95:45)
      at 
Parser.toParseError 
[as raise] (node_modul
es/@babel/parser/src/t
okenizer/index.ts:1503
:19)
      at Parser.raise 
[as semicolon] (node_m
odules/@babel/parser/s
rc/parser/util.ts:149:
10)
      at 
Parser.semicolon [as p
arseExpressionStatemen
t] (node_modules/@babe
l/parser/src/parser/st
atement.ts:1358:10)
      at Parser.parseE
xpressionStatement 
[as parseStatementCont
ent] (node_modules/@ba
bel/parser/src/parser/
statement.ts:697:19)
      at Parser.parseS
tatementContent [as 
parseStatementLike] (n
ode_modules/@babel/par
ser/src/parser/stateme
nt.ts:477:17)
      at Parser.parseS
tatementLike [as 
parseModuleItem] (node
_modules/@babel/parser
/src/parser/statement.
ts:414:17)
      at Parser.parseM
oduleItem [as parseBlo
ckOrModuleBlockBody] (
node_modules/@babel/pa
rser/src/parser/statem
ent.ts:1438:16)
      at Parser.parseB
lockOrModuleBlockBody 
[as parseBlockBody] (n
ode_modules/@babel/par
ser/src/parser/stateme
nt.ts:1412:10)
      at 
Parser.parseBlockBody 
[as parseProgram] (nod
e_modules/@babel/parse
r/src/parser/statement
.ts:229:10)
      at 
Parser.parseProgram 
[as parseTopLevel] (no
de_modules/@babel/pars
er/src/parser/statemen
t.ts:203:25)
      at 
Parser.parseTopLevel 
[as parse] (node_modul
es/@babel/parser/src/p
arser/index.ts:93:10)
      at parse (node_m
odules/@babel/parser/s
rc/index.ts:92:38)
      at parser (node_
modules/@babel/core/sr
c/parser/index.ts:28:1
9)
          at 
parser.next 
(<anonymous>)
      at 
normalizeFile (node_mo
dules/@babel/core/src/
transformation/normali
ze-file.ts:49:24)
          at 
normalizeFile.next 
(<anonymous>)
      at run (node_mod
ules/@babel/core/src/t
ransformation/index.ts
:40:36)
          at run.next 
(<anonymous>)
      at transform (no
de_modules/@babel/core
/src/transform.ts:29:2
0)
          at 
transform.next 
(<anonymous>)
      at evaluateSync 
(node_modules/gensync/
index.js:251:28)
      at sync (node_mo
dules/gensync/index.js
:89:14)
      at fn (node_modu
les/@babel/core/src/er
rors/rewrite-stack-tra
ce.ts:99:14)
      at 
transformSync (node_mo
dules/@babel/core/src/
transform.ts:66:52)
      at ScriptTransfo
rmer.transformSource (
node_modules/@jest/tra
nsform/build/ScriptTra
nsformer.js:545:31)
      at ScriptTransfo
rmer._transformAndBuil
dScript (node_modules/
@jest/transform/build/
ScriptTransformer.js:6
74:40)
      at ScriptTransfo
rmer.transform (node_m
odules/@jest/transform
/build/ScriptTransform
er.js:726:19)
      at require (test
/ux-enhancements-integ
ration.test.js:56:31)
      at 
Object.<anonymous> (te
st/ux-enhancements-int
egration.test.js:56:31
)

  ΓùÅ UX Enhancements 
Integration ΓÇ║ 
Mobile-Specific 
Integration ΓÇ║ 
should detect mobile 
capabilities

    Jest encountered 
an unexpected token

    Jest failed to 
parse a file. This 
happens e.g. when 
your code or its 
dependencies use 
non-standard 
JavaScript syntax, or 
when Jest is not 
configured to support 
such syntax.

    Out of the box 
Jest supports Babel, 
which will be used to 
transform your files 
into valid JS based 
on your Babel 
configuration.

    By default 
"node_modules" folder 
is ignored by 
transformers.

    Here's what you 
can do:
     ΓÇó If you are 
trying to use 
ECMAScript Modules, 
see https://jestjs.io/
docs/ecmascript-module
s for how to enable 
it.
     ΓÇó If you are 
trying to use 
TypeScript, see https:
//jestjs.io/docs/getti
ng-started#using-types
cript
     ΓÇó To have some 
of your 
"node_modules" files 
transformed, you can 
specify a custom "tran
sformIgnorePatterns" 
in your config.
     ΓÇó If you need 
a custom 
transformation 
specify a "transform" 
option in your config.
     ΓÇó If you 
simply want to mock 
your non-JS modules 
(e.g. binary assets) 
you can stub them out 
with the 
"moduleNameMapper" 
config option.

    You'll find more 
details and examples 
of these config 
options in the docs:
    https://jestjs.io/
docs/configuration
    For information 
about custom 
transformations, see:
    https://jestjs.io/
docs/code-transformati
on

    Details:

    SyntaxError: C:\Wo
rkspace_Melbin\fun_web
sites\3d_model_viewer\
src\ui\MobileGestureMa
nager.js: Missing 
semicolon. (480:20)

    [0m [90m 478 
|[39m [90m     * 
Check if device is 
mobile[39m
     [90m 479 |[39m 
[90m     */[39m
    [31m[1m>[22m[3
9m[90m 480 |[39m    
 isMobileDevice() {
     [90m     |[39m 
                    
[31m[1m^[22m[39m
     [90m 481 |[39m 
        
[36mreturn[39m [35m
/Android|webOS|iPhone|
iPad|iPod|BlackBerry|I
EMobile|Opera Mini/i[
39m[33m.[39mtest(nav
igator[33m.[39muserA
gent)[33m;[39m
     [90m 482 |[39m 
    }
     [90m 483 
|[39m[0m

    [0m [90m 54 
|[39m         
[90m// Import 
modules[39m
     [90m 55 |[39m  
       
[36mconst[39m [33mO
nboardingModule[39m 
[33m=[39m 
[36mawait[39m [36mi
mport[39m([32m'../sr
c/ui/OnboardingManager
.js'[39m)[33m;[39m
    [31m[1m>[22m[3
9m[90m 56 |[39m     
    [36mconst[39m [
33mGestureModule[39m 
[33m=[39m 
[36mawait[39m [36mi
mport[39m([32m'../sr
c/ui/MobileGestureMana
ger.js'[39m)[33m;[3
9m
     [90m    |[39m  
                      
       
[31m[1m^[22m[39m
     [90m 57 |[39m  
       
[36mconst[39m [33mD
iscoveryModule[39m 
[33m=[39m 
[36mawait[39m [36mi
mport[39m([32m'../sr
c/ui/FeatureDiscoveryE
ngine.js'[39m)[33m;
[39m
     [90m 58 |[39m  
       
[36mconst[39m [33mI
ntegrationModule[39m 
[33m=[39m 
[36mawait[39m [36mi
mport[39m([32m'../sr
c/ui/UXEnhancementsInt
egration.js'[39m)[33
m;[39m
     [90m 59 |[39m  
       [0m

      at constructor (
node_modules/@babel/pa
rser/src/parse-error.t
s:95:45)
      at 
Parser.toParseError 
[as raise] (node_modul
es/@babel/parser/src/t
okenizer/index.ts:1503
:19)
      at Parser.raise 
[as semicolon] (node_m
odules/@babel/parser/s
rc/parser/util.ts:149:
10)
      at 
Parser.semicolon [as p
arseExpressionStatemen
t] (node_modules/@babe
l/parser/src/parser/st
atement.ts:1358:10)
      at Parser.parseE
xpressionStatement 
[as parseStatementCont
ent] (node_modules/@ba
bel/parser/src/parser/
statement.ts:697:19)
      at Parser.parseS
tatementContent [as 
parseStatementLike] (n
ode_modules/@babel/par
ser/src/parser/stateme
nt.ts:477:17)
      at Parser.parseS
tatementLike [as 
parseModuleItem] (node
_modules/@babel/parser
/src/parser/statement.
ts:414:17)
      at Parser.parseM
oduleItem [as parseBlo
ckOrModuleBlockBody] (
node_modules/@babel/pa
rser/src/parser/statem
ent.ts:1438:16)
      at Parser.parseB
lockOrModuleBlockBody 
[as parseBlockBody] (n
ode_modules/@babel/par
ser/src/parser/stateme
nt.ts:1412:10)
      at 
Parser.parseBlockBody 
[as parseProgram] (nod
e_modules/@babel/parse
r/src/parser/statement
.ts:229:10)
      at 
Parser.parseProgram 
[as parseTopLevel] (no
de_modules/@babel/pars
er/src/parser/statemen
t.ts:203:25)
      at 
Parser.parseTopLevel 
[as parse] (node_modul
es/@babel/parser/src/p
arser/index.ts:93:10)
      at parse (node_m
odules/@babel/parser/s
rc/index.ts:92:38)
      at parser (node_
modules/@babel/core/sr
c/parser/index.ts:28:1
9)
          at 
parser.next 
(<anonymous>)
      at 
normalizeFile (node_mo
dules/@babel/core/src/
transformation/normali
ze-file.ts:49:24)
          at 
normalizeFile.next 
(<anonymous>)
      at run (node_mod
ules/@babel/core/src/t
ransformation/index.ts
:40:36)
          at run.next 
(<anonymous>)
      at transform (no
de_modules/@babel/core
/src/transform.ts:29:2
0)
          at 
transform.next 
(<anonymous>)
      at evaluateSync 
(node_modules/gensync/
index.js:251:28)
      at sync (node_mo
dules/gensync/index.js
:89:14)
      at fn (node_modu
les/@babel/core/src/er
rors/rewrite-stack-tra
ce.ts:99:14)
      at 
transformSync (node_mo
dules/@babel/core/src/
transform.ts:66:52)
      at ScriptTransfo
rmer.transformSource (
node_modules/@jest/tra
nsform/build/ScriptTra
nsformer.js:545:31)
      at ScriptTransfo
rmer._transformAndBuil
dScript (node_modules/
@jest/transform/build/
ScriptTransformer.js:6
74:40)
      at ScriptTransfo
rmer.transform (node_m
odules/@jest/transform
/build/ScriptTransform
er.js:726:19)
      at require (test
/ux-enhancements-integ
ration.test.js:56:31)
      at 
Object.<anonymous> (te
st/ux-enhancements-int
egration.test.js:56:31
)

  ΓùÅ UX Enhancements 
Integration ΓÇ║ 
Mobile-Specific 
Integration ΓÇ║ 
should track gesture 
feature status

    Jest encountered 
an unexpected token

    Jest failed to 
parse a file. This 
happens e.g. when 
your code or its 
dependencies use 
non-standard 
JavaScript syntax, or 
when Jest is not 
configured to support 
such syntax.

    Out of the box 
Jest supports Babel, 
which will be used to 
transform your files 
into valid JS based 
on your Babel 
configuration.

    By default 
"node_modules" folder 
is ignored by 
transformers.

    Here's what you 
can do:
     ΓÇó If you are 
trying to use 
ECMAScript Modules, 
see https://jestjs.io/
docs/ecmascript-module
s for how to enable 
it.
     ΓÇó If you are 
trying to use 
TypeScript, see https:
//jestjs.io/docs/getti
ng-started#using-types
cript
     ΓÇó To have some 
of your 
"node_modules" files 
transformed, you can 
specify a custom "tran
sformIgnorePatterns" 
in your config.
     ΓÇó If you need 
a custom 
transformation 
specify a "transform" 
option in your config.
     ΓÇó If you 
simply want to mock 
your non-JS modules 
(e.g. binary assets) 
you can stub them out 
with the 
"moduleNameMapper" 
config option.

    You'll find more 
details and examples 
of these config 
options in the docs:
    https://jestjs.io/
docs/configuration
    For information 
about custom 
transformations, see:
    https://jestjs.io/
docs/code-transformati
on

    Details:

    SyntaxError: C:\Wo
rkspace_Melbin\fun_web
sites\3d_model_viewer\
src\ui\MobileGestureMa
nager.js: Missing 
semicolon. (480:20)

    [0m [90m 478 
|[39m [90m     * 
Check if device is 
mobile[39m
     [90m 479 |[39m 
[90m     */[39m
    [31m[1m>[22m[3
9m[90m 480 |[39m    
 isMobileDevice() {
     [90m     |[39m 
                    
[31m[1m^[22m[39m
     [90m 481 |[39m 
        
[36mreturn[39m [35m
/Android|webOS|iPhone|
iPad|iPod|BlackBerry|I
EMobile|Opera Mini/i[
39m[33m.[39mtest(nav
igator[33m.[39muserA
gent)[33m;[39m
     [90m 482 |[39m 
    }
     [90m 483 
|[39m[0m

    [0m [90m 54 
|[39m         
[90m// Import 
modules[39m
     [90m 55 |[39m  
       
[36mconst[39m [33mO
nboardingModule[39m 
[33m=[39m 
[36mawait[39m [36mi
mport[39m([32m'../sr
c/ui/OnboardingManager
.js'[39m)[33m;[39m
    [31m[1m>[22m[3
9m[90m 56 |[39m     
    [36mconst[39m [
33mGestureModule[39m 
[33m=[39m 
[36mawait[39m [36mi
mport[39m([32m'../sr
c/ui/MobileGestureMana
ger.js'[39m)[33m;[3
9m
     [90m    |[39m  
                      
       
[31m[1m^[22m[39m
     [90m 57 |[39m  
       
[36mconst[39m [33mD
iscoveryModule[39m 
[33m=[39m 
[36mawait[39m [36mi
mport[39m([32m'../sr
c/ui/FeatureDiscoveryE
ngine.js'[39m)[33m;
[39m
     [90m 58 |[39m  
       
[36mconst[39m [33mI
ntegrationModule[39m 
[33m=[39m 
[36mawait[39m [36mi
mport[39m([32m'../sr
c/ui/UXEnhancementsInt
egration.js'[39m)[33
m;[39m
     [90m 59 |[39m  
       [0m

      at constructor (
node_modules/@babel/pa
rser/src/parse-error.t
s:95:45)
      at 
Parser.toParseError 
[as raise] (node_modul
es/@babel/parser/src/t
okenizer/index.ts:1503
:19)
      at Parser.raise 
[as semicolon] (node_m
odules/@babel/parser/s
rc/parser/util.ts:149:
10)
      at 
Parser.semicolon [as p
arseExpressionStatemen
t] (node_modules/@babe
l/parser/src/parser/st
atement.ts:1358:10)
      at Parser.parseE
xpressionStatement 
[as parseStatementCont
ent] (node_modules/@ba
bel/parser/src/parser/
statement.ts:697:19)
      at Parser.parseS
tatementContent [as 
parseStatementLike] (n
ode_modules/@babel/par
ser/src/parser/stateme
nt.ts:477:17)
      at Parser.parseS
tatementLike [as 
parseModuleItem] (node
_modules/@babel/parser
/src/parser/statement.
ts:414:17)
      at Parser.parseM
oduleItem [as parseBlo
ckOrModuleBlockBody] (
node_modules/@babel/pa
rser/src/parser/statem
ent.ts:1438:16)
      at Parser.parseB
lockOrModuleBlockBody 
[as parseBlockBody] (n
ode_modules/@babel/par
ser/src/parser/stateme
nt.ts:1412:10)
      at 
Parser.parseBlockBody 
[as parseProgram] (nod
e_modules/@babel/parse
r/src/parser/statement
.ts:229:10)
      at 
Parser.parseProgram 
[as parseTopLevel] (no
de_modules/@babel/pars
er/src/parser/statemen
t.ts:203:25)
      at 
Parser.parseTopLevel 
[as parse] (node_modul
es/@babel/parser/src/p
arser/index.ts:93:10)
      at parse (node_m
odules/@babel/parser/s
rc/index.ts:92:38)
      at parser (node_
modules/@babel/core/sr
c/parser/index.ts:28:1
9)
          at 
parser.next 
(<anonymous>)
      at 
normalizeFile (node_mo
dules/@babel/core/src/
transformation/normali
ze-file.ts:49:24)
          at 
normalizeFile.next 
(<anonymous>)
      at run (node_mod
ules/@babel/core/src/t
ransformation/index.ts
:40:36)
          at run.next 
(<anonymous>)
      at transform (no
de_modules/@babel/core
/src/transform.ts:29:2
0)
          at 
transform.next 
(<anonymous>)
      at evaluateSync 
(node_modules/gensync/
index.js:251:28)
      at sync (node_mo
dules/gensync/index.js
:89:14)
      at fn (node_modu
les/@babel/core/src/er
rors/rewrite-stack-tra
ce.ts:99:14)
      at 
transformSync (node_mo
dules/@babel/core/src/
transform.ts:66:52)
      at ScriptTransfo
rmer.transformSource (
node_modules/@jest/tra
nsform/build/ScriptTra
nsformer.js:545:31)
      at ScriptTransfo
rmer._transformAndBuil
dScript (node_modules/
@jest/transform/build/
ScriptTransformer.js:6
74:40)
      at ScriptTransfo
rmer.transform (node_m
odules/@jest/transform
/build/ScriptTransform
er.js:726:19)
      at require (test
/ux-enhancements-integ
ration.test.js:56:31)
      at 
Object.<anonymous> (te
st/ux-enhancements-int
egration.test.js:56:31
)

  ΓùÅ UX Enhancements 
Integration ΓÇ║ 
Performance and 
Optimization ΓÇ║ 
should handle rapid 
events efficiently

    Jest encountered 
an unexpected token

    Jest failed to 
parse a file. This 
happens e.g. when 
your code or its 
dependencies use 
non-standard 
JavaScript syntax, or 
when Jest is not 
configured to support 
such syntax.

    Out of the box 
Jest supports Babel, 
which will be used to 
transform your files 
into valid JS based 
on your Babel 
configuration.

    By default 
"node_modules" folder 
is ignored by 
transformers.

    Here's what you 
can do:
     ΓÇó If you are 
trying to use 
ECMAScript Modules, 
see https://jestjs.io/
docs/ecmascript-module
s for how to enable 
it.
     ΓÇó If you are 
trying to use 
TypeScript, see https:
//jestjs.io/docs/getti
ng-started#using-types
cript
     ΓÇó To have some 
of your 
"node_modules" files 
transformed, you can 
specify a custom "tran
sformIgnorePatterns" 
in your config.
     ΓÇó If you need 
a custom 
transformation 
specify a "transform" 
option in your config.
     ΓÇó If you 
simply want to mock 
your non-JS modules 
(e.g. binary assets) 
you can stub them out 
with the 
"moduleNameMapper" 
config option.

    You'll find more 
details and examples 
of these config 
options in the docs:
    https://jestjs.io/
docs/configuration
    For information 
about custom 
transformations, see:
    https://jestjs.io/
docs/code-transformati
on

    Details:

    SyntaxError: C:\Wo
rkspace_Melbin\fun_web
sites\3d_model_viewer\
src\ui\MobileGestureMa
nager.js: Missing 
semicolon. (480:20)

    [0m [90m 478 
|[39m [90m     * 
Check if device is 
mobile[39m
     [90m 479 |[39m 
[90m     */[39m
    [31m[1m>[22m[3
9m[90m 480 |[39m    
 isMobileDevice() {
     [90m     |[39m 
                    
[31m[1m^[22m[39m
     [90m 481 |[39m 
        
[36mreturn[39m [35m
/Android|webOS|iPhone|
iPad|iPod|BlackBerry|I
EMobile|Opera Mini/i[
39m[33m.[39mtest(nav
igator[33m.[39muserA
gent)[33m;[39m
     [90m 482 |[39m 
    }
     [90m 483 
|[39m[0m

    [0m [90m 54 
|[39m         
[90m// Import 
modules[39m
     [90m 55 |[39m  
       
[36mconst[39m [33mO
nboardingModule[39m 
[33m=[39m 
[36mawait[39m [36mi
mport[39m([32m'../sr
c/ui/OnboardingManager
.js'[39m)[33m;[39m
    [31m[1m>[22m[3
9m[90m 56 |[39m     
    [36mconst[39m [
33mGestureModule[39m 
[33m=[39m 
[36mawait[39m [36mi
mport[39m([32m'../sr
c/ui/MobileGestureMana
ger.js'[39m)[33m;[3
9m
     [90m    |[39m  
                      
       
[31m[1m^[22m[39m
     [90m 57 |[39m  
       
[36mconst[39m [33mD
iscoveryModule[39m 
[33m=[39m 
[36mawait[39m [36mi
mport[39m([32m'../sr
c/ui/FeatureDiscoveryE
ngine.js'[39m)[33m;
[39m
     [90m 58 |[39m  
       
[36mconst[39m [33mI
ntegrationModule[39m 
[33m=[39m 
[36mawait[39m [36mi
mport[39m([32m'../sr
c/ui/UXEnhancementsInt
egration.js'[39m)[33
m;[39m
     [90m 59 |[39m  
       [0m

      at constructor (
node_modules/@babel/pa
rser/src/parse-error.t
s:95:45)
      at 
Parser.toParseError 
[as raise] (node_modul
es/@babel/parser/src/t
okenizer/index.ts:1503
:19)
      at Parser.raise 
[as semicolon] (node_m
odules/@babel/parser/s
rc/parser/util.ts:149:
10)
      at 
Parser.semicolon [as p
arseExpressionStatemen
t] (node_modules/@babe
l/parser/src/parser/st
atement.ts:1358:10)
      at Parser.parseE
xpressionStatement 
[as parseStatementCont
ent] (node_modules/@ba
bel/parser/src/parser/
statement.ts:697:19)
      at Parser.parseS
tatementContent [as 
parseStatementLike] (n
ode_modules/@babel/par
ser/src/parser/stateme
nt.ts:477:17)
      at Parser.parseS
tatementLike [as 
parseModuleItem] (node
_modules/@babel/parser
/src/parser/statement.
ts:414:17)
      at Parser.parseM
oduleItem [as parseBlo
ckOrModuleBlockBody] (
node_modules/@babel/pa
rser/src/parser/statem
ent.ts:1438:16)
      at Parser.parseB
lockOrModuleBlockBody 
[as parseBlockBody] (n
ode_modules/@babel/par
ser/src/parser/stateme
nt.ts:1412:10)
      at 
Parser.parseBlockBody 
[as parseProgram] (nod
e_modules/@babel/parse
r/src/parser/statement
.ts:229:10)
      at 
Parser.parseProgram 
[as parseTopLevel] (no
de_modules/@babel/pars
er/src/parser/statemen
t.ts:203:25)
      at 
Parser.parseTopLevel 
[as parse] (node_modul
es/@babel/parser/src/p
arser/index.ts:93:10)
      at parse (node_m
odules/@babel/parser/s
rc/index.ts:92:38)
      at parser (node_
modules/@babel/core/sr
c/parser/index.ts:28:1
9)
          at 
parser.next 
(<anonymous>)
      at 
normalizeFile (node_mo
dules/@babel/core/src/
transformation/normali
ze-file.ts:49:24)
          at 
normalizeFile.next 
(<anonymous>)
      at run (node_mod
ules/@babel/core/src/t
ransformation/index.ts
:40:36)
          at run.next 
(<anonymous>)
      at transform (no
de_modules/@babel/core
/src/transform.ts:29:2
0)
          at 
transform.next 
(<anonymous>)
      at evaluateSync 
(node_modules/gensync/
index.js:251:28)
      at sync (node_mo
dules/gensync/index.js
:89:14)
      at fn (node_modu
les/@babel/core/src/er
rors/rewrite-stack-tra
ce.ts:99:14)
      at 
transformSync (node_mo
dules/@babel/core/src/
transform.ts:66:52)
      at ScriptTransfo
rmer.transformSource (
node_modules/@jest/tra
nsform/build/ScriptTra
nsformer.js:545:31)
      at ScriptTransfo
rmer._transformAndBuil
dScript (node_modules/
@jest/transform/build/
ScriptTransformer.js:6
74:40)
      at ScriptTransfo
rmer.transform (node_m
odules/@jest/transform
/build/ScriptTransform
er.js:726:19)
      at require (test
/ux-enhancements-integ
ration.test.js:56:31)
      at 
Object.<anonymous> (te
st/ux-enhancements-int
egration.test.js:56:31
)

  ΓùÅ UX Enhancements 
Integration ΓÇ║ 
Performance and 
Optimization ΓÇ║ 
should initialize 
quickly

    Jest encountered 
an unexpected token

    Jest failed to 
parse a file. This 
happens e.g. when 
your code or its 
dependencies use 
non-standard 
JavaScript syntax, or 
when Jest is not 
configured to support 
such syntax.

    Out of the box 
Jest supports Babel, 
which will be used to 
transform your files 
into valid JS based 
on your Babel 
configuration.

    By default 
"node_modules" folder 
is ignored by 
transformers.

    Here's what you 
can do:
     ΓÇó If you are 
trying to use 
ECMAScript Modules, 
see https://jestjs.io/
docs/ecmascript-module
s for how to enable 
it.
     ΓÇó If you are 
trying to use 
TypeScript, see https:
//jestjs.io/docs/getti
ng-started#using-types
cript
     ΓÇó To have some 
of your 
"node_modules" files 
transformed, you can 
specify a custom "tran
sformIgnorePatterns" 
in your config.
     ΓÇó If you need 
a custom 
transformation 
specify a "transform" 
option in your config.
     ΓÇó If you 
simply want to mock 
your non-JS modules 
(e.g. binary assets) 
you can stub them out 
with the 
"moduleNameMapper" 
config option.

    You'll find more 
details and examples 
of these config 
options in the docs:
    https://jestjs.io/
docs/configuration
    For information 
about custom 
transformations, see:
    https://jestjs.io/
docs/code-transformati
on

    Details:

    SyntaxError: C:\Wo
rkspace_Melbin\fun_web
sites\3d_model_viewer\
src\ui\MobileGestureMa
nager.js: Missing 
semicolon. (480:20)

    [0m [90m 478 
|[39m [90m     * 
Check if device is 
mobile[39m
     [90m 479 |[39m 
[90m     */[39m
    [31m[1m>[22m[3
9m[90m 480 |[39m    
 isMobileDevice() {
     [90m     |[39m 
                    
[31m[1m^[22m[39m
     [90m 481 |[39m 
        
[36mreturn[39m [35m
/Android|webOS|iPhone|
iPad|iPod|BlackBerry|I
EMobile|Opera Mini/i[
39m[33m.[39mtest(nav
igator[33m.[39muserA
gent)[33m;[39m
     [90m 482 |[39m 
    }
     [90m 483 
|[39m[0m

    [0m [90m 54 
|[39m         
[90m// Import 
modules[39m
     [90m 55 |[39m  
       
[36mconst[39m [33mO
nboardingModule[39m 
[33m=[39m 
[36mawait[39m [36mi
mport[39m([32m'../sr
c/ui/OnboardingManager
.js'[39m)[33m;[39m
    [31m[1m>[22m[3
9m[90m 56 |[39m     
    [36mconst[39m [
33mGestureModule[39m 
[33m=[39m 
[36mawait[39m [36mi
mport[39m([32m'../sr
c/ui/MobileGestureMana
ger.js'[39m)[33m;[3
9m
     [90m    |[39m  
                      
       
[31m[1m^[22m[39m
     [90m 57 |[39m  
       
[36mconst[39m [33mD
iscoveryModule[39m 
[33m=[39m 
[36mawait[39m [36mi
mport[39m([32m'../sr
c/ui/FeatureDiscoveryE
ngine.js'[39m)[33m;
[39m
     [90m 58 |[39m  
       
[36mconst[39m [33mI
ntegrationModule[39m 
[33m=[39m 
[36mawait[39m [36mi
mport[39m([32m'../sr
c/ui/UXEnhancementsInt
egration.js'[39m)[33
m;[39m
     [90m 59 |[39m  
       [0m

      at constructor (
node_modules/@babel/pa
rser/src/parse-error.t
s:95:45)
      at 
Parser.toParseError 
[as raise] (node_modul
es/@babel/parser/src/t
okenizer/index.ts:1503
:19)
      at Parser.raise 
[as semicolon] (node_m
odules/@babel/parser/s
rc/parser/util.ts:149:
10)
      at 
Parser.semicolon [as p
arseExpressionStatemen
t] (node_modules/@babe
l/parser/src/parser/st
atement.ts:1358:10)
      at Parser.parseE
xpressionStatement 
[as parseStatementCont
ent] (node_modules/@ba
bel/parser/src/parser/
statement.ts:697:19)
      at Parser.parseS
tatementContent [as 
parseStatementLike] (n
ode_modules/@babel/par
ser/src/parser/stateme
nt.ts:477:17)
      at Parser.parseS
tatementLike [as 
parseModuleItem] (node
_modules/@babel/parser
/src/parser/statement.
ts:414:17)
      at Parser.parseM
oduleItem [as parseBlo
ckOrModuleBlockBody] (
node_modules/@babel/pa
rser/src/parser/statem
ent.ts:1438:16)
      at Parser.parseB
lockOrModuleBlockBody 
[as parseBlockBody] (n
ode_modules/@babel/par
ser/src/parser/stateme
nt.ts:1412:10)
      at 
Parser.parseBlockBody 
[as parseProgram] (nod
e_modules/@babel/parse
r/src/parser/statement
.ts:229:10)
      at 
Parser.parseProgram 
[as parseTopLevel] (no
de_modules/@babel/pars
er/src/parser/statemen
t.ts:203:25)
      at 
Parser.parseTopLevel 
[as parse] (node_modul
es/@babel/parser/src/p
arser/index.ts:93:10)
      at parse (node_m
odules/@babel/parser/s
rc/index.ts:92:38)
      at parser (node_
modules/@babel/core/sr
c/parser/index.ts:28:1
9)
          at 
parser.next 
(<anonymous>)
      at 
normalizeFile (node_mo
dules/@babel/core/src/
transformation/normali
ze-file.ts:49:24)
          at 
normalizeFile.next 
(<anonymous>)
      at run (node_mod
ules/@babel/core/src/t
ransformation/index.ts
:40:36)
          at run.next 
(<anonymous>)
      at transform (no
de_modules/@babel/core
/src/transform.ts:29:2
0)
          at 
transform.next 
(<anonymous>)
      at evaluateSync 
(node_modules/gensync/
index.js:251:28)
      at sync (node_mo
dules/gensync/index.js
:89:14)
      at fn (node_modu
les/@babel/core/src/er
rors/rewrite-stack-tra
ce.ts:99:14)
      at 
transformSync (node_mo
dules/@babel/core/src/
transform.ts:66:52)
      at ScriptTransfo
rmer.transformSource (
node_modules/@jest/tra
nsform/build/ScriptTra
nsformer.js:545:31)
      at ScriptTransfo
rmer._transformAndBuil
dScript (node_modules/
@jest/transform/build/
ScriptTransformer.js:6
74:40)
      at ScriptTransfo
rmer.transform (node_m
odules/@jest/transform
/build/ScriptTransform
er.js:726:19)
      at require (test
/ux-enhancements-integ
ration.test.js:56:31)
      at 
Object.<anonymous> (te
st/ux-enhancements-int
egration.test.js:56:31
)

  ΓùÅ UX Enhancements 
Integration ΓÇ║ 
Performance and 
Optimization ΓÇ║ 
should have efficient 
event system

    Jest encountered 
an unexpected token

    Jest failed to 
parse a file. This 
happens e.g. when 
your code or its 
dependencies use 
non-standard 
JavaScript syntax, or 
when Jest is not 
configured to support 
such syntax.

    Out of the box 
Jest supports Babel, 
which will be used to 
transform your files 
into valid JS based 
on your Babel 
configuration.

    By default 
"node_modules" folder 
is ignored by 
transformers.

    Here's what you 
can do:
     ΓÇó If you are 
trying to use 
ECMAScript Modules, 
see https://jestjs.io/
docs/ecmascript-module
s for how to enable 
it.
     ΓÇó If you are 
trying to use 
TypeScript, see https:
//jestjs.io/docs/getti
ng-started#using-types
cript
     ΓÇó To have some 
of your 
"node_modules" files 
transformed, you can 
specify a custom "tran
sformIgnorePatterns" 
in your config.
     ΓÇó If you need 
a custom 
transformation 
specify a "transform" 
option in your config.
     ΓÇó If you 
simply want to mock 
your non-JS modules 
(e.g. binary assets) 
you can stub them out 
with the 
"moduleNameMapper" 
config option.

    You'll find more 
details and examples 
of these config 
options in the docs:
    https://jestjs.io/
docs/configuration
    For information 
about custom 
transformations, see:
    https://jestjs.io/
docs/code-transformati
on

    Details:

    SyntaxError: C:\Wo
rkspace_Melbin\fun_web
sites\3d_model_viewer\
src\ui\MobileGestureMa
nager.js: Missing 
semicolon. (480:20)

    [0m [90m 478 
|[39m [90m     * 
Check if device is 
mobile[39m
     [90m 479 |[39m 
[90m     */[39m
    [31m[1m>[22m[3
9m[90m 480 |[39m    
 isMobileDevice() {
     [90m     |[39m 
                    
[31m[1m^[22m[39m
     [90m 481 |[39m 
        
[36mreturn[39m [35m
/Android|webOS|iPhone|
iPad|iPod|BlackBerry|I
EMobile|Opera Mini/i[
39m[33m.[39mtest(nav
igator[33m.[39muserA
gent)[33m;[39m
     [90m 482 |[39m 
    }
     [90m 483 
|[39m[0m

    [0m [90m 54 
|[39m         
[90m// Import 
modules[39m
     [90m 55 |[39m  
       
[36mconst[39m [33mO
nboardingModule[39m 
[33m=[39m 
[36mawait[39m [36mi
mport[39m([32m'../sr
c/ui/OnboardingManager
.js'[39m)[33m;[39m
    [31m[1m>[22m[3
9m[90m 56 |[39m     
    [36mconst[39m [
33mGestureModule[39m 
[33m=[39m 
[36mawait[39m [36mi
mport[39m([32m'../sr
c/ui/MobileGestureMana
ger.js'[39m)[33m;[3
9m
     [90m    |[39m  
                      
       
[31m[1m^[22m[39m
     [90m 57 |[39m  
       
[36mconst[39m [33mD
iscoveryModule[39m 
[33m=[39m 
[36mawait[39m [36mi
mport[39m([32m'../sr
c/ui/FeatureDiscoveryE
ngine.js'[39m)[33m;
[39m
     [90m 58 |[39m  
       
[36mconst[39m [33mI
ntegrationModule[39m 
[33m=[39m 
[36mawait[39m [36mi
mport[39m([32m'../sr
c/ui/UXEnhancementsInt
egration.js'[39m)[33
m;[39m
     [90m 59 |[39m  
       [0m

      at constructor (
node_modules/@babel/pa
rser/src/parse-error.t
s:95:45)
      at 
Parser.toParseError 
[as raise] (node_modul
es/@babel/parser/src/t
okenizer/index.ts:1503
:19)
      at Parser.raise 
[as semicolon] (node_m
odules/@babel/parser/s
rc/parser/util.ts:149:
10)
      at 
Parser.semicolon [as p
arseExpressionStatemen
t] (node_modules/@babe
l/parser/src/parser/st
atement.ts:1358:10)
      at Parser.parseE
xpressionStatement 
[as parseStatementCont
ent] (node_modules/@ba
bel/parser/src/parser/
statement.ts:697:19)
      at Parser.parseS
tatementContent [as 
parseStatementLike] (n
ode_modules/@babel/par
ser/src/parser/stateme
nt.ts:477:17)
      at Parser.parseS
tatementLike [as 
parseModuleItem] (node
_modules/@babel/parser
/src/parser/statement.
ts:414:17)
      at Parser.parseM
oduleItem [as parseBlo
ckOrModuleBlockBody] (
node_modules/@babel/pa
rser/src/parser/statem
ent.ts:1438:16)
      at Parser.parseB
lockOrModuleBlockBody 
[as parseBlockBody] (n
ode_modules/@babel/par
ser/src/parser/stateme
nt.ts:1412:10)
      at 
Parser.parseBlockBody 
[as parseProgram] (nod
e_modules/@babel/parse
r/src/parser/statement
.ts:229:10)
      at 
Parser.parseProgram 
[as parseTopLevel] (no
de_modules/@babel/pars
er/src/parser/statemen
t.ts:203:25)
      at 
Parser.parseTopLevel 
[as parse] (node_modul
es/@babel/parser/src/p
arser/index.ts:93:10)
      at parse (node_m
odules/@babel/parser/s
rc/index.ts:92:38)
      at parser (node_
modules/@babel/core/sr
c/parser/index.ts:28:1
9)
          at 
parser.next 
(<anonymous>)
      at 
normalizeFile (node_mo
dules/@babel/core/src/
transformation/normali
ze-file.ts:49:24)
          at 
normalizeFile.next 
(<anonymous>)
      at run (node_mod
ules/@babel/core/src/t
ransformation/index.ts
:40:36)
          at run.next 
(<anonymous>)
      at transform (no
de_modules/@babel/core
/src/transform.ts:29:2
0)
          at 
transform.next 
(<anonymous>)
      at evaluateSync 
(node_modules/gensync/
index.js:251:28)
      at sync (node_mo
dules/gensync/index.js
:89:14)
      at fn (node_modu
les/@babel/core/src/er
rors/rewrite-stack-tra
ce.ts:99:14)
      at 
transformSync (node_mo
dules/@babel/core/src/
transform.ts:66:52)
      at ScriptTransfo
rmer.transformSource (
node_modules/@jest/tra
nsform/build/ScriptTra
nsformer.js:545:31)
      at ScriptTransfo
rmer._transformAndBuil
dScript (node_modules/
@jest/transform/build/
ScriptTransformer.js:6
74:40)
      at ScriptTransfo
rmer.transform (node_m
odules/@jest/transform
/build/ScriptTransform
er.js:726:19)
      at require (test
/ux-enhancements-integ
ration.test.js:56:31)
      at 
Object.<anonymous> (te
st/ux-enhancements-int
egration.test.js:56:31
)

  ΓùÅ UX Enhancements 
Integration ΓÇ║ Error 
Handling and Recovery 
ΓÇ║ should initialize 
without errors

    Jest encountered 
an unexpected token

    Jest failed to 
parse a file. This 
happens e.g. when 
your code or its 
dependencies use 
non-standard 
JavaScript syntax, or 
when Jest is not 
configured to support 
such syntax.

    Out of the box 
Jest supports Babel, 
which will be used to 
transform your files 
into valid JS based 
on your Babel 
configuration.

    By default 
"node_modules" folder 
is ignored by 
transformers.

    Here's what you 
can do:
     ΓÇó If you are 
trying to use 
ECMAScript Modules, 
see https://jestjs.io/
docs/ecmascript-module
s for how to enable 
it.
     ΓÇó If you are 
trying to use 
TypeScript, see https:
//jestjs.io/docs/getti
ng-started#using-types
cript
     ΓÇó To have some 
of your 
"node_modules" files 
transformed, you can 
specify a custom "tran
sformIgnorePatterns" 
in your config.
     ΓÇó If you need 
a custom 
transformation 
specify a "transform" 
option in your config.
     ΓÇó If you 
simply want to mock 
your non-JS modules 
(e.g. binary assets) 
you can stub them out 
with the 
"moduleNameMapper" 
config option.

    You'll find more 
details and examples 
of these config 
options in the docs:
    https://jestjs.io/
docs/configuration
    For information 
about custom 
transformations, see:
    https://jestjs.io/
docs/code-transformati
on

    Details:

    SyntaxError: C:\Wo
rkspace_Melbin\fun_web
sites\3d_model_viewer\
src\ui\MobileGestureMa
nager.js: Missing 
semicolon. (480:20)

    [0m [90m 478 
|[39m [90m     * 
Check if device is 
mobile[39m
     [90m 479 |[39m 
[90m     */[39m
    [31m[1m>[22m[3
9m[90m 480 |[39m    
 isMobileDevice() {
     [90m     |[39m 
                    
[31m[1m^[22m[39m
     [90m 481 |[39m 
        
[36mreturn[39m [35m
/Android|webOS|iPhone|
iPad|iPod|BlackBerry|I
EMobile|Opera Mini/i[
39m[33m.[39mtest(nav
igator[33m.[39muserA
gent)[33m;[39m
     [90m 482 |[39m 
    }
     [90m 483 
|[39m[0m

    [0m [90m 54 
|[39m         
[90m// Import 
modules[39m
     [90m 55 |[39m  
       
[36mconst[39m [33mO
nboardingModule[39m 
[33m=[39m 
[36mawait[39m [36mi
mport[39m([32m'../sr
c/ui/OnboardingManager
.js'[39m)[33m;[39m
    [31m[1m>[22m[3
9m[90m 56 |[39m     
    [36mconst[39m [
33mGestureModule[39m 
[33m=[39m 
[36mawait[39m [36mi
mport[39m([32m'../sr
c/ui/MobileGestureMana
ger.js'[39m)[33m;[3
9m
     [90m    |[39m  
                      
       
[31m[1m^[22m[39m
     [90m 57 |[39m  
       
[36mconst[39m [33mD
iscoveryModule[39m 
[33m=[39m 
[36mawait[39m [36mi
mport[39m([32m'../sr
c/ui/FeatureDiscoveryE
ngine.js'[39m)[33m;
[39m
     [90m 58 |[39m  
       
[36mconst[39m [33mI
ntegrationModule[39m 
[33m=[39m 
[36mawait[39m [36mi
mport[39m([32m'../sr
c/ui/UXEnhancementsInt
egration.js'[39m)[33
m;[39m
     [90m 59 |[39m  
       [0m

      at constructor (
node_modules/@babel/pa
rser/src/parse-error.t
s:95:45)
      at 
Parser.toParseError 
[as raise] (node_modul
es/@babel/parser/src/t
okenizer/index.ts:1503
:19)
      at Parser.raise 
[as semicolon] (node_m
odules/@babel/parser/s
rc/parser/util.ts:149:
10)
      at 
Parser.semicolon [as p
arseExpressionStatemen
t] (node_modules/@babe
l/parser/src/parser/st
atement.ts:1358:10)
      at Parser.parseE
xpressionStatement 
[as parseStatementCont
ent] (node_modules/@ba
bel/parser/src/parser/
statement.ts:697:19)
      at Parser.parseS
tatementContent [as 
parseStatementLike] (n
ode_modules/@babel/par
ser/src/parser/stateme
nt.ts:477:17)
      at Parser.parseS
tatementLike [as 
parseModuleItem] (node
_modules/@babel/parser
/src/parser/statement.
ts:414:17)
      at Parser.parseM
oduleItem [as parseBlo
ckOrModuleBlockBody] (
node_modules/@babel/pa
rser/src/parser/statem
ent.ts:1438:16)
      at Parser.parseB
lockOrModuleBlockBody 
[as parseBlockBody] (n
ode_modules/@babel/par
ser/src/parser/stateme
nt.ts:1412:10)
      at 
Parser.parseBlockBody 
[as parseProgram] (nod
e_modules/@babel/parse
r/src/parser/statement
.ts:229:10)
      at 
Parser.parseProgram 
[as parseTopLevel] (no
de_modules/@babel/pars
er/src/parser/statemen
t.ts:203:25)
      at 
Parser.parseTopLevel 
[as parse] (node_modul
es/@babel/parser/src/p
arser/index.ts:93:10)
      at parse (node_m
odules/@babel/parser/s
rc/index.ts:92:38)
      at parser (node_
modules/@babel/core/sr
c/parser/index.ts:28:1
9)
          at 
parser.next 
(<anonymous>)
      at 
normalizeFile (node_mo
dules/@babel/core/src/
transformation/normali
ze-file.ts:49:24)
          at 
normalizeFile.next 
(<anonymous>)
      at run (node_mod
ules/@babel/core/src/t
ransformation/index.ts
:40:36)
          at run.next 
(<anonymous>)
      at transform (no
de_modules/@babel/core
/src/transform.ts:29:2
0)
          at 
transform.next 
(<anonymous>)
      at evaluateSync 
(node_modules/gensync/
index.js:251:28)
      at sync (node_mo
dules/gensync/index.js
:89:14)
      at fn (node_modu
les/@babel/core/src/er
rors/rewrite-stack-tra
ce.ts:99:14)
      at 
transformSync (node_mo
dules/@babel/core/src/
transform.ts:66:52)
      at ScriptTransfo
rmer.transformSource (
node_modules/@jest/tra
nsform/build/ScriptTra
nsformer.js:545:31)
      at ScriptTransfo
rmer._transformAndBuil
dScript (node_modules/
@jest/transform/build/
ScriptTransformer.js:6
74:40)
      at ScriptTransfo
rmer.transform (node_m
odules/@jest/transform
/build/ScriptTransform
er.js:726:19)
      at require (test
/ux-enhancements-integ
ration.test.js:56:31)
      at 
Object.<anonymous> (te
st/ux-enhancements-int
egration.test.js:56:31
)

  ΓùÅ UX Enhancements 
Integration ΓÇ║ Error 
Handling and Recovery 
ΓÇ║ should handle 
events without 
crashing

    Jest encountered 
an unexpected token

    Jest failed to 
parse a file. This 
happens e.g. when 
your code or its 
dependencies use 
non-standard 
JavaScript syntax, or 
when Jest is not 
configured to support 
such syntax.

    Out of the box 
Jest supports Babel, 
which will be used to 
transform your files 
into valid JS based 
on your Babel 
configuration.

    By default 
"node_modules" folder 
is ignored by 
transformers.

    Here's what you 
can do:
     ΓÇó If you are 
trying to use 
ECMAScript Modules, 
see https://jestjs.io/
docs/ecmascript-module
s for how to enable 
it.
     ΓÇó If you are 
trying to use 
TypeScript, see https:
//jestjs.io/docs/getti
ng-started#using-types
cript
     ΓÇó To have some 
of your 
"node_modules" files 
transformed, you can 
specify a custom "tran
sformIgnorePatterns" 
in your config.
     ΓÇó If you need 
a custom 
transformation 
specify a "transform" 
option in your config.
     ΓÇó If you 
simply want to mock 
your non-JS modules 
(e.g. binary assets) 
you can stub them out 
with the 
"moduleNameMapper" 
config option.

    You'll find more 
details and examples 
of these config 
options in the docs:
    https://jestjs.io/
docs/configuration
    For information 
about custom 
transformations, see:
    https://jestjs.io/
docs/code-transformati
on

    Details:

    SyntaxError: C:\Wo
rkspace_Melbin\fun_web
sites\3d_model_viewer\
src\ui\MobileGestureMa
nager.js: Missing 
semicolon. (480:20)

    [0m [90m 478 
|[39m [90m     * 
Check if device is 
mobile[39m
     [90m 479 |[39m 
[90m     */[39m
    [31m[1m>[22m[3
9m[90m 480 |[39m    
 isMobileDevice() {
     [90m     |[39m 
                    
[31m[1m^[22m[39m
     [90m 481 |[39m 
        
[36mreturn[39m [35m
/Android|webOS|iPhone|
iPad|iPod|BlackBerry|I
EMobile|Opera Mini/i[
39m[33m.[39mtest(nav
igator[33m.[39muserA
gent)[33m;[39m
     [90m 482 |[39m 
    }
     [90m 483 
|[39m[0m

    [0m [90m 54 
|[39m         
[90m// Import 
modules[39m
     [90m 55 |[39m  
       
[36mconst[39m [33mO
nboardingModule[39m 
[33m=[39m 
[36mawait[39m [36mi
mport[39m([32m'../sr
c/ui/OnboardingManager
.js'[39m)[33m;[39m
    [31m[1m>[22m[3
9m[90m 56 |[39m     
    [36mconst[39m [
33mGestureModule[39m 
[33m=[39m 
[36mawait[39m [36mi
mport[39m([32m'../sr
c/ui/MobileGestureMana
ger.js'[39m)[33m;[3
9m
     [90m    |[39m  
                      
       
[31m[1m^[22m[39m
     [90m 57 |[39m  
       
[36mconst[39m [33mD
iscoveryModule[39m 
[33m=[39m 
[36mawait[39m [36mi
mport[39m([32m'../sr
c/ui/FeatureDiscoveryE
ngine.js'[39m)[33m;
[39m
     [90m 58 |[39m  
       
[36mconst[39m [33mI
ntegrationModule[39m 
[33m=[39m 
[36mawait[39m [36mi
mport[39m([32m'../sr
c/ui/UXEnhancementsInt
egration.js'[39m)[33
m;[39m
     [90m 59 |[39m  
       [0m

      at constructor (
node_modules/@babel/pa
rser/src/parse-error.t
s:95:45)
      at 
Parser.toParseError 
[as raise] (node_modul
es/@babel/parser/src/t
okenizer/index.ts:1503
:19)
      at Parser.raise 
[as semicolon] (node_m
odules/@babel/parser/s
rc/parser/util.ts:149:
10)
      at 
Parser.semicolon [as p
arseExpressionStatemen
t] (node_modules/@babe
l/parser/src/parser/st
atement.ts:1358:10)
      at Parser.parseE
xpressionStatement 
[as parseStatementCont
ent] (node_modules/@ba
bel/parser/src/parser/
statement.ts:697:19)
      at Parser.parseS
tatementContent [as 
parseStatementLike] (n
ode_modules/@babel/par
ser/src/parser/stateme
nt.ts:477:17)
      at Parser.parseS
tatementLike [as 
parseModuleItem] (node
_modules/@babel/parser
/src/parser/statement.
ts:414:17)
      at Parser.parseM
oduleItem [as parseBlo
ckOrModuleBlockBody] (
node_modules/@babel/pa
rser/src/parser/statem
ent.ts:1438:16)
      at Parser.parseB
lockOrModuleBlockBody 
[as parseBlockBody] (n
ode_modules/@babel/par
ser/src/parser/stateme
nt.ts:1412:10)
      at 
Parser.parseBlockBody 
[as parseProgram] (nod
e_modules/@babel/parse
r/src/parser/statement
.ts:229:10)
      at 
Parser.parseProgram 
[as parseTopLevel] (no
de_modules/@babel/pars
er/src/parser/statemen
t.ts:203:25)
      at 
Parser.parseTopLevel 
[as parse] (node_modul
es/@babel/parser/src/p
arser/index.ts:93:10)
      at parse (node_m
odules/@babel/parser/s
rc/index.ts:92:38)
      at parser (node_
modules/@babel/core/sr
c/parser/index.ts:28:1
9)
          at 
parser.next 
(<anonymous>)
      at 
normalizeFile (node_mo
dules/@babel/core/src/
transformation/normali
ze-file.ts:49:24)
          at 
normalizeFile.next 
(<anonymous>)
      at run (node_mod
ules/@babel/core/src/t
ransformation/index.ts
:40:36)
          at run.next 
(<anonymous>)
      at transform (no
de_modules/@babel/core
/src/transform.ts:29:2
0)
          at 
transform.next 
(<anonymous>)
      at evaluateSync 
(node_modules/gensync/
index.js:251:28)
      at sync (node_mo
dules/gensync/index.js
:89:14)
      at fn (node_modu
les/@babel/core/src/er
rors/rewrite-stack-tra
ce.ts:99:14)
      at 
transformSync (node_mo
dules/@babel/core/src/
transform.ts:66:52)
      at ScriptTransfo
rmer.transformSource (
node_modules/@jest/tra
nsform/build/ScriptTra
nsformer.js:545:31)
      at ScriptTransfo
rmer._transformAndBuil
dScript (node_modules/
@jest/transform/build/
ScriptTransformer.js:6
74:40)
      at ScriptTransfo
rmer.transform (node_m
odules/@jest/transform
/build/ScriptTransform
er.js:726:19)
      at require (test
/ux-enhancements-integ
ration.test.js:56:31)
      at 
Object.<anonymous> (te
st/ux-enhancements-int
egration.test.js:56:31
)

  ΓùÅ UX Enhancements 
Integration ΓÇ║ Error 
Handling and Recovery 
ΓÇ║ should have error 
handling in place

    Jest encountered 
an unexpected token

    Jest failed to 
parse a file. This 
happens e.g. when 
your code or its 
dependencies use 
non-standard 
JavaScript syntax, or 
when Jest is not 
configured to support 
such syntax.

    Out of the box 
Jest supports Babel, 
which will be used to 
transform your files 
into valid JS based 
on your Babel 
configuration.

    By default 
"node_modules" folder 
is ignored by 
transformers.

    Here's what you 
can do:
     ΓÇó If you are 
trying to use 
ECMAScript Modules, 
see https://jestjs.io/
docs/ecmascript-module
s for how to enable 
it.
     ΓÇó If you are 
trying to use 
TypeScript, see https:
//jestjs.io/docs/getti
ng-started#using-types
cript
     ΓÇó To have some 
of your 
"node_modules" files 
transformed, you can 
specify a custom "tran
sformIgnorePatterns" 
in your config.
     ΓÇó If you need 
a custom 
transformation 
specify a "transform" 
option in your config.
     ΓÇó If you 
simply want to mock 
your non-JS modules 
(e.g. binary assets) 
you can stub them out 
with the 
"moduleNameMapper" 
config option.

    You'll find more 
details and examples 
of these config 
options in the docs:
    https://jestjs.io/
docs/configuration
    For information 
about custom 
transformations, see:
    https://jestjs.io/
docs/code-transformati
on

    Details:

    SyntaxError: C:\Wo
rkspace_Melbin\fun_web
sites\3d_model_viewer\
src\ui\MobileGestureMa
nager.js: Missing 
semicolon. (480:20)

    [0m [90m 478 
|[39m [90m     * 
Check if device is 
mobile[39m
     [90m 479 |[39m 
[90m     */[39m
    [31m[1m>[22m[3
9m[90m 480 |[39m    
 isMobileDevice() {
     [90m     |[39m 
                    
[31m[1m^[22m[39m
     [90m 481 |[39m 
        
[36mreturn[39m [35m
/Android|webOS|iPhone|
iPad|iPod|BlackBerry|I
EMobile|Opera Mini/i[
39m[33m.[39mtest(nav
igator[33m.[39muserA
gent)[33m;[39m
     [90m 482 |[39m 
    }
     [90m 483 
|[39m[0m

    [0m [90m 54 
|[39m         
[90m// Import 
modules[39m
     [90m 55 |[39m  
       
[36mconst[39m [33mO
nboardingModule[39m 
[33m=[39m 
[36mawait[39m [36mi
mport[39m([32m'../sr
c/ui/OnboardingManager
.js'[39m)[33m;[39m
    [31m[1m>[22m[3
9m[90m 56 |[39m     
    [36mconst[39m [
33mGestureModule[39m 
[33m=[39m 
[36mawait[39m [36mi
mport[39m([32m'../sr
c/ui/MobileGestureMana
ger.js'[39m)[33m;[3
9m
     [90m    |[39m  
                      
       
[31m[1m^[22m[39m
     [90m 57 |[39m  
       
[36mconst[39m [33mD
iscoveryModule[39m 
[33m=[39m 
[36mawait[39m [36mi
mport[39m([32m'../sr
c/ui/FeatureDiscoveryE
ngine.js'[39m)[33m;
[39m
     [90m 58 |[39m  
       
[36mconst[39m [33mI
ntegrationModule[39m 
[33m=[39m 
[36mawait[39m [36mi
mport[39m([32m'../sr
c/ui/UXEnhancementsInt
egration.js'[39m)[33
m;[39m
     [90m 59 |[39m  
       [0m

      at constructor (
node_modules/@babel/pa
rser/src/parse-error.t
s:95:45)
      at 
Parser.toParseError 
[as raise] (node_modul
es/@babel/parser/src/t
okenizer/index.ts:1503
:19)
      at Parser.raise 
[as semicolon] (node_m
odules/@babel/parser/s
rc/parser/util.ts:149:
10)
      at 
Parser.semicolon [as p
arseExpressionStatemen
t] (node_modules/@babe
l/parser/src/parser/st
atement.ts:1358:10)
      at Parser.parseE
xpressionStatement 
[as parseStatementCont
ent] (node_modules/@ba
bel/parser/src/parser/
statement.ts:697:19)
      at Parser.parseS
tatementContent [as 
parseStatementLike] (n
ode_modules/@babel/par
ser/src/parser/stateme
nt.ts:477:17)
      at Parser.parseS
tatementLike [as 
parseModuleItem] (node
_modules/@babel/parser
/src/parser/statement.
ts:414:17)
      at Parser.parseM
oduleItem [as parseBlo
ckOrModuleBlockBody] (
node_modules/@babel/pa
rser/src/parser/statem
ent.ts:1438:16)
      at Parser.parseB
lockOrModuleBlockBody 
[as parseBlockBody] (n
ode_modules/@babel/par
ser/src/parser/stateme
nt.ts:1412:10)
      at 
Parser.parseBlockBody 
[as parseProgram] (nod
e_modules/@babel/parse
r/src/parser/statement
.ts:229:10)
      at 
Parser.parseProgram 
[as parseTopLevel] (no
de_modules/@babel/pars
er/src/parser/statemen
t.ts:203:25)
      at 
Parser.parseTopLevel 
[as parse] (node_modul
es/@babel/parser/src/p
arser/index.ts:93:10)
      at parse (node_m
odules/@babel/parser/s
rc/index.ts:92:38)
      at parser (node_
modules/@babel/core/sr
c/parser/index.ts:28:1
9)
          at 
parser.next 
(<anonymous>)
      at 
normalizeFile (node_mo
dules/@babel/core/src/
transformation/normali
ze-file.ts:49:24)
          at 
normalizeFile.next 
(<anonymous>)
      at run (node_mod
ules/@babel/core/src/t
ransformation/index.ts
:40:36)
          at run.next 
(<anonymous>)
      at transform (no
de_modules/@babel/core
/src/transform.ts:29:2
0)
          at 
transform.next 
(<anonymous>)
      at evaluateSync 
(node_modules/gensync/
index.js:251:28)
      at sync (node_mo
dules/gensync/index.js
:89:14)
      at fn (node_modu
les/@babel/core/src/er
rors/rewrite-stack-tra
ce.ts:99:14)
      at 
transformSync (node_mo
dules/@babel/core/src/
transform.ts:66:52)
      at ScriptTransfo
rmer.transformSource (
node_modules/@jest/tra
nsform/build/ScriptTra
nsformer.js:545:31)
      at ScriptTransfo
rmer._transformAndBuil
dScript (node_modules/
@jest/transform/build/
ScriptTransformer.js:6
74:40)
      at ScriptTransfo
rmer.transform (node_m
odules/@jest/transform
/build/ScriptTransform
er.js:726:19)
      at require (test
/ux-enhancements-integ
ration.test.js:56:31)
      at 
Object.<anonymous> (te
st/ux-enhancements-int
egration.test.js:56:31
)

  ΓùÅ UX Enhancements 
Integration ΓÇ║ 
Configuration and 
Customization ΓÇ║ 
should track feature 
configuration

    Jest encountered 
an unexpected token

    Jest failed to 
parse a file. This 
happens e.g. when 
your code or its 
dependencies use 
non-standard 
JavaScript syntax, or 
when Jest is not 
configured to support 
such syntax.

    Out of the box 
Jest supports Babel, 
which will be used to 
transform your files 
into valid JS based 
on your Babel 
configuration.

    By default 
"node_modules" folder 
is ignored by 
transformers.

    Here's what you 
can do:
     ΓÇó If you are 
trying to use 
ECMAScript Modules, 
see https://jestjs.io/
docs/ecmascript-module
s for how to enable 
it.
     ΓÇó If you are 
trying to use 
TypeScript, see https:
//jestjs.io/docs/getti
ng-started#using-types
cript
     ΓÇó To have some 
of your 
"node_modules" files 
transformed, you can 
specify a custom "tran
sformIgnorePatterns" 
in your config.
     ΓÇó If you need 
a custom 
transformation 
specify a "transform" 
option in your config.
     ΓÇó If you 
simply want to mock 
your non-JS modules 
(e.g. binary assets) 
you can stub them out 
with the 
"moduleNameMapper" 
config option.

    You'll find more 
details and examples 
of these config 
options in the docs:
    https://jestjs.io/
docs/configuration
    For information 
about custom 
transformations, see:
    https://jestjs.io/
docs/code-transformati
on

    Details:

    SyntaxError: C:\Wo
rkspace_Melbin\fun_web
sites\3d_model_viewer\
src\ui\MobileGestureMa
nager.js: Missing 
semicolon. (480:20)

    [0m [90m 478 
|[39m [90m     * 
Check if device is 
mobile[39m
     [90m 479 |[39m 
[90m     */[39m
    [31m[1m>[22m[3
9m[90m 480 |[39m    
 isMobileDevice() {
     [90m     |[39m 
                    
[31m[1m^[22m[39m
     [90m 481 |[39m 
        
[36mreturn[39m [35m
/Android|webOS|iPhone|
iPad|iPod|BlackBerry|I
EMobile|Opera Mini/i[
39m[33m.[39mtest(nav
igator[33m.[39muserA
gent)[33m;[39m
     [90m 482 |[39m 
    }
     [90m 483 
|[39m[0m

    [0m [90m 54 
|[39m         
[90m// Import 
modules[39m
     [90m 55 |[39m  
       
[36mconst[39m [33mO
nboardingModule[39m 
[33m=[39m 
[36mawait[39m [36mi
mport[39m([32m'../sr
c/ui/OnboardingManager
.js'[39m)[33m;[39m
    [31m[1m>[22m[3
9m[90m 56 |[39m     
    [36mconst[39m [
33mGestureModule[39m 
[33m=[39m 
[36mawait[39m [36mi
mport[39m([32m'../sr
c/ui/MobileGestureMana
ger.js'[39m)[33m;[3
9m
     [90m    |[39m  
                      
       
[31m[1m^[22m[39m
     [90m 57 |[39m  
       
[36mconst[39m [33mD
iscoveryModule[39m 
[33m=[39m 
[36mawait[39m [36mi
mport[39m([32m'../sr
c/ui/FeatureDiscoveryE
ngine.js'[39m)[33m;
[39m
     [90m 58 |[39m  
       
[36mconst[39m [33mI
ntegrationModule[39m 
[33m=[39m 
[36mawait[39m [36mi
mport[39m([32m'../sr
c/ui/UXEnhancementsInt
egration.js'[39m)[33
m;[39m
     [90m 59 |[39m  
       [0m

      at constructor (
node_modules/@babel/pa
rser/src/parse-error.t
s:95:45)
      at 
Parser.toParseError 
[as raise] (node_modul
es/@babel/parser/src/t
okenizer/index.ts:1503
:19)
      at Parser.raise 
[as semicolon] (node_m
odules/@babel/parser/s
rc/parser/util.ts:149:
10)
      at 
Parser.semicolon [as p
arseExpressionStatemen
t] (node_modules/@babe
l/parser/src/parser/st
atement.ts:1358:10)
      at Parser.parseE
xpressionStatement 
[as parseStatementCont
ent] (node_modules/@ba
bel/parser/src/parser/
statement.ts:697:19)
      at Parser.parseS
tatementContent [as 
parseStatementLike] (n
ode_modules/@babel/par
ser/src/parser/stateme
nt.ts:477:17)
      at Parser.parseS
tatementLike [as 
parseModuleItem] (node
_modules/@babel/parser
/src/parser/statement.
ts:414:17)
      at Parser.parseM
oduleItem [as parseBlo
ckOrModuleBlockBody] (
node_modules/@babel/pa
rser/src/parser/statem
ent.ts:1438:16)
      at Parser.parseB
lockOrModuleBlockBody 
[as parseBlockBody] (n
ode_modules/@babel/par
ser/src/parser/stateme
nt.ts:1412:10)
      at 
Parser.parseBlockBody 
[as parseProgram] (nod
e_modules/@babel/parse
r/src/parser/statement
.ts:229:10)
      at 
Parser.parseProgram 
[as parseTopLevel] (no
de_modules/@babel/pars
er/src/parser/statemen
t.ts:203:25)
      at 
Parser.parseTopLevel 
[as parse] (node_modul
es/@babel/parser/src/p
arser/index.ts:93:10)
      at parse (node_m
odules/@babel/parser/s
rc/index.ts:92:38)
      at parser (node_
modules/@babel/core/sr
c/parser/index.ts:28:1
9)
          at 
parser.next 
(<anonymous>)
      at 
normalizeFile (node_mo
dules/@babel/core/src/
transformation/normali
ze-file.ts:49:24)
          at 
normalizeFile.next 
(<anonymous>)
      at run (node_mod
ules/@babel/core/src/t
ransformation/index.ts
:40:36)
          at run.next 
(<anonymous>)
      at transform (no
de_modules/@babel/core
/src/transform.ts:29:2
0)
          at 
transform.next 
(<anonymous>)
      at evaluateSync 
(node_modules/gensync/
index.js:251:28)
      at sync (node_mo
dules/gensync/index.js
:89:14)
      at fn (node_modu
les/@babel/core/src/er
rors/rewrite-stack-tra
ce.ts:99:14)
      at 
transformSync (node_mo
dules/@babel/core/src/
transform.ts:66:52)
      at ScriptTransfo
rmer.transformSource (
node_modules/@jest/tra
nsform/build/ScriptTra
nsformer.js:545:31)
      at ScriptTransfo
rmer._transformAndBuil
dScript (node_modules/
@jest/transform/build/
ScriptTransformer.js:6
74:40)
      at ScriptTransfo
rmer.transform (node_m
odules/@jest/transform
/build/ScriptTransform
er.js:726:19)
      at require (test
/ux-enhancements-integ
ration.test.js:56:31)
      at 
Object.<anonymous> (te
st/ux-enhancements-int
egration.test.js:56:31
)

  ΓùÅ UX Enhancements 
Integration ΓÇ║ 
Configuration and 
Customization ΓÇ║ 
should have 
configurable managers

    Jest encountered 
an unexpected token

    Jest failed to 
parse a file. This 
happens e.g. when 
your code or its 
dependencies use 
non-standard 
JavaScript syntax, or 
when Jest is not 
configured to support 
such syntax.

    Out of the box 
Jest supports Babel, 
which will be used to 
transform your files 
into valid JS based 
on your Babel 
configuration.

    By default 
"node_modules" folder 
is ignored by 
transformers.

    Here's what you 
can do:
     ΓÇó If you are 
trying to use 
ECMAScript Modules, 
see https://jestjs.io/
docs/ecmascript-module
s for how to enable 
it.
     ΓÇó If you are 
trying to use 
TypeScript, see https:
//jestjs.io/docs/getti
ng-started#using-types
cript
     ΓÇó To have some 
of your 
"node_modules" files 
transformed, you can 
specify a custom "tran
sformIgnorePatterns" 
in your config.
     ΓÇó If you need 
a custom 
transformation 
specify a "transform" 
option in your config.
     ΓÇó If you 
simply want to mock 
your non-JS modules 
(e.g. binary assets) 
you can stub them out 
with the 
"moduleNameMapper" 
config option.

    You'll find more 
details and examples 
of these config 
options in the docs:
    https://jestjs.io/
docs/configuration
    For information 
about custom 
transformations, see:
    https://jestjs.io/
docs/code-transformati
on

    Details:

    SyntaxError: C:\Wo
rkspace_Melbin\fun_web
sites\3d_model_viewer\
src\ui\MobileGestureMa
nager.js: Missing 
semicolon. (480:20)

    [0m [90m 478 
|[39m [90m     * 
Check if device is 
mobile[39m
     [90m 479 |[39m 
[90m     */[39m
    [31m[1m>[22m[3
9m[90m 480 |[39m    
 isMobileDevice() {
     [90m     |[39m 
                    
[31m[1m^[22m[39m
     [90m 481 |[39m 
        
[36mreturn[39m [35m
/Android|webOS|iPhone|
iPad|iPod|BlackBerry|I
EMobile|Opera Mini/i[
39m[33m.[39mtest(nav
igator[33m.[39muserA
gent)[33m;[39m
     [90m 482 |[39m 
    }
     [90m 483 
|[39m[0m

    [0m [90m 54 
|[39m         
[90m// Import 
modules[39m
     [90m 55 |[39m  
       
[36mconst[39m [33mO
nboardingModule[39m 
[33m=[39m 
[36mawait[39m [36mi
mport[39m([32m'../sr
c/ui/OnboardingManager
.js'[39m)[33m;[39m
    [31m[1m>[22m[3
9m[90m 56 |[39m     
    [36mconst[39m [
33mGestureModule[39m 
[33m=[39m 
[36mawait[39m [36mi
mport[39m([32m'../sr
c/ui/MobileGestureMana
ger.js'[39m)[33m;[3
9m
     [90m    |[39m  
                      
       
[31m[1m^[22m[39m
     [90m 57 |[39m  
       
[36mconst[39m [33mD
iscoveryModule[39m 
[33m=[39m 
[36mawait[39m [36mi
mport[39m([32m'../sr
c/ui/FeatureDiscoveryE
ngine.js'[39m)[33m;
[39m
     [90m 58 |[39m  
       
[36mconst[39m [33mI
ntegrationModule[39m 
[33m=[39m 
[36mawait[39m [36mi
mport[39m([32m'../sr
c/ui/UXEnhancementsInt
egration.js'[39m)[33
m;[39m
     [90m 59 |[39m  
       [0m

      at constructor (
node_modules/@babel/pa
rser/src/parse-error.t
s:95:45)
      at 
Parser.toParseError 
[as raise] (node_modul
es/@babel/parser/src/t
okenizer/index.ts:1503
:19)
      at Parser.raise 
[as semicolon] (node_m
odules/@babel/parser/s
rc/parser/util.ts:149:
10)
      at 
Parser.semicolon [as p
arseExpressionStatemen
t] (node_modules/@babe
l/parser/src/parser/st
atement.ts:1358:10)
      at Parser.parseE
xpressionStatement 
[as parseStatementCont
ent] (node_modules/@ba
bel/parser/src/parser/
statement.ts:697:19)
      at Parser.parseS
tatementContent [as 
parseStatementLike] (n
ode_modules/@babel/par
ser/src/parser/stateme
nt.ts:477:17)
      at Parser.parseS
tatementLike [as 
parseModuleItem] (node
_modules/@babel/parser
/src/parser/statement.
ts:414:17)
      at Parser.parseM
oduleItem [as parseBlo
ckOrModuleBlockBody] (
node_modules/@babel/pa
rser/src/parser/statem
ent.ts:1438:16)
      at Parser.parseB
lockOrModuleBlockBody 
[as parseBlockBody] (n
ode_modules/@babel/par
ser/src/parser/stateme
nt.ts:1412:10)
      at 
Parser.parseBlockBody 
[as parseProgram] (nod
e_modules/@babel/parse
r/src/parser/statement
.ts:229:10)
      at 
Parser.parseProgram 
[as parseTopLevel] (no
de_modules/@babel/pars
er/src/parser/statemen
t.ts:203:25)
      at 
Parser.parseTopLevel 
[as parse] (node_modul
es/@babel/parser/src/p
arser/index.ts:93:10)
      at parse (node_m
odules/@babel/parser/s
rc/index.ts:92:38)
      at parser (node_
modules/@babel/core/sr
c/parser/index.ts:28:1
9)
          at 
parser.next 
(<anonymous>)
      at 
normalizeFile (node_mo
dules/@babel/core/src/
transformation/normali
ze-file.ts:49:24)
          at 
normalizeFile.next 
(<anonymous>)
      at run (node_mod
ules/@babel/core/src/t
ransformation/index.ts
:40:36)
          at run.next 
(<anonymous>)
      at transform (no
de_modules/@babel/core
/src/transform.ts:29:2
0)
          at 
transform.next 
(<anonymous>)
      at evaluateSync 
(node_modules/gensync/
index.js:251:28)
      at sync (node_mo
dules/gensync/index.js
:89:14)
      at fn (node_modu
les/@babel/core/src/er
rors/rewrite-stack-tra
ce.ts:99:14)
      at 
transformSync (node_mo
dules/@babel/core/src/
transform.ts:66:52)
      at ScriptTransfo
rmer.transformSource (
node_modules/@jest/tra
nsform/build/ScriptTra
nsformer.js:545:31)
      at ScriptTransfo
rmer._transformAndBuil
dScript (node_modules/
@jest/transform/build/
ScriptTransformer.js:6
74:40)
      at ScriptTransfo
rmer.transform (node_m
odules/@jest/transform
/build/ScriptTransform
er.js:726:19)
      at require (test
/ux-enhancements-integ
ration.test.js:56:31)
      at 
Object.<anonymous> (te
st/ux-enhancements-int
egration.test.js:56:31
)

  ΓùÅ UX Enhancements 
Integration ΓÇ║ 
Configuration and 
Customization ΓÇ║ 
should support 
localStorage 
persistence

    Jest encountered 
an unexpected token

    Jest failed to 
parse a file. This 
happens e.g. when 
your code or its 
dependencies use 
non-standard 
JavaScript syntax, or 
when Jest is not 
configured to support 
such syntax.

    Out of the box 
Jest supports Babel, 
which will be used to 
transform your files 
into valid JS based 
on your Babel 
configuration.

    By default 
"node_modules" folder 
is ignored by 
transformers.

    Here's what you 
can do:
     ΓÇó If you are 
trying to use 
ECMAScript Modules, 
see https://jestjs.io/
docs/ecmascript-module
s for how to enable 
it.
     ΓÇó If you are 
trying to use 
TypeScript, see https:
//jestjs.io/docs/getti
ng-started#using-types
cript
     ΓÇó To have some 
of your 
"node_modules" files 
transformed, you can 
specify a custom "tran
sformIgnorePatterns" 
in your config.
     ΓÇó If you need 
a custom 
transformation 
specify a "transform" 
option in your config.
     ΓÇó If you 
simply want to mock 
your non-JS modules 
(e.g. binary assets) 
you can stub them out 
with the 
"moduleNameMapper" 
config option.

    You'll find more 
details and examples 
of these config 
options in the docs:
    https://jestjs.io/
docs/configuration
    For information 
about custom 
transformations, see:
    https://jestjs.io/
docs/code-transformati
on

    Details:

    SyntaxError: C:\Wo
rkspace_Melbin\fun_web
sites\3d_model_viewer\
src\ui\MobileGestureMa
nager.js: Missing 
semicolon. (480:20)

    [0m [90m 478 
|[39m [90m     * 
Check if device is 
mobile[39m
     [90m 479 |[39m 
[90m     */[39m
    [31m[1m>[22m[3
9m[90m 480 |[39m    
 isMobileDevice() {
     [90m     |[39m 
                    
[31m[1m^[22m[39m
     [90m 481 |[39m 
        
[36mreturn[39m [35m
/Android|webOS|iPhone|
iPad|iPod|BlackBerry|I
EMobile|Opera Mini/i[
39m[33m.[39mtest(nav
igator[33m.[39muserA
gent)[33m;[39m
     [90m 482 |[39m 
    }
     [90m 483 
|[39m[0m

    [0m [90m 54 
|[39m         
[90m// Import 
modules[39m
     [90m 55 |[39m  
       
[36mconst[39m [33mO
nboardingModule[39m 
[33m=[39m 
[36mawait[39m [36mi
mport[39m([32m'../sr
c/ui/OnboardingManager
.js'[39m)[33m;[39m
    [31m[1m>[22m[3
9m[90m 56 |[39m     
    [36mconst[39m [
33mGestureModule[39m 
[33m=[39m 
[36mawait[39m [36mi
mport[39m([32m'../sr
c/ui/MobileGestureMana
ger.js'[39m)[33m;[3
9m
     [90m    |[39m  
                      
       
[31m[1m^[22m[39m
     [90m 57 |[39m  
       
[36mconst[39m [33mD
iscoveryModule[39m 
[33m=[39m 
[36mawait[39m [36mi
mport[39m([32m'../sr
c/ui/FeatureDiscoveryE
ngine.js'[39m)[33m;
[39m
     [90m 58 |[39m  
       
[36mconst[39m [33mI
ntegrationModule[39m 
[33m=[39m 
[36mawait[39m [36mi
mport[39m([32m'../sr
c/ui/UXEnhancementsInt
egration.js'[39m)[33
m;[39m
     [90m 59 |[39m  
       [0m

      at constructor (
node_modules/@babel/pa
rser/src/parse-error.t
s:95:45)
      at 
Parser.toParseError 
[as raise] (node_modul
es/@babel/parser/src/t
okenizer/index.ts:1503
:19)
      at Parser.raise 
[as semicolon] (node_m
odules/@babel/parser/s
rc/parser/util.ts:149:
10)
      at 
Parser.semicolon [as p
arseExpressionStatemen
t] (node_modules/@babe
l/parser/src/parser/st
atement.ts:1358:10)
      at Parser.parseE
xpressionStatement 
[as parseStatementCont
ent] (node_modules/@ba
bel/parser/src/parser/
statement.ts:697:19)
      at Parser.parseS
tatementContent [as 
parseStatementLike] (n
ode_modules/@babel/par
ser/src/parser/stateme
nt.ts:477:17)
      at Parser.parseS
tatementLike [as 
parseModuleItem] (node
_modules/@babel/parser
/src/parser/statement.
ts:414:17)
      at Parser.parseM
oduleItem [as parseBlo
ckOrModuleBlockBody] (
node_modules/@babel/pa
rser/src/parser/statem
ent.ts:1438:16)
      at Parser.parseB
lockOrModuleBlockBody 
[as parseBlockBody] (n
ode_modules/@babel/par
ser/src/parser/stateme
nt.ts:1412:10)
      at 
Parser.parseBlockBody 
[as parseProgram] (nod
e_modules/@babel/parse
r/src/parser/statement
.ts:229:10)
      at 
Parser.parseProgram 
[as parseTopLevel] (no
de_modules/@babel/pars
er/src/parser/statemen
t.ts:203:25)
      at 
Parser.parseTopLevel 
[as parse] (node_modul
es/@babel/parser/src/p
arser/index.ts:93:10)
      at parse (node_m
odules/@babel/parser/s
rc/index.ts:92:38)
      at parser (node_
modules/@babel/core/sr
c/parser/index.ts:28:1
9)
          at 
parser.next 
(<anonymous>)
      at 
normalizeFile (node_mo
dules/@babel/core/src/
transformation/normali
ze-file.ts:49:24)
          at 
normalizeFile.next 
(<anonymous>)
      at run (node_mod
ules/@babel/core/src/t
ransformation/index.ts
:40:36)
          at run.next 
(<anonymous>)
      at transform (no
de_modules/@babel/core
/src/transform.ts:29:2
0)
          at 
transform.next 
(<anonymous>)
      at evaluateSync 
(node_modules/gensync/
index.js:251:28)
      at sync (node_mo
dules/gensync/index.js
:89:14)
      at fn (node_modu
les/@babel/core/src/er
rors/rewrite-stack-tra
ce.ts:99:14)
      at 
transformSync (node_mo
dules/@babel/core/src/
transform.ts:66:52)
      at ScriptTransfo
rmer.transformSource (
node_modules/@jest/tra
nsform/build/ScriptTra
nsformer.js:545:31)
      at ScriptTransfo
rmer._transformAndBuil
dScript (node_modules/
@jest/transform/build/
ScriptTransformer.js:6
74:40)
      at ScriptTransfo
rmer.transform (node_m
odules/@jest/transform
/build/ScriptTransform
er.js:726:19)
      at require (test
/ux-enhancements-integ
ration.test.js:56:31)
      at 
Object.<anonymous> (te
st/ux-enhancements-int
egration.test.js:56:31
)

  ΓùÅ UX Enhancements 
Integration ΓÇ║ 
Accessibility ΓÇ║ 
should have 
accessibility-ready 
managers

    Jest encountered 
an unexpected token

    Jest failed to 
parse a file. This 
happens e.g. when 
your code or its 
dependencies use 
non-standard 
JavaScript syntax, or 
when Jest is not 
configured to support 
such syntax.

    Out of the box 
Jest supports Babel, 
which will be used to 
transform your files 
into valid JS based 
on your Babel 
configuration.

    By default 
"node_modules" folder 
is ignored by 
transformers.

    Here's what you 
can do:
     ΓÇó If you are 
trying to use 
ECMAScript Modules, 
see https://jestjs.io/
docs/ecmascript-module
s for how to enable 
it.
     ΓÇó If you are 
trying to use 
TypeScript, see https:
//jestjs.io/docs/getti
ng-started#using-types
cript
     ΓÇó To have some 
of your 
"node_modules" files 
transformed, you can 
specify a custom "tran
sformIgnorePatterns" 
in your config.
     ΓÇó If you need 
a custom 
transformation 
specify a "transform" 
option in your config.
     ΓÇó If you 
simply want to mock 
your non-JS modules 
(e.g. binary assets) 
you can stub them out 
with the 
"moduleNameMapper" 
config option.

    You'll find more 
details and examples 
of these config 
options in the docs:
    https://jestjs.io/
docs/configuration
    For information 
about custom 
transformations, see:
    https://jestjs.io/
docs/code-transformati
on

    Details:

    SyntaxError: C:\Wo
rkspace_Melbin\fun_web
sites\3d_model_viewer\
src\ui\MobileGestureMa
nager.js: Missing 
semicolon. (480:20)

    [0m [90m 478 
|[39m [90m     * 
Check if device is 
mobile[39m
     [90m 479 |[39m 
[90m     */[39m
    [31m[1m>[22m[3
9m[90m 480 |[39m    
 isMobileDevice() {
     [90m     |[39m 
                    
[31m[1m^[22m[39m
     [90m 481 |[39m 
        
[36mreturn[39m [35m
/Android|webOS|iPhone|
iPad|iPod|BlackBerry|I
EMobile|Opera Mini/i[
39m[33m.[39mtest(nav
igator[33m.[39muserA
gent)[33m;[39m
     [90m 482 |[39m 
    }
     [90m 483 
|[39m[0m

    [0m [90m 54 
|[39m         
[90m// Import 
modules[39m
     [90m 55 |[39m  
       
[36mconst[39m [33mO
nboardingModule[39m 
[33m=[39m 
[36mawait[39m [36mi
mport[39m([32m'../sr
c/ui/OnboardingManager
.js'[39m)[33m;[39m
    [31m[1m>[22m[3
9m[90m 56 |[39m     
    [36mconst[39m [
33mGestureModule[39m 
[33m=[39m 
[36mawait[39m [36mi
mport[39m([32m'../sr
c/ui/MobileGestureMana
ger.js'[39m)[33m;[3
9m
     [90m    |[39m  
                      
       
[31m[1m^[22m[39m
     [90m 57 |[39m  
       
[36mconst[39m [33mD
iscoveryModule[39m 
[33m=[39m 
[36mawait[39m [36mi
mport[39m([32m'../sr
c/ui/FeatureDiscoveryE
ngine.js'[39m)[33m;
[39m
     [90m 58 |[39m  
       
[36mconst[39m [33mI
ntegrationModule[39m 
[33m=[39m 
[36mawait[39m [36mi
mport[39m([32m'../sr
c/ui/UXEnhancementsInt
egration.js'[39m)[33
m;[39m
     [90m 59 |[39m  
       [0m

      at constructor (
node_modules/@babel/pa
rser/src/parse-error.t
s:95:45)
      at 
Parser.toParseError 
[as raise] (node_modul
es/@babel/parser/src/t
okenizer/index.ts:1503
:19)
      at Parser.raise 
[as semicolon] (node_m
odules/@babel/parser/s
rc/parser/util.ts:149:
10)
      at 
Parser.semicolon [as p
arseExpressionStatemen
t] (node_modules/@babe
l/parser/src/parser/st
atement.ts:1358:10)
      at Parser.parseE
xpressionStatement 
[as parseStatementCont
ent] (node_modules/@ba
bel/parser/src/parser/
statement.ts:697:19)
      at Parser.parseS
tatementContent [as 
parseStatementLike] (n
ode_modules/@babel/par
ser/src/parser/stateme
nt.ts:477:17)
      at Parser.parseS
tatementLike [as 
parseModuleItem] (node
_modules/@babel/parser
/src/parser/statement.
ts:414:17)
      at Parser.parseM
oduleItem [as parseBlo
ckOrModuleBlockBody] (
node_modules/@babel/pa
rser/src/parser/statem
ent.ts:1438:16)
      at Parser.parseB
lockOrModuleBlockBody 
[as parseBlockBody] (n
ode_modules/@babel/par
ser/src/parser/stateme
nt.ts:1412:10)
      at 
Parser.parseBlockBody 
[as parseProgram] (nod
e_modules/@babel/parse
r/src/parser/statement
.ts:229:10)
      at 
Parser.parseProgram 
[as parseTopLevel] (no
de_modules/@babel/pars
er/src/parser/statemen
t.ts:203:25)
      at 
Parser.parseTopLevel 
[as parse] (node_modul
es/@babel/parser/src/p
arser/index.ts:93:10)
      at parse (node_m
odules/@babel/parser/s
rc/index.ts:92:38)
      at parser (node_
modules/@babel/core/sr
c/parser/index.ts:28:1
9)
          at 
parser.next 
(<anonymous>)
      at 
normalizeFile (node_mo
dules/@babel/core/src/
transformation/normali
ze-file.ts:49:24)
          at 
normalizeFile.next 
(<anonymous>)
      at run (node_mod
ules/@babel/core/src/t
ransformation/index.ts
:40:36)
          at run.next 
(<anonymous>)
      at transform (no
de_modules/@babel/core
/src/transform.ts:29:2
0)
          at 
transform.next 
(<anonymous>)
      at evaluateSync 
(node_modules/gensync/
index.js:251:28)
      at sync (node_mo
dules/gensync/index.js
:89:14)
      at fn (node_modu
les/@babel/core/src/er
rors/rewrite-stack-tra
ce.ts:99:14)
      at 
transformSync (node_mo
dules/@babel/core/src/
transform.ts:66:52)
      at ScriptTransfo
rmer.transformSource (
node_modules/@jest/tra
nsform/build/ScriptTra
nsformer.js:545:31)
      at ScriptTransfo
rmer._transformAndBuil
dScript (node_modules/
@jest/transform/build/
ScriptTransformer.js:6
74:40)
      at ScriptTransfo
rmer.transform (node_m
odules/@jest/transform
/build/ScriptTransform
er.js:726:19)
      at require (test
/ux-enhancements-integ
ration.test.js:56:31)
      at 
Object.<anonymous> (te
st/ux-enhancements-int
egration.test.js:56:31
)

  ΓùÅ UX Enhancements 
Integration ΓÇ║ 
Accessibility ΓÇ║ 
should support 
keyboard events

    Jest encountered 
an unexpected token

    Jest failed to 
parse a file. This 
happens e.g. when 
your code or its 
dependencies use 
non-standard 
JavaScript syntax, or 
when Jest is not 
configured to support 
such syntax.

    Out of the box 
Jest supports Babel, 
which will be used to 
transform your files 
into valid JS based 
on your Babel 
configuration.

    By default 
"node_modules" folder 
is ignored by 
transformers.

    Here's what you 
can do:
     ΓÇó If you are 
trying to use 
ECMAScript Modules, 
see https://jestjs.io/
docs/ecmascript-module
s for how to enable 
it.
     ΓÇó If you are 
trying to use 
TypeScript, see https:
//jestjs.io/docs/getti
ng-started#using-types
cript
     ΓÇó To have some 
of your 
"node_modules" files 
transformed, you can 
specify a custom "tran
sformIgnorePatterns" 
in your config.
     ΓÇó If you need 
a custom 
transformation 
specify a "transform" 
option in your config.
     ΓÇó If you 
simply want to mock 
your non-JS modules 
(e.g. binary assets) 
you can stub them out 
with the 
"moduleNameMapper" 
config option.

    You'll find more 
details and examples 
of these config 
options in the docs:
    https://jestjs.io/
docs/configuration
    For information 
about custom 
transformations, see:
    https://jestjs.io/
docs/code-transformati
on

    Details:

    SyntaxError: C:\Wo
rkspace_Melbin\fun_web
sites\3d_model_viewer\
src\ui\MobileGestureMa
nager.js: Missing 
semicolon. (480:20)

    [0m [90m 478 
|[39m [90m     * 
Check if device is 
mobile[39m
     [90m 479 |[39m 
[90m     */[39m
    [31m[1m>[22m[3
9m[90m 480 |[39m    
 isMobileDevice() {
     [90m     |[39m 
                    
[31m[1m^[22m[39m
     [90m 481 |[39m 
        
[36mreturn[39m [35m
/Android|webOS|iPhone|
iPad|iPod|BlackBerry|I
EMobile|Opera Mini/i[
39m[33m.[39mtest(nav
igator[33m.[39muserA
gent)[33m;[39m
     [90m 482 |[39m 
    }
     [90m 483 
|[39m[0m

    [0m [90m 54 
|[39m         
[90m// Import 
modules[39m
     [90m 55 |[39m  
       
[36mconst[39m [33mO
nboardingModule[39m 
[33m=[39m 
[36mawait[39m [36mi
mport[39m([32m'../sr
c/ui/OnboardingManager
.js'[39m)[33m;[39m
    [31m[1m>[22m[3
9m[90m 56 |[39m     
    [36mconst[39m [
33mGestureModule[39m 
[33m=[39m 
[36mawait[39m [36mi
mport[39m([32m'../sr
c/ui/MobileGestureMana
ger.js'[39m)[33m;[3
9m
     [90m    |[39m  
                      
       
[31m[1m^[22m[39m
     [90m 57 |[39m  
       
[36mconst[39m [33mD
iscoveryModule[39m 
[33m=[39m 
[36mawait[39m [36mi
mport[39m([32m'../sr
c/ui/FeatureDiscoveryE
ngine.js'[39m)[33m;
[39m
     [90m 58 |[39m  
       
[36mconst[39m [33mI
ntegrationModule[39m 
[33m=[39m 
[36mawait[39m [36mi
mport[39m([32m'../sr
c/ui/UXEnhancementsInt
egration.js'[39m)[33
m;[39m
     [90m 59 |[39m  
       [0m

      at constructor (
node_modules/@babel/pa
rser/src/parse-error.t
s:95:45)
      at 
Parser.toParseError 
[as raise] (node_modul
es/@babel/parser/src/t
okenizer/index.ts:1503
:19)
      at Parser.raise 
[as semicolon] (node_m
odules/@babel/parser/s
rc/parser/util.ts:149:
10)
      at 
Parser.semicolon [as p
arseExpressionStatemen
t] (node_modules/@babe
l/parser/src/parser/st
atement.ts:1358:10)
      at Parser.parseE
xpressionStatement 
[as parseStatementCont
ent] (node_modules/@ba
bel/parser/src/parser/
statement.ts:697:19)
      at Parser.parseS
tatementContent [as 
parseStatementLike] (n
ode_modules/@babel/par
ser/src/parser/stateme
nt.ts:477:17)
      at Parser.parseS
tatementLike [as 
parseModuleItem] (node
_modules/@babel/parser
/src/parser/statement.
ts:414:17)
      at Parser.parseM
oduleItem [as parseBlo
ckOrModuleBlockBody] (
node_modules/@babel/pa
rser/src/parser/statem
ent.ts:1438:16)
      at Parser.parseB
lockOrModuleBlockBody 
[as parseBlockBody] (n
ode_modules/@babel/par
ser/src/parser/stateme
nt.ts:1412:10)
      at 
Parser.parseBlockBody 
[as parseProgram] (nod
e_modules/@babel/parse
r/src/parser/statement
.ts:229:10)
      at 
Parser.parseProgram 
[as parseTopLevel] (no
de_modules/@babel/pars
er/src/parser/statemen
t.ts:203:25)
      at 
Parser.parseTopLevel 
[as parse] (node_modul
es/@babel/parser/src/p
arser/index.ts:93:10)
      at parse (node_m
odules/@babel/parser/s
rc/index.ts:92:38)
      at parser (node_
modules/@babel/core/sr
c/parser/index.ts:28:1
9)
          at 
parser.next 
(<anonymous>)
      at 
normalizeFile (node_mo
dules/@babel/core/src/
transformation/normali
ze-file.ts:49:24)
          at 
normalizeFile.next 
(<anonymous>)
      at run (node_mod
ules/@babel/core/src/t
ransformation/index.ts
:40:36)
          at run.next 
(<anonymous>)
      at transform (no
de_modules/@babel/core
/src/transform.ts:29:2
0)
          at 
transform.next 
(<anonymous>)
      at evaluateSync 
(node_modules/gensync/
index.js:251:28)
      at sync (node_mo
dules/gensync/index.js
:89:14)
      at fn (node_modu
les/@babel/core/src/er
rors/rewrite-stack-tra
ce.ts:99:14)
      at 
transformSync (node_mo
dules/@babel/core/src/
transform.ts:66:52)
      at ScriptTransfo
rmer.transformSource (
node_modules/@jest/tra
nsform/build/ScriptTra
nsformer.js:545:31)
      at ScriptTransfo
rmer._transformAndBuil
dScript (node_modules/
@jest/transform/build/
ScriptTransformer.js:6
74:40)
      at ScriptTransfo
rmer.transform (node_m
odules/@jest/transform
/build/ScriptTransform
er.js:726:19)
      at require (test
/ux-enhancements-integ
ration.test.js:56:31)
      at 
Object.<anonymous> (te
st/ux-enhancements-int
egration.test.js:56:31
)

  ΓùÅ UX Enhancements 
Integration ΓÇ║ 
Accessibility ΓÇ║ 
should have DOM 
interaction capability

    Jest encountered 
an unexpected token

    Jest failed to 
parse a file. This 
happens e.g. when 
your code or its 
dependencies use 
non-standard 
JavaScript syntax, or 
when Jest is not 
configured to support 
such syntax.

    Out of the box 
Jest supports Babel, 
which will be used to 
transform your files 
into valid JS based 
on your Babel 
configuration.

    By default 
"node_modules" folder 
is ignored by 
transformers.

    Here's what you 
can do:
     ΓÇó If you are 
trying to use 
ECMAScript Modules, 
see https://jestjs.io/
docs/ecmascript-module
s for how to enable 
it.
     ΓÇó If you are 
trying to use 
TypeScript, see https:
//jestjs.io/docs/getti
ng-started#using-types
cript
     ΓÇó To have some 
of your 
"node_modules" files 
transformed, you can 
specify a custom "tran
sformIgnorePatterns" 
in your config.
     ΓÇó If you need 
a custom 
transformation 
specify a "transform" 
option in your config.
     ΓÇó If you 
simply want to mock 
your non-JS modules 
(e.g. binary assets) 
you can stub them out 
with the 
"moduleNameMapper" 
config option.

    You'll find more 
details and examples 
of these config 
options in the docs:
    https://jestjs.io/
docs/configuration
    For information 
about custom 
transformations, see:
    https://jestjs.io/
docs/code-transformati
on

    Details:

    SyntaxError: C:\Wo
rkspace_Melbin\fun_web
sites\3d_model_viewer\
src\ui\MobileGestureMa
nager.js: Missing 
semicolon. (480:20)

    [0m [90m 478 
|[39m [90m     * 
Check if device is 
mobile[39m
     [90m 479 |[39m 
[90m     */[39m
    [31m[1m>[22m[3
9m[90m 480 |[39m    
 isMobileDevice() {
     [90m     |[39m 
                    
[31m[1m^[22m[39m
     [90m 481 |[39m 
        
[36mreturn[39m [35m
/Android|webOS|iPhone|
iPad|iPod|BlackBerry|I
EMobile|Opera Mini/i[
39m[33m.[39mtest(nav
igator[33m.[39muserA
gent)[33m;[39m
     [90m 482 |[39m 
    }
     [90m 483 
|[39m[0m

    [0m [90m 54 
|[39m         
[90m// Import 
modules[39m
     [90m 55 |[39m  
       
[36mconst[39m [33mO
nboardingModule[39m 
[33m=[39m 
[36mawait[39m [36mi
mport[39m([32m'../sr
c/ui/OnboardingManager
.js'[39m)[33m;[39m
    [31m[1m>[22m[3
9m[90m 56 |[39m     
    [36mconst[39m [
33mGestureModule[39m 
[33m=[39m 
[36mawait[39m [36mi
mport[39m([32m'../sr
c/ui/MobileGestureMana
ger.js'[39m)[33m;[3
9m
     [90m    |[39m  
                      
       
[31m[1m^[22m[39m
     [90m 57 |[39m  
       
[36mconst[39m [33mD
iscoveryModule[39m 
[33m=[39m 
[36mawait[39m [36mi
mport[39m([32m'../sr
c/ui/FeatureDiscoveryE
ngine.js'[39m)[33m;
[39m
     [90m 58 |[39m  
       
[36mconst[39m [33mI
ntegrationModule[39m 
[33m=[39m 
[36mawait[39m [36mi
mport[39m([32m'../sr
c/ui/UXEnhancementsInt
egration.js'[39m)[33
m;[39m
     [90m 59 |[39m  
       [0m

      at constructor (
node_modules/@babel/pa
rser/src/parse-error.t
s:95:45)
      at 
Parser.toParseError 
[as raise] (node_modul
es/@babel/parser/src/t
okenizer/index.ts:1503
:19)
      at Parser.raise 
[as semicolon] (node_m
odules/@babel/parser/s
rc/parser/util.ts:149:
10)
      at 
Parser.semicolon [as p
arseExpressionStatemen
t] (node_modules/@babe
l/parser/src/parser/st
atement.ts:1358:10)
      at Parser.parseE
xpressionStatement 
[as parseStatementCont
ent] (node_modules/@ba
bel/parser/src/parser/
statement.ts:697:19)
      at Parser.parseS
tatementContent [as 
parseStatementLike] (n
ode_modules/@babel/par
ser/src/parser/stateme
nt.ts:477:17)
      at Parser.parseS
tatementLike [as 
parseModuleItem] (node
_modules/@babel/parser
/src/parser/statement.
ts:414:17)
      at Parser.parseM
oduleItem [as parseBlo
ckOrModuleBlockBody] (
node_modules/@babel/pa
rser/src/parser/statem
ent.ts:1438:16)
      at Parser.parseB
lockOrModuleBlockBody 
[as parseBlockBody] (n
ode_modules/@babel/par
ser/src/parser/stateme
nt.ts:1412:10)
      at 
Parser.parseBlockBody 
[as parseProgram] (nod
e_modules/@babel/parse
r/src/parser/statement
.ts:229:10)
      at 
Parser.parseProgram 
[as parseTopLevel] (no
de_modules/@babel/pars
er/src/parser/statemen
t.ts:203:25)
      at 
Parser.parseTopLevel 
[as parse] (node_modul
es/@babel/parser/src/p
arser/index.ts:93:10)
      at parse (node_m
odules/@babel/parser/s
rc/index.ts:92:38)
      at parser (node_
modules/@babel/core/sr
c/parser/index.ts:28:1
9)
          at 
parser.next 
(<anonymous>)
      at 
normalizeFile (node_mo
dules/@babel/core/src/
transformation/normali
ze-file.ts:49:24)
          at 
normalizeFile.next 
(<anonymous>)
      at run (node_mod
ules/@babel/core/src/t
ransformation/index.ts
:40:36)
          at run.next 
(<anonymous>)
      at transform (no
de_modules/@babel/core
/src/transform.ts:29:2
0)
          at 
transform.next 
(<anonymous>)
      at evaluateSync 
(node_modules/gensync/
index.js:251:28)
      at sync (node_mo
dules/gensync/index.js
:89:14)
      at fn (node_modu
les/@babel/core/src/er
rors/rewrite-stack-tra
ce.ts:99:14)
      at 
transformSync (node_mo
dules/@babel/core/src/
transform.ts:66:52)
      at ScriptTransfo
rmer.transformSource (
node_modules/@jest/tra
nsform/build/ScriptTra
nsformer.js:545:31)
      at ScriptTransfo
rmer._transformAndBuil
dScript (node_modules/
@jest/transform/build/
ScriptTransformer.js:6
74:40)
      at ScriptTransfo
rmer.transform (node_m
odules/@jest/transform
/build/ScriptTransform
er.js:726:19)
      at require (test
/ux-enhancements-integ
ration.test.js:56:31)
      at 
Object.<anonymous> (te
st/ux-enhancements-int
egration.test.js:56:31
)

  ΓùÅ UX Enhancements 
Integration ΓÇ║ 
Cleanup and Destroy 
ΓÇ║ should have 
destroy method

    Jest encountered 
an unexpected token

    Jest failed to 
parse a file. This 
happens e.g. when 
your code or its 
dependencies use 
non-standard 
JavaScript syntax, or 
when Jest is not 
configured to support 
such syntax.

    Out of the box 
Jest supports Babel, 
which will be used to 
transform your files 
into valid JS based 
on your Babel 
configuration.

    By default 
"node_modules" folder 
is ignored by 
transformers.

    Here's what you 
can do:
     ΓÇó If you are 
trying to use 
ECMAScript Modules, 
see https://jestjs.io/
docs/ecmascript-module
s for how to enable 
it.
     ΓÇó If you are 
trying to use 
TypeScript, see https:
//jestjs.io/docs/getti
ng-started#using-types
cript
     ΓÇó To have some 
of your 
"node_modules" files 
transformed, you can 
specify a custom "tran
sformIgnorePatterns" 
in your config.
     ΓÇó If you need 
a custom 
transformation 
specify a "transform" 
option in your config.
     ΓÇó If you 
simply want to mock 
your non-JS modules 
(e.g. binary assets) 
you can stub them out 
with the 
"moduleNameMapper" 
config option.

    You'll find more 
details and examples 
of these config 
options in the docs:
    https://jestjs.io/
docs/configuration
    For information 
about custom 
transformations, see:
    https://jestjs.io/
docs/code-transformati
on

    Details:

    SyntaxError: C:\Wo
rkspace_Melbin\fun_web
sites\3d_model_viewer\
src\ui\MobileGestureMa
nager.js: Missing 
semicolon. (480:20)

    [0m [90m 478 
|[39m [90m     * 
Check if device is 
mobile[39m
     [90m 479 |[39m 
[90m     */[39m
    [31m[1m>[22m[3
9m[90m 480 |[39m    
 isMobileDevice() {
     [90m     |[39m 
                    
[31m[1m^[22m[39m
     [90m 481 |[39m 
        
[36mreturn[39m [35m
/Android|webOS|iPhone|
iPad|iPod|BlackBerry|I
EMobile|Opera Mini/i[
39m[33m.[39mtest(nav
igator[33m.[39muserA
gent)[33m;[39m
     [90m 482 |[39m 
    }
     [90m 483 
|[39m[0m

    [0m [90m 54 
|[39m         
[90m// Import 
modules[39m
     [90m 55 |[39m  
       
[36mconst[39m [33mO
nboardingModule[39m 
[33m=[39m 
[36mawait[39m [36mi
mport[39m([32m'../sr
c/ui/OnboardingManager
.js'[39m)[33m;[39m
    [31m[1m>[22m[3
9m[90m 56 |[39m     
    [36mconst[39m [
33mGestureModule[39m 
[33m=[39m 
[36mawait[39m [36mi
mport[39m([32m'../sr
c/ui/MobileGestureMana
ger.js'[39m)[33m;[3
9m
     [90m    |[39m  
                      
       
[31m[1m^[22m[39m
     [90m 57 |[39m  
       
[36mconst[39m [33mD
iscoveryModule[39m 
[33m=[39m 
[36mawait[39m [36mi
mport[39m([32m'../sr
c/ui/FeatureDiscoveryE
ngine.js'[39m)[33m;
[39m
     [90m 58 |[39m  
       
[36mconst[39m [33mI
ntegrationModule[39m 
[33m=[39m 
[36mawait[39m [36mi
mport[39m([32m'../sr
c/ui/UXEnhancementsInt
egration.js'[39m)[33
m;[39m
     [90m 59 |[39m  
       [0m

      at constructor (
node_modules/@babel/pa
rser/src/parse-error.t
s:95:45)
      at 
Parser.toParseError 
[as raise] (node_modul
es/@babel/parser/src/t
okenizer/index.ts:1503
:19)
      at Parser.raise 
[as semicolon] (node_m
odules/@babel/parser/s
rc/parser/util.ts:149:
10)
      at 
Parser.semicolon [as p
arseExpressionStatemen
t] (node_modules/@babe
l/parser/src/parser/st
atement.ts:1358:10)
      at Parser.parseE
xpressionStatement 
[as parseStatementCont
ent] (node_modules/@ba
bel/parser/src/parser/
statement.ts:697:19)
      at Parser.parseS
tatementContent [as 
parseStatementLike] (n
ode_modules/@babel/par
ser/src/parser/stateme
nt.ts:477:17)
      at Parser.parseS
tatementLike [as 
parseModuleItem] (node
_modules/@babel/parser
/src/parser/statement.
ts:414:17)
      at Parser.parseM
oduleItem [as parseBlo
ckOrModuleBlockBody] (
node_modules/@babel/pa
rser/src/parser/statem
ent.ts:1438:16)
      at Parser.parseB
lockOrModuleBlockBody 
[as parseBlockBody] (n
ode_modules/@babel/par
ser/src/parser/stateme
nt.ts:1412:10)
      at 
Parser.parseBlockBody 
[as parseProgram] (nod
e_modules/@babel/parse
r/src/parser/statement
.ts:229:10)
      at 
Parser.parseProgram 
[as parseTopLevel] (no
de_modules/@babel/pars
er/src/parser/statemen
t.ts:203:25)
      at 
Parser.parseTopLevel 
[as parse] (node_modul
es/@babel/parser/src/p
arser/index.ts:93:10)
      at parse (node_m
odules/@babel/parser/s
rc/index.ts:92:38)
      at parser (node_
modules/@babel/core/sr
c/parser/index.ts:28:1
9)
          at 
parser.next 
(<anonymous>)
      at 
normalizeFile (node_mo
dules/@babel/core/src/
transformation/normali
ze-file.ts:49:24)
          at 
normalizeFile.next 
(<anonymous>)
      at run (node_mod
ules/@babel/core/src/t
ransformation/index.ts
:40:36)
          at run.next 
(<anonymous>)
      at transform (no
de_modules/@babel/core
/src/transform.ts:29:2
0)
          at 
transform.next 
(<anonymous>)
      at evaluateSync 
(node_modules/gensync/
index.js:251:28)
      at sync (node_mo
dules/gensync/index.js
:89:14)
      at fn (node_modu
les/@babel/core/src/er
rors/rewrite-stack-tra
ce.ts:99:14)
      at 
transformSync (node_mo
dules/@babel/core/src/
transform.ts:66:52)
      at ScriptTransfo
rmer.transformSource (
node_modules/@jest/tra
nsform/build/ScriptTra
nsformer.js:545:31)
      at ScriptTransfo
rmer._transformAndBuil
dScript (node_modules/
@jest/transform/build/
ScriptTransformer.js:6
74:40)
      at ScriptTransfo
rmer.transform (node_m
odules/@jest/transform
/build/ScriptTransform
er.js:726:19)
      at require (test
/ux-enhancements-integ
ration.test.js:56:31)
      at 
Object.<anonymous> (te
st/ux-enhancements-int
egration.test.js:56:31
)

  ΓùÅ UX Enhancements 
Integration ΓÇ║ 
Cleanup and Destroy 
ΓÇ║ should cleanup 
sub-modules

    Jest encountered 
an unexpected token

    Jest failed to 
parse a file. This 
happens e.g. when 
your code or its 
dependencies use 
non-standard 
JavaScript syntax, or 
when Jest is not 
configured to support 
such syntax.

    Out of the box 
Jest supports Babel, 
which will be used to 
transform your files 
into valid JS based 
on your Babel 
configuration.

    By default 
"node_modules" folder 
is ignored by 
transformers.

    Here's what you 
can do:
     ΓÇó If you are 
trying to use 
ECMAScript Modules, 
see https://jestjs.io/
docs/ecmascript-module
s for how to enable 
it.
     ΓÇó If you are 
trying to use 
TypeScript, see https:
//jestjs.io/docs/getti
ng-started#using-types
cript
     ΓÇó To have some 
of your 
"node_modules" files 
transformed, you can 
specify a custom "tran
sformIgnorePatterns" 
in your config.
     ΓÇó If you need 
a custom 
transformation 
specify a "transform" 
option in your config.
     ΓÇó If you 
simply want to mock 
your non-JS modules 
(e.g. binary assets) 
you can stub them out 
with the 
"moduleNameMapper" 
config option.

    You'll find more 
details and examples 
of these config 
options in the docs:
    https://jestjs.io/
docs/configuration
    For information 
about custom 
transformations, see:
    https://jestjs.io/
docs/code-transformati
on

    Details:

    SyntaxError: C:\Wo
rkspace_Melbin\fun_web
sites\3d_model_viewer\
src\ui\MobileGestureMa
nager.js: Missing 
semicolon. (480:20)

    [0m [90m 478 
|[39m [90m     * 
Check if device is 
mobile[39m
     [90m 479 |[39m 
[90m     */[39m
    [31m[1m>[22m[3
9m[90m 480 |[39m    
 isMobileDevice() {
     [90m     |[39m 
                    
[31m[1m^[22m[39m
     [90m 481 |[39m 
        
[36mreturn[39m [35m
/Android|webOS|iPhone|
iPad|iPod|BlackBerry|I
EMobile|Opera Mini/i[
39m[33m.[39mtest(nav
igator[33m.[39muserA
gent)[33m;[39m
     [90m 482 |[39m 
    }
     [90m 483 
|[39m[0m

    [0m [90m 54 
|[39m         
[90m// Import 
modules[39m
     [90m 55 |[39m  
       
[36mconst[39m [33mO
nboardingModule[39m 
[33m=[39m 
[36mawait[39m [36mi
mport[39m([32m'../sr
c/ui/OnboardingManager
.js'[39m)[33m;[39m
    [31m[1m>[22m[3
9m[90m 56 |[39m     
    [36mconst[39m [
33mGestureModule[39m 
[33m=[39m 
[36mawait[39m [36mi
mport[39m([32m'../sr
c/ui/MobileGestureMana
ger.js'[39m)[33m;[3
9m
     [90m    |[39m  
                      
       
[31m[1m^[22m[39m
     [90m 57 |[39m  
       
[36mconst[39m [33mD
iscoveryModule[39m 
[33m=[39m 
[36mawait[39m [36mi
mport[39m([32m'../sr
c/ui/FeatureDiscoveryE
ngine.js'[39m)[33m;
[39m
     [90m 58 |[39m  
       
[36mconst[39m [33mI
ntegrationModule[39m 
[33m=[39m 
[36mawait[39m [36mi
mport[39m([32m'../sr
c/ui/UXEnhancementsInt
egration.js'[39m)[33
m;[39m
     [90m 59 |[39m  
       [0m

      at constructor (
node_modules/@babel/pa
rser/src/parse-error.t
s:95:45)
      at 
Parser.toParseError 
[as raise] (node_modul
es/@babel/parser/src/t
okenizer/index.ts:1503
:19)
      at Parser.raise 
[as semicolon] (node_m
odules/@babel/parser/s
rc/parser/util.ts:149:
10)
      at 
Parser.semicolon [as p
arseExpressionStatemen
t] (node_modules/@babe
l/parser/src/parser/st
atement.ts:1358:10)
      at Parser.parseE
xpressionStatement 
[as parseStatementCont
ent] (node_modules/@ba
bel/parser/src/parser/
statement.ts:697:19)
      at Parser.parseS
tatementContent [as 
parseStatementLike] (n
ode_modules/@babel/par
ser/src/parser/stateme
nt.ts:477:17)
      at Parser.parseS
tatementLike [as 
parseModuleItem] (node
_modules/@babel/parser
/src/parser/statement.
ts:414:17)
      at Parser.parseM
oduleItem [as parseBlo
ckOrModuleBlockBody] (
node_modules/@babel/pa
rser/src/parser/statem
ent.ts:1438:16)
      at Parser.parseB
lockOrModuleBlockBody 
[as parseBlockBody] (n
ode_modules/@babel/par
ser/src/parser/stateme
nt.ts:1412:10)
      at 
Parser.parseBlockBody 
[as parseProgram] (nod
e_modules/@babel/parse
r/src/parser/statement
.ts:229:10)
      at 
Parser.parseProgram 
[as parseTopLevel] (no
de_modules/@babel/pars
er/src/parser/statemen
t.ts:203:25)
      at 
Parser.parseTopLevel 
[as parse] (node_modul
es/@babel/parser/src/p
arser/index.ts:93:10)
      at parse (node_m
odules/@babel/parser/s
rc/index.ts:92:38)
      at parser (node_
modules/@babel/core/sr
c/parser/index.ts:28:1
9)
          at 
parser.next 
(<anonymous>)
      at 
normalizeFile (node_mo
dules/@babel/core/src/
transformation/normali
ze-file.ts:49:24)
          at 
normalizeFile.next 
(<anonymous>)
      at run (node_mod
ules/@babel/core/src/t
ransformation/index.ts
:40:36)
          at run.next 
(<anonymous>)
      at transform (no
de_modules/@babel/core
/src/transform.ts:29:2
0)
          at 
transform.next 
(<anonymous>)
      at evaluateSync 
(node_modules/gensync/
index.js:251:28)
      at sync (node_mo
dules/gensync/index.js
:89:14)
      at fn (node_modu
les/@babel/core/src/er
rors/rewrite-stack-tra
ce.ts:99:14)
      at 
transformSync (node_mo
dules/@babel/core/src/
transform.ts:66:52)
      at ScriptTransfo
rmer.transformSource (
node_modules/@jest/tra
nsform/build/ScriptTra
nsformer.js:545:31)
      at ScriptTransfo
rmer._transformAndBuil
dScript (node_modules/
@jest/transform/build/
ScriptTransformer.js:6
74:40)
      at ScriptTransfo
rmer.transform (node_m
odules/@jest/transform
/build/ScriptTransform
er.js:726:19)
      at require (test
/ux-enhancements-integ
ration.test.js:56:31)
      at 
Object.<anonymous> (te
st/ux-enhancements-int
egration.test.js:56:31
)

  ΓùÅ UX Enhancements 
Integration ΓÇ║ 
Cleanup and Destroy 
ΓÇ║ should handle 
destroy without errors

    Jest encountered 
an unexpected token

    Jest failed to 
parse a file. This 
happens e.g. when 
your code or its 
dependencies use 
non-standard 
JavaScript syntax, or 
when Jest is not 
configured to support 
such syntax.

    Out of the box 
Jest supports Babel, 
which will be used to 
transform your files 
into valid JS based 
on your Babel 
configuration.

    By default 
"node_modules" folder 
is ignored by 
transformers.

    Here's what you 
can do:
     ΓÇó If you are 
trying to use 
ECMAScript Modules, 
see https://jestjs.io/
docs/ecmascript-module
s for how to enable 
it.
     ΓÇó If you are 
trying to use 
TypeScript, see https:
//jestjs.io/docs/getti
ng-started#using-types
cript
     ΓÇó To have some 
of your 
"node_modules" files 
transformed, you can 
specify a custom "tran
sformIgnorePatterns" 
in your config.
     ΓÇó If you need 
a custom 
transformation 
specify a "transform" 
option in your config.
     ΓÇó If you 
simply want to mock 
your non-JS modules 
(e.g. binary assets) 
you can stub them out 
with the 
"moduleNameMapper" 
config option.

    You'll find more 
details and examples 
of these config 
options in the docs:
    https://jestjs.io/
docs/configuration
    For information 
about custom 
transformations, see:
    https://jestjs.io/
docs/code-transformati
on

    Details:

    SyntaxError: C:\Wo
rkspace_Melbin\fun_web
sites\3d_model_viewer\
src\ui\MobileGestureMa
nager.js: Missing 
semicolon. (480:20)

    [0m [90m 478 
|[39m [90m     * 
Check if device is 
mobile[39m
     [90m 479 |[39m 
[90m     */[39m
    [31m[1m>[22m[3
9m[90m 480 |[39m    
 isMobileDevice() {
     [90m     |[39m 
                    
[31m[1m^[22m[39m
     [90m 481 |[39m 
        
[36mreturn[39m [35m
/Android|webOS|iPhone|
iPad|iPod|BlackBerry|I
EMobile|Opera Mini/i[
39m[33m.[39mtest(nav
igator[33m.[39muserA
gent)[33m;[39m
     [90m 482 |[39m 
    }
     [90m 483 
|[39m[0m

    [0m [90m 54 
|[39m         
[90m// Import 
modules[39m
     [90m 55 |[39m  
       
[36mconst[39m [33mO
nboardingModule[39m 
[33m=[39m 
[36mawait[39m [36mi
mport[39m([32m'../sr
c/ui/OnboardingManager
.js'[39m)[33m;[39m
    [31m[1m>[22m[3
9m[90m 56 |[39m     
    [36mconst[39m [
33mGestureModule[39m 
[33m=[39m 
[36mawait[39m [36mi
mport[39m([32m'../sr
c/ui/MobileGestureMana
ger.js'[39m)[33m;[3
9m
     [90m    |[39m  
                      
       
[31m[1m^[22m[39m
     [90m 57 |[39m  
       
[36mconst[39m [33mD
iscoveryModule[39m 
[33m=[39m 
[36mawait[39m [36mi
mport[39m([32m'../sr
c/ui/FeatureDiscoveryE
ngine.js'[39m)[33m;
[39m
     [90m 58 |[39m  
       
[36mconst[39m [33mI
ntegrationModule[39m 
[33m=[39m 
[36mawait[39m [36mi
mport[39m([32m'../sr
c/ui/UXEnhancementsInt
egration.js'[39m)[33
m;[39m
     [90m 59 |[39m  
       [0m

      at constructor (
node_modules/@babel/pa
rser/src/parse-error.t
s:95:45)
      at 
Parser.toParseError 
[as raise] (node_modul
es/@babel/parser/src/t
okenizer/index.ts:1503
:19)
      at Parser.raise 
[as semicolon] (node_m
odules/@babel/parser/s
rc/parser/util.ts:149:
10)
      at 
Parser.semicolon [as p
arseExpressionStatemen
t] (node_modules/@babe
l/parser/src/parser/st
atement.ts:1358:10)
      at Parser.parseE
xpressionStatement 
[as parseStatementCont
ent] (node_modules/@ba
bel/parser/src/parser/
statement.ts:697:19)
      at Parser.parseS
tatementContent [as 
parseStatementLike] (n
ode_modules/@babel/par
ser/src/parser/stateme
nt.ts:477:17)
      at Parser.parseS
tatementLike [as 
parseModuleItem] (node
_modules/@babel/parser
/src/parser/statement.
ts:414:17)
      at Parser.parseM
oduleItem [as parseBlo
ckOrModuleBlockBody] (
node_modules/@babel/pa
rser/src/parser/statem
ent.ts:1438:16)
      at Parser.parseB
lockOrModuleBlockBody 
[as parseBlockBody] (n
ode_modules/@babel/par
ser/src/parser/stateme
nt.ts:1412:10)
      at 
Parser.parseBlockBody 
[as parseProgram] (nod
e_modules/@babel/parse
r/src/parser/statement
.ts:229:10)
      at 
Parser.parseProgram 
[as parseTopLevel] (no
de_modules/@babel/pars
er/src/parser/statemen
t.ts:203:25)
      at 
Parser.parseTopLevel 
[as parse] (node_modul
es/@babel/parser/src/p
arser/index.ts:93:10)
      at parse (node_m
odules/@babel/parser/s
rc/index.ts:92:38)
      at parser (node_
modules/@babel/core/sr
c/parser/index.ts:28:1
9)
          at 
parser.next 
(<anonymous>)
      at 
normalizeFile (node_mo
dules/@babel/core/src/
transformation/normali
ze-file.ts:49:24)
          at 
normalizeFile.next 
(<anonymous>)
      at run (node_mod
ules/@babel/core/src/t
ransformation/index.ts
:40:36)
          at run.next 
(<anonymous>)
      at transform (no
de_modules/@babel/core
/src/transform.ts:29:2
0)
          at 
transform.next 
(<anonymous>)
      at evaluateSync 
(node_modules/gensync/
index.js:251:28)
      at sync (node_mo
dules/gensync/index.js
:89:14)
      at fn (node_modu
les/@babel/core/src/er
rors/rewrite-stack-tra
ce.ts:99:14)
      at 
transformSync (node_mo
dules/@babel/core/src/
transform.ts:66:52)
      at ScriptTransfo
rmer.transformSource (
node_modules/@jest/tra
nsform/build/ScriptTra
nsformer.js:545:31)
      at ScriptTransfo
rmer._transformAndBuil
dScript (node_modules/
@jest/transform/build/
ScriptTransformer.js:6
74:40)
      at ScriptTransfo
rmer.transform (node_m
odules/@jest/transform
/build/ScriptTransform
er.js:726:19)
      at require (test
/ux-enhancements-integ
ration.test.js:56:31)
      at 
Object.<anonymous> (te
st/ux-enhancements-int
egration.test.js:56:31
)

  ΓùÅ UX Enhancements 
Integration ΓÇ║ Edge 
Cases ΓÇ║ should 
handle missing DOM 
elements gracefully

    Jest encountered 
an unexpected token

    Jest failed to 
parse a file. This 
happens e.g. when 
your code or its 
dependencies use 
non-standard 
JavaScript syntax, or 
when Jest is not 
configured to support 
such syntax.

    Out of the box 
Jest supports Babel, 
which will be used to 
transform your files 
into valid JS based 
on your Babel 
configuration.

    By default 
"node_modules" folder 
is ignored by 
transformers.

    Here's what you 
can do:
     ΓÇó If you are 
trying to use 
ECMAScript Modules, 
see https://jestjs.io/
docs/ecmascript-module
s for how to enable 
it.
     ΓÇó If you are 
trying to use 
TypeScript, see https:
//jestjs.io/docs/getti
ng-started#using-types
cript
     ΓÇó To have some 
of your 
"node_modules" files 
transformed, you can 
specify a custom "tran
sformIgnorePatterns" 
in your config.
     ΓÇó If you need 
a custom 
transformation 
specify a "transform" 
option in your config.
     ΓÇó If you 
simply want to mock 
your non-JS modules 
(e.g. binary assets) 
you can stub them out 
with the 
"moduleNameMapper" 
config option.

    You'll find more 
details and examples 
of these config 
options in the docs:
    https://jestjs.io/
docs/configuration
    For information 
about custom 
transformations, see:
    https://jestjs.io/
docs/code-transformati
on

    Details:

    SyntaxError: C:\Wo
rkspace_Melbin\fun_web
sites\3d_model_viewer\
src\ui\MobileGestureMa
nager.js: Missing 
semicolon. (480:20)

    [0m [90m 478 
|[39m [90m     * 
Check if device is 
mobile[39m
     [90m 479 |[39m 
[90m     */[39m
    [31m[1m>[22m[3
9m[90m 480 |[39m    
 isMobileDevice() {
     [90m     |[39m 
                    
[31m[1m^[22m[39m
     [90m 481 |[39m 
        
[36mreturn[39m [35m
/Android|webOS|iPhone|
iPad|iPod|BlackBerry|I
EMobile|Opera Mini/i[
39m[33m.[39mtest(nav
igator[33m.[39muserA
gent)[33m;[39m
     [90m 482 |[39m 
    }
     [90m 483 
|[39m[0m

    [0m [90m 54 
|[39m         
[90m// Import 
modules[39m
     [90m 55 |[39m  
       
[36mconst[39m [33mO
nboardingModule[39m 
[33m=[39m 
[36mawait[39m [36mi
mport[39m([32m'../sr
c/ui/OnboardingManager
.js'[39m)[33m;[39m
    [31m[1m>[22m[3
9m[90m 56 |[39m     
    [36mconst[39m [
33mGestureModule[39m 
[33m=[39m 
[36mawait[39m [36mi
mport[39m([32m'../sr
c/ui/MobileGestureMana
ger.js'[39m)[33m;[3
9m
     [90m    |[39m  
                      
       
[31m[1m^[22m[39m
     [90m 57 |[39m  
       
[36mconst[39m [33mD
iscoveryModule[39m 
[33m=[39m 
[36mawait[39m [36mi
mport[39m([32m'../sr
c/ui/FeatureDiscoveryE
ngine.js'[39m)[33m;
[39m
     [90m 58 |[39m  
       
[36mconst[39m [33mI
ntegrationModule[39m 
[33m=[39m 
[36mawait[39m [36mi
mport[39m([32m'../sr
c/ui/UXEnhancementsInt
egration.js'[39m)[33
m;[39m
     [90m 59 |[39m  
       [0m

      at constructor (
node_modules/@babel/pa
rser/src/parse-error.t
s:95:45)
      at 
Parser.toParseError 
[as raise] (node_modul
es/@babel/parser/src/t
okenizer/index.ts:1503
:19)
      at Parser.raise 
[as semicolon] (node_m
odules/@babel/parser/s
rc/parser/util.ts:149:
10)
      at 
Parser.semicolon [as p
arseExpressionStatemen
t] (node_modules/@babe
l/parser/src/parser/st
atement.ts:1358:10)
      at Parser.parseE
xpressionStatement 
[as parseStatementCont
ent] (node_modules/@ba
bel/parser/src/parser/
statement.ts:697:19)
      at Parser.parseS
tatementContent [as 
parseStatementLike] (n
ode_modules/@babel/par
ser/src/parser/stateme
nt.ts:477:17)
      at Parser.parseS
tatementLike [as 
parseModuleItem] (node
_modules/@babel/parser
/src/parser/statement.
ts:414:17)
      at Parser.parseM
oduleItem [as parseBlo
ckOrModuleBlockBody] (
node_modules/@babel/pa
rser/src/parser/statem
ent.ts:1438:16)
      at Parser.parseB
lockOrModuleBlockBody 
[as parseBlockBody] (n
ode_modules/@babel/par
ser/src/parser/stateme
nt.ts:1412:10)
      at 
Parser.parseBlockBody 
[as parseProgram] (nod
e_modules/@babel/parse
r/src/parser/statement
.ts:229:10)
      at 
Parser.parseProgram 
[as parseTopLevel] (no
de_modules/@babel/pars
er/src/parser/statemen
t.ts:203:25)
      at 
Parser.parseTopLevel 
[as parse] (node_modul
es/@babel/parser/src/p
arser/index.ts:93:10)
      at parse (node_m
odules/@babel/parser/s
rc/index.ts:92:38)
      at parser (node_
modules/@babel/core/sr
c/parser/index.ts:28:1
9)
          at 
parser.next 
(<anonymous>)
      at 
normalizeFile (node_mo
dules/@babel/core/src/
transformation/normali
ze-file.ts:49:24)
          at 
normalizeFile.next 
(<anonymous>)
      at run (node_mod
ules/@babel/core/src/t
ransformation/index.ts
:40:36)
          at run.next 
(<anonymous>)
      at transform (no
de_modules/@babel/core
/src/transform.ts:29:2
0)
          at 
transform.next 
(<anonymous>)
      at evaluateSync 
(node_modules/gensync/
index.js:251:28)
      at sync (node_mo
dules/gensync/index.js
:89:14)
      at fn (node_modu
les/@babel/core/src/er
rors/rewrite-stack-tra
ce.ts:99:14)
      at 
transformSync (node_mo
dules/@babel/core/src/
transform.ts:66:52)
      at ScriptTransfo
rmer.transformSource (
node_modules/@jest/tra
nsform/build/ScriptTra
nsformer.js:545:31)
      at ScriptTransfo
rmer._transformAndBuil
dScript (node_modules/
@jest/transform/build/
ScriptTransformer.js:6
74:40)
      at ScriptTransfo
rmer.transform (node_m
odules/@jest/transform
/build/ScriptTransform
er.js:726:19)
      at require (test
/ux-enhancements-integ
ration.test.js:56:31)
      at 
Object.<anonymous> (te
st/ux-enhancements-int
egration.test.js:56:31
)

  ΓùÅ UX Enhancements 
Integration ΓÇ║ Edge 
Cases ΓÇ║ should 
handle localStorage 
operations

    Jest encountered 
an unexpected token

    Jest failed to 
parse a file. This 
happens e.g. when 
your code or its 
dependencies use 
non-standard 
JavaScript syntax, or 
when Jest is not 
configured to support 
such syntax.

    Out of the box 
Jest supports Babel, 
which will be used to 
transform your files 
into valid JS based 
on your Babel 
configuration.

    By default 
"node_modules" folder 
is ignored by 
transformers.

    Here's what you 
can do:
     ΓÇó If you are 
trying to use 
ECMAScript Modules, 
see https://jestjs.io/
docs/ecmascript-module
s for how to enable 
it.
     ΓÇó If you are 
trying to use 
TypeScript, see https:
//jestjs.io/docs/getti
ng-started#using-types
cript
     ΓÇó To have some 
of your 
"node_modules" files 
transformed, you can 
specify a custom "tran
sformIgnorePatterns" 
in your config.
     ΓÇó If you need 
a custom 
transformation 
specify a "transform" 
option in your config.
     ΓÇó If you 
simply want to mock 
your non-JS modules 
(e.g. binary assets) 
you can stub them out 
with the 
"moduleNameMapper" 
config option.

    You'll find more 
details and examples 
of these config 
options in the docs:
    https://jestjs.io/
docs/configuration
    For information 
about custom 
transformations, see:
    https://jestjs.io/
docs/code-transformati
on

    Details:

    SyntaxError: C:\Wo
rkspace_Melbin\fun_web
sites\3d_model_viewer\
src\ui\MobileGestureMa
nager.js: Missing 
semicolon. (480:20)

    [0m [90m 478 
|[39m [90m     * 
Check if device is 
mobile[39m
     [90m 479 |[39m 
[90m     */[39m
    [31m[1m>[22m[3
9m[90m 480 |[39m    
 isMobileDevice() {
     [90m     |[39m 
                    
[31m[1m^[22m[39m
     [90m 481 |[39m 
        
[36mreturn[39m [35m
/Android|webOS|iPhone|
iPad|iPod|BlackBerry|I
EMobile|Opera Mini/i[
39m[33m.[39mtest(nav
igator[33m.[39muserA
gent)[33m;[39m
     [90m 482 |[39m 
    }
     [90m 483 
|[39m[0m

    [0m [90m 54 
|[39m         
[90m// Import 
modules[39m
     [90m 55 |[39m  
       
[36mconst[39m [33mO
nboardingModule[39m 
[33m=[39m 
[36mawait[39m [36mi
mport[39m([32m'../sr
c/ui/OnboardingManager
.js'[39m)[33m;[39m
    [31m[1m>[22m[3
9m[90m 56 |[39m     
    [36mconst[39m [
33mGestureModule[39m 
[33m=[39m 
[36mawait[39m [36mi
mport[39m([32m'../sr
c/ui/MobileGestureMana
ger.js'[39m)[33m;[3
9m
     [90m    |[39m  
                      
       
[31m[1m^[22m[39m
     [90m 57 |[39m  
       
[36mconst[39m [33mD
iscoveryModule[39m 
[33m=[39m 
[36mawait[39m [36mi
mport[39m([32m'../sr
c/ui/FeatureDiscoveryE
ngine.js'[39m)[33m;
[39m
     [90m 58 |[39m  
       
[36mconst[39m [33mI
ntegrationModule[39m 
[33m=[39m 
[36mawait[39m [36mi
mport[39m([32m'../sr
c/ui/UXEnhancementsInt
egration.js'[39m)[33
m;[39m
     [90m 59 |[39m  
       [0m

      at constructor (
node_modules/@babel/pa
rser/src/parse-error.t
s:95:45)
      at 
Parser.toParseError 
[as raise] (node_modul
es/@babel/parser/src/t
okenizer/index.ts:1503
:19)
      at Parser.raise 
[as semicolon] (node_m
odules/@babel/parser/s
rc/parser/util.ts:149:
10)
      at 
Parser.semicolon [as p
arseExpressionStatemen
t] (node_modules/@babe
l/parser/src/parser/st
atement.ts:1358:10)
      at Parser.parseE
xpressionStatement 
[as parseStatementCont
ent] (node_modules/@ba
bel/parser/src/parser/
statement.ts:697:19)
      at Parser.parseS
tatementContent [as 
parseStatementLike] (n
ode_modules/@babel/par
ser/src/parser/stateme
nt.ts:477:17)
      at Parser.parseS
tatementLike [as 
parseModuleItem] (node
_modules/@babel/parser
/src/parser/statement.
ts:414:17)
      at Parser.parseM
oduleItem [as parseBlo
ckOrModuleBlockBody] (
node_modules/@babel/pa
rser/src/parser/statem
ent.ts:1438:16)
      at Parser.parseB
lockOrModuleBlockBody 
[as parseBlockBody] (n
ode_modules/@babel/par
ser/src/parser/stateme
nt.ts:1412:10)
      at 
Parser.parseBlockBody 
[as parseProgram] (nod
e_modules/@babel/parse
r/src/parser/statement
.ts:229:10)
      at 
Parser.parseProgram 
[as parseTopLevel] (no
de_modules/@babel/pars
er/src/parser/statemen
t.ts:203:25)
      at 
Parser.parseTopLevel 
[as parse] (node_modul
es/@babel/parser/src/p
arser/index.ts:93:10)
      at parse (node_m
odules/@babel/parser/s
rc/index.ts:92:38)
      at parser (node_
modules/@babel/core/sr
c/parser/index.ts:28:1
9)
          at 
parser.next 
(<anonymous>)
      at 
normalizeFile (node_mo
dules/@babel/core/src/
transformation/normali
ze-file.ts:49:24)
          at 
normalizeFile.next 
(<anonymous>)
      at run (node_mod
ules/@babel/core/src/t
ransformation/index.ts
:40:36)
          at run.next 
(<anonymous>)
      at transform (no
de_modules/@babel/core
/src/transform.ts:29:2
0)
          at 
transform.next 
(<anonymous>)
      at evaluateSync 
(node_modules/gensync/
index.js:251:28)
      at sync (node_mo
dules/gensync/index.js
:89:14)
      at fn (node_modu
les/@babel/core/src/er
rors/rewrite-stack-tra
ce.ts:99:14)
      at 
transformSync (node_mo
dules/@babel/core/src/
transform.ts:66:52)
      at ScriptTransfo
rmer.transformSource (
node_modules/@jest/tra
nsform/build/ScriptTra
nsformer.js:545:31)
      at ScriptTransfo
rmer._transformAndBuil
dScript (node_modules/
@jest/transform/build/
ScriptTransformer.js:6
74:40)
      at ScriptTransfo
rmer.transform (node_m
odules/@jest/transform
/build/ScriptTransform
er.js:726:19)
      at require (test
/ux-enhancements-integ
ration.test.js:56:31)
      at 
Object.<anonymous> (te
st/ux-enhancements-int
egration.test.js:56:31
)

  ΓùÅ UX Enhancements 
Integration ΓÇ║ Edge 
Cases ΓÇ║ should 
handle rapid events

    Jest encountered 
an unexpected token

    Jest failed to 
parse a file. This 
happens e.g. when 
your code or its 
dependencies use 
non-standard 
JavaScript syntax, or 
when Jest is not 
configured to support 
such syntax.

    Out of the box 
Jest supports Babel, 
which will be used to 
transform your files 
into valid JS based 
on your Babel 
configuration.

    By default 
"node_modules" folder 
is ignored by 
transformers.

    Here's what you 
can do:
     ΓÇó If you are 
trying to use 
ECMAScript Modules, 
see https://jestjs.io/
docs/ecmascript-module
s for how to enable 
it.
     ΓÇó If you are 
trying to use 
TypeScript, see https:
//jestjs.io/docs/getti
ng-started#using-types
cript
     ΓÇó To have some 
of your 
"node_modules" files 
transformed, you can 
specify a custom "tran
sformIgnorePatterns" 
in your config.
     ΓÇó If you need 
a custom 
transformation 
specify a "transform" 
option in your config.
     ΓÇó If you 
simply want to mock 
your non-JS modules 
(e.g. binary assets) 
you can stub them out 
with the 
"moduleNameMapper" 
config option.

    You'll find more 
details and examples 
of these config 
options in the docs:
    https://jestjs.io/
docs/configuration
    For information 
about custom 
transformations, see:
    https://jestjs.io/
docs/code-transformati
on

    Details:

    SyntaxError: C:\Wo
rkspace_Melbin\fun_web
sites\3d_model_viewer\
src\ui\MobileGestureMa
nager.js: Missing 
semicolon. (480:20)

    [0m [90m 478 
|[39m [90m     * 
Check if device is 
mobile[39m
     [90m 479 |[39m 
[90m     */[39m
    [31m[1m>[22m[3
9m[90m 480 |[39m    
 isMobileDevice() {
     [90m     |[39m 
                    
[31m[1m^[22m[39m
     [90m 481 |[39m 
        
[36mreturn[39m [35m
/Android|webOS|iPhone|
iPad|iPod|BlackBerry|I
EMobile|Opera Mini/i[
39m[33m.[39mtest(nav
igator[33m.[39muserA
gent)[33m;[39m
     [90m 482 |[39m 
    }
     [90m 483 
|[39m[0m

    [0m [90m 54 
|[39m         
[90m// Import 
modules[39m
     [90m 55 |[39m  
       
[36mconst[39m [33mO
nboardingModule[39m 
[33m=[39m 
[36mawait[39m [36mi
mport[39m([32m'../sr
c/ui/OnboardingManager
.js'[39m)[33m;[39m
    [31m[1m>[22m[3
9m[90m 56 |[39m     
    [36mconst[39m [
33mGestureModule[39m 
[33m=[39m 
[36mawait[39m [36mi
mport[39m([32m'../sr
c/ui/MobileGestureMana
ger.js'[39m)[33m;[3
9m
     [90m    |[39m  
                      
       
[31m[1m^[22m[39m
     [90m 57 |[39m  
       
[36mconst[39m [33mD
iscoveryModule[39m 
[33m=[39m 
[36mawait[39m [36mi
mport[39m([32m'../sr
c/ui/FeatureDiscoveryE
ngine.js'[39m)[33m;
[39m
     [90m 58 |[39m  
       
[36mconst[39m [33mI
ntegrationModule[39m 
[33m=[39m 
[36mawait[39m [36mi
mport[39m([32m'../sr
c/ui/UXEnhancementsInt
egration.js'[39m)[33
m;[39m
     [90m 59 |[39m  
       [0m

      at constructor (
node_modules/@babel/pa
rser/src/parse-error.t
s:95:45)
      at 
Parser.toParseError 
[as raise] (node_modul
es/@babel/parser/src/t
okenizer/index.ts:1503
:19)
      at Parser.raise 
[as semicolon] (node_m
odules/@babel/parser/s
rc/parser/util.ts:149:
10)
      at 
Parser.semicolon [as p
arseExpressionStatemen
t] (node_modules/@babe
l/parser/src/parser/st
atement.ts:1358:10)
      at Parser.parseE
xpressionStatement 
[as parseStatementCont
ent] (node_modules/@ba
bel/parser/src/parser/
statement.ts:697:19)
      at Parser.parseS
tatementContent [as 
parseStatementLike] (n
ode_modules/@babel/par
ser/src/parser/stateme
nt.ts:477:17)
      at Parser.parseS
tatementLike [as 
parseModuleItem] (node
_modules/@babel/parser
/src/parser/statement.
ts:414:17)
      at Parser.parseM
oduleItem [as parseBlo
ckOrModuleBlockBody] (
node_modules/@babel/pa
rser/src/parser/statem
ent.ts:1438:16)
      at Parser.parseB
lockOrModuleBlockBody 
[as parseBlockBody] (n
ode_modules/@babel/par
ser/src/parser/stateme
nt.ts:1412:10)
      at 
Parser.parseBlockBody 
[as parseProgram] (nod
e_modules/@babel/parse
r/src/parser/statement
.ts:229:10)
      at 
Parser.parseProgram 
[as parseTopLevel] (no
de_modules/@babel/pars
er/src/parser/statemen
t.ts:203:25)
      at 
Parser.parseTopLevel 
[as parse] (node_modul
es/@babel/parser/src/p
arser/index.ts:93:10)
      at parse (node_m
odules/@babel/parser/s
rc/index.ts:92:38)
      at parser (node_
modules/@babel/core/sr
c/parser/index.ts:28:1
9)
          at 
parser.next 
(<anonymous>)
      at 
normalizeFile (node_mo
dules/@babel/core/src/
transformation/normali
ze-file.ts:49:24)
          at 
normalizeFile.next 
(<anonymous>)
      at run (node_mod
ules/@babel/core/src/t
ransformation/index.ts
:40:36)
          at run.next 
(<anonymous>)
      at transform (no
de_modules/@babel/core
/src/transform.ts:29:2
0)
          at 
transform.next 
(<anonymous>)
      at evaluateSync 
(node_modules/gensync/
index.js:251:28)
      at sync (node_mo
dules/gensync/index.js
:89:14)
      at fn (node_modu
les/@babel/core/src/er
rors/rewrite-stack-tra
ce.ts:99:14)
      at 
transformSync (node_mo
dules/@babel/core/src/
transform.ts:66:52)
      at ScriptTransfo
rmer.transformSource (
node_modules/@jest/tra
nsform/build/ScriptTra
nsformer.js:545:31)
      at ScriptTransfo
rmer._transformAndBuil
dScript (node_modules/
@jest/transform/build/
ScriptTransformer.js:6
74:40)
      at ScriptTransfo
rmer.transform (node_m
odules/@jest/transform
/build/ScriptTransform
er.js:726:19)
      at require (test
/ux-enhancements-integ
ration.test.js:56:31)
      at 
Object.<anonymous> (te
st/ux-enhancements-int
egration.test.js:56:31
)

  ΓùÅ UX Enhancements 
Integration ΓÇ║ Edge 
Cases ΓÇ║ should 
handle concurrent 
operations

    Jest encountered 
an unexpected token

    Jest failed to 
parse a file. This 
happens e.g. when 
your code or its 
dependencies use 
non-standard 
JavaScript syntax, or 
when Jest is not 
configured to support 
such syntax.

    Out of the box 
Jest supports Babel, 
which will be used to 
transform your files 
into valid JS based 
on your Babel 
configuration.

    By default 
"node_modules" folder 
is ignored by 
transformers.

    Here's what you 
can do:
     ΓÇó If you are 
trying to use 
ECMAScript Modules, 
see https://jestjs.io/
docs/ecmascript-module
s for how to enable 
it.
     ΓÇó If you are 
trying to use 
TypeScript, see https:
//jestjs.io/docs/getti
ng-started#using-types
cript
     ΓÇó To have some 
of your 
"node_modules" files 
transformed, you can 
specify a custom "tran
sformIgnorePatterns" 
in your config.
     ΓÇó If you need 
a custom 
transformation 
specify a "transform" 
option in your config.
     ΓÇó If you 
simply want to mock 
your non-JS modules 
(e.g. binary assets) 
you can stub them out 
with the 
"moduleNameMapper" 
config option.

    You'll find more 
details and examples 
of these config 
options in the docs:
    https://jestjs.io/
docs/configuration
    For information 
about custom 
transformations, see:
    https://jestjs.io/
docs/code-transformati
on

    Details:

    SyntaxError: C:\Wo
rkspace_Melbin\fun_web
sites\3d_model_viewer\
src\ui\MobileGestureMa
nager.js: Missing 
semicolon. (480:20)

    [0m [90m 478 
|[39m [90m     * 
Check if device is 
mobile[39m
     [90m 479 |[39m 
[90m     */[39m
    [31m[1m>[22m[3
9m[90m 480 |[39m    
 isMobileDevice() {
     [90m     |[39m 
                    
[31m[1m^[22m[39m
     [90m 481 |[39m 
        
[36mreturn[39m [35m
/Android|webOS|iPhone|
iPad|iPod|BlackBerry|I
EMobile|Opera Mini/i[
39m[33m.[39mtest(nav
igator[33m.[39muserA
gent)[33m;[39m
     [90m 482 |[39m 
    }
     [90m 483 
|[39m[0m

    [0m [90m 54 
|[39m         
[90m// Import 
modules[39m
     [90m 55 |[39m  
       
[36mconst[39m [33mO
nboardingModule[39m 
[33m=[39m 
[36mawait[39m [36mi
mport[39m([32m'../sr
c/ui/OnboardingManager
.js'[39m)[33m;[39m
    [31m[1m>[22m[3
9m[90m 56 |[39m     
    [36mconst[39m [
33mGestureModule[39m 
[33m=[39m 
[36mawait[39m [36mi
mport[39m([32m'../sr
c/ui/MobileGestureMana
ger.js'[39m)[33m;[3
9m
     [90m    |[39m  
                      
       
[31m[1m^[22m[39m
     [90m 57 |[39m  
       
[36mconst[39m [33mD
iscoveryModule[39m 
[33m=[39m 
[36mawait[39m [36mi
mport[39m([32m'../sr
c/ui/FeatureDiscoveryE
ngine.js'[39m)[33m;
[39m
     [90m 58 |[39m  
       
[36mconst[39m [33mI
ntegrationModule[39m 
[33m=[39m 
[36mawait[39m [36mi
mport[39m([32m'../sr
c/ui/UXEnhancementsInt
egration.js'[39m)[33
m;[39m
     [90m 59 |[39m  
       [0m

      at constructor (
node_modules/@babel/pa
rser/src/parse-error.t
s:95:45)
      at 
Parser.toParseError 
[as raise] (node_modul
es/@babel/parser/src/t
okenizer/index.ts:1503
:19)
      at Parser.raise 
[as semicolon] (node_m
odules/@babel/parser/s
rc/parser/util.ts:149:
10)
      at 
Parser.semicolon [as p
arseExpressionStatemen
t] (node_modules/@babe
l/parser/src/parser/st
atement.ts:1358:10)
      at Parser.parseE
xpressionStatement 
[as parseStatementCont
ent] (node_modules/@ba
bel/parser/src/parser/
statement.ts:697:19)
      at Parser.parseS
tatementContent [as 
parseStatementLike] (n
ode_modules/@babel/par
ser/src/parser/stateme
nt.ts:477:17)
      at Parser.parseS
tatementLike [as 
parseModuleItem] (node
_modules/@babel/parser
/src/parser/statement.
ts:414:17)
      at Parser.parseM
oduleItem [as parseBlo
ckOrModuleBlockBody] (
node_modules/@babel/pa
rser/src/parser/statem
ent.ts:1438:16)
      at Parser.parseB
lockOrModuleBlockBody 
[as parseBlockBody] (n
ode_modules/@babel/par
ser/src/parser/stateme
nt.ts:1412:10)
      at 
Parser.parseBlockBody 
[as parseProgram] (nod
e_modules/@babel/parse
r/src/parser/statement
.ts:229:10)
      at 
Parser.parseProgram 
[as parseTopLevel] (no
de_modules/@babel/pars
er/src/parser/statemen
t.ts:203:25)
      at 
Parser.parseTopLevel 
[as parse] (node_modul
es/@babel/parser/src/p
arser/index.ts:93:10)
      at parse (node_m
odules/@babel/parser/s
rc/index.ts:92:38)
      at parser (node_
modules/@babel/core/sr
c/parser/index.ts:28:1
9)
          at 
parser.next 
(<anonymous>)
      at 
normalizeFile (node_mo
dules/@babel/core/src/
transformation/normali
ze-file.ts:49:24)
          at 
normalizeFile.next 
(<anonymous>)
      at run (node_mod
ules/@babel/core/src/t
ransformation/index.ts
:40:36)
          at run.next 
(<anonymous>)
      at transform (no
de_modules/@babel/core
/src/transform.ts:29:2
0)
          at 
transform.next 
(<anonymous>)
      at evaluateSync 
(node_modules/gensync/
index.js:251:28)
      at sync (node_mo
dules/gensync/index.js
:89:14)
      at fn (node_modu
les/@babel/core/src/er
rors/rewrite-stack-tra
ce.ts:99:14)
      at 
transformSync (node_mo
dules/@babel/core/src/
transform.ts:66:52)
      at ScriptTransfo
rmer.transformSource (
node_modules/@jest/tra
nsform/build/ScriptTra
nsformer.js:545:31)
      at ScriptTransfo
rmer._transformAndBuil
dScript (node_modules/
@jest/transform/build/
ScriptTransformer.js:6
74:40)
      at ScriptTransfo
rmer.transform (node_m
odules/@jest/transform
/build/ScriptTransform
er.js:726:19)
      at require (test
/ux-enhancements-integ
ration.test.js:56:31)
      at 
Object.<anonymous> (te
st/ux-enhancements-int
egration.test.js:56:31
)

FAIL test/mobile-gestu
re-manager.test.js
  ΓùÅ 
MobileGestureManager 
ΓÇ║ Initialization 
ΓÇ║ should initialize 
with correct default 
values

    Jest encountered 
an unexpected token

    Jest failed to 
parse a file. This 
happens e.g. when 
your code or its 
dependencies use 
non-standard 
JavaScript syntax, or 
when Jest is not 
configured to support 
such syntax.

    Out of the box 
Jest supports Babel, 
which will be used to 
transform your files 
into valid JS based 
on your Babel 
configuration.

    By default 
"node_modules" folder 
is ignored by 
transformers.

    Here's what you 
can do:
     ΓÇó If you are 
trying to use 
ECMAScript Modules, 
see https://jestjs.io/
docs/ecmascript-module
s for how to enable 
it.
     ΓÇó If you are 
trying to use 
TypeScript, see https:
//jestjs.io/docs/getti
ng-started#using-types
cript
     ΓÇó To have some 
of your 
"node_modules" files 
transformed, you can 
specify a custom "tran
sformIgnorePatterns" 
in your config.
     ΓÇó If you need 
a custom 
transformation 
specify a "transform" 
option in your config.
     ΓÇó If you 
simply want to mock 
your non-JS modules 
(e.g. binary assets) 
you can stub them out 
with the 
"moduleNameMapper" 
config option.

    You'll find more 
details and examples 
of these config 
options in the docs:
    https://jestjs.io/
docs/configuration
    For information 
about custom 
transformations, see:
    https://jestjs.io/
docs/code-transformati
on

    Details:

    SyntaxError: C:\Wo
rkspace_Melbin\fun_web
sites\3d_model_viewer\
src\ui\MobileGestureMa
nager.js: Missing 
semicolon. (480:20)

    [0m [90m 478 
|[39m [90m     * 
Check if device is 
mobile[39m
     [90m 479 |[39m 
[90m     */[39m
    [31m[1m>[22m[3
9m[90m 480 |[39m    
 isMobileDevice() {
     [90m     |[39m 
                    
[31m[1m^[22m[39m
     [90m 481 |[39m 
        
[36mreturn[39m [35m
/Android|webOS|iPhone|
iPad|iPod|BlackBerry|I
EMobile|Opera Mini/i[
39m[33m.[39mtest(nav
igator[33m.[39muserA
gent)[33m;[39m
     [90m 482 |[39m 
    }
     [90m 483 
|[39m[0m

    [0m [90m 50 
|[39m
     [90m 51 |[39m  
       [90m// Import 
module[39m
    [31m[1m>[22m[3
9m[90m 52 |[39m     
    [36mconst[39m 
module [33m=[39m 
[36mawait[39m [36mi
mport[39m([32m'../sr
c/ui/MobileGestureMana
ger.js'[39m)[33m;[3
9m
     [90m    |[39m  
                      
[31m[1m^[22m[39m
     [90m 53 |[39m  
       [33mMobileGest
ureManager[39m 
[33m=[39m module[33
m.[39m[33mMobileGest
ureManager[39m[33m;
[39m
     [90m 54 |[39m  
       
     [90m 55 |[39m  
       gestureManager 
[33m=[39m 
[36mnew[39m [33mMob
ileGestureManager[39m
(mockCore)[33m;[39m
[0m

      at constructor (
node_modules/@babel/pa
rser/src/parse-error.t
s:95:45)
      at 
Parser.toParseError 
[as raise] (node_modul
es/@babel/parser/src/t
okenizer/index.ts:1503
:19)
      at Parser.raise 
[as semicolon] (node_m
odules/@babel/parser/s
rc/parser/util.ts:149:
10)
      at 
Parser.semicolon [as p
arseExpressionStatemen
t] (node_modules/@babe
l/parser/src/parser/st
atement.ts:1358:10)
      at Parser.parseE
xpressionStatement 
[as parseStatementCont
ent] (node_modules/@ba
bel/parser/src/parser/
statement.ts:697:19)
      at Parser.parseS
tatementContent [as 
parseStatementLike] (n
ode_modules/@babel/par
ser/src/parser/stateme
nt.ts:477:17)
      at Parser.parseS
tatementLike [as 
parseModuleItem] (node
_modules/@babel/parser
/src/parser/statement.
ts:414:17)
      at Parser.parseM
oduleItem [as parseBlo
ckOrModuleBlockBody] (
node_modules/@babel/pa
rser/src/parser/statem
ent.ts:1438:16)
      at Parser.parseB
lockOrModuleBlockBody 
[as parseBlockBody] (n
ode_modules/@babel/par
ser/src/parser/stateme
nt.ts:1412:10)
      at 
Parser.parseBlockBody 
[as parseProgram] (nod
e_modules/@babel/parse
r/src/parser/statement
.ts:229:10)
      at 
Parser.parseProgram 
[as parseTopLevel] (no
de_modules/@babel/pars
er/src/parser/statemen
t.ts:203:25)
      at 
Parser.parseTopLevel 
[as parse] (node_modul
es/@babel/parser/src/p
arser/index.ts:93:10)
      at parse (node_m
odules/@babel/parser/s
rc/index.ts:92:38)
      at parser (node_
modules/@babel/core/sr
c/parser/index.ts:28:1
9)
          at 
parser.next 
(<anonymous>)
      at 
normalizeFile (node_mo
dules/@babel/core/src/
transformation/normali
ze-file.ts:49:24)
          at 
normalizeFile.next 
(<anonymous>)
      at run (node_mod
ules/@babel/core/src/t
ransformation/index.ts
:40:36)
          at run.next 
(<anonymous>)
      at transform (no
de_modules/@babel/core
/src/transform.ts:29:2
0)
          at 
transform.next 
(<anonymous>)
      at evaluateSync 
(node_modules/gensync/
index.js:251:28)
      at sync (node_mo
dules/gensync/index.js
:89:14)
      at fn (node_modu
les/@babel/core/src/er
rors/rewrite-stack-tra
ce.ts:99:14)
      at 
transformSync (node_mo
dules/@babel/core/src/
transform.ts:66:52)
      at ScriptTransfo
rmer.transformSource (
node_modules/@jest/tra
nsform/build/ScriptTra
nsformer.js:545:31)
      at ScriptTransfo
rmer._transformAndBuil
dScript (node_modules/
@jest/transform/build/
ScriptTransformer.js:6
74:40)
      at ScriptTransfo
rmer.transform (node_m
odules/@jest/transform
/build/ScriptTransform
er.js:726:19)
      at require (test
/mobile-gesture-manage
r.test.js:52:24)
      at 
Object.<anonymous> (te
st/mobile-gesture-mana
ger.test.js:52:24)

  ΓùÅ 
MobileGestureManager 
ΓÇ║ Initialization 
ΓÇ║ should detect 
mobile device

    Jest encountered 
an unexpected token

    Jest failed to 
parse a file. This 
happens e.g. when 
your code or its 
dependencies use 
non-standard 
JavaScript syntax, or 
when Jest is not 
configured to support 
such syntax.

    Out of the box 
Jest supports Babel, 
which will be used to 
transform your files 
into valid JS based 
on your Babel 
configuration.

    By default 
"node_modules" folder 
is ignored by 
transformers.

    Here's what you 
can do:
     ΓÇó If you are 
trying to use 
ECMAScript Modules, 
see https://jestjs.io/
docs/ecmascript-module
s for how to enable 
it.
     ΓÇó If you are 
trying to use 
TypeScript, see https:
//jestjs.io/docs/getti
ng-started#using-types
cript
     ΓÇó To have some 
of your 
"node_modules" files 
transformed, you can 
specify a custom "tran
sformIgnorePatterns" 
in your config.
     ΓÇó If you need 
a custom 
transformation 
specify a "transform" 
option in your config.
     ΓÇó If you 
simply want to mock 
your non-JS modules 
(e.g. binary assets) 
you can stub them out 
with the 
"moduleNameMapper" 
config option.

    You'll find more 
details and examples 
of these config 
options in the docs:
    https://jestjs.io/
docs/configuration
    For information 
about custom 
transformations, see:
    https://jestjs.io/
docs/code-transformati
on

    Details:

    SyntaxError: C:\Wo
rkspace_Melbin\fun_web
sites\3d_model_viewer\
src\ui\MobileGestureMa
nager.js: Missing 
semicolon. (480:20)

    [0m [90m 478 
|[39m [90m     * 
Check if device is 
mobile[39m
     [90m 479 |[39m 
[90m     */[39m
    [31m[1m>[22m[3
9m[90m 480 |[39m    
 isMobileDevice() {
     [90m     |[39m 
                    
[31m[1m^[22m[39m
     [90m 481 |[39m 
        
[36mreturn[39m [35m
/Android|webOS|iPhone|
iPad|iPod|BlackBerry|I
EMobile|Opera Mini/i[
39m[33m.[39mtest(nav
igator[33m.[39muserA
gent)[33m;[39m
     [90m 482 |[39m 
    }
     [90m 483 
|[39m[0m

    [0m [90m 50 
|[39m
     [90m 51 |[39m  
       [90m// Import 
module[39m
    [31m[1m>[22m[3
9m[90m 52 |[39m     
    [36mconst[39m 
module [33m=[39m 
[36mawait[39m [36mi
mport[39m([32m'../sr
c/ui/MobileGestureMana
ger.js'[39m)[33m;[3
9m
     [90m    |[39m  
                      
[31m[1m^[22m[39m
     [90m 53 |[39m  
       [33mMobileGest
ureManager[39m 
[33m=[39m module[33
m.[39m[33mMobileGest
ureManager[39m[33m;
[39m
     [90m 54 |[39m  
       
     [90m 55 |[39m  
       gestureManager 
[33m=[39m 
[36mnew[39m [33mMob
ileGestureManager[39m
(mockCore)[33m;[39m
[0m

      at constructor (
node_modules/@babel/pa
rser/src/parse-error.t
s:95:45)
      at 
Parser.toParseError 
[as raise] (node_modul
es/@babel/parser/src/t
okenizer/index.ts:1503
:19)
      at Parser.raise 
[as semicolon] (node_m
odules/@babel/parser/s
rc/parser/util.ts:149:
10)
      at 
Parser.semicolon [as p
arseExpressionStatemen
t] (node_modules/@babe
l/parser/src/parser/st
atement.ts:1358:10)
      at Parser.parseE
xpressionStatement 
[as parseStatementCont
ent] (node_modules/@ba
bel/parser/src/parser/
statement.ts:697:19)
      at Parser.parseS
tatementContent [as 
parseStatementLike] (n
ode_modules/@babel/par
ser/src/parser/stateme
nt.ts:477:17)
      at Parser.parseS
tatementLike [as 
parseModuleItem] (node
_modules/@babel/parser
/src/parser/statement.
ts:414:17)
      at Parser.parseM
oduleItem [as parseBlo
ckOrModuleBlockBody] (
node_modules/@babel/pa
rser/src/parser/statem
ent.ts:1438:16)
      at Parser.parseB
lockOrModuleBlockBody 
[as parseBlockBody] (n
ode_modules/@babel/par
ser/src/parser/stateme
nt.ts:1412:10)
      at 
Parser.parseBlockBody 
[as parseProgram] (nod
e_modules/@babel/parse
r/src/parser/statement
.ts:229:10)
      at 
Parser.parseProgram 
[as parseTopLevel] (no
de_modules/@babel/pars
er/src/parser/statemen
t.ts:203:25)
      at 
Parser.parseTopLevel 
[as parse] (node_modul
es/@babel/parser/src/p
arser/index.ts:93:10)
      at parse (node_m
odules/@babel/parser/s
rc/index.ts:92:38)
      at parser (node_
modules/@babel/core/sr
c/parser/index.ts:28:1
9)
          at 
parser.next 
(<anonymous>)
      at 
normalizeFile (node_mo
dules/@babel/core/src/
transformation/normali
ze-file.ts:49:24)
          at 
normalizeFile.next 
(<anonymous>)
      at run (node_mod
ules/@babel/core/src/t
ransformation/index.ts
:40:36)
          at run.next 
(<anonymous>)
      at transform (no
de_modules/@babel/core
/src/transform.ts:29:2
0)
          at 
transform.next 
(<anonymous>)
      at evaluateSync 
(node_modules/gensync/
index.js:251:28)
      at sync (node_mo
dules/gensync/index.js
:89:14)
      at fn (node_modu
les/@babel/core/src/er
rors/rewrite-stack-tra
ce.ts:99:14)
      at 
transformSync (node_mo
dules/@babel/core/src/
transform.ts:66:52)
      at ScriptTransfo
rmer.transformSource (
node_modules/@jest/tra
nsform/build/ScriptTra
nsformer.js:545:31)
      at ScriptTransfo
rmer._transformAndBuil
dScript (node_modules/
@jest/transform/build/
ScriptTransformer.js:6
74:40)
      at ScriptTransfo
rmer.transform (node_m
odules/@jest/transform
/build/ScriptTransform
er.js:726:19)
      at require (test
/mobile-gesture-manage
r.test.js:52:24)
      at 
Object.<anonymous> (te
st/mobile-gesture-mana
ger.test.js:52:24)

  ΓùÅ 
MobileGestureManager 
ΓÇ║ Initialization 
ΓÇ║ should detect 
touch support

    Jest encountered 
an unexpected token

    Jest failed to 
parse a file. This 
happens e.g. when 
your code or its 
dependencies use 
non-standard 
JavaScript syntax, or 
when Jest is not 
configured to support 
such syntax.

    Out of the box 
Jest supports Babel, 
which will be used to 
transform your files 
into valid JS based 
on your Babel 
configuration.

    By default 
"node_modules" folder 
is ignored by 
transformers.

    Here's what you 
can do:
     ΓÇó If you are 
trying to use 
ECMAScript Modules, 
see https://jestjs.io/
docs/ecmascript-module
s for how to enable 
it.
     ΓÇó If you are 
trying to use 
TypeScript, see https:
//jestjs.io/docs/getti
ng-started#using-types
cript
     ΓÇó To have some 
of your 
"node_modules" files 
transformed, you can 
specify a custom "tran
sformIgnorePatterns" 
in your config.
     ΓÇó If you need 
a custom 
transformation 
specify a "transform" 
option in your config.
     ΓÇó If you 
simply want to mock 
your non-JS modules 
(e.g. binary assets) 
you can stub them out 
with the 
"moduleNameMapper" 
config option.

    You'll find more 
details and examples 
of these config 
options in the docs:
    https://jestjs.io/
docs/configuration
    For information 
about custom 
transformations, see:
    https://jestjs.io/
docs/code-transformati
on

    Details:

    SyntaxError: C:\Wo
rkspace_Melbin\fun_web
sites\3d_model_viewer\
src\ui\MobileGestureMa
nager.js: Missing 
semicolon. (480:20)

    [0m [90m 478 
|[39m [90m     * 
Check if device is 
mobile[39m
     [90m 479 |[39m 
[90m     */[39m
    [31m[1m>[22m[3
9m[90m 480 |[39m    
 isMobileDevice() {
     [90m     |[39m 
                    
[31m[1m^[22m[39m
     [90m 481 |[39m 
        
[36mreturn[39m [35m
/Android|webOS|iPhone|
iPad|iPod|BlackBerry|I
EMobile|Opera Mini/i[
39m[33m.[39mtest(nav
igator[33m.[39muserA
gent)[33m;[39m
     [90m 482 |[39m 
    }
     [90m 483 
|[39m[0m

    [0m [90m 50 
|[39m
     [90m 51 |[39m  
       [90m// Import 
module[39m
    [31m[1m>[22m[3
9m[90m 52 |[39m     
    [36mconst[39m 
module [33m=[39m 
[36mawait[39m [36mi
mport[39m([32m'../sr
c/ui/MobileGestureMana
ger.js'[39m)[33m;[3
9m
     [90m    |[39m  
                      
[31m[1m^[22m[39m
     [90m 53 |[39m  
       [33mMobileGest
ureManager[39m 
[33m=[39m module[33
m.[39m[33mMobileGest
ureManager[39m[33m;
[39m
     [90m 54 |[39m  
       
     [90m 55 |[39m  
       gestureManager 
[33m=[39m 
[36mnew[39m [33mMob
ileGestureManager[39m
(mockCore)[33m;[39m
[0m

      at constructor (
node_modules/@babel/pa
rser/src/parse-error.t
s:95:45)
      at 
Parser.toParseError 
[as raise] (node_modul
es/@babel/parser/src/t
okenizer/index.ts:1503
:19)
      at Parser.raise 
[as semicolon] (node_m
odules/@babel/parser/s
rc/parser/util.ts:149:
10)
      at 
Parser.semicolon [as p
arseExpressionStatemen
t] (node_modules/@babe
l/parser/src/parser/st
atement.ts:1358:10)
      at Parser.parseE
xpressionStatement 
[as parseStatementCont
ent] (node_modules/@ba
bel/parser/src/parser/
statement.ts:697:19)
      at Parser.parseS
tatementContent [as 
parseStatementLike] (n
ode_modules/@babel/par
ser/src/parser/stateme
nt.ts:477:17)
      at Parser.parseS
tatementLike [as 
parseModuleItem] (node
_modules/@babel/parser
/src/parser/statement.
ts:414:17)
      at Parser.parseM
oduleItem [as parseBlo
ckOrModuleBlockBody] (
node_modules/@babel/pa
rser/src/parser/statem
ent.ts:1438:16)
      at Parser.parseB
lockOrModuleBlockBody 
[as parseBlockBody] (n
ode_modules/@babel/par
ser/src/parser/stateme
nt.ts:1412:10)
      at 
Parser.parseBlockBody 
[as parseProgram] (nod
e_modules/@babel/parse
r/src/parser/statement
.ts:229:10)
      at 
Parser.parseProgram 
[as parseTopLevel] (no
de_modules/@babel/pars
er/src/parser/statemen
t.ts:203:25)
      at 
Parser.parseTopLevel 
[as parse] (node_modul
es/@babel/parser/src/p
arser/index.ts:93:10)
      at parse (node_m
odules/@babel/parser/s
rc/index.ts:92:38)
      at parser (node_
modules/@babel/core/sr
c/parser/index.ts:28:1
9)
          at 
parser.next 
(<anonymous>)
      at 
normalizeFile (node_mo
dules/@babel/core/src/
transformation/normali
ze-file.ts:49:24)
          at 
normalizeFile.next 
(<anonymous>)
      at run (node_mod
ules/@babel/core/src/t
ransformation/index.ts
:40:36)
          at run.next 
(<anonymous>)
      at transform (no
de_modules/@babel/core
/src/transform.ts:29:2
0)
          at 
transform.next 
(<anonymous>)
      at evaluateSync 
(node_modules/gensync/
index.js:251:28)
      at sync (node_mo
dules/gensync/index.js
:89:14)
      at fn (node_modu
les/@babel/core/src/er
rors/rewrite-stack-tra
ce.ts:99:14)
      at 
transformSync (node_mo
dules/@babel/core/src/
transform.ts:66:52)
      at ScriptTransfo
rmer.transformSource (
node_modules/@jest/tra
nsform/build/ScriptTra
nsformer.js:545:31)
      at ScriptTransfo
rmer._transformAndBuil
dScript (node_modules/
@jest/transform/build/
ScriptTransformer.js:6
74:40)
      at ScriptTransfo
rmer.transform (node_m
odules/@jest/transform
/build/ScriptTransform
er.js:726:19)
      at require (test
/mobile-gesture-manage
r.test.js:52:24)
      at 
Object.<anonymous> (te
st/mobile-gesture-mana
ger.test.js:52:24)

  ΓùÅ 
MobileGestureManager 
ΓÇ║ Initialization 
ΓÇ║ should attach 
touch event listeners 
to canvas

    Jest encountered 
an unexpected token

    Jest failed to 
parse a file. This 
happens e.g. when 
your code or its 
dependencies use 
non-standard 
JavaScript syntax, or 
when Jest is not 
configured to support 
such syntax.

    Out of the box 
Jest supports Babel, 
which will be used to 
transform your files 
into valid JS based 
on your Babel 
configuration.

    By default 
"node_modules" folder 
is ignored by 
transformers.

    Here's what you 
can do:
     ΓÇó If you are 
trying to use 
ECMAScript Modules, 
see https://jestjs.io/
docs/ecmascript-module
s for how to enable 
it.
     ΓÇó If you are 
trying to use 
TypeScript, see https:
//jestjs.io/docs/getti
ng-started#using-types
cript
     ΓÇó To have some 
of your 
"node_modules" files 
transformed, you can 
specify a custom "tran
sformIgnorePatterns" 
in your config.
     ΓÇó If you need 
a custom 
transformation 
specify a "transform" 
option in your config.
     ΓÇó If you 
simply want to mock 
your non-JS modules 
(e.g. binary assets) 
you can stub them out 
with the 
"moduleNameMapper" 
config option.

    You'll find more 
details and examples 
of these config 
options in the docs:
    https://jestjs.io/
docs/configuration
    For information 
about custom 
transformations, see:
    https://jestjs.io/
docs/code-transformati
on

    Details:

    SyntaxError: C:\Wo
rkspace_Melbin\fun_web
sites\3d_model_viewer\
src\ui\MobileGestureMa
nager.js: Missing 
semicolon. (480:20)

    [0m [90m 478 
|[39m [90m     * 
Check if device is 
mobile[39m
     [90m 479 |[39m 
[90m     */[39m
    [31m[1m>[22m[3
9m[90m 480 |[39m    
 isMobileDevice() {
     [90m     |[39m 
                    
[31m[1m^[22m[39m
     [90m 481 |[39m 
        
[36mreturn[39m [35m
/Android|webOS|iPhone|
iPad|iPod|BlackBerry|I
EMobile|Opera Mini/i[
39m[33m.[39mtest(nav
igator[33m.[39muserA
gent)[33m;[39m
     [90m 482 |[39m 
    }
     [90m 483 
|[39m[0m

    [0m [90m 50 
|[39m
     [90m 51 |[39m  
       [90m// Import 
module[39m
    [31m[1m>[22m[3
9m[90m 52 |[39m     
    [36mconst[39m 
module [33m=[39m 
[36mawait[39m [36mi
mport[39m([32m'../sr
c/ui/MobileGestureMana
ger.js'[39m)[33m;[3
9m
     [90m    |[39m  
                      
[31m[1m^[22m[39m
     [90m 53 |[39m  
       [33mMobileGest
ureManager[39m 
[33m=[39m module[33
m.[39m[33mMobileGest
ureManager[39m[33m;
[39m
     [90m 54 |[39m  
       
     [90m 55 |[39m  
       gestureManager 
[33m=[39m 
[36mnew[39m [33mMob
ileGestureManager[39m
(mockCore)[33m;[39m
[0m

      at constructor (
node_modules/@babel/pa
rser/src/parse-error.t
s:95:45)
      at 
Parser.toParseError 
[as raise] (node_modul
es/@babel/parser/src/t
okenizer/index.ts:1503
:19)
      at Parser.raise 
[as semicolon] (node_m
odules/@babel/parser/s
rc/parser/util.ts:149:
10)
      at 
Parser.semicolon [as p
arseExpressionStatemen
t] (node_modules/@babe
l/parser/src/parser/st
atement.ts:1358:10)
      at Parser.parseE
xpressionStatement 
[as parseStatementCont
ent] (node_modules/@ba
bel/parser/src/parser/
statement.ts:697:19)
      at Parser.parseS
tatementContent [as 
parseStatementLike] (n
ode_modules/@babel/par
ser/src/parser/stateme
nt.ts:477:17)
      at Parser.parseS
tatementLike [as 
parseModuleItem] (node
_modules/@babel/parser
/src/parser/statement.
ts:414:17)
      at Parser.parseM
oduleItem [as parseBlo
ckOrModuleBlockBody] (
node_modules/@babel/pa
rser/src/parser/statem
ent.ts:1438:16)
      at Parser.parseB
lockOrModuleBlockBody 
[as parseBlockBody] (n
ode_modules/@babel/par
ser/src/parser/stateme
nt.ts:1412:10)
      at 
Parser.parseBlockBody 
[as parseProgram] (nod
e_modules/@babel/parse
r/src/parser/statement
.ts:229:10)
      at 
Parser.parseProgram 
[as parseTopLevel] (no
de_modules/@babel/pars
er/src/parser/statemen
t.ts:203:25)
      at 
Parser.parseTopLevel 
[as parse] (node_modul
es/@babel/parser/src/p
arser/index.ts:93:10)
      at parse (node_m
odules/@babel/parser/s
rc/index.ts:92:38)
      at parser (node_
modules/@babel/core/sr
c/parser/index.ts:28:1
9)
          at 
parser.next 
(<anonymous>)
      at 
normalizeFile (node_mo
dules/@babel/core/src/
transformation/normali
ze-file.ts:49:24)
          at 
normalizeFile.next 
(<anonymous>)
      at run (node_mod
ules/@babel/core/src/t
ransformation/index.ts
:40:36)
          at run.next 
(<anonymous>)
      at transform (no
de_modules/@babel/core
/src/transform.ts:29:2
0)
          at 
transform.next 
(<anonymous>)
      at evaluateSync 
(node_modules/gensync/
index.js:251:28)
      at sync (node_mo
dules/gensync/index.js
:89:14)
      at fn (node_modu
les/@babel/core/src/er
rors/rewrite-stack-tra
ce.ts:99:14)
      at 
transformSync (node_mo
dules/@babel/core/src/
transform.ts:66:52)
      at ScriptTransfo
rmer.transformSource (
node_modules/@jest/tra
nsform/build/ScriptTra
nsformer.js:545:31)
      at ScriptTransfo
rmer._transformAndBuil
dScript (node_modules/
@jest/transform/build/
ScriptTransformer.js:6
74:40)
      at ScriptTransfo
rmer.transform (node_m
odules/@jest/transform
/build/ScriptTransform
er.js:726:19)
      at require (test
/mobile-gesture-manage
r.test.js:52:24)
      at 
Object.<anonymous> (te
st/mobile-gesture-mana
ger.test.js:52:24)

  ΓùÅ 
MobileGestureManager 
ΓÇ║ Initialization 
ΓÇ║ should initialize 
gesture state

    Jest encountered 
an unexpected token

    Jest failed to 
parse a file. This 
happens e.g. when 
your code or its 
dependencies use 
non-standard 
JavaScript syntax, or 
when Jest is not 
configured to support 
such syntax.

    Out of the box 
Jest supports Babel, 
which will be used to 
transform your files 
into valid JS based 
on your Babel 
configuration.

    By default 
"node_modules" folder 
is ignored by 
transformers.

    Here's what you 
can do:
     ΓÇó If you are 
trying to use 
ECMAScript Modules, 
see https://jestjs.io/
docs/ecmascript-module
s for how to enable 
it.
     ΓÇó If you are 
trying to use 
TypeScript, see https:
//jestjs.io/docs/getti
ng-started#using-types
cript
     ΓÇó To have some 
of your 
"node_modules" files 
transformed, you can 
specify a custom "tran
sformIgnorePatterns" 
in your config.
     ΓÇó If you need 
a custom 
transformation 
specify a "transform" 
option in your config.
     ΓÇó If you 
simply want to mock 
your non-JS modules 
(e.g. binary assets) 
you can stub them out 
with the 
"moduleNameMapper" 
config option.

    You'll find more 
details and examples 
of these config 
options in the docs:
    https://jestjs.io/
docs/configuration
    For information 
about custom 
transformations, see:
    https://jestjs.io/
docs/code-transformati
on

    Details:

    SyntaxError: C:\Wo
rkspace_Melbin\fun_web
sites\3d_model_viewer\
src\ui\MobileGestureMa
nager.js: Missing 
semicolon. (480:20)

    [0m [90m 478 
|[39m [90m     * 
Check if device is 
mobile[39m
     [90m 479 |[39m 
[90m     */[39m
    [31m[1m>[22m[3
9m[90m 480 |[39m    
 isMobileDevice() {
     [90m     |[39m 
                    
[31m[1m^[22m[39m
     [90m 481 |[39m 
        
[36mreturn[39m [35m
/Android|webOS|iPhone|
iPad|iPod|BlackBerry|I
EMobile|Opera Mini/i[
39m[33m.[39mtest(nav
igator[33m.[39muserA
gent)[33m;[39m
     [90m 482 |[39m 
    }
     [90m 483 
|[39m[0m

    [0m [90m 50 
|[39m
     [90m 51 |[39m  
       [90m// Import 
module[39m
    [31m[1m>[22m[3
9m[90m 52 |[39m     
    [36mconst[39m 
module [33m=[39m 
[36mawait[39m [36mi
mport[39m([32m'../sr
c/ui/MobileGestureMana
ger.js'[39m)[33m;[3
9m
     [90m    |[39m  
                      
[31m[1m^[22m[39m
     [90m 53 |[39m  
       [33mMobileGest
ureManager[39m 
[33m=[39m module[33
m.[39m[33mMobileGest
ureManager[39m[33m;
[39m
     [90m 54 |[39m  
       
     [90m 55 |[39m  
       gestureManager 
[33m=[39m 
[36mnew[39m [33mMob
ileGestureManager[39m
(mockCore)[33m;[39m
[0m

      at constructor (
node_modules/@babel/pa
rser/src/parse-error.t
s:95:45)
      at 
Parser.toParseError 
[as raise] (node_modul
es/@babel/parser/src/t
okenizer/index.ts:1503
:19)
      at Parser.raise 
[as semicolon] (node_m
odules/@babel/parser/s
rc/parser/util.ts:149:
10)
      at 
Parser.semicolon [as p
arseExpressionStatemen
t] (node_modules/@babe
l/parser/src/parser/st
atement.ts:1358:10)
      at Parser.parseE
xpressionStatement 
[as parseStatementCont
ent] (node_modules/@ba
bel/parser/src/parser/
statement.ts:697:19)
      at Parser.parseS
tatementContent [as 
parseStatementLike] (n
ode_modules/@babel/par
ser/src/parser/stateme
nt.ts:477:17)
      at Parser.parseS
tatementLike [as 
parseModuleItem] (node
_modules/@babel/parser
/src/parser/statement.
ts:414:17)
      at Parser.parseM
oduleItem [as parseBlo
ckOrModuleBlockBody] (
node_modules/@babel/pa
rser/src/parser/statem
ent.ts:1438:16)
      at Parser.parseB
lockOrModuleBlockBody 
[as parseBlockBody] (n
ode_modules/@babel/par
ser/src/parser/stateme
nt.ts:1412:10)
      at 
Parser.parseBlockBody 
[as parseProgram] (nod
e_modules/@babel/parse
r/src/parser/statement
.ts:229:10)
      at 
Parser.parseProgram 
[as parseTopLevel] (no
de_modules/@babel/pars
er/src/parser/statemen
t.ts:203:25)
      at 
Parser.parseTopLevel 
[as parse] (node_modul
es/@babel/parser/src/p
arser/index.ts:93:10)
      at parse (node_m
odules/@babel/parser/s
rc/index.ts:92:38)
      at parser (node_
modules/@babel/core/sr
c/parser/index.ts:28:1
9)
          at 
parser.next 
(<anonymous>)
      at 
normalizeFile (node_mo
dules/@babel/core/src/
transformation/normali
ze-file.ts:49:24)
          at 
normalizeFile.next 
(<anonymous>)
      at run (node_mod
ules/@babel/core/src/t
ransformation/index.ts
:40:36)
          at run.next 
(<anonymous>)
      at transform (no
de_modules/@babel/core
/src/transform.ts:29:2
0)
          at 
transform.next 
(<anonymous>)
      at evaluateSync 
(node_modules/gensync/
index.js:251:28)
      at sync (node_mo
dules/gensync/index.js
:89:14)
      at fn (node_modu
les/@babel/core/src/er
rors/rewrite-stack-tra
ce.ts:99:14)
      at 
transformSync (node_mo
dules/@babel/core/src/
transform.ts:66:52)
      at ScriptTransfo
rmer.transformSource (
node_modules/@jest/tra
nsform/build/ScriptTra
nsformer.js:545:31)
      at ScriptTransfo
rmer._transformAndBuil
dScript (node_modules/
@jest/transform/build/
ScriptTransformer.js:6
74:40)
      at ScriptTransfo
rmer.transform (node_m
odules/@jest/transform
/build/ScriptTransform
er.js:726:19)
      at require (test
/mobile-gesture-manage
r.test.js:52:24)
      at 
Object.<anonymous> (te
st/mobile-gesture-mana
ger.test.js:52:24)

  ΓùÅ 
MobileGestureManager 
ΓÇ║ Touch Event 
Handling ΓÇ║ should 
handle touchstart 
event

    Jest encountered 
an unexpected token

    Jest failed to 
parse a file. This 
happens e.g. when 
your code or its 
dependencies use 
non-standard 
JavaScript syntax, or 
when Jest is not 
configured to support 
such syntax.

    Out of the box 
Jest supports Babel, 
which will be used to 
transform your files 
into valid JS based 
on your Babel 
configuration.

    By default 
"node_modules" folder 
is ignored by 
transformers.

    Here's what you 
can do:
     ΓÇó If you are 
trying to use 
ECMAScript Modules, 
see https://jestjs.io/
docs/ecmascript-module
s for how to enable 
it.
     ΓÇó If you are 
trying to use 
TypeScript, see https:
//jestjs.io/docs/getti
ng-started#using-types
cript
     ΓÇó To have some 
of your 
"node_modules" files 
transformed, you can 
specify a custom "tran
sformIgnorePatterns" 
in your config.
     ΓÇó If you need 
a custom 
transformation 
specify a "transform" 
option in your config.
     ΓÇó If you 
simply want to mock 
your non-JS modules 
(e.g. binary assets) 
you can stub them out 
with the 
"moduleNameMapper" 
config option.

    You'll find more 
details and examples 
of these config 
options in the docs:
    https://jestjs.io/
docs/configuration
    For information 
about custom 
transformations, see:
    https://jestjs.io/
docs/code-transformati
on

    Details:

    SyntaxError: C:\Wo
rkspace_Melbin\fun_web
sites\3d_model_viewer\
src\ui\MobileGestureMa
nager.js: Missing 
semicolon. (480:20)

    [0m [90m 478 
|[39m [90m     * 
Check if device is 
mobile[39m
     [90m 479 |[39m 
[90m     */[39m
    [31m[1m>[22m[3
9m[90m 480 |[39m    
 isMobileDevice() {
     [90m     |[39m 
                    
[31m[1m^[22m[39m
     [90m 481 |[39m 
        
[36mreturn[39m [35m
/Android|webOS|iPhone|
iPad|iPod|BlackBerry|I
EMobile|Opera Mini/i[
39m[33m.[39mtest(nav
igator[33m.[39muserA
gent)[33m;[39m
     [90m 482 |[39m 
    }
     [90m 483 
|[39m[0m

    [0m [90m 50 
|[39m
     [90m 51 |[39m  
       [90m// Import 
module[39m
    [31m[1m>[22m[3
9m[90m 52 |[39m     
    [36mconst[39m 
module [33m=[39m 
[36mawait[39m [36mi
mport[39m([32m'../sr
c/ui/MobileGestureMana
ger.js'[39m)[33m;[3
9m
     [90m    |[39m  
                      
[31m[1m^[22m[39m
     [90m 53 |[39m  
       [33mMobileGest
ureManager[39m 
[33m=[39m module[33
m.[39m[33mMobileGest
ureManager[39m[33m;
[39m
     [90m 54 |[39m  
       
     [90m 55 |[39m  
       gestureManager 
[33m=[39m 
[36mnew[39m [33mMob
ileGestureManager[39m
(mockCore)[33m;[39m
[0m

      at constructor (
node_modules/@babel/pa
rser/src/parse-error.t
s:95:45)
      at 
Parser.toParseError 
[as raise] (node_modul
es/@babel/parser/src/t
okenizer/index.ts:1503
:19)
      at Parser.raise 
[as semicolon] (node_m
odules/@babel/parser/s
rc/parser/util.ts:149:
10)
      at 
Parser.semicolon [as p
arseExpressionStatemen
t] (node_modules/@babe
l/parser/src/parser/st
atement.ts:1358:10)
      at Parser.parseE
xpressionStatement 
[as parseStatementCont
ent] (node_modules/@ba
bel/parser/src/parser/
statement.ts:697:19)
      at Parser.parseS
tatementContent [as 
parseStatementLike] (n
ode_modules/@babel/par
ser/src/parser/stateme
nt.ts:477:17)
      at Parser.parseS
tatementLike [as 
parseModuleItem] (node
_modules/@babel/parser
/src/parser/statement.
ts:414:17)
      at Parser.parseM
oduleItem [as parseBlo
ckOrModuleBlockBody] (
node_modules/@babel/pa
rser/src/parser/statem
ent.ts:1438:16)
      at Parser.parseB
lockOrModuleBlockBody 
[as parseBlockBody] (n
ode_modules/@babel/par
ser/src/parser/stateme
nt.ts:1412:10)
      at 
Parser.parseBlockBody 
[as parseProgram] (nod
e_modules/@babel/parse
r/src/parser/statement
.ts:229:10)
      at 
Parser.parseProgram 
[as parseTopLevel] (no
de_modules/@babel/pars
er/src/parser/statemen
t.ts:203:25)
      at 
Parser.parseTopLevel 
[as parse] (node_modul
es/@babel/parser/src/p
arser/index.ts:93:10)
      at parse (node_m
odules/@babel/parser/s
rc/index.ts:92:38)
      at parser (node_
modules/@babel/core/sr
c/parser/index.ts:28:1
9)
          at 
parser.next 
(<anonymous>)
      at 
normalizeFile (node_mo
dules/@babel/core/src/
transformation/normali
ze-file.ts:49:24)
          at 
normalizeFile.next 
(<anonymous>)
      at run (node_mod
ules/@babel/core/src/t
ransformation/index.ts
:40:36)
          at run.next 
(<anonymous>)
      at transform (no
de_modules/@babel/core
/src/transform.ts:29:2
0)
          at 
transform.next 
(<anonymous>)
      at evaluateSync 
(node_modules/gensync/
index.js:251:28)
      at sync (node_mo
dules/gensync/index.js
:89:14)
      at fn (node_modu
les/@babel/core/src/er
rors/rewrite-stack-tra
ce.ts:99:14)
      at 
transformSync (node_mo
dules/@babel/core/src/
transform.ts:66:52)
      at ScriptTransfo
rmer.transformSource (
node_modules/@jest/tra
nsform/build/ScriptTra
nsformer.js:545:31)
      at ScriptTransfo
rmer._transformAndBuil
dScript (node_modules/
@jest/transform/build/
ScriptTransformer.js:6
74:40)
      at ScriptTransfo
rmer.transform (node_m
odules/@jest/transform
/build/ScriptTransform
er.js:726:19)
      at require (test
/mobile-gesture-manage
r.test.js:52:24)
      at 
Object.<anonymous> (te
st/mobile-gesture-mana
ger.test.js:52:24)

  ΓùÅ 
MobileGestureManager 
ΓÇ║ Touch Event 
Handling ΓÇ║ should 
handle touchmove event

    Jest encountered 
an unexpected token

    Jest failed to 
parse a file. This 
happens e.g. when 
your code or its 
dependencies use 
non-standard 
JavaScript syntax, or 
when Jest is not 
configured to support 
such syntax.

    Out of the box 
Jest supports Babel, 
which will be used to 
transform your files 
into valid JS based 
on your Babel 
configuration.

    By default 
"node_modules" folder 
is ignored by 
transformers.

    Here's what you 
can do:
     ΓÇó If you are 
trying to use 
ECMAScript Modules, 
see https://jestjs.io/
docs/ecmascript-module
s for how to enable 
it.
     ΓÇó If you are 
trying to use 
TypeScript, see https:
//jestjs.io/docs/getti
ng-started#using-types
cript
     ΓÇó To have some 
of your 
"node_modules" files 
transformed, you can 
specify a custom "tran
sformIgnorePatterns" 
in your config.
     ΓÇó If you need 
a custom 
transformation 
specify a "transform" 
option in your config.
     ΓÇó If you 
simply want to mock 
your non-JS modules 
(e.g. binary assets) 
you can stub them out 
with the 
"moduleNameMapper" 
config option.

    You'll find more 
details and examples 
of these config 
options in the docs:
    https://jestjs.io/
docs/configuration
    For information 
about custom 
transformations, see:
    https://jestjs.io/
docs/code-transformati
on

    Details:

    SyntaxError: C:\Wo
rkspace_Melbin\fun_web
sites\3d_model_viewer\
src\ui\MobileGestureMa
nager.js: Missing 
semicolon. (480:20)

    [0m [90m 478 
|[39m [90m     * 
Check if device is 
mobile[39m
     [90m 479 |[39m 
[90m     */[39m
    [31m[1m>[22m[3
9m[90m 480 |[39m    
 isMobileDevice() {
     [90m     |[39m 
                    
[31m[1m^[22m[39m
     [90m 481 |[39m 
        
[36mreturn[39m [35m
/Android|webOS|iPhone|
iPad|iPod|BlackBerry|I
EMobile|Opera Mini/i[
39m[33m.[39mtest(nav
igator[33m.[39muserA
gent)[33m;[39m
     [90m 482 |[39m 
    }
     [90m 483 
|[39m[0m

    [0m [90m 50 
|[39m
     [90m 51 |[39m  
       [90m// Import 
module[39m
    [31m[1m>[22m[3
9m[90m 52 |[39m     
    [36mconst[39m 
module [33m=[39m 
[36mawait[39m [36mi
mport[39m([32m'../sr
c/ui/MobileGestureMana
ger.js'[39m)[33m;[3
9m
     [90m    |[39m  
                      
[31m[1m^[22m[39m
     [90m 53 |[39m  
       [33mMobileGest
ureManager[39m 
[33m=[39m module[33
m.[39m[33mMobileGest
ureManager[39m[33m;
[39m
     [90m 54 |[39m  
       
     [90m 55 |[39m  
       gestureManager 
[33m=[39m 
[36mnew[39m [33mMob
ileGestureManager[39m
(mockCore)[33m;[39m
[0m

      at constructor (
node_modules/@babel/pa
rser/src/parse-error.t
s:95:45)
      at 
Parser.toParseError 
[as raise] (node_modul
es/@babel/parser/src/t
okenizer/index.ts:1503
:19)
      at Parser.raise 
[as semicolon] (node_m
odules/@babel/parser/s
rc/parser/util.ts:149:
10)
      at 
Parser.semicolon [as p
arseExpressionStatemen
t] (node_modules/@babe
l/parser/src/parser/st
atement.ts:1358:10)
      at Parser.parseE
xpressionStatement 
[as parseStatementCont
ent] (node_modules/@ba
bel/parser/src/parser/
statement.ts:697:19)
      at Parser.parseS
tatementContent [as 
parseStatementLike] (n
ode_modules/@babel/par
ser/src/parser/stateme
nt.ts:477:17)
      at Parser.parseS
tatementLike [as 
parseModuleItem] (node
_modules/@babel/parser
/src/parser/statement.
ts:414:17)
      at Parser.parseM
oduleItem [as parseBlo
ckOrModuleBlockBody] (
node_modules/@babel/pa
rser/src/parser/statem
ent.ts:1438:16)
      at Parser.parseB
lockOrModuleBlockBody 
[as parseBlockBody] (n
ode_modules/@babel/par
ser/src/parser/stateme
nt.ts:1412:10)
      at 
Parser.parseBlockBody 
[as parseProgram] (nod
e_modules/@babel/parse
r/src/parser/statement
.ts:229:10)
      at 
Parser.parseProgram 
[as parseTopLevel] (no
de_modules/@babel/pars
er/src/parser/statemen
t.ts:203:25)
      at 
Parser.parseTopLevel 
[as parse] (node_modul
es/@babel/parser/src/p
arser/index.ts:93:10)
      at parse (node_m
odules/@babel/parser/s
rc/index.ts:92:38)
      at parser (node_
modules/@babel/core/sr
c/parser/index.ts:28:1
9)
          at 
parser.next 
(<anonymous>)
      at 
normalizeFile (node_mo
dules/@babel/core/src/
transformation/normali
ze-file.ts:49:24)
          at 
normalizeFile.next 
(<anonymous>)
      at run (node_mod
ules/@babel/core/src/t
ransformation/index.ts
:40:36)
          at run.next 
(<anonymous>)
      at transform (no
de_modules/@babel/core
/src/transform.ts:29:2
0)
          at 
transform.next 
(<anonymous>)
      at evaluateSync 
(node_modules/gensync/
index.js:251:28)
      at sync (node_mo
dules/gensync/index.js
:89:14)
      at fn (node_modu
les/@babel/core/src/er
rors/rewrite-stack-tra
ce.ts:99:14)
      at 
transformSync (node_mo
dules/@babel/core/src/
transform.ts:66:52)
      at ScriptTransfo
rmer.transformSource (
node_modules/@jest/tra
nsform/build/ScriptTra
nsformer.js:545:31)
      at ScriptTransfo
rmer._transformAndBuil
dScript (node_modules/
@jest/transform/build/
ScriptTransformer.js:6
74:40)
      at ScriptTransfo
rmer.transform (node_m
odules/@jest/transform
/build/ScriptTransform
er.js:726:19)
      at require (test
/mobile-gesture-manage
r.test.js:52:24)
      at 
Object.<anonymous> (te
st/mobile-gesture-mana
ger.test.js:52:24)

  ΓùÅ 
MobileGestureManager 
ΓÇ║ Touch Event 
Handling ΓÇ║ should 
handle touchend event

    Jest encountered 
an unexpected token

    Jest failed to 
parse a file. This 
happens e.g. when 
your code or its 
dependencies use 
non-standard 
JavaScript syntax, or 
when Jest is not 
configured to support 
such syntax.

    Out of the box 
Jest supports Babel, 
which will be used to 
transform your files 
into valid JS based 
on your Babel 
configuration.

    By default 
"node_modules" folder 
is ignored by 
transformers.

    Here's what you 
can do:
     ΓÇó If you are 
trying to use 
ECMAScript Modules, 
see https://jestjs.io/
docs/ecmascript-module
s for how to enable 
it.
     ΓÇó If you are 
trying to use 
TypeScript, see https:
//jestjs.io/docs/getti
ng-started#using-types
cript
     ΓÇó To have some 
of your 
"node_modules" files 
transformed, you can 
specify a custom "tran
sformIgnorePatterns" 
in your config.
     ΓÇó If you need 
a custom 
transformation 
specify a "transform" 
option in your config.
     ΓÇó If you 
simply want to mock 
your non-JS modules 
(e.g. binary assets) 
you can stub them out 
with the 
"moduleNameMapper" 
config option.

    You'll find more 
details and examples 
of these config 
options in the docs:
    https://jestjs.io/
docs/configuration
    For information 
about custom 
transformations, see:
    https://jestjs.io/
docs/code-transformati
on

    Details:

    SyntaxError: C:\Wo
rkspace_Melbin\fun_web
sites\3d_model_viewer\
src\ui\MobileGestureMa
nager.js: Missing 
semicolon. (480:20)

    [0m [90m 478 
|[39m [90m     * 
Check if device is 
mobile[39m
     [90m 479 |[39m 
[90m     */[39m
    [31m[1m>[22m[3
9m[90m 480 |[39m    
 isMobileDevice() {
     [90m     |[39m 
                    
[31m[1m^[22m[39m
     [90m 481 |[39m 
        
[36mreturn[39m [35m
/Android|webOS|iPhone|
iPad|iPod|BlackBerry|I
EMobile|Opera Mini/i[
39m[33m.[39mtest(nav
igator[33m.[39muserA
gent)[33m;[39m
     [90m 482 |[39m 
    }
     [90m 483 
|[39m[0m

    [0m [90m 50 
|[39m
     [90m 51 |[39m  
       [90m// Import 
module[39m
    [31m[1m>[22m[3
9m[90m 52 |[39m     
    [36mconst[39m 
module [33m=[39m 
[36mawait[39m [36mi
mport[39m([32m'../sr
c/ui/MobileGestureMana
ger.js'[39m)[33m;[3
9m
     [90m    |[39m  
                      
[31m[1m^[22m[39m
     [90m 53 |[39m  
       [33mMobileGest
ureManager[39m 
[33m=[39m module[33
m.[39m[33mMobileGest
ureManager[39m[33m;
[39m
     [90m 54 |[39m  
       
     [90m 55 |[39m  
       gestureManager 
[33m=[39m 
[36mnew[39m [33mMob
ileGestureManager[39m
(mockCore)[33m;[39m
[0m

      at constructor (
node_modules/@babel/pa
rser/src/parse-error.t
s:95:45)
      at 
Parser.toParseError 
[as raise] (node_modul
es/@babel/parser/src/t
okenizer/index.ts:1503
:19)
      at Parser.raise 
[as semicolon] (node_m
odules/@babel/parser/s
rc/parser/util.ts:149:
10)
      at 
Parser.semicolon [as p
arseExpressionStatemen
t] (node_modules/@babe
l/parser/src/parser/st
atement.ts:1358:10)
      at Parser.parseE
xpressionStatement 
[as parseStatementCont
ent] (node_modules/@ba
bel/parser/src/parser/
statement.ts:697:19)
      at Parser.parseS
tatementContent [as 
parseStatementLike] (n
ode_modules/@babel/par
ser/src/parser/stateme
nt.ts:477:17)
      at Parser.parseS
tatementLike [as 
parseModuleItem] (node
_modules/@babel/parser
/src/parser/statement.
ts:414:17)
      at Parser.parseM
oduleItem [as parseBlo
ckOrModuleBlockBody] (
node_modules/@babel/pa
rser/src/parser/statem
ent.ts:1438:16)
      at Parser.parseB
lockOrModuleBlockBody 
[as parseBlockBody] (n
ode_modules/@babel/par
ser/src/parser/stateme
nt.ts:1412:10)
      at 
Parser.parseBlockBody 
[as parseProgram] (nod
e_modules/@babel/parse
r/src/parser/statement
.ts:229:10)
      at 
Parser.parseProgram 
[as parseTopLevel] (no
de_modules/@babel/pars
er/src/parser/statemen
t.ts:203:25)
      at 
Parser.parseTopLevel 
[as parse] (node_modul
es/@babel/parser/src/p
arser/index.ts:93:10)
      at parse (node_m
odules/@babel/parser/s
rc/index.ts:92:38)
      at parser (node_
modules/@babel/core/sr
c/parser/index.ts:28:1
9)
          at 
parser.next 
(<anonymous>)
      at 
normalizeFile (node_mo
dules/@babel/core/src/
transformation/normali
ze-file.ts:49:24)
          at 
normalizeFile.next 
(<anonymous>)
      at run (node_mod
ules/@babel/core/src/t
ransformation/index.ts
:40:36)
          at run.next 
(<anonymous>)
      at transform (no
de_modules/@babel/core
/src/transform.ts:29:2
0)
          at 
transform.next 
(<anonymous>)
      at evaluateSync 
(node_modules/gensync/
index.js:251:28)
      at sync (node_mo
dules/gensync/index.js
:89:14)
      at fn (node_modu
les/@babel/core/src/er
rors/rewrite-stack-tra
ce.ts:99:14)
      at 
transformSync (node_mo
dules/@babel/core/src/
transform.ts:66:52)
      at ScriptTransfo
rmer.transformSource (
node_modules/@jest/tra
nsform/build/ScriptTra
nsformer.js:545:31)
      at ScriptTransfo
rmer._transformAndBuil
dScript (node_modules/
@jest/transform/build/
ScriptTransformer.js:6
74:40)
      at ScriptTransfo
rmer.transform (node_m
odules/@jest/transform
/build/ScriptTransform
er.js:726:19)
      at require (test
/mobile-gesture-manage
r.test.js:52:24)
      at 
Object.<anonymous> (te
st/mobile-gesture-mana
ger.test.js:52:24)

  ΓùÅ 
MobileGestureManager 
ΓÇ║ Touch Event 
Handling ΓÇ║ should 
handle multiple 
touches

    Jest encountered 
an unexpected token

    Jest failed to 
parse a file. This 
happens e.g. when 
your code or its 
dependencies use 
non-standard 
JavaScript syntax, or 
when Jest is not 
configured to support 
such syntax.

    Out of the box 
Jest supports Babel, 
which will be used to 
transform your files 
into valid JS based 
on your Babel 
configuration.

    By default 
"node_modules" folder 
is ignored by 
transformers.

    Here's what you 
can do:
     ΓÇó If you are 
trying to use 
ECMAScript Modules, 
see https://jestjs.io/
docs/ecmascript-module
s for how to enable 
it.
     ΓÇó If you are 
trying to use 
TypeScript, see https:
//jestjs.io/docs/getti
ng-started#using-types
cript
     ΓÇó To have some 
of your 
"node_modules" files 
transformed, you can 
specify a custom "tran
sformIgnorePatterns" 
in your config.
     ΓÇó If you need 
a custom 
transformation 
specify a "transform" 
option in your config.
     ΓÇó If you 
simply want to mock 
your non-JS modules 
(e.g. binary assets) 
you can stub them out 
with the 
"moduleNameMapper" 
config option.

    You'll find more 
details and examples 
of these config 
options in the docs:
    https://jestjs.io/
docs/configuration
    For information 
about custom 
transformations, see:
    https://jestjs.io/
docs/code-transformati
on

    Details:

    SyntaxError: C:\Wo
rkspace_Melbin\fun_web
sites\3d_model_viewer\
src\ui\MobileGestureMa
nager.js: Missing 
semicolon. (480:20)

    [0m [90m 478 
|[39m [90m     * 
Check if device is 
mobile[39m
     [90m 479 |[39m 
[90m     */[39m
    [31m[1m>[22m[3
9m[90m 480 |[39m    
 isMobileDevice() {
     [90m     |[39m 
                    
[31m[1m^[22m[39m
     [90m 481 |[39m 
        
[36mreturn[39m [35m
/Android|webOS|iPhone|
iPad|iPod|BlackBerry|I
EMobile|Opera Mini/i[
39m[33m.[39mtest(nav
igator[33m.[39muserA
gent)[33m;[39m
     [90m 482 |[39m 
    }
     [90m 483 
|[39m[0m

    [0m [90m 50 
|[39m
     [90m 51 |[39m  
       [90m// Import 
module[39m
    [31m[1m>[22m[3
9m[90m 52 |[39m     
    [36mconst[39m 
module [33m=[39m 
[36mawait[39m [36mi
mport[39m([32m'../sr
c/ui/MobileGestureMana
ger.js'[39m)[33m;[3
9m
     [90m    |[39m  
                      
[31m[1m^[22m[39m
     [90m 53 |[39m  
       [33mMobileGest
ureManager[39m 
[33m=[39m module[33
m.[39m[33mMobileGest
ureManager[39m[33m;
[39m
     [90m 54 |[39m  
       
     [90m 55 |[39m  
       gestureManager 
[33m=[39m 
[36mnew[39m [33mMob
ileGestureManager[39m
(mockCore)[33m;[39m
[0m

      at constructor (
node_modules/@babel/pa
rser/src/parse-error.t
s:95:45)
      at 
Parser.toParseError 
[as raise] (node_modul
es/@babel/parser/src/t
okenizer/index.ts:1503
:19)
      at Parser.raise 
[as semicolon] (node_m
odules/@babel/parser/s
rc/parser/util.ts:149:
10)
      at 
Parser.semicolon [as p
arseExpressionStatemen
t] (node_modules/@babe
l/parser/src/parser/st
atement.ts:1358:10)
      at Parser.parseE
xpressionStatement 
[as parseStatementCont
ent] (node_modules/@ba
bel/parser/src/parser/
statement.ts:697:19)
      at Parser.parseS
tatementContent [as 
parseStatementLike] (n
ode_modules/@babel/par
ser/src/parser/stateme
nt.ts:477:17)
      at Parser.parseS
tatementLike [as 
parseModuleItem] (node
_modules/@babel/parser
/src/parser/statement.
ts:414:17)
      at Parser.parseM
oduleItem [as parseBlo
ckOrModuleBlockBody] (
node_modules/@babel/pa
rser/src/parser/statem
ent.ts:1438:16)
      at Parser.parseB
lockOrModuleBlockBody 
[as parseBlockBody] (n
ode_modules/@babel/par
ser/src/parser/stateme
nt.ts:1412:10)
      at 
Parser.parseBlockBody 
[as parseProgram] (nod
e_modules/@babel/parse
r/src/parser/statement
.ts:229:10)
      at 
Parser.parseProgram 
[as parseTopLevel] (no
de_modules/@babel/pars
er/src/parser/statemen
t.ts:203:25)
      at 
Parser.parseTopLevel 
[as parse] (node_modul
es/@babel/parser/src/p
arser/index.ts:93:10)
      at parse (node_m
odules/@babel/parser/s
rc/index.ts:92:38)
      at parser (node_
modules/@babel/core/sr
c/parser/index.ts:28:1
9)
          at 
parser.next 
(<anonymous>)
      at 
normalizeFile (node_mo
dules/@babel/core/src/
transformation/normali
ze-file.ts:49:24)
          at 
normalizeFile.next 
(<anonymous>)
      at run (node_mod
ules/@babel/core/src/t
ransformation/index.ts
:40:36)
          at run.next 
(<anonymous>)
      at transform (no
de_modules/@babel/core
/src/transform.ts:29:2
0)
          at 
transform.next 
(<anonymous>)
      at evaluateSync 
(node_modules/gensync/
index.js:251:28)
      at sync (node_mo
dules/gensync/index.js
:89:14)
      at fn (node_modu
les/@babel/core/src/er
rors/rewrite-stack-tra
ce.ts:99:14)
      at 
transformSync (node_mo
dules/@babel/core/src/
transform.ts:66:52)
      at ScriptTransfo
rmer.transformSource (
node_modules/@jest/tra
nsform/build/ScriptTra
nsformer.js:545:31)
      at ScriptTransfo
rmer._transformAndBuil
dScript (node_modules/
@jest/transform/build/
ScriptTransformer.js:6
74:40)
      at ScriptTransfo
rmer.transform (node_m
odules/@jest/transform
/build/ScriptTransform
er.js:726:19)
      at require (test
/mobile-gesture-manage
r.test.js:52:24)
      at 
Object.<anonymous> (te
st/mobile-gesture-mana
ger.test.js:52:24)

  ΓùÅ 
MobileGestureManager 
ΓÇ║ Touch Event 
Handling ΓÇ║ should 
prevent default on 
touch events

    Jest encountered 
an unexpected token

    Jest failed to 
parse a file. This 
happens e.g. when 
your code or its 
dependencies use 
non-standard 
JavaScript syntax, or 
when Jest is not 
configured to support 
such syntax.

    Out of the box 
Jest supports Babel, 
which will be used to 
transform your files 
into valid JS based 
on your Babel 
configuration.

    By default 
"node_modules" folder 
is ignored by 
transformers.

    Here's what you 
can do:
     ΓÇó If you are 
trying to use 
ECMAScript Modules, 
see https://jestjs.io/
docs/ecmascript-module
s for how to enable 
it.
     ΓÇó If you are 
trying to use 
TypeScript, see https:
//jestjs.io/docs/getti
ng-started#using-types
cript
     ΓÇó To have some 
of your 
"node_modules" files 
transformed, you can 
specify a custom "tran
sformIgnorePatterns" 
in your config.
     ΓÇó If you need 
a custom 
transformation 
specify a "transform" 
option in your config.
     ΓÇó If you 
simply want to mock 
your non-JS modules 
(e.g. binary assets) 
you can stub them out 
with the 
"moduleNameMapper" 
config option.

    You'll find more 
details and examples 
of these config 
options in the docs:
    https://jestjs.io/
docs/configuration
    For information 
about custom 
transformations, see:
    https://jestjs.io/
docs/code-transformati
on

    Details:

    SyntaxError: C:\Wo
rkspace_Melbin\fun_web
sites\3d_model_viewer\
src\ui\MobileGestureMa
nager.js: Missing 
semicolon. (480:20)

    [0m [90m 478 
|[39m [90m     * 
Check if device is 
mobile[39m
     [90m 479 |[39m 
[90m     */[39m
    [31m[1m>[22m[3
9m[90m 480 |[39m    
 isMobileDevice() {
     [90m     |[39m 
                    
[31m[1m^[22m[39m
     [90m 481 |[39m 
        
[36mreturn[39m [35m
/Android|webOS|iPhone|
iPad|iPod|BlackBerry|I
EMobile|Opera Mini/i[
39m[33m.[39mtest(nav
igator[33m.[39muserA
gent)[33m;[39m
     [90m 482 |[39m 
    }
     [90m 483 
|[39m[0m

    [0m [90m 50 
|[39m
     [90m 51 |[39m  
       [90m// Import 
module[39m
    [31m[1m>[22m[3
9m[90m 52 |[39m     
    [36mconst[39m 
module [33m=[39m 
[36mawait[39m [36mi
mport[39m([32m'../sr
c/ui/MobileGestureMana
ger.js'[39m)[33m;[3
9m
     [90m    |[39m  
                      
[31m[1m^[22m[39m
     [90m 53 |[39m  
       [33mMobileGest
ureManager[39m 
[33m=[39m module[33
m.[39m[33mMobileGest
ureManager[39m[33m;
[39m
     [90m 54 |[39m  
       
     [90m 55 |[39m  
       gestureManager 
[33m=[39m 
[36mnew[39m [33mMob
ileGestureManager[39m
(mockCore)[33m;[39m
[0m

      at constructor (
node_modules/@babel/pa
rser/src/parse-error.t
s:95:45)
      at 
Parser.toParseError 
[as raise] (node_modul
es/@babel/parser/src/t
okenizer/index.ts:1503
:19)
      at Parser.raise 
[as semicolon] (node_m
odules/@babel/parser/s
rc/parser/util.ts:149:
10)
      at 
Parser.semicolon [as p
arseExpressionStatemen
t] (node_modules/@babe
l/parser/src/parser/st
atement.ts:1358:10)
      at Parser.parseE
xpressionStatement 
[as parseStatementCont
ent] (node_modules/@ba
bel/parser/src/parser/
statement.ts:697:19)
      at Parser.parseS
tatementContent [as 
parseStatementLike] (n
ode_modules/@babel/par
ser/src/parser/stateme
nt.ts:477:17)
      at Parser.parseS
tatementLike [as 
parseModuleItem] (node
_modules/@babel/parser
/src/parser/statement.
ts:414:17)
      at Parser.parseM
oduleItem [as parseBlo
ckOrModuleBlockBody] (
node_modules/@babel/pa
rser/src/parser/statem
ent.ts:1438:16)
      at Parser.parseB
lockOrModuleBlockBody 
[as parseBlockBody] (n
ode_modules/@babel/par
ser/src/parser/stateme
nt.ts:1412:10)
      at 
Parser.parseBlockBody 
[as parseProgram] (nod
e_modules/@babel/parse
r/src/parser/statement
.ts:229:10)
      at 
Parser.parseProgram 
[as parseTopLevel] (no
de_modules/@babel/pars
er/src/parser/statemen
t.ts:203:25)
      at 
Parser.parseTopLevel 
[as parse] (node_modul
es/@babel/parser/src/p
arser/index.ts:93:10)
      at parse (node_m
odules/@babel/parser/s
rc/index.ts:92:38)
      at parser (node_
modules/@babel/core/sr
c/parser/index.ts:28:1
9)
          at 
parser.next 
(<anonymous>)
      at 
normalizeFile (node_mo
dules/@babel/core/src/
transformation/normali
ze-file.ts:49:24)
          at 
normalizeFile.next 
(<anonymous>)
      at run (node_mod
ules/@babel/core/src/t
ransformation/index.ts
:40:36)
          at run.next 
(<anonymous>)
      at transform (no
de_modules/@babel/core
/src/transform.ts:29:2
0)
          at 
transform.next 
(<anonymous>)
      at evaluateSync 
(node_modules/gensync/
index.js:251:28)
      at sync (node_mo
dules/gensync/index.js
:89:14)
      at fn (node_modu
les/@babel/core/src/er
rors/rewrite-stack-tra
ce.ts:99:14)
      at 
transformSync (node_mo
dules/@babel/core/src/
transform.ts:66:52)
      at ScriptTransfo
rmer.transformSource (
node_modules/@jest/tra
nsform/build/ScriptTra
nsformer.js:545:31)
      at ScriptTransfo
rmer._transformAndBuil
dScript (node_modules/
@jest/transform/build/
ScriptTransformer.js:6
74:40)
      at ScriptTransfo
rmer.transform (node_m
odules/@jest/transform
/build/ScriptTransform
er.js:726:19)
      at require (test
/mobile-gesture-manage
r.test.js:52:24)
      at 
Object.<anonymous> (te
st/mobile-gesture-mana
ger.test.js:52:24)

  ΓùÅ 
MobileGestureManager 
ΓÇ║ Gesture 
Recognition ΓÇ║ 
should recognize tap 
gesture

    Jest encountered 
an unexpected token

    Jest failed to 
parse a file. This 
happens e.g. when 
your code or its 
dependencies use 
non-standard 
JavaScript syntax, or 
when Jest is not 
configured to support 
such syntax.

    Out of the box 
Jest supports Babel, 
which will be used to 
transform your files 
into valid JS based 
on your Babel 
configuration.

    By default 
"node_modules" folder 
is ignored by 
transformers.

    Here's what you 
can do:
     ΓÇó If you are 
trying to use 
ECMAScript Modules, 
see https://jestjs.io/
docs/ecmascript-module
s for how to enable 
it.
     ΓÇó If you are 
trying to use 
TypeScript, see https:
//jestjs.io/docs/getti
ng-started#using-types
cript
     ΓÇó To have some 
of your 
"node_modules" files 
transformed, you can 
specify a custom "tran
sformIgnorePatterns" 
in your config.
     ΓÇó If you need 
a custom 
transformation 
specify a "transform" 
option in your config.
     ΓÇó If you 
simply want to mock 
your non-JS modules 
(e.g. binary assets) 
you can stub them out 
with the 
"moduleNameMapper" 
config option.

    You'll find more 
details and examples 
of these config 
options in the docs:
    https://jestjs.io/
docs/configuration
    For information 
about custom 
transformations, see:
    https://jestjs.io/
docs/code-transformati
on

    Details:

    SyntaxError: C:\Wo
rkspace_Melbin\fun_web
sites\3d_model_viewer\
src\ui\MobileGestureMa
nager.js: Missing 
semicolon. (480:20)

    [0m [90m 478 
|[39m [90m     * 
Check if device is 
mobile[39m
     [90m 479 |[39m 
[90m     */[39m
    [31m[1m>[22m[3
9m[90m 480 |[39m    
 isMobileDevice() {
     [90m     |[39m 
                    
[31m[1m^[22m[39m
     [90m 481 |[39m 
        
[36mreturn[39m [35m
/Android|webOS|iPhone|
iPad|iPod|BlackBerry|I
EMobile|Opera Mini/i[
39m[33m.[39mtest(nav
igator[33m.[39muserA
gent)[33m;[39m
     [90m 482 |[39m 
    }
     [90m 483 
|[39m[0m

    [0m [90m 50 
|[39m
     [90m 51 |[39m  
       [90m// Import 
module[39m
    [31m[1m>[22m[3
9m[90m 52 |[39m     
    [36mconst[39m 
module [33m=[39m 
[36mawait[39m [36mi
mport[39m([32m'../sr
c/ui/MobileGestureMana
ger.js'[39m)[33m;[3
9m
     [90m    |[39m  
                      
[31m[1m^[22m[39m
     [90m 53 |[39m  
       [33mMobileGest
ureManager[39m 
[33m=[39m module[33
m.[39m[33mMobileGest
ureManager[39m[33m;
[39m
     [90m 54 |[39m  
       
     [90m 55 |[39m  
       gestureManager 
[33m=[39m 
[36mnew[39m [33mMob
ileGestureManager[39m
(mockCore)[33m;[39m
[0m

      at constructor (
node_modules/@babel/pa
rser/src/parse-error.t
s:95:45)
      at 
Parser.toParseError 
[as raise] (node_modul
es/@babel/parser/src/t
okenizer/index.ts:1503
:19)
      at Parser.raise 
[as semicolon] (node_m
odules/@babel/parser/s
rc/parser/util.ts:149:
10)
      at 
Parser.semicolon [as p
arseExpressionStatemen
t] (node_modules/@babe
l/parser/src/parser/st
atement.ts:1358:10)
      at Parser.parseE
xpressionStatement 
[as parseStatementCont
ent] (node_modules/@ba
bel/parser/src/parser/
statement.ts:697:19)
      at Parser.parseS
tatementContent [as 
parseStatementLike] (n
ode_modules/@babel/par
ser/src/parser/stateme
nt.ts:477:17)
      at Parser.parseS
tatementLike [as 
parseModuleItem] (node
_modules/@babel/parser
/src/parser/statement.
ts:414:17)
      at Parser.parseM
oduleItem [as parseBlo
ckOrModuleBlockBody] (
node_modules/@babel/pa
rser/src/parser/statem
ent.ts:1438:16)
      at Parser.parseB
lockOrModuleBlockBody 
[as parseBlockBody] (n
ode_modules/@babel/par
ser/src/parser/stateme
nt.ts:1412:10)
      at 
Parser.parseBlockBody 
[as parseProgram] (nod
e_modules/@babel/parse
r/src/parser/statement
.ts:229:10)
      at 
Parser.parseProgram 
[as parseTopLevel] (no
de_modules/@babel/pars
er/src/parser/statemen
t.ts:203:25)
      at 
Parser.parseTopLevel 
[as parse] (node_modul
es/@babel/parser/src/p
arser/index.ts:93:10)
      at parse (node_m
odules/@babel/parser/s
rc/index.ts:92:38)
      at parser (node_
modules/@babel/core/sr
c/parser/index.ts:28:1
9)
          at 
parser.next 
(<anonymous>)
      at 
normalizeFile (node_mo
dules/@babel/core/src/
transformation/normali
ze-file.ts:49:24)
          at 
normalizeFile.next 
(<anonymous>)
      at run (node_mod
ules/@babel/core/src/t
ransformation/index.ts
:40:36)
          at run.next 
(<anonymous>)
      at transform (no
de_modules/@babel/core
/src/transform.ts:29:2
0)
          at 
transform.next 
(<anonymous>)
      at evaluateSync 
(node_modules/gensync/
index.js:251:28)
      at sync (node_mo
dules/gensync/index.js
:89:14)
      at fn (node_modu
les/@babel/core/src/er
rors/rewrite-stack-tra
ce.ts:99:14)
      at 
transformSync (node_mo
dules/@babel/core/src/
transform.ts:66:52)
      at ScriptTransfo
rmer.transformSource (
node_modules/@jest/tra
nsform/build/ScriptTra
nsformer.js:545:31)
      at ScriptTransfo
rmer._transformAndBuil
dScript (node_modules/
@jest/transform/build/
ScriptTransformer.js:6
74:40)
      at ScriptTransfo
rmer.transform (node_m
odules/@jest/transform
/build/ScriptTransform
er.js:726:19)
      at require (test
/mobile-gesture-manage
r.test.js:52:24)
      at 
Object.<anonymous> (te
st/mobile-gesture-mana
ger.test.js:52:24)

  ΓùÅ 
MobileGestureManager 
ΓÇ║ Gesture 
Recognition ΓÇ║ 
should recognize 
double tap gesture

    Jest encountered 
an unexpected token

    Jest failed to 
parse a file. This 
happens e.g. when 
your code or its 
dependencies use 
non-standard 
JavaScript syntax, or 
when Jest is not 
configured to support 
such syntax.

    Out of the box 
Jest supports Babel, 
which will be used to 
transform your files 
into valid JS based 
on your Babel 
configuration.

    By default 
"node_modules" folder 
is ignored by 
transformers.

    Here's what you 
can do:
     ΓÇó If you are 
trying to use 
ECMAScript Modules, 
see https://jestjs.io/
docs/ecmascript-module
s for how to enable 
it.
     ΓÇó If you are 
trying to use 
TypeScript, see https:
//jestjs.io/docs/getti
ng-started#using-types
cript
     ΓÇó To have some 
of your 
"node_modules" files 
transformed, you can 
specify a custom "tran
sformIgnorePatterns" 
in your config.
     ΓÇó If you need 
a custom 
transformation 
specify a "transform" 
option in your config.
     ΓÇó If you 
simply want to mock 
your non-JS modules 
(e.g. binary assets) 
you can stub them out 
with the 
"moduleNameMapper" 
config option.

    You'll find more 
details and examples 
of these config 
options in the docs:
    https://jestjs.io/
docs/configuration
    For information 
about custom 
transformations, see:
    https://jestjs.io/
docs/code-transformati
on

    Details:

    SyntaxError: C:\Wo
rkspace_Melbin\fun_web
sites\3d_model_viewer\
src\ui\MobileGestureMa
nager.js: Missing 
semicolon. (480:20)

    [0m [90m 478 
|[39m [90m     * 
Check if device is 
mobile[39m
     [90m 479 |[39m 
[90m     */[39m
    [31m[1m>[22m[3
9m[90m 480 |[39m    
 isMobileDevice() {
     [90m     |[39m 
                    
[31m[1m^[22m[39m
     [90m 481 |[39m 
        
[36mreturn[39m [35m
/Android|webOS|iPhone|
iPad|iPod|BlackBerry|I
EMobile|Opera Mini/i[
39m[33m.[39mtest(nav
igator[33m.[39muserA
gent)[33m;[39m
     [90m 482 |[39m 
    }
     [90m 483 
|[39m[0m

    [0m [90m 50 
|[39m
     [90m 51 |[39m  
       [90m// Import 
module[39m
    [31m[1m>[22m[3
9m[90m 52 |[39m     
    [36mconst[39m 
module [33m=[39m 
[36mawait[39m [36mi
mport[39m([32m'../sr
c/ui/MobileGestureMana
ger.js'[39m)[33m;[3
9m
     [90m    |[39m  
                      
[31m[1m^[22m[39m
     [90m 53 |[39m  
       [33mMobileGest
ureManager[39m 
[33m=[39m module[33
m.[39m[33mMobileGest
ureManager[39m[33m;
[39m
     [90m 54 |[39m  
       
     [90m 55 |[39m  
       gestureManager 
[33m=[39m 
[36mnew[39m [33mMob
ileGestureManager[39m
(mockCore)[33m;[39m
[0m

      at constructor (
node_modules/@babel/pa
rser/src/parse-error.t
s:95:45)
      at 
Parser.toParseError 
[as raise] (node_modul
es/@babel/parser/src/t
okenizer/index.ts:1503
:19)
      at Parser.raise 
[as semicolon] (node_m
odules/@babel/parser/s
rc/parser/util.ts:149:
10)
      at 
Parser.semicolon [as p
arseExpressionStatemen
t] (node_modules/@babe
l/parser/src/parser/st
atement.ts:1358:10)
      at Parser.parseE
xpressionStatement 
[as parseStatementCont
ent] (node_modules/@ba
bel/parser/src/parser/
statement.ts:697:19)
      at Parser.parseS
tatementContent [as 
parseStatementLike] (n
ode_modules/@babel/par
ser/src/parser/stateme
nt.ts:477:17)
      at Parser.parseS
tatementLike [as 
parseModuleItem] (node
_modules/@babel/parser
/src/parser/statement.
ts:414:17)
      at Parser.parseM
oduleItem [as parseBlo
ckOrModuleBlockBody] (
node_modules/@babel/pa
rser/src/parser/statem
ent.ts:1438:16)
      at Parser.parseB
lockOrModuleBlockBody 
[as parseBlockBody] (n
ode_modules/@babel/par
ser/src/parser/stateme
nt.ts:1412:10)
      at 
Parser.parseBlockBody 
[as parseProgram] (nod
e_modules/@babel/parse
r/src/parser/statement
.ts:229:10)
      at 
Parser.parseProgram 
[as parseTopLevel] (no
de_modules/@babel/pars
er/src/parser/statemen
t.ts:203:25)
      at 
Parser.parseTopLevel 
[as parse] (node_modul
es/@babel/parser/src/p
arser/index.ts:93:10)
      at parse (node_m
odules/@babel/parser/s
rc/index.ts:92:38)
      at parser (node_
modules/@babel/core/sr
c/parser/index.ts:28:1
9)
          at 
parser.next 
(<anonymous>)
      at 
normalizeFile (node_mo
dules/@babel/core/src/
transformation/normali
ze-file.ts:49:24)
          at 
normalizeFile.next 
(<anonymous>)
      at run (node_mod
ules/@babel/core/src/t
ransformation/index.ts
:40:36)
          at run.next 
(<anonymous>)
      at transform (no
de_modules/@babel/core
/src/transform.ts:29:2
0)
          at 
transform.next 
(<anonymous>)
      at evaluateSync 
(node_modules/gensync/
index.js:251:28)
      at sync (node_mo
dules/gensync/index.js
:89:14)
      at fn (node_modu
les/@babel/core/src/er
rors/rewrite-stack-tra
ce.ts:99:14)
      at 
transformSync (node_mo
dules/@babel/core/src/
transform.ts:66:52)
      at ScriptTransfo
rmer.transformSource (
node_modules/@jest/tra
nsform/build/ScriptTra
nsformer.js:545:31)
      at ScriptTransfo
rmer._transformAndBuil
dScript (node_modules/
@jest/transform/build/
ScriptTransformer.js:6
74:40)
      at ScriptTransfo
rmer.transform (node_m
odules/@jest/transform
/build/ScriptTransform
er.js:726:19)
      at require (test
/mobile-gesture-manage
r.test.js:52:24)
      at 
Object.<anonymous> (te
st/mobile-gesture-mana
ger.test.js:52:24)

  ΓùÅ 
MobileGestureManager 
ΓÇ║ Gesture 
Recognition ΓÇ║ 
should recognize 
swipe gesture

    Jest encountered 
an unexpected token

    Jest failed to 
parse a file. This 
happens e.g. when 
your code or its 
dependencies use 
non-standard 
JavaScript syntax, or 
when Jest is not 
configured to support 
such syntax.

    Out of the box 
Jest supports Babel, 
which will be used to 
transform your files 
into valid JS based 
on your Babel 
configuration.

    By default 
"node_modules" folder 
is ignored by 
transformers.

    Here's what you 
can do:
     ΓÇó If you are 
trying to use 
ECMAScript Modules, 
see https://jestjs.io/
docs/ecmascript-module
s for how to enable 
it.
     ΓÇó If you are 
trying to use 
TypeScript, see https:
//jestjs.io/docs/getti
ng-started#using-types
cript
     ΓÇó To have some 
of your 
"node_modules" files 
transformed, you can 
specify a custom "tran
sformIgnorePatterns" 
in your config.
     ΓÇó If you need 
a custom 
transformation 
specify a "transform" 
option in your config.
     ΓÇó If you 
simply want to mock 
your non-JS modules 
(e.g. binary assets) 
you can stub them out 
with the 
"moduleNameMapper" 
config option.

    You'll find more 
details and examples 
of these config 
options in the docs:
    https://jestjs.io/
docs/configuration
    For information 
about custom 
transformations, see:
    https://jestjs.io/
docs/code-transformati
on

    Details:

    SyntaxError: C:\Wo
rkspace_Melbin\fun_web
sites\3d_model_viewer\
src\ui\MobileGestureMa
nager.js: Missing 
semicolon. (480:20)

    [0m [90m 478 
|[39m [90m     * 
Check if device is 
mobile[39m
     [90m 479 |[39m 
[90m     */[39m
    [31m[1m>[22m[3
9m[90m 480 |[39m    
 isMobileDevice() {
     [90m     |[39m 
                    
[31m[1m^[22m[39m
     [90m 481 |[39m 
        
[36mreturn[39m [35m
/Android|webOS|iPhone|
iPad|iPod|BlackBerry|I
EMobile|Opera Mini/i[
39m[33m.[39mtest(nav
igator[33m.[39muserA
gent)[33m;[39m
     [90m 482 |[39m 
    }
     [90m 483 
|[39m[0m

    [0m [90m 50 
|[39m
     [90m 51 |[39m  
       [90m// Import 
module[39m
    [31m[1m>[22m[3
9m[90m 52 |[39m     
    [36mconst[39m 
module [33m=[39m 
[36mawait[39m [36mi
mport[39m([32m'../sr
c/ui/MobileGestureMana
ger.js'[39m)[33m;[3
9m
     [90m    |[39m  
                      
[31m[1m^[22m[39m
     [90m 53 |[39m  
       [33mMobileGest
ureManager[39m 
[33m=[39m module[33
m.[39m[33mMobileGest
ureManager[39m[33m;
[39m
     [90m 54 |[39m  
       
     [90m 55 |[39m  
       gestureManager 
[33m=[39m 
[36mnew[39m [33mMob
ileGestureManager[39m
(mockCore)[33m;[39m
[0m

      at constructor (
node_modules/@babel/pa
rser/src/parse-error.t
s:95:45)
      at 
Parser.toParseError 
[as raise] (node_modul
es/@babel/parser/src/t
okenizer/index.ts:1503
:19)
      at Parser.raise 
[as semicolon] (node_m
odules/@babel/parser/s
rc/parser/util.ts:149:
10)
      at 
Parser.semicolon [as p
arseExpressionStatemen
t] (node_modules/@babe
l/parser/src/parser/st
atement.ts:1358:10)
      at Parser.parseE
xpressionStatement 
[as parseStatementCont
ent] (node_modules/@ba
bel/parser/src/parser/
statement.ts:697:19)
      at Parser.parseS
tatementContent [as 
parseStatementLike] (n
ode_modules/@babel/par
ser/src/parser/stateme
nt.ts:477:17)
      at Parser.parseS
tatementLike [as 
parseModuleItem] (node
_modules/@babel/parser
/src/parser/statement.
ts:414:17)
      at Parser.parseM
oduleItem [as parseBlo
ckOrModuleBlockBody] (
node_modules/@babel/pa
rser/src/parser/statem
ent.ts:1438:16)
      at Parser.parseB
lockOrModuleBlockBody 
[as parseBlockBody] (n
ode_modules/@babel/par
ser/src/parser/stateme
nt.ts:1412:10)
      at 
Parser.parseBlockBody 
[as parseProgram] (nod
e_modules/@babel/parse
r/src/parser/statement
.ts:229:10)
      at 
Parser.parseProgram 
[as parseTopLevel] (no
de_modules/@babel/pars
er/src/parser/statemen
t.ts:203:25)
      at 
Parser.parseTopLevel 
[as parse] (node_modul
es/@babel/parser/src/p
arser/index.ts:93:10)
      at parse (node_m
odules/@babel/parser/s
rc/index.ts:92:38)
      at parser (node_
modules/@babel/core/sr
c/parser/index.ts:28:1
9)
          at 
parser.next 
(<anonymous>)
      at 
normalizeFile (node_mo
dules/@babel/core/src/
transformation/normali
ze-file.ts:49:24)
          at 
normalizeFile.next 
(<anonymous>)
      at run (node_mod
ules/@babel/core/src/t
ransformation/index.ts
:40:36)
          at run.next 
(<anonymous>)
      at transform (no
de_modules/@babel/core
/src/transform.ts:29:2
0)
          at 
transform.next 
(<anonymous>)
      at evaluateSync 
(node_modules/gensync/
index.js:251:28)
      at sync (node_mo
dules/gensync/index.js
:89:14)
      at fn (node_modu
les/@babel/core/src/er
rors/rewrite-stack-tra
ce.ts:99:14)
      at 
transformSync (node_mo
dules/@babel/core/src/
transform.ts:66:52)
      at ScriptTransfo
rmer.transformSource (
node_modules/@jest/tra
nsform/build/ScriptTra
nsformer.js:545:31)
      at ScriptTransfo
rmer._transformAndBuil
dScript (node_modules/
@jest/transform/build/
ScriptTransformer.js:6
74:40)
      at ScriptTransfo
rmer.transform (node_m
odules/@jest/transform
/build/ScriptTransform
er.js:726:19)
      at require (test
/mobile-gesture-manage
r.test.js:52:24)
      at 
Object.<anonymous> (te
st/mobile-gesture-mana
ger.test.js:52:24)

  ΓùÅ 
MobileGestureManager 
ΓÇ║ Gesture 
Recognition ΓÇ║ 
should recognize 
pinch gesture

    Jest encountered 
an unexpected token

    Jest failed to 
parse a file. This 
happens e.g. when 
your code or its 
dependencies use 
non-standard 
JavaScript syntax, or 
when Jest is not 
configured to support 
such syntax.

    Out of the box 
Jest supports Babel, 
which will be used to 
transform your files 
into valid JS based 
on your Babel 
configuration.

    By default 
"node_modules" folder 
is ignored by 
transformers.

    Here's what you 
can do:
     ΓÇó If you are 
trying to use 
ECMAScript Modules, 
see https://jestjs.io/
docs/ecmascript-module
s for how to enable 
it.
     ΓÇó If you are 
trying to use 
TypeScript, see https:
//jestjs.io/docs/getti
ng-started#using-types
cript
     ΓÇó To have some 
of your 
"node_modules" files 
transformed, you can 
specify a custom "tran
sformIgnorePatterns" 
in your config.
     ΓÇó If you need 
a custom 
transformation 
specify a "transform" 
option in your config.
     ΓÇó If you 
simply want to mock 
your non-JS modules 
(e.g. binary assets) 
you can stub them out 
with the 
"moduleNameMapper" 
config option.

    You'll find more 
details and examples 
of these config 
options in the docs:
    https://jestjs.io/
docs/configuration
    For information 
about custom 
transformations, see:
    https://jestjs.io/
docs/code-transformati
on

    Details:

    SyntaxError: C:\Wo
rkspace_Melbin\fun_web
sites\3d_model_viewer\
src\ui\MobileGestureMa
nager.js: Missing 
semicolon. (480:20)

    [0m [90m 478 
|[39m [90m     * 
Check if device is 
mobile[39m
     [90m 479 |[39m 
[90m     */[39m
    [31m[1m>[22m[3
9m[90m 480 |[39m    
 isMobileDevice() {
     [90m     |[39m 
                    
[31m[1m^[22m[39m
     [90m 481 |[39m 
        
[36mreturn[39m [35m
/Android|webOS|iPhone|
iPad|iPod|BlackBerry|I
EMobile|Opera Mini/i[
39m[33m.[39mtest(nav
igator[33m.[39muserA
gent)[33m;[39m
     [90m 482 |[39m 
    }
     [90m 483 
|[39m[0m

    [0m [90m 50 
|[39m
     [90m 51 |[39m  
       [90m// Import 
module[39m
    [31m[1m>[22m[3
9m[90m 52 |[39m     
    [36mconst[39m 
module [33m=[39m 
[36mawait[39m [36mi
mport[39m([32m'../sr
c/ui/MobileGestureMana
ger.js'[39m)[33m;[3
9m
     [90m    |[39m  
                      
[31m[1m^[22m[39m
     [90m 53 |[39m  
       [33mMobileGest
ureManager[39m 
[33m=[39m module[33
m.[39m[33mMobileGest
ureManager[39m[33m;
[39m
     [90m 54 |[39m  
       
     [90m 55 |[39m  
       gestureManager 
[33m=[39m 
[36mnew[39m [33mMob
ileGestureManager[39m
(mockCore)[33m;[39m
[0m

      at constructor (
node_modules/@babel/pa
rser/src/parse-error.t
s:95:45)
      at 
Parser.toParseError 
[as raise] (node_modul
es/@babel/parser/src/t
okenizer/index.ts:1503
:19)
      at Parser.raise 
[as semicolon] (node_m
odules/@babel/parser/s
rc/parser/util.ts:149:
10)
      at 
Parser.semicolon [as p
arseExpressionStatemen
t] (node_modules/@babe
l/parser/src/parser/st
atement.ts:1358:10)
      at Parser.parseE
xpressionStatement 
[as parseStatementCont
ent] (node_modules/@ba
bel/parser/src/parser/
statement.ts:697:19)
      at Parser.parseS
tatementContent [as 
parseStatementLike] (n
ode_modules/@babel/par
ser/src/parser/stateme
nt.ts:477:17)
      at Parser.parseS
tatementLike [as 
parseModuleItem] (node
_modules/@babel/parser
/src/parser/statement.
ts:414:17)
      at Parser.parseM
oduleItem [as parseBlo
ckOrModuleBlockBody] (
node_modules/@babel/pa
rser/src/parser/statem
ent.ts:1438:16)
      at Parser.parseB
lockOrModuleBlockBody 
[as parseBlockBody] (n
ode_modules/@babel/par
ser/src/parser/stateme
nt.ts:1412:10)
      at 
Parser.parseBlockBody 
[as parseProgram] (nod
e_modules/@babel/parse
r/src/parser/statement
.ts:229:10)
      at 
Parser.parseProgram 
[as parseTopLevel] (no
de_modules/@babel/pars
er/src/parser/statemen
t.ts:203:25)
      at 
Parser.parseTopLevel 
[as parse] (node_modul
es/@babel/parser/src/p
arser/index.ts:93:10)
      at parse (node_m
odules/@babel/parser/s
rc/index.ts:92:38)
      at parser (node_
modules/@babel/core/sr
c/parser/index.ts:28:1
9)
          at 
parser.next 
(<anonymous>)
      at 
normalizeFile (node_mo
dules/@babel/core/src/
transformation/normali
ze-file.ts:49:24)
          at 
normalizeFile.next 
(<anonymous>)
      at run (node_mod
ules/@babel/core/src/t
ransformation/index.ts
:40:36)
          at run.next 
(<anonymous>)
      at transform (no
de_modules/@babel/core
/src/transform.ts:29:2
0)
          at 
transform.next 
(<anonymous>)
      at evaluateSync 
(node_modules/gensync/
index.js:251:28)
      at sync (node_mo
dules/gensync/index.js
:89:14)
      at fn (node_modu
les/@babel/core/src/er
rors/rewrite-stack-tra
ce.ts:99:14)
      at 
transformSync (node_mo
dules/@babel/core/src/
transform.ts:66:52)
      at ScriptTransfo
rmer.transformSource (
node_modules/@jest/tra
nsform/build/ScriptTra
nsformer.js:545:31)
      at ScriptTransfo
rmer._transformAndBuil
dScript (node_modules/
@jest/transform/build/
ScriptTransformer.js:6
74:40)
      at ScriptTransfo
rmer.transform (node_m
odules/@jest/transform
/build/ScriptTransform
er.js:726:19)
      at require (test
/mobile-gesture-manage
r.test.js:52:24)
      at 
Object.<anonymous> (te
st/mobile-gesture-mana
ger.test.js:52:24)

  ΓùÅ 
MobileGestureManager 
ΓÇ║ Gesture 
Recognition ΓÇ║ 
should recognize 
rotate gesture

    Jest encountered 
an unexpected token

    Jest failed to 
parse a file. This 
happens e.g. when 
your code or its 
dependencies use 
non-standard 
JavaScript syntax, or 
when Jest is not 
configured to support 
such syntax.

    Out of the box 
Jest supports Babel, 
which will be used to 
transform your files 
into valid JS based 
on your Babel 
configuration.

    By default 
"node_modules" folder 
is ignored by 
transformers.

    Here's what you 
can do:
     ΓÇó If you are 
trying to use 
ECMAScript Modules, 
see https://jestjs.io/
docs/ecmascript-module
s for how to enable 
it.
     ΓÇó If you are 
trying to use 
TypeScript, see https:
//jestjs.io/docs/getti
ng-started#using-types
cript
     ΓÇó To have some 
of your 
"node_modules" files 
transformed, you can 
specify a custom "tran
sformIgnorePatterns" 
in your config.
     ΓÇó If you need 
a custom 
transformation 
specify a "transform" 
option in your config.
     ΓÇó If you 
simply want to mock 
your non-JS modules 
(e.g. binary assets) 
you can stub them out 
with the 
"moduleNameMapper" 
config option.

    You'll find more 
details and examples 
of these config 
options in the docs:
    https://jestjs.io/
docs/configuration
    For information 
about custom 
transformations, see:
    https://jestjs.io/
docs/code-transformati
on

    Details:

    SyntaxError: C:\Wo
rkspace_Melbin\fun_web
sites\3d_model_viewer\
src\ui\MobileGestureMa
nager.js: Missing 
semicolon. (480:20)

    [0m [90m 478 
|[39m [90m     * 
Check if device is 
mobile[39m
     [90m 479 |[39m 
[90m     */[39m
    [31m[1m>[22m[3
9m[90m 480 |[39m    
 isMobileDevice() {
     [90m     |[39m 
                    
[31m[1m^[22m[39m
     [90m 481 |[39m 
        
[36mreturn[39m [35m
/Android|webOS|iPhone|
iPad|iPod|BlackBerry|I
EMobile|Opera Mini/i[
39m[33m.[39mtest(nav
igator[33m.[39muserA
gent)[33m;[39m
     [90m 482 |[39m 
    }
     [90m 483 
|[39m[0m

    [0m [90m 50 
|[39m
     [90m 51 |[39m  
       [90m// Import 
module[39m
    [31m[1m>[22m[3
9m[90m 52 |[39m     
    [36mconst[39m 
module [33m=[39m 
[36mawait[39m [36mi
mport[39m([32m'../sr
c/ui/MobileGestureMana
ger.js'[39m)[33m;[3
9m
     [90m    |[39m  
                      
[31m[1m^[22m[39m
     [90m 53 |[39m  
       [33mMobileGest
ureManager[39m 
[33m=[39m module[33
m.[39m[33mMobileGest
ureManager[39m[33m;
[39m
     [90m 54 |[39m  
       
     [90m 55 |[39m  
       gestureManager 
[33m=[39m 
[36mnew[39m [33mMob
ileGestureManager[39m
(mockCore)[33m;[39m
[0m

      at constructor (
node_modules/@babel/pa
rser/src/parse-error.t
s:95:45)
      at 
Parser.toParseError 
[as raise] (node_modul
es/@babel/parser/src/t
okenizer/index.ts:1503
:19)
      at Parser.raise 
[as semicolon] (node_m
odules/@babel/parser/s
rc/parser/util.ts:149:
10)
      at 
Parser.semicolon [as p
arseExpressionStatemen
t] (node_modules/@babe
l/parser/src/parser/st
atement.ts:1358:10)
      at Parser.parseE
xpressionStatement 
[as parseStatementCont
ent] (node_modules/@ba
bel/parser/src/parser/
statement.ts:697:19)
      at Parser.parseS
tatementContent [as 
parseStatementLike] (n
ode_modules/@babel/par
ser/src/parser/stateme
nt.ts:477:17)
      at Parser.parseS
tatementLike [as 
parseModuleItem] (node
_modules/@babel/parser
/src/parser/statement.
ts:414:17)
      at Parser.parseM
oduleItem [as parseBlo
ckOrModuleBlockBody] (
node_modules/@babel/pa
rser/src/parser/statem
ent.ts:1438:16)
      at Parser.parseB
lockOrModuleBlockBody 
[as parseBlockBody] (n
ode_modules/@babel/par
ser/src/parser/stateme
nt.ts:1412:10)
      at 
Parser.parseBlockBody 
[as parseProgram] (nod
e_modules/@babel/parse
r/src/parser/statement
.ts:229:10)
      at 
Parser.parseProgram 
[as parseTopLevel] (no
de_modules/@babel/pars
er/src/parser/statemen
t.ts:203:25)
      at 
Parser.parseTopLevel 
[as parse] (node_modul
es/@babel/parser/src/p
arser/index.ts:93:10)
      at parse (node_m
odules/@babel/parser/s
rc/index.ts:92:38)
      at parser (node_
modules/@babel/core/sr
c/parser/index.ts:28:1
9)
          at 
parser.next 
(<anonymous>)
      at 
normalizeFile (node_mo
dules/@babel/core/src/
transformation/normali
ze-file.ts:49:24)
          at 
normalizeFile.next 
(<anonymous>)
      at run (node_mod
ules/@babel/core/src/t
ransformation/index.ts
:40:36)
          at run.next 
(<anonymous>)
      at transform (no
de_modules/@babel/core
/src/transform.ts:29:2
0)
          at 
transform.next 
(<anonymous>)
      at evaluateSync 
(node_modules/gensync/
index.js:251:28)
      at sync (node_mo
dules/gensync/index.js
:89:14)
      at fn (node_modu
les/@babel/core/src/er
rors/rewrite-stack-tra
ce.ts:99:14)
      at 
transformSync (node_mo
dules/@babel/core/src/
transform.ts:66:52)
      at ScriptTransfo
rmer.transformSource (
node_modules/@jest/tra
nsform/build/ScriptTra
nsformer.js:545:31)
      at ScriptTransfo
rmer._transformAndBuil
dScript (node_modules/
@jest/transform/build/
ScriptTransformer.js:6
74:40)
      at ScriptTransfo
rmer.transform (node_m
odules/@jest/transform
/build/ScriptTransform
er.js:726:19)
      at require (test
/mobile-gesture-manage
r.test.js:52:24)
      at 
Object.<anonymous> (te
st/mobile-gesture-mana
ger.test.js:52:24)

  ΓùÅ 
MobileGestureManager 
ΓÇ║ Gesture 
Recognition ΓÇ║ 
should recognize pan 
gesture

    Jest encountered 
an unexpected token

    Jest failed to 
parse a file. This 
happens e.g. when 
your code or its 
dependencies use 
non-standard 
JavaScript syntax, or 
when Jest is not 
configured to support 
such syntax.

    Out of the box 
Jest supports Babel, 
which will be used to 
transform your files 
into valid JS based 
on your Babel 
configuration.

    By default 
"node_modules" folder 
is ignored by 
transformers.

    Here's what you 
can do:
     ΓÇó If you are 
trying to use 
ECMAScript Modules, 
see https://jestjs.io/
docs/ecmascript-module
s for how to enable 
it.
     ΓÇó If you are 
trying to use 
TypeScript, see https:
//jestjs.io/docs/getti
ng-started#using-types
cript
     ΓÇó To have some 
of your 
"node_modules" files 
transformed, you can 
specify a custom "tran
sformIgnorePatterns" 
in your config.
     ΓÇó If you need 
a custom 
transformation 
specify a "transform" 
option in your config.
     ΓÇó If you 
simply want to mock 
your non-JS modules 
(e.g. binary assets) 
you can stub them out 
with the 
"moduleNameMapper" 
config option.

    You'll find more 
details and examples 
of these config 
options in the docs:
    https://jestjs.io/
docs/configuration
    For information 
about custom 
transformations, see:
    https://jestjs.io/
docs/code-transformati
on

    Details:

    SyntaxError: C:\Wo
rkspace_Melbin\fun_web
sites\3d_model_viewer\
src\ui\MobileGestureMa
nager.js: Missing 
semicolon. (480:20)

    [0m [90m 478 
|[39m [90m     * 
Check if device is 
mobile[39m
     [90m 479 |[39m 
[90m     */[39m
    [31m[1m>[22m[3
9m[90m 480 |[39m    
 isMobileDevice() {
     [90m     |[39m 
                    
[31m[1m^[22m[39m
     [90m 481 |[39m 
        
[36mreturn[39m [35m
/Android|webOS|iPhone|
iPad|iPod|BlackBerry|I
EMobile|Opera Mini/i[
39m[33m.[39mtest(nav
igator[33m.[39muserA
gent)[33m;[39m
     [90m 482 |[39m 
    }
     [90m 483 
|[39m[0m

    [0m [90m 50 
|[39m
     [90m 51 |[39m  
       [90m// Import 
module[39m
    [31m[1m>[22m[3
9m[90m 52 |[39m     
    [36mconst[39m 
module [33m=[39m 
[36mawait[39m [36mi
mport[39m([32m'../sr
c/ui/MobileGestureMana
ger.js'[39m)[33m;[3
9m
     [90m    |[39m  
                      
[31m[1m^[22m[39m
     [90m 53 |[39m  
       [33mMobileGest
ureManager[39m 
[33m=[39m module[33
m.[39m[33mMobileGest
ureManager[39m[33m;
[39m
     [90m 54 |[39m  
       
     [90m 55 |[39m  
       gestureManager 
[33m=[39m 
[36mnew[39m [33mMob
ileGestureManager[39m
(mockCore)[33m;[39m
[0m

      at constructor (
node_modules/@babel/pa
rser/src/parse-error.t
s:95:45)
      at 
Parser.toParseError 
[as raise] (node_modul
es/@babel/parser/src/t
okenizer/index.ts:1503
:19)
      at Parser.raise 
[as semicolon] (node_m
odules/@babel/parser/s
rc/parser/util.ts:149:
10)
      at 
Parser.semicolon [as p
arseExpressionStatemen
t] (node_modules/@babe
l/parser/src/parser/st
atement.ts:1358:10)
      at Parser.parseE
xpressionStatement 
[as parseStatementCont
ent] (node_modules/@ba
bel/parser/src/parser/
statement.ts:697:19)
      at Parser.parseS
tatementContent [as 
parseStatementLike] (n
ode_modules/@babel/par
ser/src/parser/stateme
nt.ts:477:17)
      at Parser.parseS
tatementLike [as 
parseModuleItem] (node
_modules/@babel/parser
/src/parser/statement.
ts:414:17)
      at Parser.parseM
oduleItem [as parseBlo
ckOrModuleBlockBody] (
node_modules/@babel/pa
rser/src/parser/statem
ent.ts:1438:16)
      at Parser.parseB
lockOrModuleBlockBody 
[as parseBlockBody] (n
ode_modules/@babel/par
ser/src/parser/stateme
nt.ts:1412:10)
      at 
Parser.parseBlockBody 
[as parseProgram] (nod
e_modules/@babel/parse
r/src/parser/statement
.ts:229:10)
      at 
Parser.parseProgram 
[as parseTopLevel] (no
de_modules/@babel/pars
er/src/parser/statemen
t.ts:203:25)
      at 
Parser.parseTopLevel 
[as parse] (node_modul
es/@babel/parser/src/p
arser/index.ts:93:10)
      at parse (node_m
odules/@babel/parser/s
rc/index.ts:92:38)
      at parser (node_
modules/@babel/core/sr
c/parser/index.ts:28:1
9)
          at 
parser.next 
(<anonymous>)
      at 
normalizeFile (node_mo
dules/@babel/core/src/
transformation/normali
ze-file.ts:49:24)
          at 
normalizeFile.next 
(<anonymous>)
      at run (node_mod
ules/@babel/core/src/t
ransformation/index.ts
:40:36)
          at run.next 
(<anonymous>)
      at transform (no
de_modules/@babel/core
/src/transform.ts:29:2
0)
          at 
transform.next 
(<anonymous>)
      at evaluateSync 
(node_modules/gensync/
index.js:251:28)
      at sync (node_mo
dules/gensync/index.js
:89:14)
      at fn (node_modu
les/@babel/core/src/er
rors/rewrite-stack-tra
ce.ts:99:14)
      at 
transformSync (node_mo
dules/@babel/core/src/
transform.ts:66:52)
      at ScriptTransfo
rmer.transformSource (
node_modules/@jest/tra
nsform/build/ScriptTra
nsformer.js:545:31)
      at ScriptTransfo
rmer._transformAndBuil
dScript (node_modules/
@jest/transform/build/
ScriptTransformer.js:6
74:40)
      at ScriptTransfo
rmer.transform (node_m
odules/@jest/transform
/build/ScriptTransform
er.js:726:19)
      at require (test
/mobile-gesture-manage
r.test.js:52:24)
      at 
Object.<anonymous> (te
st/mobile-gesture-mana
ger.test.js:52:24)

  ΓùÅ 
MobileGestureManager 
ΓÇ║ Gesture 
Recognition ΓÇ║ 
should recognize long 
press gesture

    Jest encountered 
an unexpected token

    Jest failed to 
parse a file. This 
happens e.g. when 
your code or its 
dependencies use 
non-standard 
JavaScript syntax, or 
when Jest is not 
configured to support 
such syntax.

    Out of the box 
Jest supports Babel, 
which will be used to 
transform your files 
into valid JS based 
on your Babel 
configuration.

    By default 
"node_modules" folder 
is ignored by 
transformers.

    Here's what you 
can do:
     ΓÇó If you are 
trying to use 
ECMAScript Modules, 
see https://jestjs.io/
docs/ecmascript-module
s for how to enable 
it.
     ΓÇó If you are 
trying to use 
TypeScript, see https:
//jestjs.io/docs/getti
ng-started#using-types
cript
     ΓÇó To have some 
of your 
"node_modules" files 
transformed, you can 
specify a custom "tran
sformIgnorePatterns" 
in your config.
     ΓÇó If you need 
a custom 
transformation 
specify a "transform" 
option in your config.
     ΓÇó If you 
simply want to mock 
your non-JS modules 
(e.g. binary assets) 
you can stub them out 
with the 
"moduleNameMapper" 
config option.

    You'll find more 
details and examples 
of these config 
options in the docs:
    https://jestjs.io/
docs/configuration
    For information 
about custom 
transformations, see:
    https://jestjs.io/
docs/code-transformati
on

    Details:

    SyntaxError: C:\Wo
rkspace_Melbin\fun_web
sites\3d_model_viewer\
src\ui\MobileGestureMa
nager.js: Missing 
semicolon. (480:20)

    [0m [90m 478 
|[39m [90m     * 
Check if device is 
mobile[39m
     [90m 479 |[39m 
[90m     */[39m
    [31m[1m>[22m[3
9m[90m 480 |[39m    
 isMobileDevice() {
     [90m     |[39m 
                    
[31m[1m^[22m[39m
     [90m 481 |[39m 
        
[36mreturn[39m [35m
/Android|webOS|iPhone|
iPad|iPod|BlackBerry|I
EMobile|Opera Mini/i[
39m[33m.[39mtest(nav
igator[33m.[39muserA
gent)[33m;[39m
     [90m 482 |[39m 
    }
     [90m 483 
|[39m[0m

    [0m [90m 50 
|[39m
     [90m 51 |[39m  
       [90m// Import 
module[39m
    [31m[1m>[22m[3
9m[90m 52 |[39m     
    [36mconst[39m 
module [33m=[39m 
[36mawait[39m [36mi
mport[39m([32m'../sr
c/ui/MobileGestureMana
ger.js'[39m)[33m;[3
9m
     [90m    |[39m  
                      
[31m[1m^[22m[39m
     [90m 53 |[39m  
       [33mMobileGest
ureManager[39m 
[33m=[39m module[33
m.[39m[33mMobileGest
ureManager[39m[33m;
[39m
     [90m 54 |[39m  
       
     [90m 55 |[39m  
       gestureManager 
[33m=[39m 
[36mnew[39m [33mMob
ileGestureManager[39m
(mockCore)[33m;[39m
[0m

      at constructor (
node_modules/@babel/pa
rser/src/parse-error.t
s:95:45)
      at 
Parser.toParseError 
[as raise] (node_modul
es/@babel/parser/src/t
okenizer/index.ts:1503
:19)
      at Parser.raise 
[as semicolon] (node_m
odules/@babel/parser/s
rc/parser/util.ts:149:
10)
      at 
Parser.semicolon [as p
arseExpressionStatemen
t] (node_modules/@babe
l/parser/src/parser/st
atement.ts:1358:10)
      at Parser.parseE
xpressionStatement 
[as parseStatementCont
ent] (node_modules/@ba
bel/parser/src/parser/
statement.ts:697:19)
      at Parser.parseS
tatementContent [as 
parseStatementLike] (n
ode_modules/@babel/par
ser/src/parser/stateme
nt.ts:477:17)
      at Parser.parseS
tatementLike [as 
parseModuleItem] (node
_modules/@babel/parser
/src/parser/statement.
ts:414:17)
      at Parser.parseM
oduleItem [as parseBlo
ckOrModuleBlockBody] (
node_modules/@babel/pa
rser/src/parser/statem
ent.ts:1438:16)
      at Parser.parseB
lockOrModuleBlockBody 
[as parseBlockBody] (n
ode_modules/@babel/par
ser/src/parser/stateme
nt.ts:1412:10)
      at 
Parser.parseBlockBody 
[as parseProgram] (nod
e_modules/@babel/parse
r/src/parser/statement
.ts:229:10)
      at 
Parser.parseProgram 
[as parseTopLevel] (no
de_modules/@babel/pars
er/src/parser/statemen
t.ts:203:25)
      at 
Parser.parseTopLevel 
[as parse] (node_modul
es/@babel/parser/src/p
arser/index.ts:93:10)
      at parse (node_m
odules/@babel/parser/s
rc/index.ts:92:38)
      at parser (node_
modules/@babel/core/sr
c/parser/index.ts:28:1
9)
          at 
parser.next 
(<anonymous>)
      at 
normalizeFile (node_mo
dules/@babel/core/src/
transformation/normali
ze-file.ts:49:24)
          at 
normalizeFile.next 
(<anonymous>)
      at run (node_mod
ules/@babel/core/src/t
ransformation/index.ts
:40:36)
          at run.next 
(<anonymous>)
      at transform (no
de_modules/@babel/core
/src/transform.ts:29:2
0)
          at 
transform.next 
(<anonymous>)
      at evaluateSync 
(node_modules/gensync/
index.js:251:28)
      at sync (node_mo
dules/gensync/index.js
:89:14)
      at fn (node_modu
les/@babel/core/src/er
rors/rewrite-stack-tra
ce.ts:99:14)
      at 
transformSync (node_mo
dules/@babel/core/src/
transform.ts:66:52)
      at ScriptTransfo
rmer.transformSource (
node_modules/@jest/tra
nsform/build/ScriptTra
nsformer.js:545:31)
      at ScriptTransfo
rmer._transformAndBuil
dScript (node_modules/
@jest/transform/build/
ScriptTransformer.js:6
74:40)
      at ScriptTransfo
rmer.transform (node_m
odules/@jest/transform
/build/ScriptTransform
er.js:726:19)
      at require (test
/mobile-gesture-manage
r.test.js:52:24)
      at 
Object.<anonymous> (te
st/mobile-gesture-mana
ger.test.js:52:24)

  ΓùÅ 
MobileGestureManager 
ΓÇ║ Haptic Feedback 
ΓÇ║ should trigger 
haptic feedback on tap

    Jest encountered 
an unexpected token

    Jest failed to 
parse a file. This 
happens e.g. when 
your code or its 
dependencies use 
non-standard 
JavaScript syntax, or 
when Jest is not 
configured to support 
such syntax.

    Out of the box 
Jest supports Babel, 
which will be used to 
transform your files 
into valid JS based 
on your Babel 
configuration.

    By default 
"node_modules" folder 
is ignored by 
transformers.

    Here's what you 
can do:
     ΓÇó If you are 
trying to use 
ECMAScript Modules, 
see https://jestjs.io/
docs/ecmascript-module
s for how to enable 
it.
     ΓÇó If you are 
trying to use 
TypeScript, see https:
//jestjs.io/docs/getti
ng-started#using-types
cript
     ΓÇó To have some 
of your 
"node_modules" files 
transformed, you can 
specify a custom "tran
sformIgnorePatterns" 
in your config.
     ΓÇó If you need 
a custom 
transformation 
specify a "transform" 
option in your config.
     ΓÇó If you 
simply want to mock 
your non-JS modules 
(e.g. binary assets) 
you can stub them out 
with the 
"moduleNameMapper" 
config option.

    You'll find more 
details and examples 
of these config 
options in the docs:
    https://jestjs.io/
docs/configuration
    For information 
about custom 
transformations, see:
    https://jestjs.io/
docs/code-transformati
on

    Details:

    SyntaxError: C:\Wo
rkspace_Melbin\fun_web
sites\3d_model_viewer\
src\ui\MobileGestureMa
nager.js: Missing 
semicolon. (480:20)

    [0m [90m 478 
|[39m [90m     * 
Check if device is 
mobile[39m
     [90m 479 |[39m 
[90m     */[39m
    [31m[1m>[22m[3
9m[90m 480 |[39m    
 isMobileDevice() {
     [90m     |[39m 
                    
[31m[1m^[22m[39m
     [90m 481 |[39m 
        
[36mreturn[39m [35m
/Android|webOS|iPhone|
iPad|iPod|BlackBerry|I
EMobile|Opera Mini/i[
39m[33m.[39mtest(nav
igator[33m.[39muserA
gent)[33m;[39m
     [90m 482 |[39m 
    }
     [90m 483 
|[39m[0m

    [0m [90m 50 
|[39m
     [90m 51 |[39m  
       [90m// Import 
module[39m
    [31m[1m>[22m[3
9m[90m 52 |[39m     
    [36mconst[39m 
module [33m=[39m 
[36mawait[39m [36mi
mport[39m([32m'../sr
c/ui/MobileGestureMana
ger.js'[39m)[33m;[3
9m
     [90m    |[39m  
                      
[31m[1m^[22m[39m
     [90m 53 |[39m  
       [33mMobileGest
ureManager[39m 
[33m=[39m module[33
m.[39m[33mMobileGest
ureManager[39m[33m;
[39m
     [90m 54 |[39m  
       
     [90m 55 |[39m  
       gestureManager 
[33m=[39m 
[36mnew[39m [33mMob
ileGestureManager[39m
(mockCore)[33m;[39m
[0m

      at constructor (
node_modules/@babel/pa
rser/src/parse-error.t
s:95:45)
      at 
Parser.toParseError 
[as raise] (node_modul
es/@babel/parser/src/t
okenizer/index.ts:1503
:19)
      at Parser.raise 
[as semicolon] (node_m
odules/@babel/parser/s
rc/parser/util.ts:149:
10)
      at 
Parser.semicolon [as p
arseExpressionStatemen
t] (node_modules/@babe
l/parser/src/parser/st
atement.ts:1358:10)
      at Parser.parseE
xpressionStatement 
[as parseStatementCont
ent] (node_modules/@ba
bel/parser/src/parser/
statement.ts:697:19)
      at Parser.parseS
tatementContent [as 
parseStatementLike] (n
ode_modules/@babel/par
ser/src/parser/stateme
nt.ts:477:17)
      at Parser.parseS
tatementLike [as 
parseModuleItem] (node
_modules/@babel/parser
/src/parser/statement.
ts:414:17)
      at Parser.parseM
oduleItem [as parseBlo
ckOrModuleBlockBody] (
node_modules/@babel/pa
rser/src/parser/statem
ent.ts:1438:16)
      at Parser.parseB
lockOrModuleBlockBody 
[as parseBlockBody] (n
ode_modules/@babel/par
ser/src/parser/stateme
nt.ts:1412:10)
      at 
Parser.parseBlockBody 
[as parseProgram] (nod
e_modules/@babel/parse
r/src/parser/statement
.ts:229:10)
      at 
Parser.parseProgram 
[as parseTopLevel] (no
de_modules/@babel/pars
er/src/parser/statemen
t.ts:203:25)
      at 
Parser.parseTopLevel 
[as parse] (node_modul
es/@babel/parser/src/p
arser/index.ts:93:10)
      at parse (node_m
odules/@babel/parser/s
rc/index.ts:92:38)
      at parser (node_
modules/@babel/core/sr
c/parser/index.ts:28:1
9)
          at 
parser.next 
(<anonymous>)
      at 
normalizeFile (node_mo
dules/@babel/core/src/
transformation/normali
ze-file.ts:49:24)
          at 
normalizeFile.next 
(<anonymous>)
      at run (node_mod
ules/@babel/core/src/t
ransformation/index.ts
:40:36)
          at run.next 
(<anonymous>)
      at transform (no
de_modules/@babel/core
/src/transform.ts:29:2
0)
          at 
transform.next 
(<anonymous>)
      at evaluateSync 
(node_modules/gensync/
index.js:251:28)
      at sync (node_mo
dules/gensync/index.js
:89:14)
      at fn (node_modu
les/@babel/core/src/er
rors/rewrite-stack-tra
ce.ts:99:14)
      at 
transformSync (node_mo
dules/@babel/core/src/
transform.ts:66:52)
      at ScriptTransfo
rmer.transformSource (
node_modules/@jest/tra
nsform/build/ScriptTra
nsformer.js:545:31)
      at ScriptTransfo
rmer._transformAndBuil
dScript (node_modules/
@jest/transform/build/
ScriptTransformer.js:6
74:40)
      at ScriptTransfo
rmer.transform (node_m
odules/@jest/transform
/build/ScriptTransform
er.js:726:19)
      at require (test
/mobile-gesture-manage
r.test.js:52:24)
      at 
Object.<anonymous> (te
st/mobile-gesture-mana
ger.test.js:52:24)

  ΓùÅ 
MobileGestureManager 
ΓÇ║ Haptic Feedback 
ΓÇ║ should use 
different patterns 
for different gestures

    Jest encountered 
an unexpected token

    Jest failed to 
parse a file. This 
happens e.g. when 
your code or its 
dependencies use 
non-standard 
JavaScript syntax, or 
when Jest is not 
configured to support 
such syntax.

    Out of the box 
Jest supports Babel, 
which will be used to 
transform your files 
into valid JS based 
on your Babel 
configuration.

    By default 
"node_modules" folder 
is ignored by 
transformers.

    Here's what you 
can do:
     ΓÇó If you are 
trying to use 
ECMAScript Modules, 
see https://jestjs.io/
docs/ecmascript-module
s for how to enable 
it.
     ΓÇó If you are 
trying to use 
TypeScript, see https:
//jestjs.io/docs/getti
ng-started#using-types
cript
     ΓÇó To have some 
of your 
"node_modules" files 
transformed, you can 
specify a custom "tran
sformIgnorePatterns" 
in your config.
     ΓÇó If you need 
a custom 
transformation 
specify a "transform" 
option in your config.
     ΓÇó If you 
simply want to mock 
your non-JS modules 
(e.g. binary assets) 
you can stub them out 
with the 
"moduleNameMapper" 
config option.

    You'll find more 
details and examples 
of these config 
options in the docs:
    https://jestjs.io/
docs/configuration
    For information 
about custom 
transformations, see:
    https://jestjs.io/
docs/code-transformati
on

    Details:

    SyntaxError: C:\Wo
rkspace_Melbin\fun_web
sites\3d_model_viewer\
src\ui\MobileGestureMa
nager.js: Missing 
semicolon. (480:20)

    [0m [90m 478 
|[39m [90m     * 
Check if device is 
mobile[39m
     [90m 479 |[39m 
[90m     */[39m
    [31m[1m>[22m[3
9m[90m 480 |[39m    
 isMobileDevice() {
     [90m     |[39m 
                    
[31m[1m^[22m[39m
     [90m 481 |[39m 
        
[36mreturn[39m [35m
/Android|webOS|iPhone|
iPad|iPod|BlackBerry|I
EMobile|Opera Mini/i[
39m[33m.[39mtest(nav
igator[33m.[39muserA
gent)[33m;[39m
     [90m 482 |[39m 
    }
     [90m 483 
|[39m[0m

    [0m [90m 50 
|[39m
     [90m 51 |[39m  
       [90m// Import 
module[39m
    [31m[1m>[22m[3
9m[90m 52 |[39m     
    [36mconst[39m 
module [33m=[39m 
[36mawait[39m [36mi
mport[39m([32m'../sr
c/ui/MobileGestureMana
ger.js'[39m)[33m;[3
9m
     [90m    |[39m  
                      
[31m[1m^[22m[39m
     [90m 53 |[39m  
       [33mMobileGest
ureManager[39m 
[33m=[39m module[33
m.[39m[33mMobileGest
ureManager[39m[33m;
[39m
     [90m 54 |[39m  
       
     [90m 55 |[39m  
       gestureManager 
[33m=[39m 
[36mnew[39m [33mMob
ileGestureManager[39m
(mockCore)[33m;[39m
[0m

      at constructor (
node_modules/@babel/pa
rser/src/parse-error.t
s:95:45)
      at 
Parser.toParseError 
[as raise] (node_modul
es/@babel/parser/src/t
okenizer/index.ts:1503
:19)
      at Parser.raise 
[as semicolon] (node_m
odules/@babel/parser/s
rc/parser/util.ts:149:
10)
      at 
Parser.semicolon [as p
arseExpressionStatemen
t] (node_modules/@babe
l/parser/src/parser/st
atement.ts:1358:10)
      at Parser.parseE
xpressionStatement 
[as parseStatementCont
ent] (node_modules/@ba
bel/parser/src/parser/
statement.ts:697:19)
      at Parser.parseS
tatementContent [as 
parseStatementLike] (n
ode_modules/@babel/par
ser/src/parser/stateme
nt.ts:477:17)
      at Parser.parseS
tatementLike [as 
parseModuleItem] (node
_modules/@babel/parser
/src/parser/statement.
ts:414:17)
      at Parser.parseM
oduleItem [as parseBlo
ckOrModuleBlockBody] (
node_modules/@babel/pa
rser/src/parser/statem
ent.ts:1438:16)
      at Parser.parseB
lockOrModuleBlockBody 
[as parseBlockBody] (n
ode_modules/@babel/par
ser/src/parser/stateme
nt.ts:1412:10)
      at 
Parser.parseBlockBody 
[as parseProgram] (nod
e_modules/@babel/parse
r/src/parser/statement
.ts:229:10)
      at 
Parser.parseProgram 
[as parseTopLevel] (no
de_modules/@babel/pars
er/src/parser/statemen
t.ts:203:25)
      at 
Parser.parseTopLevel 
[as parse] (node_modul
es/@babel/parser/src/p
arser/index.ts:93:10)
      at parse (node_m
odules/@babel/parser/s
rc/index.ts:92:38)
      at parser (node_
modules/@babel/core/sr
c/parser/index.ts:28:1
9)
          at 
parser.next 
(<anonymous>)
      at 
normalizeFile (node_mo
dules/@babel/core/src/
transformation/normali
ze-file.ts:49:24)
          at 
normalizeFile.next 
(<anonymous>)
      at run (node_mod
ules/@babel/core/src/t
ransformation/index.ts
:40:36)
          at run.next 
(<anonymous>)
      at transform (no
de_modules/@babel/core
/src/transform.ts:29:2
0)
          at 
transform.next 
(<anonymous>)
      at evaluateSync 
(node_modules/gensync/
index.js:251:28)
      at sync (node_mo
dules/gensync/index.js
:89:14)
      at fn (node_modu
les/@babel/core/src/er
rors/rewrite-stack-tra
ce.ts:99:14)
      at 
transformSync (node_mo
dules/@babel/core/src/
transform.ts:66:52)
      at ScriptTransfo
rmer.transformSource (
node_modules/@jest/tra
nsform/build/ScriptTra
nsformer.js:545:31)
      at ScriptTransfo
rmer._transformAndBuil
dScript (node_modules/
@jest/transform/build/
ScriptTransformer.js:6
74:40)
      at ScriptTransfo
rmer.transform (node_m
odules/@jest/transform
/build/ScriptTransform
er.js:726:19)
      at require (test
/mobile-gesture-manage
r.test.js:52:24)
      at 
Object.<anonymous> (te
st/mobile-gesture-mana
ger.test.js:52:24)

  ΓùÅ 
MobileGestureManager 
ΓÇ║ Haptic Feedback 
ΓÇ║ should allow 
disabling haptic 
feedback

    Jest encountered 
an unexpected token

    Jest failed to 
parse a file. This 
happens e.g. when 
your code or its 
dependencies use 
non-standard 
JavaScript syntax, or 
when Jest is not 
configured to support 
such syntax.

    Out of the box 
Jest supports Babel, 
which will be used to 
transform your files 
into valid JS based 
on your Babel 
configuration.

    By default 
"node_modules" folder 
is ignored by 
transformers.

    Here's what you 
can do:
     ΓÇó If you are 
trying to use 
ECMAScript Modules, 
see https://jestjs.io/
docs/ecmascript-module
s for how to enable 
it.
     ΓÇó If you are 
trying to use 
TypeScript, see https:
//jestjs.io/docs/getti
ng-started#using-types
cript
     ΓÇó To have some 
of your 
"node_modules" files 
transformed, you can 
specify a custom "tran
sformIgnorePatterns" 
in your config.
     ΓÇó If you need 
a custom 
transformation 
specify a "transform" 
option in your config.
     ΓÇó If you 
simply want to mock 
your non-JS modules 
(e.g. binary assets) 
you can stub them out 
with the 
"moduleNameMapper" 
config option.

    You'll find more 
details and examples 
of these config 
options in the docs:
    https://jestjs.io/
docs/configuration
    For information 
about custom 
transformations, see:
    https://jestjs.io/
docs/code-transformati
on

    Details:

    SyntaxError: C:\Wo
rkspace_Melbin\fun_web
sites\3d_model_viewer\
src\ui\MobileGestureMa
nager.js: Missing 
semicolon. (480:20)

    [0m [90m 478 
|[39m [90m     * 
Check if device is 
mobile[39m
     [90m 479 |[39m 
[90m     */[39m
    [31m[1m>[22m[3
9m[90m 480 |[39m    
 isMobileDevice() {
     [90m     |[39m 
                    
[31m[1m^[22m[39m
     [90m 481 |[39m 
        
[36mreturn[39m [35m
/Android|webOS|iPhone|
iPad|iPod|BlackBerry|I
EMobile|Opera Mini/i[
39m[33m.[39mtest(nav
igator[33m.[39muserA
gent)[33m;[39m
     [90m 482 |[39m 
    }
     [90m 483 
|[39m[0m

    [0m [90m 50 
|[39m
     [90m 51 |[39m  
       [90m// Import 
module[39m
    [31m[1m>[22m[3
9m[90m 52 |[39m     
    [36mconst[39m 
module [33m=[39m 
[36mawait[39m [36mi
mport[39m([32m'../sr
c/ui/MobileGestureMana
ger.js'[39m)[33m;[3
9m
     [90m    |[39m  
                      
[31m[1m^[22m[39m
     [90m 53 |[39m  
       [33mMobileGest
ureManager[39m 
[33m=[39m module[33
m.[39m[33mMobileGest
ureManager[39m[33m;
[39m
     [90m 54 |[39m  
       
     [90m 55 |[39m  
       gestureManager 
[33m=[39m 
[36mnew[39m [33mMob
ileGestureManager[39m
(mockCore)[33m;[39m
[0m

      at constructor (
node_modules/@babel/pa
rser/src/parse-error.t
s:95:45)
      at 
Parser.toParseError 
[as raise] (node_modul
es/@babel/parser/src/t
okenizer/index.ts:1503
:19)
      at Parser.raise 
[as semicolon] (node_m
odules/@babel/parser/s
rc/parser/util.ts:149:
10)
      at 
Parser.semicolon [as p
arseExpressionStatemen
t] (node_modules/@babe
l/parser/src/parser/st
atement.ts:1358:10)
      at Parser.parseE
xpressionStatement 
[as parseStatementCont
ent] (node_modules/@ba
bel/parser/src/parser/
statement.ts:697:19)
      at Parser.parseS
tatementContent [as 
parseStatementLike] (n
ode_modules/@babel/par
ser/src/parser/stateme
nt.ts:477:17)
      at Parser.parseS
tatementLike [as 
parseModuleItem] (node
_modules/@babel/parser
/src/parser/statement.
ts:414:17)
      at Parser.parseM
oduleItem [as parseBlo
ckOrModuleBlockBody] (
node_modules/@babel/pa
rser/src/parser/statem
ent.ts:1438:16)
      at Parser.parseB
lockOrModuleBlockBody 
[as parseBlockBody] (n
ode_modules/@babel/par
ser/src/parser/stateme
nt.ts:1412:10)
      at 
Parser.parseBlockBody 
[as parseProgram] (nod
e_modules/@babel/parse
r/src/parser/statement
.ts:229:10)
      at 
Parser.parseProgram 
[as parseTopLevel] (no
de_modules/@babel/pars
er/src/parser/statemen
t.ts:203:25)
      at 
Parser.parseTopLevel 
[as parse] (node_modul
es/@babel/parser/src/p
arser/index.ts:93:10)
      at parse (node_m
odules/@babel/parser/s
rc/index.ts:92:38)
      at parser (node_
modules/@babel/core/sr
c/parser/index.ts:28:1
9)
          at 
parser.next 
(<anonymous>)
      at 
normalizeFile (node_mo
dules/@babel/core/src/
transformation/normali
ze-file.ts:49:24)
          at 
normalizeFile.next 
(<anonymous>)
      at run (node_mod
ules/@babel/core/src/t
ransformation/index.ts
:40:36)
          at run.next 
(<anonymous>)
      at transform (no
de_modules/@babel/core
/src/transform.ts:29:2
0)
          at 
transform.next 
(<anonymous>)
      at evaluateSync 
(node_modules/gensync/
index.js:251:28)
      at sync (node_mo
dules/gensync/index.js
:89:14)
      at fn (node_modu
les/@babel/core/src/er
rors/rewrite-stack-tra
ce.ts:99:14)
      at 
transformSync (node_mo
dules/@babel/core/src/
transform.ts:66:52)
      at ScriptTransfo
rmer.transformSource (
node_modules/@jest/tra
nsform/build/ScriptTra
nsformer.js:545:31)
      at ScriptTransfo
rmer._transformAndBuil
dScript (node_modules/
@jest/transform/build/
ScriptTransformer.js:6
74:40)
      at ScriptTransfo
rmer.transform (node_m
odules/@jest/transform
/build/ScriptTransform
er.js:726:19)
      at require (test
/mobile-gesture-manage
r.test.js:52:24)
      at 
Object.<anonymous> (te
st/mobile-gesture-mana
ger.test.js:52:24)

  ΓùÅ 
MobileGestureManager 
ΓÇ║ Haptic Feedback 
ΓÇ║ should handle 
missing vibrate API 
gracefully

    Jest encountered 
an unexpected token

    Jest failed to 
parse a file. This 
happens e.g. when 
your code or its 
dependencies use 
non-standard 
JavaScript syntax, or 
when Jest is not 
configured to support 
such syntax.

    Out of the box 
Jest supports Babel, 
which will be used to 
transform your files 
into valid JS based 
on your Babel 
configuration.

    By default 
"node_modules" folder 
is ignored by 
transformers.

    Here's what you 
can do:
     ΓÇó If you are 
trying to use 
ECMAScript Modules, 
see https://jestjs.io/
docs/ecmascript-module
s for how to enable 
it.
     ΓÇó If you are 
trying to use 
TypeScript, see https:
//jestjs.io/docs/getti
ng-started#using-types
cript
     ΓÇó To have some 
of your 
"node_modules" files 
transformed, you can 
specify a custom "tran
sformIgnorePatterns" 
in your config.
     ΓÇó If you need 
a custom 
transformation 
specify a "transform" 
option in your config.
     ΓÇó If you 
simply want to mock 
your non-JS modules 
(e.g. binary assets) 
you can stub them out 
with the 
"moduleNameMapper" 
config option.

    You'll find more 
details and examples 
of these config 
options in the docs:
    https://jestjs.io/
docs/configuration
    For information 
about custom 
transformations, see:
    https://jestjs.io/
docs/code-transformati
on

    Details:

    SyntaxError: C:\Wo
rkspace_Melbin\fun_web
sites\3d_model_viewer\
src\ui\MobileGestureMa
nager.js: Missing 
semicolon. (480:20)

    [0m [90m 478 
|[39m [90m     * 
Check if device is 
mobile[39m
     [90m 479 |[39m 
[90m     */[39m
    [31m[1m>[22m[3
9m[90m 480 |[39m    
 isMobileDevice() {
     [90m     |[39m 
                    
[31m[1m^[22m[39m
     [90m 481 |[39m 
        
[36mreturn[39m [35m
/Android|webOS|iPhone|
iPad|iPod|BlackBerry|I
EMobile|Opera Mini/i[
39m[33m.[39mtest(nav
igator[33m.[39muserA
gent)[33m;[39m
     [90m 482 |[39m 
    }
     [90m 483 
|[39m[0m

    [0m [90m 50 
|[39m
     [90m 51 |[39m  
       [90m// Import 
module[39m
    [31m[1m>[22m[3
9m[90m 52 |[39m     
    [36mconst[39m 
module [33m=[39m 
[36mawait[39m [36mi
mport[39m([32m'../sr
c/ui/MobileGestureMana
ger.js'[39m)[33m;[3
9m
     [90m    |[39m  
                      
[31m[1m^[22m[39m
     [90m 53 |[39m  
       [33mMobileGest
ureManager[39m 
[33m=[39m module[33
m.[39m[33mMobileGest
ureManager[39m[33m;
[39m
     [90m 54 |[39m  
       
     [90m 55 |[39m  
       gestureManager 
[33m=[39m 
[36mnew[39m [33mMob
ileGestureManager[39m
(mockCore)[33m;[39m
[0m

      at constructor (
node_modules/@babel/pa
rser/src/parse-error.t
s:95:45)
      at 
Parser.toParseError 
[as raise] (node_modul
es/@babel/parser/src/t
okenizer/index.ts:1503
:19)
      at Parser.raise 
[as semicolon] (node_m
odules/@babel/parser/s
rc/parser/util.ts:149:
10)
      at 
Parser.semicolon [as p
arseExpressionStatemen
t] (node_modules/@babe
l/parser/src/parser/st
atement.ts:1358:10)
      at Parser.parseE
xpressionStatement 
[as parseStatementCont
ent] (node_modules/@ba
bel/parser/src/parser/
statement.ts:697:19)
      at Parser.parseS
tatementContent [as 
parseStatementLike] (n
ode_modules/@babel/par
ser/src/parser/stateme
nt.ts:477:17)
      at Parser.parseS
tatementLike [as 
parseModuleItem] (node
_modules/@babel/parser
/src/parser/statement.
ts:414:17)
      at Parser.parseM
oduleItem [as parseBlo
ckOrModuleBlockBody] (
node_modules/@babel/pa
rser/src/parser/statem
ent.ts:1438:16)
      at Parser.parseB
lockOrModuleBlockBody 
[as parseBlockBody] (n
ode_modules/@babel/par
ser/src/parser/stateme
nt.ts:1412:10)
      at 
Parser.parseBlockBody 
[as parseProgram] (nod
e_modules/@babel/parse
r/src/parser/statement
.ts:229:10)
      at 
Parser.parseProgram 
[as parseTopLevel] (no
de_modules/@babel/pars
er/src/parser/statemen
t.ts:203:25)
      at 
Parser.parseTopLevel 
[as parse] (node_modul
es/@babel/parser/src/p
arser/index.ts:93:10)
      at parse (node_m
odules/@babel/parser/s
rc/index.ts:92:38)
      at parser (node_
modules/@babel/core/sr
c/parser/index.ts:28:1
9)
          at 
parser.next 
(<anonymous>)
      at 
normalizeFile (node_mo
dules/@babel/core/src/
transformation/normali
ze-file.ts:49:24)
          at 
normalizeFile.next 
(<anonymous>)
      at run (node_mod
ules/@babel/core/src/t
ransformation/index.ts
:40:36)
          at run.next 
(<anonymous>)
      at transform (no
de_modules/@babel/core
/src/transform.ts:29:2
0)
          at 
transform.next 
(<anonymous>)
      at evaluateSync 
(node_modules/gensync/
index.js:251:28)
      at sync (node_mo
dules/gensync/index.js
:89:14)
      at fn (node_modu
les/@babel/core/src/er
rors/rewrite-stack-tra
ce.ts:99:14)
      at 
transformSync (node_mo
dules/@babel/core/src/
transform.ts:66:52)
      at ScriptTransfo
rmer.transformSource (
node_modules/@jest/tra
nsform/build/ScriptTra
nsformer.js:545:31)
      at ScriptTransfo
rmer._transformAndBuil
dScript (node_modules/
@jest/transform/build/
ScriptTransformer.js:6
74:40)
      at ScriptTransfo
rmer.transform (node_m
odules/@jest/transform
/build/ScriptTransform
er.js:726:19)
      at require (test
/mobile-gesture-manage
r.test.js:52:24)
      at 
Object.<anonymous> (te
st/mobile-gesture-mana
ger.test.js:52:24)

  ΓùÅ 
MobileGestureManager 
ΓÇ║ Gesture 
Configuration ΓÇ║ 
should allow 
configuring gesture 
thresholds

    Jest encountered 
an unexpected token

    Jest failed to 
parse a file. This 
happens e.g. when 
your code or its 
dependencies use 
non-standard 
JavaScript syntax, or 
when Jest is not 
configured to support 
such syntax.

    Out of the box 
Jest supports Babel, 
which will be used to 
transform your files 
into valid JS based 
on your Babel 
configuration.

    By default 
"node_modules" folder 
is ignored by 
transformers.

    Here's what you 
can do:
     ΓÇó If you are 
trying to use 
ECMAScript Modules, 
see https://jestjs.io/
docs/ecmascript-module
s for how to enable 
it.
     ΓÇó If you are 
trying to use 
TypeScript, see https:
//jestjs.io/docs/getti
ng-started#using-types
cript
     ΓÇó To have some 
of your 
"node_modules" files 
transformed, you can 
specify a custom "tran
sformIgnorePatterns" 
in your config.
     ΓÇó If you need 
a custom 
transformation 
specify a "transform" 
option in your config.
     ΓÇó If you 
simply want to mock 
your non-JS modules 
(e.g. binary assets) 
you can stub them out 
with the 
"moduleNameMapper" 
config option.

    You'll find more 
details and examples 
of these config 
options in the docs:
    https://jestjs.io/
docs/configuration
    For information 
about custom 
transformations, see:
    https://jestjs.io/
docs/code-transformati
on

    Details:

    SyntaxError: C:\Wo
rkspace_Melbin\fun_web
sites\3d_model_viewer\
src\ui\MobileGestureMa
nager.js: Missing 
semicolon. (480:20)

    [0m [90m 478 
|[39m [90m     * 
Check if device is 
mobile[39m
     [90m 479 |[39m 
[90m     */[39m
    [31m[1m>[22m[3
9m[90m 480 |[39m    
 isMobileDevice() {
     [90m     |[39m 
                    
[31m[1m^[22m[39m
     [90m 481 |[39m 
        
[36mreturn[39m [35m
/Android|webOS|iPhone|
iPad|iPod|BlackBerry|I
EMobile|Opera Mini/i[
39m[33m.[39mtest(nav
igator[33m.[39muserA
gent)[33m;[39m
     [90m 482 |[39m 
    }
     [90m 483 
|[39m[0m

    [0m [90m 50 
|[39m
     [90m 51 |[39m  
       [90m// Import 
module[39m
    [31m[1m>[22m[3
9m[90m 52 |[39m     
    [36mconst[39m 
module [33m=[39m 
[36mawait[39m [36mi
mport[39m([32m'../sr
c/ui/MobileGestureMana
ger.js'[39m)[33m;[3
9m
     [90m    |[39m  
                      
[31m[1m^[22m[39m
     [90m 53 |[39m  
       [33mMobileGest
ureManager[39m 
[33m=[39m module[33
m.[39m[33mMobileGest
ureManager[39m[33m;
[39m
     [90m 54 |[39m  
       
     [90m 55 |[39m  
       gestureManager 
[33m=[39m 
[36mnew[39m [33mMob
ileGestureManager[39m
(mockCore)[33m;[39m
[0m

      at constructor (
node_modules/@babel/pa
rser/src/parse-error.t
s:95:45)
      at 
Parser.toParseError 
[as raise] (node_modul
es/@babel/parser/src/t
okenizer/index.ts:1503
:19)
      at Parser.raise 
[as semicolon] (node_m
odules/@babel/parser/s
rc/parser/util.ts:149:
10)
      at 
Parser.semicolon [as p
arseExpressionStatemen
t] (node_modules/@babe
l/parser/src/parser/st
atement.ts:1358:10)
      at Parser.parseE
xpressionStatement 
[as parseStatementCont
ent] (node_modules/@ba
bel/parser/src/parser/
statement.ts:697:19)
      at Parser.parseS
tatementContent [as 
parseStatementLike] (n
ode_modules/@babel/par
ser/src/parser/stateme
nt.ts:477:17)
      at Parser.parseS
tatementLike [as 
parseModuleItem] (node
_modules/@babel/parser
/src/parser/statement.
ts:414:17)
      at Parser.parseM
oduleItem [as parseBlo
ckOrModuleBlockBody] (
node_modules/@babel/pa
rser/src/parser/statem
ent.ts:1438:16)
      at Parser.parseB
lockOrModuleBlockBody 
[as parseBlockBody] (n
ode_modules/@babel/par
ser/src/parser/stateme
nt.ts:1412:10)
      at 
Parser.parseBlockBody 
[as parseProgram] (nod
e_modules/@babel/parse
r/src/parser/statement
.ts:229:10)
      at 
Parser.parseProgram 
[as parseTopLevel] (no
de_modules/@babel/pars
er/src/parser/statemen
t.ts:203:25)
      at 
Parser.parseTopLevel 
[as parse] (node_modul
es/@babel/parser/src/p
arser/index.ts:93:10)
      at parse (node_m
odules/@babel/parser/s
rc/index.ts:92:38)
      at parser (node_
modules/@babel/core/sr
c/parser/index.ts:28:1
9)
          at 
parser.next 
(<anonymous>)
      at 
normalizeFile (node_mo
dules/@babel/core/src/
transformation/normali
ze-file.ts:49:24)
          at 
normalizeFile.next 
(<anonymous>)
      at run (node_mod
ules/@babel/core/src/t
ransformation/index.ts
:40:36)
          at run.next 
(<anonymous>)
      at transform (no
de_modules/@babel/core
/src/transform.ts:29:2
0)
          at 
transform.next 
(<anonymous>)
      at evaluateSync 
(node_modules/gensync/
index.js:251:28)
      at sync (node_mo
dules/gensync/index.js
:89:14)
      at fn (node_modu
les/@babel/core/src/er
rors/rewrite-stack-tra
ce.ts:99:14)
      at 
transformSync (node_mo
dules/@babel/core/src/
transform.ts:66:52)
      at ScriptTransfo
rmer.transformSource (
node_modules/@jest/tra
nsform/build/ScriptTra
nsformer.js:545:31)
      at ScriptTransfo
rmer._transformAndBuil
dScript (node_modules/
@jest/transform/build/
ScriptTransformer.js:6
74:40)
      at ScriptTransfo
rmer.transform (node_m
odules/@jest/transform
/build/ScriptTransform
er.js:726:19)
      at require (test
/mobile-gesture-manage
r.test.js:52:24)
      at 
Object.<anonymous> (te
st/mobile-gesture-mana
ger.test.js:52:24)

  ΓùÅ 
MobileGestureManager 
ΓÇ║ Gesture 
Configuration ΓÇ║ 
should allow 
configuring gesture 
timeouts

    Jest encountered 
an unexpected token

    Jest failed to 
parse a file. This 
happens e.g. when 
your code or its 
dependencies use 
non-standard 
JavaScript syntax, or 
when Jest is not 
configured to support 
such syntax.

    Out of the box 
Jest supports Babel, 
which will be used to 
transform your files 
into valid JS based 
on your Babel 
configuration.

    By default 
"node_modules" folder 
is ignored by 
transformers.

    Here's what you 
can do:
     ΓÇó If you are 
trying to use 
ECMAScript Modules, 
see https://jestjs.io/
docs/ecmascript-module
s for how to enable 
it.
     ΓÇó If you are 
trying to use 
TypeScript, see https:
//jestjs.io/docs/getti
ng-started#using-types
cript
     ΓÇó To have some 
of your 
"node_modules" files 
transformed, you can 
specify a custom "tran
sformIgnorePatterns" 
in your config.
     ΓÇó If you need 
a custom 
transformation 
specify a "transform" 
option in your config.
     ΓÇó If you 
simply want to mock 
your non-JS modules 
(e.g. binary assets) 
you can stub them out 
with the 
"moduleNameMapper" 
config option.

    You'll find more 
details and examples 
of these config 
options in the docs:
    https://jestjs.io/
docs/configuration
    For information 
about custom 
transformations, see:
    https://jestjs.io/
docs/code-transformati
on

    Details:

    SyntaxError: C:\Wo
rkspace_Melbin\fun_web
sites\3d_model_viewer\
src\ui\MobileGestureMa
nager.js: Missing 
semicolon. (480:20)

    [0m [90m 478 
|[39m [90m     * 
Check if device is 
mobile[39m
     [90m 479 |[39m 
[90m     */[39m
    [31m[1m>[22m[3
9m[90m 480 |[39m    
 isMobileDevice() {
     [90m     |[39m 
                    
[31m[1m^[22m[39m
     [90m 481 |[39m 
        
[36mreturn[39m [35m
/Android|webOS|iPhone|
iPad|iPod|BlackBerry|I
EMobile|Opera Mini/i[
39m[33m.[39mtest(nav
igator[33m.[39muserA
gent)[33m;[39m
     [90m 482 |[39m 
    }
     [90m 483 
|[39m[0m

    [0m [90m 50 
|[39m
     [90m 51 |[39m  
       [90m// Import 
module[39m
    [31m[1m>[22m[3
9m[90m 52 |[39m     
    [36mconst[39m 
module [33m=[39m 
[36mawait[39m [36mi
mport[39m([32m'../sr
c/ui/MobileGestureMana
ger.js'[39m)[33m;[3
9m
     [90m    |[39m  
                      
[31m[1m^[22m[39m
     [90m 53 |[39m  
       [33mMobileGest
ureManager[39m 
[33m=[39m module[33
m.[39m[33mMobileGest
ureManager[39m[33m;
[39m
     [90m 54 |[39m  
       
     [90m 55 |[39m  
       gestureManager 
[33m=[39m 
[36mnew[39m [33mMob
ileGestureManager[39m
(mockCore)[33m;[39m
[0m

      at constructor (
node_modules/@babel/pa
rser/src/parse-error.t
s:95:45)
      at 
Parser.toParseError 
[as raise] (node_modul
es/@babel/parser/src/t
okenizer/index.ts:1503
:19)
      at Parser.raise 
[as semicolon] (node_m
odules/@babel/parser/s
rc/parser/util.ts:149:
10)
      at 
Parser.semicolon [as p
arseExpressionStatemen
t] (node_modules/@babe
l/parser/src/parser/st
atement.ts:1358:10)
      at Parser.parseE
xpressionStatement 
[as parseStatementCont
ent] (node_modules/@ba
bel/parser/src/parser/
statement.ts:697:19)
      at Parser.parseS
tatementContent [as 
parseStatementLike] (n
ode_modules/@babel/par
ser/src/parser/stateme
nt.ts:477:17)
      at Parser.parseS
tatementLike [as 
parseModuleItem] (node
_modules/@babel/parser
/src/parser/statement.
ts:414:17)
      at Parser.parseM
oduleItem [as parseBlo
ckOrModuleBlockBody] (
node_modules/@babel/pa
rser/src/parser/statem
ent.ts:1438:16)
      at Parser.parseB
lockOrModuleBlockBody 
[as parseBlockBody] (n
ode_modules/@babel/par
ser/src/parser/stateme
nt.ts:1412:10)
      at 
Parser.parseBlockBody 
[as parseProgram] (nod
e_modules/@babel/parse
r/src/parser/statement
.ts:229:10)
      at 
Parser.parseProgram 
[as parseTopLevel] (no
de_modules/@babel/pars
er/src/parser/statemen
t.ts:203:25)
      at 
Parser.parseTopLevel 
[as parse] (node_modul
es/@babel/parser/src/p
arser/index.ts:93:10)
      at parse (node_m
odules/@babel/parser/s
rc/index.ts:92:38)
      at parser (node_
modules/@babel/core/sr
c/parser/index.ts:28:1
9)
          at 
parser.next 
(<anonymous>)
      at 
normalizeFile (node_mo
dules/@babel/core/src/
transformation/normali
ze-file.ts:49:24)
          at 
normalizeFile.next 
(<anonymous>)
      at run (node_mod
ules/@babel/core/src/t
ransformation/index.ts
:40:36)
          at run.next 
(<anonymous>)
      at transform (no
de_modules/@babel/core
/src/transform.ts:29:2
0)
          at 
transform.next 
(<anonymous>)
      at evaluateSync 
(node_modules/gensync/
index.js:251:28)
      at sync (node_mo
dules/gensync/index.js
:89:14)
      at fn (node_modu
les/@babel/core/src/er
rors/rewrite-stack-tra
ce.ts:99:14)
      at 
transformSync (node_mo
dules/@babel/core/src/
transform.ts:66:52)
      at ScriptTransfo
rmer.transformSource (
node_modules/@jest/tra
nsform/build/ScriptTra
nsformer.js:545:31)
      at ScriptTransfo
rmer._transformAndBuil
dScript (node_modules/
@jest/transform/build/
ScriptTransformer.js:6
74:40)
      at ScriptTransfo
rmer.transform (node_m
odules/@jest/transform
/build/ScriptTransform
er.js:726:19)
      at require (test
/mobile-gesture-manage
r.test.js:52:24)
      at 
Object.<anonymous> (te
st/mobile-gesture-mana
ger.test.js:52:24)

  ΓùÅ 
MobileGestureManager 
ΓÇ║ Gesture 
Configuration ΓÇ║ 
should validate 
configuration values

    Jest encountered 
an unexpected token

    Jest failed to 
parse a file. This 
happens e.g. when 
your code or its 
dependencies use 
non-standard 
JavaScript syntax, or 
when Jest is not 
configured to support 
such syntax.

    Out of the box 
Jest supports Babel, 
which will be used to 
transform your files 
into valid JS based 
on your Babel 
configuration.

    By default 
"node_modules" folder 
is ignored by 
transformers.

    Here's what you 
can do:
     ΓÇó If you are 
trying to use 
ECMAScript Modules, 
see https://jestjs.io/
docs/ecmascript-module
s for how to enable 
it.
     ΓÇó If you are 
trying to use 
TypeScript, see https:
//jestjs.io/docs/getti
ng-started#using-types
cript
     ΓÇó To have some 
of your 
"node_modules" files 
transformed, you can 
specify a custom "tran
sformIgnorePatterns" 
in your config.
     ΓÇó If you need 
a custom 
transformation 
specify a "transform" 
option in your config.
     ΓÇó If you 
simply want to mock 
your non-JS modules 
(e.g. binary assets) 
you can stub them out 
with the 
"moduleNameMapper" 
config option.

    You'll find more 
details and examples 
of these config 
options in the docs:
    https://jestjs.io/
docs/configuration
    For information 
about custom 
transformations, see:
    https://jestjs.io/
docs/code-transformati
on

    Details:

    SyntaxError: C:\Wo
rkspace_Melbin\fun_web
sites\3d_model_viewer\
src\ui\MobileGestureMa
nager.js: Missing 
semicolon. (480:20)

    [0m [90m 478 
|[39m [90m     * 
Check if device is 
mobile[39m
     [90m 479 |[39m 
[90m     */[39m
    [31m[1m>[22m[3
9m[90m 480 |[39m    
 isMobileDevice() {
     [90m     |[39m 
                    
[31m[1m^[22m[39m
     [90m 481 |[39m 
        
[36mreturn[39m [35m
/Android|webOS|iPhone|
iPad|iPod|BlackBerry|I
EMobile|Opera Mini/i[
39m[33m.[39mtest(nav
igator[33m.[39muserA
gent)[33m;[39m
     [90m 482 |[39m 
    }
     [90m 483 
|[39m[0m

    [0m [90m 50 
|[39m
     [90m 51 |[39m  
       [90m// Import 
module[39m
    [31m[1m>[22m[3
9m[90m 52 |[39m     
    [36mconst[39m 
module [33m=[39m 
[36mawait[39m [36mi
mport[39m([32m'../sr
c/ui/MobileGestureMana
ger.js'[39m)[33m;[3
9m
     [90m    |[39m  
                      
[31m[1m^[22m[39m
     [90m 53 |[39m  
       [33mMobileGest
ureManager[39m 
[33m=[39m module[33
m.[39m[33mMobileGest
ureManager[39m[33m;
[39m
     [90m 54 |[39m  
       
     [90m 55 |[39m  
       gestureManager 
[33m=[39m 
[36mnew[39m [33mMob
ileGestureManager[39m
(mockCore)[33m;[39m
[0m

      at constructor (
node_modules/@babel/pa
rser/src/parse-error.t
s:95:45)
      at 
Parser.toParseError 
[as raise] (node_modul
es/@babel/parser/src/t
okenizer/index.ts:1503
:19)
      at Parser.raise 
[as semicolon] (node_m
odules/@babel/parser/s
rc/parser/util.ts:149:
10)
      at 
Parser.semicolon [as p
arseExpressionStatemen
t] (node_modules/@babe
l/parser/src/parser/st
atement.ts:1358:10)
      at Parser.parseE
xpressionStatement 
[as parseStatementCont
ent] (node_modules/@ba
bel/parser/src/parser/
statement.ts:697:19)
      at Parser.parseS
tatementContent [as 
parseStatementLike] (n
ode_modules/@babel/par
ser/src/parser/stateme
nt.ts:477:17)
      at Parser.parseS
tatementLike [as 
parseModuleItem] (node
_modules/@babel/parser
/src/parser/statement.
ts:414:17)
      at Parser.parseM
oduleItem [as parseBlo
ckOrModuleBlockBody] (
node_modules/@babel/pa
rser/src/parser/statem
ent.ts:1438:16)
      at Parser.parseB
lockOrModuleBlockBody 
[as parseBlockBody] (n
ode_modules/@babel/par
ser/src/parser/stateme
nt.ts:1412:10)
      at 
Parser.parseBlockBody 
[as parseProgram] (nod
e_modules/@babel/parse
r/src/parser/statement
.ts:229:10)
      at 
Parser.parseProgram 
[as parseTopLevel] (no
de_modules/@babel/pars
er/src/parser/statemen
t.ts:203:25)
      at 
Parser.parseTopLevel 
[as parse] (node_modul
es/@babel/parser/src/p
arser/index.ts:93:10)
      at parse (node_m
odules/@babel/parser/s
rc/index.ts:92:38)
      at parser (node_
modules/@babel/core/sr
c/parser/index.ts:28:1
9)
          at 
parser.next 
(<anonymous>)
      at 
normalizeFile (node_mo
dules/@babel/core/src/
transformation/normali
ze-file.ts:49:24)
          at 
normalizeFile.next 
(<anonymous>)
      at run (node_mod
ules/@babel/core/src/t
ransformation/index.ts
:40:36)
          at run.next 
(<anonymous>)
      at transform (no
de_modules/@babel/core
/src/transform.ts:29:2
0)
          at 
transform.next 
(<anonymous>)
      at evaluateSync 
(node_modules/gensync/
index.js:251:28)
      at sync (node_mo
dules/gensync/index.js
:89:14)
      at fn (node_modu
les/@babel/core/src/er
rors/rewrite-stack-tra
ce.ts:99:14)
      at 
transformSync (node_mo
dules/@babel/core/src/
transform.ts:66:52)
      at ScriptTransfo
rmer.transformSource (
node_modules/@jest/tra
nsform/build/ScriptTra
nsformer.js:545:31)
      at ScriptTransfo
rmer._transformAndBuil
dScript (node_modules/
@jest/transform/build/
ScriptTransformer.js:6
74:40)
      at ScriptTransfo
rmer.transform (node_m
odules/@jest/transform
/build/ScriptTransform
er.js:726:19)
      at require (test
/mobile-gesture-manage
r.test.js:52:24)
      at 
Object.<anonymous> (te
st/mobile-gesture-mana
ger.test.js:52:24)

  ΓùÅ 
MobileGestureManager 
ΓÇ║ Gesture 
Configuration ΓÇ║ 
should allow 
enabling/disabling 
specific gestures

    Jest encountered 
an unexpected token

    Jest failed to 
parse a file. This 
happens e.g. when 
your code or its 
dependencies use 
non-standard 
JavaScript syntax, or 
when Jest is not 
configured to support 
such syntax.

    Out of the box 
Jest supports Babel, 
which will be used to 
transform your files 
into valid JS based 
on your Babel 
configuration.

    By default 
"node_modules" folder 
is ignored by 
transformers.

    Here's what you 
can do:
     ΓÇó If you are 
trying to use 
ECMAScript Modules, 
see https://jestjs.io/
docs/ecmascript-module
s for how to enable 
it.
     ΓÇó If you are 
trying to use 
TypeScript, see https:
//jestjs.io/docs/getti
ng-started#using-types
cript
     ΓÇó To have some 
of your 
"node_modules" files 
transformed, you can 
specify a custom "tran
sformIgnorePatterns" 
in your config.
     ΓÇó If you need 
a custom 
transformation 
specify a "transform" 
option in your config.
     ΓÇó If you 
simply want to mock 
your non-JS modules 
(e.g. binary assets) 
you can stub them out 
with the 
"moduleNameMapper" 
config option.

    You'll find more 
details and examples 
of these config 
options in the docs:
    https://jestjs.io/
docs/configuration
    For information 
about custom 
transformations, see:
    https://jestjs.io/
docs/code-transformati
on

    Details:

    SyntaxError: C:\Wo
rkspace_Melbin\fun_web
sites\3d_model_viewer\
src\ui\MobileGestureMa
nager.js: Missing 
semicolon. (480:20)

    [0m [90m 478 
|[39m [90m     * 
Check if device is 
mobile[39m
     [90m 479 |[39m 
[90m     */[39m
    [31m[1m>[22m[3
9m[90m 480 |[39m    
 isMobileDevice() {
     [90m     |[39m 
                    
[31m[1m^[22m[39m
     [90m 481 |[39m 
        
[36mreturn[39m [35m
/Android|webOS|iPhone|
iPad|iPod|BlackBerry|I
EMobile|Opera Mini/i[
39m[33m.[39mtest(nav
igator[33m.[39muserA
gent)[33m;[39m
     [90m 482 |[39m 
    }
     [90m 483 
|[39m[0m

    [0m [90m 50 
|[39m
     [90m 51 |[39m  
       [90m// Import 
module[39m
    [31m[1m>[22m[3
9m[90m 52 |[39m     
    [36mconst[39m 
module [33m=[39m 
[36mawait[39m [36mi
mport[39m([32m'../sr
c/ui/MobileGestureMana
ger.js'[39m)[33m;[3
9m
     [90m    |[39m  
                      
[31m[1m^[22m[39m
     [90m 53 |[39m  
       [33mMobileGest
ureManager[39m 
[33m=[39m module[33
m.[39m[33mMobileGest
ureManager[39m[33m;
[39m
     [90m 54 |[39m  
       
     [90m 55 |[39m  
       gestureManager 
[33m=[39m 
[36mnew[39m [33mMob
ileGestureManager[39m
(mockCore)[33m;[39m
[0m

      at constructor (
node_modules/@babel/pa
rser/src/parse-error.t
s:95:45)
      at 
Parser.toParseError 
[as raise] (node_modul
es/@babel/parser/src/t
okenizer/index.ts:1503
:19)
      at Parser.raise 
[as semicolon] (node_m
odules/@babel/parser/s
rc/parser/util.ts:149:
10)
      at 
Parser.semicolon [as p
arseExpressionStatemen
t] (node_modules/@babe
l/parser/src/parser/st
atement.ts:1358:10)
      at Parser.parseE
xpressionStatement 
[as parseStatementCont
ent] (node_modules/@ba
bel/parser/src/parser/
statement.ts:697:19)
      at Parser.parseS
tatementContent [as 
parseStatementLike] (n
ode_modules/@babel/par
ser/src/parser/stateme
nt.ts:477:17)
      at Parser.parseS
tatementLike [as 
parseModuleItem] (node
_modules/@babel/parser
/src/parser/statement.
ts:414:17)
      at Parser.parseM
oduleItem [as parseBlo
ckOrModuleBlockBody] (
node_modules/@babel/pa
rser/src/parser/statem
ent.ts:1438:16)
      at Parser.parseB
lockOrModuleBlockBody 
[as parseBlockBody] (n
ode_modules/@babel/par
ser/src/parser/stateme
nt.ts:1412:10)
      at 
Parser.parseBlockBody 
[as parseProgram] (nod
e_modules/@babel/parse
r/src/parser/statement
.ts:229:10)
      at 
Parser.parseProgram 
[as parseTopLevel] (no
de_modules/@babel/pars
er/src/parser/statemen
t.ts:203:25)
      at 
Parser.parseTopLevel 
[as parse] (node_modul
es/@babel/parser/src/p
arser/index.ts:93:10)
      at parse (node_m
odules/@babel/parser/s
rc/index.ts:92:38)
      at parser (node_
modules/@babel/core/sr
c/parser/index.ts:28:1
9)
          at 
parser.next 
(<anonymous>)
      at 
normalizeFile (node_mo
dules/@babel/core/src/
transformation/normali
ze-file.ts:49:24)
          at 
normalizeFile.next 
(<anonymous>)
      at run (node_mod
ules/@babel/core/src/t
ransformation/index.ts
:40:36)
          at run.next 
(<anonymous>)
      at transform (no
de_modules/@babel/core
/src/transform.ts:29:2
0)
          at 
transform.next 
(<anonymous>)
      at evaluateSync 
(node_modules/gensync/
index.js:251:28)
      at sync (node_mo
dules/gensync/index.js
:89:14)
      at fn (node_modu
les/@babel/core/src/er
rors/rewrite-stack-tra
ce.ts:99:14)
      at 
transformSync (node_mo
dules/@babel/core/src/
transform.ts:66:52)
      at ScriptTransfo
rmer.transformSource (
node_modules/@jest/tra
nsform/build/ScriptTra
nsformer.js:545:31)
      at ScriptTransfo
rmer._transformAndBuil
dScript (node_modules/
@jest/transform/build/
ScriptTransformer.js:6
74:40)
      at ScriptTransfo
rmer.transform (node_m
odules/@jest/transform
/build/ScriptTransform
er.js:726:19)
      at require (test
/mobile-gesture-manage
r.test.js:52:24)
      at 
Object.<anonymous> (te
st/mobile-gesture-mana
ger.test.js:52:24)

  ΓùÅ 
MobileGestureManager 
ΓÇ║ Touch Tracking 
ΓÇ║ should track 
touch velocity

    Jest encountered 
an unexpected token

    Jest failed to 
parse a file. This 
happens e.g. when 
your code or its 
dependencies use 
non-standard 
JavaScript syntax, or 
when Jest is not 
configured to support 
such syntax.

    Out of the box 
Jest supports Babel, 
which will be used to 
transform your files 
into valid JS based 
on your Babel 
configuration.

    By default 
"node_modules" folder 
is ignored by 
transformers.

    Here's what you 
can do:
     ΓÇó If you are 
trying to use 
ECMAScript Modules, 
see https://jestjs.io/
docs/ecmascript-module
s for how to enable 
it.
     ΓÇó If you are 
trying to use 
TypeScript, see https:
//jestjs.io/docs/getti
ng-started#using-types
cript
     ΓÇó To have some 
of your 
"node_modules" files 
transformed, you can 
specify a custom "tran
sformIgnorePatterns" 
in your config.
     ΓÇó If you need 
a custom 
transformation 
specify a "transform" 
option in your config.
     ΓÇó If you 
simply want to mock 
your non-JS modules 
(e.g. binary assets) 
you can stub them out 
with the 
"moduleNameMapper" 
config option.

    You'll find more 
details and examples 
of these config 
options in the docs:
    https://jestjs.io/
docs/configuration
    For information 
about custom 
transformations, see:
    https://jestjs.io/
docs/code-transformati
on

    Details:

    SyntaxError: C:\Wo
rkspace_Melbin\fun_web
sites\3d_model_viewer\
src\ui\MobileGestureMa
nager.js: Missing 
semicolon. (480:20)

    [0m [90m 478 
|[39m [90m     * 
Check if device is 
mobile[39m
     [90m 479 |[39m 
[90m     */[39m
    [31m[1m>[22m[3
9m[90m 480 |[39m    
 isMobileDevice() {
     [90m     |[39m 
                    
[31m[1m^[22m[39m
     [90m 481 |[39m 
        
[36mreturn[39m [35m
/Android|webOS|iPhone|
iPad|iPod|BlackBerry|I
EMobile|Opera Mini/i[
39m[33m.[39mtest(nav
igator[33m.[39muserA
gent)[33m;[39m
     [90m 482 |[39m 
    }
     [90m 483 
|[39m[0m

    [0m [90m 50 
|[39m
     [90m 51 |[39m  
       [90m// Import 
module[39m
    [31m[1m>[22m[3
9m[90m 52 |[39m     
    [36mconst[39m 
module [33m=[39m 
[36mawait[39m [36mi
mport[39m([32m'../sr
c/ui/MobileGestureMana
ger.js'[39m)[33m;[3
9m
     [90m    |[39m  
                      
[31m[1m^[22m[39m
     [90m 53 |[39m  
       [33mMobileGest
ureManager[39m 
[33m=[39m module[33
m.[39m[33mMobileGest
ureManager[39m[33m;
[39m
     [90m 54 |[39m  
       
     [90m 55 |[39m  
       gestureManager 
[33m=[39m 
[36mnew[39m [33mMob
ileGestureManager[39m
(mockCore)[33m;[39m
[0m

      at constructor (
node_modules/@babel/pa
rser/src/parse-error.t
s:95:45)
      at 
Parser.toParseError 
[as raise] (node_modul
es/@babel/parser/src/t
okenizer/index.ts:1503
:19)
      at Parser.raise 
[as semicolon] (node_m
odules/@babel/parser/s
rc/parser/util.ts:149:
10)
      at 
Parser.semicolon [as p
arseExpressionStatemen
t] (node_modules/@babe
l/parser/src/parser/st
atement.ts:1358:10)
      at Parser.parseE
xpressionStatement 
[as parseStatementCont
ent] (node_modules/@ba
bel/parser/src/parser/
statement.ts:697:19)
      at Parser.parseS
tatementContent [as 
parseStatementLike] (n
ode_modules/@babel/par
ser/src/parser/stateme
nt.ts:477:17)
      at Parser.parseS
tatementLike [as 
parseModuleItem] (node
_modules/@babel/parser
/src/parser/statement.
ts:414:17)
      at Parser.parseM
oduleItem [as parseBlo
ckOrModuleBlockBody] (
node_modules/@babel/pa
rser/src/parser/statem
ent.ts:1438:16)
      at Parser.parseB
lockOrModuleBlockBody 
[as parseBlockBody] (n
ode_modules/@babel/par
ser/src/parser/stateme
nt.ts:1412:10)
      at 
Parser.parseBlockBody 
[as parseProgram] (nod
e_modules/@babel/parse
r/src/parser/statement
.ts:229:10)
      at 
Parser.parseProgram 
[as parseTopLevel] (no
de_modules/@babel/pars
er/src/parser/statemen
t.ts:203:25)
      at 
Parser.parseTopLevel 
[as parse] (node_modul
es/@babel/parser/src/p
arser/index.ts:93:10)
      at parse (node_m
odules/@babel/parser/s
rc/index.ts:92:38)
      at parser (node_
modules/@babel/core/sr
c/parser/index.ts:28:1
9)
          at 
parser.next 
(<anonymous>)
      at 
normalizeFile (node_mo
dules/@babel/core/src/
transformation/normali
ze-file.ts:49:24)
          at 
normalizeFile.next 
(<anonymous>)
      at run (node_mod
ules/@babel/core/src/t
ransformation/index.ts
:40:36)
          at run.next 
(<anonymous>)
      at transform (no
de_modules/@babel/core
/src/transform.ts:29:2
0)
          at 
transform.next 
(<anonymous>)
      at evaluateSync 
(node_modules/gensync/
index.js:251:28)
      at sync (node_mo
dules/gensync/index.js
:89:14)
      at fn (node_modu
les/@babel/core/src/er
rors/rewrite-stack-tra
ce.ts:99:14)
      at 
transformSync (node_mo
dules/@babel/core/src/
transform.ts:66:52)
      at ScriptTransfo
rmer.transformSource (
node_modules/@jest/tra
nsform/build/ScriptTra
nsformer.js:545:31)
      at ScriptTransfo
rmer._transformAndBuil
dScript (node_modules/
@jest/transform/build/
ScriptTransformer.js:6
74:40)
      at ScriptTransfo
rmer.transform (node_m
odules/@jest/transform
/build/ScriptTransform
er.js:726:19)
      at require (test
/mobile-gesture-manage
r.test.js:52:24)
      at 
Object.<anonymous> (te
st/mobile-gesture-mana
ger.test.js:52:24)

  ΓùÅ 
MobileGestureManager 
ΓÇ║ Touch Tracking 
ΓÇ║ should calculate 
touch distance

    Jest encountered 
an unexpected token

    Jest failed to 
parse a file. This 
happens e.g. when 
your code or its 
dependencies use 
non-standard 
JavaScript syntax, or 
when Jest is not 
configured to support 
such syntax.

    Out of the box 
Jest supports Babel, 
which will be used to 
transform your files 
into valid JS based 
on your Babel 
configuration.

    By default 
"node_modules" folder 
is ignored by 
transformers.

    Here's what you 
can do:
     ΓÇó If you are 
trying to use 
ECMAScript Modules, 
see https://jestjs.io/
docs/ecmascript-module
s for how to enable 
it.
     ΓÇó If you are 
trying to use 
TypeScript, see https:
//jestjs.io/docs/getti
ng-started#using-types
cript
     ΓÇó To have some 
of your 
"node_modules" files 
transformed, you can 
specify a custom "tran
sformIgnorePatterns" 
in your config.
     ΓÇó If you need 
a custom 
transformation 
specify a "transform" 
option in your config.
     ΓÇó If you 
simply want to mock 
your non-JS modules 
(e.g. binary assets) 
you can stub them out 
with the 
"moduleNameMapper" 
config option.

    You'll find more 
details and examples 
of these config 
options in the docs:
    https://jestjs.io/
docs/configuration
    For information 
about custom 
transformations, see:
    https://jestjs.io/
docs/code-transformati
on

    Details:

    SyntaxError: C:\Wo
rkspace_Melbin\fun_web
sites\3d_model_viewer\
src\ui\MobileGestureMa
nager.js: Missing 
semicolon. (480:20)

    [0m [90m 478 
|[39m [90m     * 
Check if device is 
mobile[39m
     [90m 479 |[39m 
[90m     */[39m
    [31m[1m>[22m[3
9m[90m 480 |[39m    
 isMobileDevice() {
     [90m     |[39m 
                    
[31m[1m^[22m[39m
     [90m 481 |[39m 
        
[36mreturn[39m [35m
/Android|webOS|iPhone|
iPad|iPod|BlackBerry|I
EMobile|Opera Mini/i[
39m[33m.[39mtest(nav
igator[33m.[39muserA
gent)[33m;[39m
     [90m 482 |[39m 
    }
     [90m 483 
|[39m[0m

    [0m [90m 50 
|[39m
     [90m 51 |[39m  
       [90m// Import 
module[39m
    [31m[1m>[22m[3
9m[90m 52 |[39m     
    [36mconst[39m 
module [33m=[39m 
[36mawait[39m [36mi
mport[39m([32m'../sr
c/ui/MobileGestureMana
ger.js'[39m)[33m;[3
9m
     [90m    |[39m  
                      
[31m[1m^[22m[39m
     [90m 53 |[39m  
       [33mMobileGest
ureManager[39m 
[33m=[39m module[33
m.[39m[33mMobileGest
ureManager[39m[33m;
[39m
     [90m 54 |[39m  
       
     [90m 55 |[39m  
       gestureManager 
[33m=[39m 
[36mnew[39m [33mMob
ileGestureManager[39m
(mockCore)[33m;[39m
[0m

      at constructor (
node_modules/@babel/pa
rser/src/parse-error.t
s:95:45)
      at 
Parser.toParseError 
[as raise] (node_modul
es/@babel/parser/src/t
okenizer/index.ts:1503
:19)
      at Parser.raise 
[as semicolon] (node_m
odules/@babel/parser/s
rc/parser/util.ts:149:
10)
      at 
Parser.semicolon [as p
arseExpressionStatemen
t] (node_modules/@babe
l/parser/src/parser/st
atement.ts:1358:10)
      at Parser.parseE
xpressionStatement 
[as parseStatementCont
ent] (node_modules/@ba
bel/parser/src/parser/
statement.ts:697:19)
      at Parser.parseS
tatementContent [as 
parseStatementLike] (n
ode_modules/@babel/par
ser/src/parser/stateme
nt.ts:477:17)
      at Parser.parseS
tatementLike [as 
parseModuleItem] (node
_modules/@babel/parser
/src/parser/statement.
ts:414:17)
      at Parser.parseM
oduleItem [as parseBlo
ckOrModuleBlockBody] (
node_modules/@babel/pa
rser/src/parser/statem
ent.ts:1438:16)
      at Parser.parseB
lockOrModuleBlockBody 
[as parseBlockBody] (n
ode_modules/@babel/par
ser/src/parser/stateme
nt.ts:1412:10)
      at 
Parser.parseBlockBody 
[as parseProgram] (nod
e_modules/@babel/parse
r/src/parser/statement
.ts:229:10)
      at 
Parser.parseProgram 
[as parseTopLevel] (no
de_modules/@babel/pars
er/src/parser/statemen
t.ts:203:25)
      at 
Parser.parseTopLevel 
[as parse] (node_modul
es/@babel/parser/src/p
arser/index.ts:93:10)
      at parse (node_m
odules/@babel/parser/s
rc/index.ts:92:38)
      at parser (node_
modules/@babel/core/sr
c/parser/index.ts:28:1
9)
          at 
parser.next 
(<anonymous>)
      at 
normalizeFile (node_mo
dules/@babel/core/src/
transformation/normali
ze-file.ts:49:24)
          at 
normalizeFile.next 
(<anonymous>)
      at run (node_mod
ules/@babel/core/src/t
ransformation/index.ts
:40:36)
          at run.next 
(<anonymous>)
      at transform (no
de_modules/@babel/core
/src/transform.ts:29:2
0)
          at 
transform.next 
(<anonymous>)
      at evaluateSync 
(node_modules/gensync/
index.js:251:28)
      at sync (node_mo
dules/gensync/index.js
:89:14)
      at fn (node_modu
les/@babel/core/src/er
rors/rewrite-stack-tra
ce.ts:99:14)
      at 
transformSync (node_mo
dules/@babel/core/src/
transform.ts:66:52)
      at ScriptTransfo
rmer.transformSource (
node_modules/@jest/tra
nsform/build/ScriptTra
nsformer.js:545:31)
      at ScriptTransfo
rmer._transformAndBuil
dScript (node_modules/
@jest/transform/build/
ScriptTransformer.js:6
74:40)
      at ScriptTransfo
rmer.transform (node_m
odules/@jest/transform
/build/ScriptTransform
er.js:726:19)
      at require (test
/mobile-gesture-manage
r.test.js:52:24)
      at 
Object.<anonymous> (te
st/mobile-gesture-mana
ger.test.js:52:24)

  ΓùÅ 
MobileGestureManager 
ΓÇ║ Touch Tracking 
ΓÇ║ should calculate 
touch angle

    Jest encountered 
an unexpected token

    Jest failed to 
parse a file. This 
happens e.g. when 
your code or its 
dependencies use 
non-standard 
JavaScript syntax, or 
when Jest is not 
configured to support 
such syntax.

    Out of the box 
Jest supports Babel, 
which will be used to 
transform your files 
into valid JS based 
on your Babel 
configuration.

    By default 
"node_modules" folder 
is ignored by 
transformers.

    Here's what you 
can do:
     ΓÇó If you are 
trying to use 
ECMAScript Modules, 
see https://jestjs.io/
docs/ecmascript-module
s for how to enable 
it.
     ΓÇó If you are 
trying to use 
TypeScript, see https:
//jestjs.io/docs/getti
ng-started#using-types
cript
     ΓÇó To have some 
of your 
"node_modules" files 
transformed, you can 
specify a custom "tran
sformIgnorePatterns" 
in your config.
     ΓÇó If you need 
a custom 
transformation 
specify a "transform" 
option in your config.
     ΓÇó If you 
simply want to mock 
your non-JS modules 
(e.g. binary assets) 
you can stub them out 
with the 
"moduleNameMapper" 
config option.

    You'll find more 
details and examples 
of these config 
options in the docs:
    https://jestjs.io/
docs/configuration
    For information 
about custom 
transformations, see:
    https://jestjs.io/
docs/code-transformati
on

    Details:

    SyntaxError: C:\Wo
rkspace_Melbin\fun_web
sites\3d_model_viewer\
src\ui\MobileGestureMa
nager.js: Missing 
semicolon. (480:20)

    [0m [90m 478 
|[39m [90m     * 
Check if device is 
mobile[39m
     [90m 479 |[39m 
[90m     */[39m
    [31m[1m>[22m[3
9m[90m 480 |[39m    
 isMobileDevice() {
     [90m     |[39m 
                    
[31m[1m^[22m[39m
     [90m 481 |[39m 
        
[36mreturn[39m [35m
/Android|webOS|iPhone|
iPad|iPod|BlackBerry|I
EMobile|Opera Mini/i[
39m[33m.[39mtest(nav
igator[33m.[39muserA
gent)[33m;[39m
     [90m 482 |[39m 
    }
     [90m 483 
|[39m[0m

    [0m [90m 50 
|[39m
     [90m 51 |[39m  
       [90m// Import 
module[39m
    [31m[1m>[22m[3
9m[90m 52 |[39m     
    [36mconst[39m 
module [33m=[39m 
[36mawait[39m [36mi
mport[39m([32m'../sr
c/ui/MobileGestureMana
ger.js'[39m)[33m;[3
9m
     [90m    |[39m  
                      
[31m[1m^[22m[39m
     [90m 53 |[39m  
       [33mMobileGest
ureManager[39m 
[33m=[39m module[33
m.[39m[33mMobileGest
ureManager[39m[33m;
[39m
     [90m 54 |[39m  
       
     [90m 55 |[39m  
       gestureManager 
[33m=[39m 
[36mnew[39m [33mMob
ileGestureManager[39m
(mockCore)[33m;[39m
[0m

      at constructor (
node_modules/@babel/pa
rser/src/parse-error.t
s:95:45)
      at 
Parser.toParseError 
[as raise] (node_modul
es/@babel/parser/src/t
okenizer/index.ts:1503
:19)
      at Parser.raise 
[as semicolon] (node_m
odules/@babel/parser/s
rc/parser/util.ts:149:
10)
      at 
Parser.semicolon [as p
arseExpressionStatemen
t] (node_modules/@babe
l/parser/src/parser/st
atement.ts:1358:10)
      at Parser.parseE
xpressionStatement 
[as parseStatementCont
ent] (node_modules/@ba
bel/parser/src/parser/
statement.ts:697:19)
      at Parser.parseS
tatementContent [as 
parseStatementLike] (n
ode_modules/@babel/par
ser/src/parser/stateme
nt.ts:477:17)
      at Parser.parseS
tatementLike [as 
parseModuleItem] (node
_modules/@babel/parser
/src/parser/statement.
ts:414:17)
      at Parser.parseM
oduleItem [as parseBlo
ckOrModuleBlockBody] (
node_modules/@babel/pa
rser/src/parser/statem
ent.ts:1438:16)
      at Parser.parseB
lockOrModuleBlockBody 
[as parseBlockBody] (n
ode_modules/@babel/par
ser/src/parser/stateme
nt.ts:1412:10)
      at 
Parser.parseBlockBody 
[as parseProgram] (nod
e_modules/@babel/parse
r/src/parser/statement
.ts:229:10)
      at 
Parser.parseProgram 
[as parseTopLevel] (no
de_modules/@babel/pars
er/src/parser/statemen
t.ts:203:25)
      at 
Parser.parseTopLevel 
[as parse] (node_modul
es/@babel/parser/src/p
arser/index.ts:93:10)
      at parse (node_m
odules/@babel/parser/s
rc/index.ts:92:38)
      at parser (node_
modules/@babel/core/sr
c/parser/index.ts:28:1
9)
          at 
parser.next 
(<anonymous>)
      at 
normalizeFile (node_mo
dules/@babel/core/src/
transformation/normali
ze-file.ts:49:24)
          at 
normalizeFile.next 
(<anonymous>)
      at run (node_mod
ules/@babel/core/src/t
ransformation/index.ts
:40:36)
          at run.next 
(<anonymous>)
      at transform (no
de_modules/@babel/core
/src/transform.ts:29:2
0)
          at 
transform.next 
(<anonymous>)
      at evaluateSync 
(node_modules/gensync/
index.js:251:28)
      at sync (node_mo
dules/gensync/index.js
:89:14)
      at fn (node_modu
les/@babel/core/src/er
rors/rewrite-stack-tra
ce.ts:99:14)
      at 
transformSync (node_mo
dules/@babel/core/src/
transform.ts:66:52)
      at ScriptTransfo
rmer.transformSource (
node_modules/@jest/tra
nsform/build/ScriptTra
nsformer.js:545:31)
      at ScriptTransfo
rmer._transformAndBuil
dScript (node_modules/
@jest/transform/build/
ScriptTransformer.js:6
74:40)
      at ScriptTransfo
rmer.transform (node_m
odules/@jest/transform
/build/ScriptTransform
er.js:726:19)
      at require (test
/mobile-gesture-manage
r.test.js:52:24)
      at 
Object.<anonymous> (te
st/mobile-gesture-mana
ger.test.js:52:24)

  ΓùÅ 
MobileGestureManager 
ΓÇ║ Touch Tracking 
ΓÇ║ should track 
touch duration

    Jest encountered 
an unexpected token

    Jest failed to 
parse a file. This 
happens e.g. when 
your code or its 
dependencies use 
non-standard 
JavaScript syntax, or 
when Jest is not 
configured to support 
such syntax.

    Out of the box 
Jest supports Babel, 
which will be used to 
transform your files 
into valid JS based 
on your Babel 
configuration.

    By default 
"node_modules" folder 
is ignored by 
transformers.

    Here's what you 
can do:
     ΓÇó If you are 
trying to use 
ECMAScript Modules, 
see https://jestjs.io/
docs/ecmascript-module
s for how to enable 
it.
     ΓÇó If you are 
trying to use 
TypeScript, see https:
//jestjs.io/docs/getti
ng-started#using-types
cript
     ΓÇó To have some 
of your 
"node_modules" files 
transformed, you can 
specify a custom "tran
sformIgnorePatterns" 
in your config.
     ΓÇó If you need 
a custom 
transformation 
specify a "transform" 
option in your config.
     ΓÇó If you 
simply want to mock 
your non-JS modules 
(e.g. binary assets) 
you can stub them out 
with the 
"moduleNameMapper" 
config option.

    You'll find more 
details and examples 
of these config 
options in the docs:
    https://jestjs.io/
docs/configuration
    For information 
about custom 
transformations, see:
    https://jestjs.io/
docs/code-transformati
on

    Details:

    SyntaxError: C:\Wo
rkspace_Melbin\fun_web
sites\3d_model_viewer\
src\ui\MobileGestureMa
nager.js: Missing 
semicolon. (480:20)

    [0m [90m 478 
|[39m [90m     * 
Check if device is 
mobile[39m
     [90m 479 |[39m 
[90m     */[39m
    [31m[1m>[22m[3
9m[90m 480 |[39m    
 isMobileDevice() {
     [90m     |[39m 
                    
[31m[1m^[22m[39m
     [90m 481 |[39m 
        
[36mreturn[39m [35m
/Android|webOS|iPhone|
iPad|iPod|BlackBerry|I
EMobile|Opera Mini/i[
39m[33m.[39mtest(nav
igator[33m.[39muserA
gent)[33m;[39m
     [90m 482 |[39m 
    }
     [90m 483 
|[39m[0m

    [0m [90m 50 
|[39m
     [90m 51 |[39m  
       [90m// Import 
module[39m
    [31m[1m>[22m[3
9m[90m 52 |[39m     
    [36mconst[39m 
module [33m=[39m 
[36mawait[39m [36mi
mport[39m([32m'../sr
c/ui/MobileGestureMana
ger.js'[39m)[33m;[3
9m
     [90m    |[39m  
                      
[31m[1m^[22m[39m
     [90m 53 |[39m  
       [33mMobileGest
ureManager[39m 
[33m=[39m module[33
m.[39m[33mMobileGest
ureManager[39m[33m;
[39m
     [90m 54 |[39m  
       
     [90m 55 |[39m  
       gestureManager 
[33m=[39m 
[36mnew[39m [33mMob
ileGestureManager[39m
(mockCore)[33m;[39m
[0m

      at constructor (
node_modules/@babel/pa
rser/src/parse-error.t
s:95:45)
      at 
Parser.toParseError 
[as raise] (node_modul
es/@babel/parser/src/t
okenizer/index.ts:1503
:19)
      at Parser.raise 
[as semicolon] (node_m
odules/@babel/parser/s
rc/parser/util.ts:149:
10)
      at 
Parser.semicolon [as p
arseExpressionStatemen
t] (node_modules/@babe
l/parser/src/parser/st
atement.ts:1358:10)
      at Parser.parseE
xpressionStatement 
[as parseStatementCont
ent] (node_modules/@ba
bel/parser/src/parser/
statement.ts:697:19)
      at Parser.parseS
tatementContent [as 
parseStatementLike] (n
ode_modules/@babel/par
ser/src/parser/stateme
nt.ts:477:17)
      at Parser.parseS
tatementLike [as 
parseModuleItem] (node
_modules/@babel/parser
/src/parser/statement.
ts:414:17)
      at Parser.parseM
oduleItem [as parseBlo
ckOrModuleBlockBody] (
node_modules/@babel/pa
rser/src/parser/statem
ent.ts:1438:16)
      at Parser.parseB
lockOrModuleBlockBody 
[as parseBlockBody] (n
ode_modules/@babel/par
ser/src/parser/stateme
nt.ts:1412:10)
      at 
Parser.parseBlockBody 
[as parseProgram] (nod
e_modules/@babel/parse
r/src/parser/statement
.ts:229:10)
      at 
Parser.parseProgram 
[as parseTopLevel] (no
de_modules/@babel/pars
er/src/parser/statemen
t.ts:203:25)
      at 
Parser.parseTopLevel 
[as parse] (node_modul
es/@babel/parser/src/p
arser/index.ts:93:10)
      at parse (node_m
odules/@babel/parser/s
rc/index.ts:92:38)
      at parser (node_
modules/@babel/core/sr
c/parser/index.ts:28:1
9)
          at 
parser.next 
(<anonymous>)
      at 
normalizeFile (node_mo
dules/@babel/core/src/
transformation/normali
ze-file.ts:49:24)
          at 
normalizeFile.next 
(<anonymous>)
      at run (node_mod
ules/@babel/core/src/t
ransformation/index.ts
:40:36)
          at run.next 
(<anonymous>)
      at transform (no
de_modules/@babel/core
/src/transform.ts:29:2
0)
          at 
transform.next 
(<anonymous>)
      at evaluateSync 
(node_modules/gensync/
index.js:251:28)
      at sync (node_mo
dules/gensync/index.js
:89:14)
      at fn (node_modu
les/@babel/core/src/er
rors/rewrite-stack-tra
ce.ts:99:14)
      at 
transformSync (node_mo
dules/@babel/core/src/
transform.ts:66:52)
      at ScriptTransfo
rmer.transformSource (
node_modules/@jest/tra
nsform/build/ScriptTra
nsformer.js:545:31)
      at ScriptTransfo
rmer._transformAndBuil
dScript (node_modules/
@jest/transform/build/
ScriptTransformer.js:6
74:40)
      at ScriptTransfo
rmer.transform (node_m
odules/@jest/transform
/build/ScriptTransform
er.js:726:19)
      at require (test
/mobile-gesture-manage
r.test.js:52:24)
      at 
Object.<anonymous> (te
st/mobile-gesture-mana
ger.test.js:52:24)

  ΓùÅ 
MobileGestureManager 
ΓÇ║ Gesture State 
Management ΓÇ║ should 
track current gesture

    Jest encountered 
an unexpected token

    Jest failed to 
parse a file. This 
happens e.g. when 
your code or its 
dependencies use 
non-standard 
JavaScript syntax, or 
when Jest is not 
configured to support 
such syntax.

    Out of the box 
Jest supports Babel, 
which will be used to 
transform your files 
into valid JS based 
on your Babel 
configuration.

    By default 
"node_modules" folder 
is ignored by 
transformers.

    Here's what you 
can do:
     ΓÇó If you are 
trying to use 
ECMAScript Modules, 
see https://jestjs.io/
docs/ecmascript-module
s for how to enable 
it.
     ΓÇó If you are 
trying to use 
TypeScript, see https:
//jestjs.io/docs/getti
ng-started#using-types
cript
     ΓÇó To have some 
of your 
"node_modules" files 
transformed, you can 
specify a custom "tran
sformIgnorePatterns" 
in your config.
     ΓÇó If you need 
a custom 
transformation 
specify a "transform" 
option in your config.
     ΓÇó If you 
simply want to mock 
your non-JS modules 
(e.g. binary assets) 
you can stub them out 
with the 
"moduleNameMapper" 
config option.

    You'll find more 
details and examples 
of these config 
options in the docs:
    https://jestjs.io/
docs/configuration
    For information 
about custom 
transformations, see:
    https://jestjs.io/
docs/code-transformati
on

    Details:

    SyntaxError: C:\Wo
rkspace_Melbin\fun_web
sites\3d_model_viewer\
src\ui\MobileGestureMa
nager.js: Missing 
semicolon. (480:20)

    [0m [90m 478 
|[39m [90m     * 
Check if device is 
mobile[39m
     [90m 479 |[39m 
[90m     */[39m
    [31m[1m>[22m[3
9m[90m 480 |[39m    
 isMobileDevice() {
     [90m     |[39m 
                    
[31m[1m^[22m[39m
     [90m 481 |[39m 
        
[36mreturn[39m [35m
/Android|webOS|iPhone|
iPad|iPod|BlackBerry|I
EMobile|Opera Mini/i[
39m[33m.[39mtest(nav
igator[33m.[39muserA
gent)[33m;[39m
     [90m 482 |[39m 
    }
     [90m 483 
|[39m[0m

    [0m [90m 50 
|[39m
     [90m 51 |[39m  
       [90m// Import 
module[39m
    [31m[1m>[22m[3
9m[90m 52 |[39m     
    [36mconst[39m 
module [33m=[39m 
[36mawait[39m [36mi
mport[39m([32m'../sr
c/ui/MobileGestureMana
ger.js'[39m)[33m;[3
9m
     [90m    |[39m  
                      
[31m[1m^[22m[39m
     [90m 53 |[39m  
       [33mMobileGest
ureManager[39m 
[33m=[39m module[33
m.[39m[33mMobileGest
ureManager[39m[33m;
[39m
     [90m 54 |[39m  
       
     [90m 55 |[39m  
       gestureManager 
[33m=[39m 
[36mnew[39m [33mMob
ileGestureManager[39m
(mockCore)[33m;[39m
[0m

      at constructor (
node_modules/@babel/pa
rser/src/parse-error.t
s:95:45)
      at 
Parser.toParseError 
[as raise] (node_modul
es/@babel/parser/src/t
okenizer/index.ts:1503
:19)
      at Parser.raise 
[as semicolon] (node_m
odules/@babel/parser/s
rc/parser/util.ts:149:
10)
      at 
Parser.semicolon [as p
arseExpressionStatemen
t] (node_modules/@babe
l/parser/src/parser/st
atement.ts:1358:10)
      at Parser.parseE
xpressionStatement 
[as parseStatementCont
ent] (node_modules/@ba
bel/parser/src/parser/
statement.ts:697:19)
      at Parser.parseS
tatementContent [as 
parseStatementLike] (n
ode_modules/@babel/par
ser/src/parser/stateme
nt.ts:477:17)
      at Parser.parseS
tatementLike [as 
parseModuleItem] (node
_modules/@babel/parser
/src/parser/statement.
ts:414:17)
      at Parser.parseM
oduleItem [as parseBlo
ckOrModuleBlockBody] (
node_modules/@babel/pa
rser/src/parser/statem
ent.ts:1438:16)
      at Parser.parseB
lockOrModuleBlockBody 
[as parseBlockBody] (n
ode_modules/@babel/par
ser/src/parser/stateme
nt.ts:1412:10)
      at 
Parser.parseBlockBody 
[as parseProgram] (nod
e_modules/@babel/parse
r/src/parser/statement
.ts:229:10)
      at 
Parser.parseProgram 
[as parseTopLevel] (no
de_modules/@babel/pars
er/src/parser/statemen
t.ts:203:25)
      at 
Parser.parseTopLevel 
[as parse] (node_modul
es/@babel/parser/src/p
arser/index.ts:93:10)
      at parse (node_m
odules/@babel/parser/s
rc/index.ts:92:38)
      at parser (node_
modules/@babel/core/sr
c/parser/index.ts:28:1
9)
          at 
parser.next 
(<anonymous>)
      at 
normalizeFile (node_mo
dules/@babel/core/src/
transformation/normali
ze-file.ts:49:24)
          at 
normalizeFile.next 
(<anonymous>)
      at run (node_mod
ules/@babel/core/src/t
ransformation/index.ts
:40:36)
          at run.next 
(<anonymous>)
      at transform (no
de_modules/@babel/core
/src/transform.ts:29:2
0)
          at 
transform.next 
(<anonymous>)
      at evaluateSync 
(node_modules/gensync/
index.js:251:28)
      at sync (node_mo
dules/gensync/index.js
:89:14)
      at fn (node_modu
les/@babel/core/src/er
rors/rewrite-stack-tra
ce.ts:99:14)
      at 
transformSync (node_mo
dules/@babel/core/src/
transform.ts:66:52)
      at ScriptTransfo
rmer.transformSource (
node_modules/@jest/tra
nsform/build/ScriptTra
nsformer.js:545:31)
      at ScriptTransfo
rmer._transformAndBuil
dScript (node_modules/
@jest/transform/build/
ScriptTransformer.js:6
74:40)
      at ScriptTransfo
rmer.transform (node_m
odules/@jest/transform
/build/ScriptTransform
er.js:726:19)
      at require (test
/mobile-gesture-manage
r.test.js:52:24)
      at 
Object.<anonymous> (te
st/mobile-gesture-mana
ger.test.js:52:24)

  ΓùÅ 
MobileGestureManager 
ΓÇ║ Gesture State 
Management ΓÇ║ should 
clear gesture on 
touchend

    Jest encountered 
an unexpected token

    Jest failed to 
parse a file. This 
happens e.g. when 
your code or its 
dependencies use 
non-standard 
JavaScript syntax, or 
when Jest is not 
configured to support 
such syntax.

    Out of the box 
Jest supports Babel, 
which will be used to 
transform your files 
into valid JS based 
on your Babel 
configuration.

    By default 
"node_modules" folder 
is ignored by 
transformers.

    Here's what you 
can do:
     ΓÇó If you are 
trying to use 
ECMAScript Modules, 
see https://jestjs.io/
docs/ecmascript-module
s for how to enable 
it.
     ΓÇó If you are 
trying to use 
TypeScript, see https:
//jestjs.io/docs/getti
ng-started#using-types
cript
     ΓÇó To have some 
of your 
"node_modules" files 
transformed, you can 
specify a custom "tran
sformIgnorePatterns" 
in your config.
     ΓÇó If you need 
a custom 
transformation 
specify a "transform" 
option in your config.
     ΓÇó If you 
simply want to mock 
your non-JS modules 
(e.g. binary assets) 
you can stub them out 
with the 
"moduleNameMapper" 
config option.

    You'll find more 
details and examples 
of these config 
options in the docs:
    https://jestjs.io/
docs/configuration
    For information 
about custom 
transformations, see:
    https://jestjs.io/
docs/code-transformati
on

    Details:

    SyntaxError: C:\Wo
rkspace_Melbin\fun_web
sites\3d_model_viewer\
src\ui\MobileGestureMa
nager.js: Missing 
semicolon. (480:20)

    [0m [90m 478 
|[39m [90m     * 
Check if device is 
mobile[39m
     [90m 479 |[39m 
[90m     */[39m
    [31m[1m>[22m[3
9m[90m 480 |[39m    
 isMobileDevice() {
     [90m     |[39m 
                    
[31m[1m^[22m[39m
     [90m 481 |[39m 
        
[36mreturn[39m [35m
/Android|webOS|iPhone|
iPad|iPod|BlackBerry|I
EMobile|Opera Mini/i[
39m[33m.[39mtest(nav
igator[33m.[39muserA
gent)[33m;[39m
     [90m 482 |[39m 
    }
     [90m 483 
|[39m[0m

    [0m [90m 50 
|[39m
     [90m 51 |[39m  
       [90m// Import 
module[39m
    [31m[1m>[22m[3
9m[90m 52 |[39m     
    [36mconst[39m 
module [33m=[39m 
[36mawait[39m [36mi
mport[39m([32m'../sr
c/ui/MobileGestureMana
ger.js'[39m)[33m;[3
9m
     [90m    |[39m  
                      
[31m[1m^[22m[39m
     [90m 53 |[39m  
       [33mMobileGest
ureManager[39m 
[33m=[39m module[33
m.[39m[33mMobileGest
ureManager[39m[33m;
[39m
     [90m 54 |[39m  
       
     [90m 55 |[39m  
       gestureManager 
[33m=[39m 
[36mnew[39m [33mMob
ileGestureManager[39m
(mockCore)[33m;[39m
[0m

      at constructor (
node_modules/@babel/pa
rser/src/parse-error.t
s:95:45)
      at 
Parser.toParseError 
[as raise] (node_modul
es/@babel/parser/src/t
okenizer/index.ts:1503
:19)
      at Parser.raise 
[as semicolon] (node_m
odules/@babel/parser/s
rc/parser/util.ts:149:
10)
      at 
Parser.semicolon [as p
arseExpressionStatemen
t] (node_modules/@babe
l/parser/src/parser/st
atement.ts:1358:10)
      at Parser.parseE
xpressionStatement 
[as parseStatementCont
ent] (node_modules/@ba
bel/parser/src/parser/
statement.ts:697:19)
      at Parser.parseS
tatementContent [as 
parseStatementLike] (n
ode_modules/@babel/par
ser/src/parser/stateme
nt.ts:477:17)
      at Parser.parseS
tatementLike [as 
parseModuleItem] (node
_modules/@babel/parser
/src/parser/statement.
ts:414:17)
      at Parser.parseM
oduleItem [as parseBlo
ckOrModuleBlockBody] (
node_modules/@babel/pa
rser/src/parser/statem
ent.ts:1438:16)
      at Parser.parseB
lockOrModuleBlockBody 
[as parseBlockBody] (n
ode_modules/@babel/par
ser/src/parser/stateme
nt.ts:1412:10)
      at 
Parser.parseBlockBody 
[as parseProgram] (nod
e_modules/@babel/parse
r/src/parser/statement
.ts:229:10)
      at 
Parser.parseProgram 
[as parseTopLevel] (no
de_modules/@babel/pars
er/src/parser/statemen
t.ts:203:25)
      at 
Parser.parseTopLevel 
[as parse] (node_modul
es/@babel/parser/src/p
arser/index.ts:93:10)
      at parse (node_m
odules/@babel/parser/s
rc/index.ts:92:38)
      at parser (node_
modules/@babel/core/sr
c/parser/index.ts:28:1
9)
          at 
parser.next 
(<anonymous>)
      at 
normalizeFile (node_mo
dules/@babel/core/src/
transformation/normali
ze-file.ts:49:24)
          at 
normalizeFile.next 
(<anonymous>)
      at run (node_mod
ules/@babel/core/src/t
ransformation/index.ts
:40:36)
          at run.next 
(<anonymous>)
      at transform (no
de_modules/@babel/core
/src/transform.ts:29:2
0)
          at 
transform.next 
(<anonymous>)
      at evaluateSync 
(node_modules/gensync/
index.js:251:28)
      at sync (node_mo
dules/gensync/index.js
:89:14)
      at fn (node_modu
les/@babel/core/src/er
rors/rewrite-stack-tra
ce.ts:99:14)
      at 
transformSync (node_mo
dules/@babel/core/src/
transform.ts:66:52)
      at ScriptTransfo
rmer.transformSource (
node_modules/@jest/tra
nsform/build/ScriptTra
nsformer.js:545:31)
      at ScriptTransfo
rmer._transformAndBuil
dScript (node_modules/
@jest/transform/build/
ScriptTransformer.js:6
74:40)
      at ScriptTransfo
rmer.transform (node_m
odules/@jest/transform
/build/ScriptTransform
er.js:726:19)
      at require (test
/mobile-gesture-manage
r.test.js:52:24)
      at 
Object.<anonymous> (te
st/mobile-gesture-mana
ger.test.js:52:24)

  ΓùÅ 
MobileGestureManager 
ΓÇ║ Gesture State 
Management ΓÇ║ should 
prevent gesture 
conflicts

    Jest encountered 
an unexpected token

    Jest failed to 
parse a file. This 
happens e.g. when 
your code or its 
dependencies use 
non-standard 
JavaScript syntax, or 
when Jest is not 
configured to support 
such syntax.

    Out of the box 
Jest supports Babel, 
which will be used to 
transform your files 
into valid JS based 
on your Babel 
configuration.

    By default 
"node_modules" folder 
is ignored by 
transformers.

    Here's what you 
can do:
     ΓÇó If you are 
trying to use 
ECMAScript Modules, 
see https://jestjs.io/
docs/ecmascript-module
s for how to enable 
it.
     ΓÇó If you are 
trying to use 
TypeScript, see https:
//jestjs.io/docs/getti
ng-started#using-types
cript
     ΓÇó To have some 
of your 
"node_modules" files 
transformed, you can 
specify a custom "tran
sformIgnorePatterns" 
in your config.
     ΓÇó If you need 
a custom 
transformation 
specify a "transform" 
option in your config.
     ΓÇó If you 
simply want to mock 
your non-JS modules 
(e.g. binary assets) 
you can stub them out 
with the 
"moduleNameMapper" 
config option.

    You'll find more 
details and examples 
of these config 
options in the docs:
    https://jestjs.io/
docs/configuration
    For information 
about custom 
transformations, see:
    https://jestjs.io/
docs/code-transformati
on

    Details:

    SyntaxError: C:\Wo
rkspace_Melbin\fun_web
sites\3d_model_viewer\
src\ui\MobileGestureMa
nager.js: Missing 
semicolon. (480:20)

    [0m [90m 478 
|[39m [90m     * 
Check if device is 
mobile[39m
     [90m 479 |[39m 
[90m     */[39m
    [31m[1m>[22m[3
9m[90m 480 |[39m    
 isMobileDevice() {
     [90m     |[39m 
                    
[31m[1m^[22m[39m
     [90m 481 |[39m 
        
[36mreturn[39m [35m
/Android|webOS|iPhone|
iPad|iPod|BlackBerry|I
EMobile|Opera Mini/i[
39m[33m.[39mtest(nav
igator[33m.[39muserA
gent)[33m;[39m
     [90m 482 |[39m 
    }
     [90m 483 
|[39m[0m

    [0m [90m 50 
|[39m
     [90m 51 |[39m  
       [90m// Import 
module[39m
    [31m[1m>[22m[3
9m[90m 52 |[39m     
    [36mconst[39m 
module [33m=[39m 
[36mawait[39m [36mi
mport[39m([32m'../sr
c/ui/MobileGestureMana
ger.js'[39m)[33m;[3
9m
     [90m    |[39m  
                      
[31m[1m^[22m[39m
     [90m 53 |[39m  
       [33mMobileGest
ureManager[39m 
[33m=[39m module[33
m.[39m[33mMobileGest
ureManager[39m[33m;
[39m
     [90m 54 |[39m  
       
     [90m 55 |[39m  
       gestureManager 
[33m=[39m 
[36mnew[39m [33mMob
ileGestureManager[39m
(mockCore)[33m;[39m
[0m

      at constructor (
node_modules/@babel/pa
rser/src/parse-error.t
s:95:45)
      at 
Parser.toParseError 
[as raise] (node_modul
es/@babel/parser/src/t
okenizer/index.ts:1503
:19)
      at Parser.raise 
[as semicolon] (node_m
odules/@babel/parser/s
rc/parser/util.ts:149:
10)
      at 
Parser.semicolon [as p
arseExpressionStatemen
t] (node_modules/@babe
l/parser/src/parser/st
atement.ts:1358:10)
      at Parser.parseE
xpressionStatement 
[as parseStatementCont
ent] (node_modules/@ba
bel/parser/src/parser/
statement.ts:697:19)
      at Parser.parseS
tatementContent [as 
parseStatementLike] (n
ode_modules/@babel/par
ser/src/parser/stateme
nt.ts:477:17)
      at Parser.parseS
tatementLike [as 
parseModuleItem] (node
_modules/@babel/parser
/src/parser/statement.
ts:414:17)
      at Parser.parseM
oduleItem [as parseBlo
ckOrModuleBlockBody] (
node_modules/@babel/pa
rser/src/parser/statem
ent.ts:1438:16)
      at Parser.parseB
lockOrModuleBlockBody 
[as parseBlockBody] (n
ode_modules/@babel/par
ser/src/parser/stateme
nt.ts:1412:10)
      at 
Parser.parseBlockBody 
[as parseProgram] (nod
e_modules/@babel/parse
r/src/parser/statement
.ts:229:10)
      at 
Parser.parseProgram 
[as parseTopLevel] (no
de_modules/@babel/pars
er/src/parser/statemen
t.ts:203:25)
      at 
Parser.parseTopLevel 
[as parse] (node_modul
es/@babel/parser/src/p
arser/index.ts:93:10)
      at parse (node_m
odules/@babel/parser/s
rc/index.ts:92:38)
      at parser (node_
modules/@babel/core/sr
c/parser/index.ts:28:1
9)
          at 
parser.next 
(<anonymous>)
      at 
normalizeFile (node_mo
dules/@babel/core/src/
transformation/normali
ze-file.ts:49:24)
          at 
normalizeFile.next 
(<anonymous>)
      at run (node_mod
ules/@babel/core/src/t
ransformation/index.ts
:40:36)
          at run.next 
(<anonymous>)
      at transform (no
de_modules/@babel/core
/src/transform.ts:29:2
0)
          at 
transform.next 
(<anonymous>)
      at evaluateSync 
(node_modules/gensync/
index.js:251:28)
      at sync (node_mo
dules/gensync/index.js
:89:14)
      at fn (node_modu
les/@babel/core/src/er
rors/rewrite-stack-tra
ce.ts:99:14)
      at 
transformSync (node_mo
dules/@babel/core/src/
transform.ts:66:52)
      at ScriptTransfo
rmer.transformSource (
node_modules/@jest/tra
nsform/build/ScriptTra
nsformer.js:545:31)
      at ScriptTransfo
rmer._transformAndBuil
dScript (node_modules/
@jest/transform/build/
ScriptTransformer.js:6
74:40)
      at ScriptTransfo
rmer.transform (node_m
odules/@jest/transform
/build/ScriptTransform
er.js:726:19)
      at require (test
/mobile-gesture-manage
r.test.js:52:24)
      at 
Object.<anonymous> (te
st/mobile-gesture-mana
ger.test.js:52:24)

  ΓùÅ 
MobileGestureManager 
ΓÇ║ Performance ΓÇ║ 
should throttle 
gesture events

    Jest encountered 
an unexpected token

    Jest failed to 
parse a file. This 
happens e.g. when 
your code or its 
dependencies use 
non-standard 
JavaScript syntax, or 
when Jest is not 
configured to support 
such syntax.

    Out of the box 
Jest supports Babel, 
which will be used to 
transform your files 
into valid JS based 
on your Babel 
configuration.

    By default 
"node_modules" folder 
is ignored by 
transformers.

    Here's what you 
can do:
     ΓÇó If you are 
trying to use 
ECMAScript Modules, 
see https://jestjs.io/
docs/ecmascript-module
s for how to enable 
it.
     ΓÇó If you are 
trying to use 
TypeScript, see https:
//jestjs.io/docs/getti
ng-started#using-types
cript
     ΓÇó To have some 
of your 
"node_modules" files 
transformed, you can 
specify a custom "tran
sformIgnorePatterns" 
in your config.
     ΓÇó If you need 
a custom 
transformation 
specify a "transform" 
option in your config.
     ΓÇó If you 
simply want to mock 
your non-JS modules 
(e.g. binary assets) 
you can stub them out 
with the 
"moduleNameMapper" 
config option.

    You'll find more 
details and examples 
of these config 
options in the docs:
    https://jestjs.io/
docs/configuration
    For information 
about custom 
transformations, see:
    https://jestjs.io/
docs/code-transformati
on

    Details:

    SyntaxError: C:\Wo
rkspace_Melbin\fun_web
sites\3d_model_viewer\
src\ui\MobileGestureMa
nager.js: Missing 
semicolon. (480:20)

    [0m [90m 478 
|[39m [90m     * 
Check if device is 
mobile[39m
     [90m 479 |[39m 
[90m     */[39m
    [31m[1m>[22m[3
9m[90m 480 |[39m    
 isMobileDevice() {
     [90m     |[39m 
                    
[31m[1m^[22m[39m
     [90m 481 |[39m 
        
[36mreturn[39m [35m
/Android|webOS|iPhone|
iPad|iPod|BlackBerry|I
EMobile|Opera Mini/i[
39m[33m.[39mtest(nav
igator[33m.[39muserA
gent)[33m;[39m
     [90m 482 |[39m 
    }
     [90m 483 
|[39m[0m

    [0m [90m 50 
|[39m
     [90m 51 |[39m  
       [90m// Import 
module[39m
    [31m[1m>[22m[3
9m[90m 52 |[39m     
    [36mconst[39m 
module [33m=[39m 
[36mawait[39m [36mi
mport[39m([32m'../sr
c/ui/MobileGestureMana
ger.js'[39m)[33m;[3
9m
     [90m    |[39m  
                      
[31m[1m^[22m[39m
     [90m 53 |[39m  
       [33mMobileGest
ureManager[39m 
[33m=[39m module[33
m.[39m[33mMobileGest
ureManager[39m[33m;
[39m
     [90m 54 |[39m  
       
     [90m 55 |[39m  
       gestureManager 
[33m=[39m 
[36mnew[39m [33mMob
ileGestureManager[39m
(mockCore)[33m;[39m
[0m

      at constructor (
node_modules/@babel/pa
rser/src/parse-error.t
s:95:45)
      at 
Parser.toParseError 
[as raise] (node_modul
es/@babel/parser/src/t
okenizer/index.ts:1503
:19)
      at Parser.raise 
[as semicolon] (node_m
odules/@babel/parser/s
rc/parser/util.ts:149:
10)
      at 
Parser.semicolon [as p
arseExpressionStatemen
t] (node_modules/@babe
l/parser/src/parser/st
atement.ts:1358:10)
      at Parser.parseE
xpressionStatement 
[as parseStatementCont
ent] (node_modules/@ba
bel/parser/src/parser/
statement.ts:697:19)
      at Parser.parseS
tatementContent [as 
parseStatementLike] (n
ode_modules/@babel/par
ser/src/parser/stateme
nt.ts:477:17)
      at Parser.parseS
tatementLike [as 
parseModuleItem] (node
_modules/@babel/parser
/src/parser/statement.
ts:414:17)
      at Parser.parseM
oduleItem [as parseBlo
ckOrModuleBlockBody] (
node_modules/@babel/pa
rser/src/parser/statem
ent.ts:1438:16)
      at Parser.parseB
lockOrModuleBlockBody 
[as parseBlockBody] (n
ode_modules/@babel/par
ser/src/parser/stateme
nt.ts:1412:10)
      at 
Parser.parseBlockBody 
[as parseProgram] (nod
e_modules/@babel/parse
r/src/parser/statement
.ts:229:10)
      at 
Parser.parseProgram 
[as parseTopLevel] (no
de_modules/@babel/pars
er/src/parser/statemen
t.ts:203:25)
      at 
Parser.parseTopLevel 
[as parse] (node_modul
es/@babel/parser/src/p
arser/index.ts:93:10)
      at parse (node_m
odules/@babel/parser/s
rc/index.ts:92:38)
      at parser (node_
modules/@babel/core/sr
c/parser/index.ts:28:1
9)
          at 
parser.next 
(<anonymous>)
      at 
normalizeFile (node_mo
dules/@babel/core/src/
transformation/normali
ze-file.ts:49:24)
          at 
normalizeFile.next 
(<anonymous>)
      at run (node_mod
ules/@babel/core/src/t
ransformation/index.ts
:40:36)
          at run.next 
(<anonymous>)
      at transform (no
de_modules/@babel/core
/src/transform.ts:29:2
0)
          at 
transform.next 
(<anonymous>)
      at evaluateSync 
(node_modules/gensync/
index.js:251:28)
      at sync (node_mo
dules/gensync/index.js
:89:14)
      at fn (node_modu
les/@babel/core/src/er
rors/rewrite-stack-tra
ce.ts:99:14)
      at 
transformSync (node_mo
dules/@babel/core/src/
transform.ts:66:52)
      at ScriptTransfo
rmer.transformSource (
node_modules/@jest/tra
nsform/build/ScriptTra
nsformer.js:545:31)
      at ScriptTransfo
rmer._transformAndBuil
dScript (node_modules/
@jest/transform/build/
ScriptTransformer.js:6
74:40)
      at ScriptTransfo
rmer.transform (node_m
odules/@jest/transform
/build/ScriptTransform
er.js:726:19)
      at require (test
/mobile-gesture-manage
r.test.js:52:24)
      at 
Object.<anonymous> (te
st/mobile-gesture-mana
ger.test.js:52:24)

  ΓùÅ 
MobileGestureManager 
ΓÇ║ Performance ΓÇ║ 
should clean up old 
touch data

    Jest encountered 
an unexpected token

    Jest failed to 
parse a file. This 
happens e.g. when 
your code or its 
dependencies use 
non-standard 
JavaScript syntax, or 
when Jest is not 
configured to support 
such syntax.

    Out of the box 
Jest supports Babel, 
which will be used to 
transform your files 
into valid JS based 
on your Babel 
configuration.

    By default 
"node_modules" folder 
is ignored by 
transformers.

    Here's what you 
can do:
     ΓÇó If you are 
trying to use 
ECMAScript Modules, 
see https://jestjs.io/
docs/ecmascript-module
s for how to enable 
it.
     ΓÇó If you are 
trying to use 
TypeScript, see https:
//jestjs.io/docs/getti
ng-started#using-types
cript
     ΓÇó To have some 
of your 
"node_modules" files 
transformed, you can 
specify a custom "tran
sformIgnorePatterns" 
in your config.
     ΓÇó If you need 
a custom 
transformation 
specify a "transform" 
option in your config.
     ΓÇó If you 
simply want to mock 
your non-JS modules 
(e.g. binary assets) 
you can stub them out 
with the 
"moduleNameMapper" 
config option.

    You'll find more 
details and examples 
of these config 
options in the docs:
    https://jestjs.io/
docs/configuration
    For information 
about custom 
transformations, see:
    https://jestjs.io/
docs/code-transformati
on

    Details:

    SyntaxError: C:\Wo
rkspace_Melbin\fun_web
sites\3d_model_viewer\
src\ui\MobileGestureMa
nager.js: Missing 
semicolon. (480:20)

    [0m [90m 478 
|[39m [90m     * 
Check if device is 
mobile[39m
     [90m 479 |[39m 
[90m     */[39m
    [31m[1m>[22m[3
9m[90m 480 |[39m    
 isMobileDevice() {
     [90m     |[39m 
                    
[31m[1m^[22m[39m
     [90m 481 |[39m 
        
[36mreturn[39m [35m
/Android|webOS|iPhone|
iPad|iPod|BlackBerry|I
EMobile|Opera Mini/i[
39m[33m.[39mtest(nav
igator[33m.[39muserA
gent)[33m;[39m
     [90m 482 |[39m 
    }
     [90m 483 
|[39m[0m

    [0m [90m 50 
|[39m
     [90m 51 |[39m  
       [90m// Import 
module[39m
    [31m[1m>[22m[3
9m[90m 52 |[39m     
    [36mconst[39m 
module [33m=[39m 
[36mawait[39m [36mi
mport[39m([32m'../sr
c/ui/MobileGestureMana
ger.js'[39m)[33m;[3
9m
     [90m    |[39m  
                      
[31m[1m^[22m[39m
     [90m 53 |[39m  
       [33mMobileGest
ureManager[39m 
[33m=[39m module[33
m.[39m[33mMobileGest
ureManager[39m[33m;
[39m
     [90m 54 |[39m  
       
     [90m 55 |[39m  
       gestureManager 
[33m=[39m 
[36mnew[39m [33mMob
ileGestureManager[39m
(mockCore)[33m;[39m
[0m

      at constructor (
node_modules/@babel/pa
rser/src/parse-error.t
s:95:45)
      at 
Parser.toParseError 
[as raise] (node_modul
es/@babel/parser/src/t
okenizer/index.ts:1503
:19)
      at Parser.raise 
[as semicolon] (node_m
odules/@babel/parser/s
rc/parser/util.ts:149:
10)
      at 
Parser.semicolon [as p
arseExpressionStatemen
t] (node_modules/@babe
l/parser/src/parser/st
atement.ts:1358:10)
      at Parser.parseE
xpressionStatement 
[as parseStatementCont
ent] (node_modules/@ba
bel/parser/src/parser/
statement.ts:697:19)
      at Parser.parseS
tatementContent [as 
parseStatementLike] (n
ode_modules/@babel/par
ser/src/parser/stateme
nt.ts:477:17)
      at Parser.parseS
tatementLike [as 
parseModuleItem] (node
_modules/@babel/parser
/src/parser/statement.
ts:414:17)
      at Parser.parseM
oduleItem [as parseBlo
ckOrModuleBlockBody] (
node_modules/@babel/pa
rser/src/parser/statem
ent.ts:1438:16)
      at Parser.parseB
lockOrModuleBlockBody 
[as parseBlockBody] (n
ode_modules/@babel/par
ser/src/parser/stateme
nt.ts:1412:10)
      at 
Parser.parseBlockBody 
[as parseProgram] (nod
e_modules/@babel/parse
r/src/parser/statement
.ts:229:10)
      at 
Parser.parseProgram 
[as parseTopLevel] (no
de_modules/@babel/pars
er/src/parser/statemen
t.ts:203:25)
      at 
Parser.parseTopLevel 
[as parse] (node_modul
es/@babel/parser/src/p
arser/index.ts:93:10)
      at parse (node_m
odules/@babel/parser/s
rc/index.ts:92:38)
      at parser (node_
modules/@babel/core/sr
c/parser/index.ts:28:1
9)
          at 
parser.next 
(<anonymous>)
      at 
normalizeFile (node_mo
dules/@babel/core/src/
transformation/normali
ze-file.ts:49:24)
          at 
normalizeFile.next 
(<anonymous>)
      at run (node_mod
ules/@babel/core/src/t
ransformation/index.ts
:40:36)
          at run.next 
(<anonymous>)
      at transform (no
de_modules/@babel/core
/src/transform.ts:29:2
0)
          at 
transform.next 
(<anonymous>)
      at evaluateSync 
(node_modules/gensync/
index.js:251:28)
      at sync (node_mo
dules/gensync/index.js
:89:14)
      at fn (node_modu
les/@babel/core/src/er
rors/rewrite-stack-tra
ce.ts:99:14)
      at 
transformSync (node_mo
dules/@babel/core/src/
transform.ts:66:52)
      at ScriptTransfo
rmer.transformSource (
node_modules/@jest/tra
nsform/build/ScriptTra
nsformer.js:545:31)
      at ScriptTransfo
rmer._transformAndBuil
dScript (node_modules/
@jest/transform/build/
ScriptTransformer.js:6
74:40)
      at ScriptTransfo
rmer.transform (node_m
odules/@jest/transform
/build/ScriptTransform
er.js:726:19)
      at require (test
/mobile-gesture-manage
r.test.js:52:24)
      at 
Object.<anonymous> (te
st/mobile-gesture-mana
ger.test.js:52:24)

  ΓùÅ 
MobileGestureManager 
ΓÇ║ Accessibility ΓÇ║ 
should provide 
gesture descriptions

    Jest encountered 
an unexpected token

    Jest failed to 
parse a file. This 
happens e.g. when 
your code or its 
dependencies use 
non-standard 
JavaScript syntax, or 
when Jest is not 
configured to support 
such syntax.

    Out of the box 
Jest supports Babel, 
which will be used to 
transform your files 
into valid JS based 
on your Babel 
configuration.

    By default 
"node_modules" folder 
is ignored by 
transformers.

    Here's what you 
can do:
     ΓÇó If you are 
trying to use 
ECMAScript Modules, 
see https://jestjs.io/
docs/ecmascript-module
s for how to enable 
it.
     ΓÇó If you are 
trying to use 
TypeScript, see https:
//jestjs.io/docs/getti
ng-started#using-types
cript
     ΓÇó To have some 
of your 
"node_modules" files 
transformed, you can 
specify a custom "tran
sformIgnorePatterns" 
in your config.
     ΓÇó If you need 
a custom 
transformation 
specify a "transform" 
option in your config.
     ΓÇó If you 
simply want to mock 
your non-JS modules 
(e.g. binary assets) 
you can stub them out 
with the 
"moduleNameMapper" 
config option.

    You'll find more 
details and examples 
of these config 
options in the docs:
    https://jestjs.io/
docs/configuration
    For information 
about custom 
transformations, see:
    https://jestjs.io/
docs/code-transformati
on

    Details:

    SyntaxError: C:\Wo
rkspace_Melbin\fun_web
sites\3d_model_viewer\
src\ui\MobileGestureMa
nager.js: Missing 
semicolon. (480:20)

    [0m [90m 478 
|[39m [90m     * 
Check if device is 
mobile[39m
     [90m 479 |[39m 
[90m     */[39m
    [31m[1m>[22m[3
9m[90m 480 |[39m    
 isMobileDevice() {
     [90m     |[39m 
                    
[31m[1m^[22m[39m
     [90m 481 |[39m 
        
[36mreturn[39m [35m
/Android|webOS|iPhone|
iPad|iPod|BlackBerry|I
EMobile|Opera Mini/i[
39m[33m.[39mtest(nav
igator[33m.[39muserA
gent)[33m;[39m
     [90m 482 |[39m 
    }
     [90m 483 
|[39m[0m

    [0m [90m 50 
|[39m
     [90m 51 |[39m  
       [90m// Import 
module[39m
    [31m[1m>[22m[3
9m[90m 52 |[39m     
    [36mconst[39m 
module [33m=[39m 
[36mawait[39m [36mi
mport[39m([32m'../sr
c/ui/MobileGestureMana
ger.js'[39m)[33m;[3
9m
     [90m    |[39m  
                      
[31m[1m^[22m[39m
     [90m 53 |[39m  
       [33mMobileGest
ureManager[39m 
[33m=[39m module[33
m.[39m[33mMobileGest
ureManager[39m[33m;
[39m
     [90m 54 |[39m  
       
     [90m 55 |[39m  
       gestureManager 
[33m=[39m 
[36mnew[39m [33mMob
ileGestureManager[39m
(mockCore)[33m;[39m
[0m

      at constructor (
node_modules/@babel/pa
rser/src/parse-error.t
s:95:45)
      at 
Parser.toParseError 
[as raise] (node_modul
es/@babel/parser/src/t
okenizer/index.ts:1503
:19)
      at Parser.raise 
[as semicolon] (node_m
odules/@babel/parser/s
rc/parser/util.ts:149:
10)
      at 
Parser.semicolon [as p
arseExpressionStatemen
t] (node_modules/@babe
l/parser/src/parser/st
atement.ts:1358:10)
      at Parser.parseE
xpressionStatement 
[as parseStatementCont
ent] (node_modules/@ba
bel/parser/src/parser/
statement.ts:697:19)
      at Parser.parseS
tatementContent [as 
parseStatementLike] (n
ode_modules/@babel/par
ser/src/parser/stateme
nt.ts:477:17)
      at Parser.parseS
tatementLike [as 
parseModuleItem] (node
_modules/@babel/parser
/src/parser/statement.
ts:414:17)
      at Parser.parseM
oduleItem [as parseBlo
ckOrModuleBlockBody] (
node_modules/@babel/pa
rser/src/parser/statem
ent.ts:1438:16)
      at Parser.parseB
lockOrModuleBlockBody 
[as parseBlockBody] (n
ode_modules/@babel/par
ser/src/parser/stateme
nt.ts:1412:10)
      at 
Parser.parseBlockBody 
[as parseProgram] (nod
e_modules/@babel/parse
r/src/parser/statement
.ts:229:10)
      at 
Parser.parseProgram 
[as parseTopLevel] (no
de_modules/@babel/pars
er/src/parser/statemen
t.ts:203:25)
      at 
Parser.parseTopLevel 
[as parse] (node_modul
es/@babel/parser/src/p
arser/index.ts:93:10)
      at parse (node_m
odules/@babel/parser/s
rc/index.ts:92:38)
      at parser (node_
modules/@babel/core/sr
c/parser/index.ts:28:1
9)
          at 
parser.next 
(<anonymous>)
      at 
normalizeFile (node_mo
dules/@babel/core/src/
transformation/normali
ze-file.ts:49:24)
          at 
normalizeFile.next 
(<anonymous>)
      at run (node_mod
ules/@babel/core/src/t
ransformation/index.ts
:40:36)
          at run.next 
(<anonymous>)
      at transform (no
de_modules/@babel/core
/src/transform.ts:29:2
0)
          at 
transform.next 
(<anonymous>)
      at evaluateSync 
(node_modules/gensync/
index.js:251:28)
      at sync (node_mo
dules/gensync/index.js
:89:14)
      at fn (node_modu
les/@babel/core/src/er
rors/rewrite-stack-tra
ce.ts:99:14)
      at 
transformSync (node_mo
dules/@babel/core/src/
transform.ts:66:52)
      at ScriptTransfo
rmer.transformSource (
node_modules/@jest/tra
nsform/build/ScriptTra
nsformer.js:545:31)
      at ScriptTransfo
rmer._transformAndBuil
dScript (node_modules/
@jest/transform/build/
ScriptTransformer.js:6
74:40)
      at ScriptTransfo
rmer.transform (node_m
odules/@jest/transform
/build/ScriptTransform
er.js:726:19)
      at require (test
/mobile-gesture-manage
r.test.js:52:24)
      at 
Object.<anonymous> (te
st/mobile-gesture-mana
ger.test.js:52:24)

  ΓùÅ 
MobileGestureManager 
ΓÇ║ Accessibility ΓÇ║ 
should support 
gesture alternatives

    Jest encountered 
an unexpected token

    Jest failed to 
parse a file. This 
happens e.g. when 
your code or its 
dependencies use 
non-standard 
JavaScript syntax, or 
when Jest is not 
configured to support 
such syntax.

    Out of the box 
Jest supports Babel, 
which will be used to 
transform your files 
into valid JS based 
on your Babel 
configuration.

    By default 
"node_modules" folder 
is ignored by 
transformers.

    Here's what you 
can do:
     ΓÇó If you are 
trying to use 
ECMAScript Modules, 
see https://jestjs.io/
docs/ecmascript-module
s for how to enable 
it.
     ΓÇó If you are 
trying to use 
TypeScript, see https:
//jestjs.io/docs/getti
ng-started#using-types
cript
     ΓÇó To have some 
of your 
"node_modules" files 
transformed, you can 
specify a custom "tran
sformIgnorePatterns" 
in your config.
     ΓÇó If you need 
a custom 
transformation 
specify a "transform" 
option in your config.
     ΓÇó If you 
simply want to mock 
your non-JS modules 
(e.g. binary assets) 
you can stub them out 
with the 
"moduleNameMapper" 
config option.

    You'll find more 
details and examples 
of these config 
options in the docs:
    https://jestjs.io/
docs/configuration
    For information 
about custom 
transformations, see:
    https://jestjs.io/
docs/code-transformati
on

    Details:

    SyntaxError: C:\Wo
rkspace_Melbin\fun_web
sites\3d_model_viewer\
src\ui\MobileGestureMa
nager.js: Missing 
semicolon. (480:20)

    [0m [90m 478 
|[39m [90m     * 
Check if device is 
mobile[39m
     [90m 479 |[39m 
[90m     */[39m
    [31m[1m>[22m[3
9m[90m 480 |[39m    
 isMobileDevice() {
     [90m     |[39m 
                    
[31m[1m^[22m[39m
     [90m 481 |[39m 
        
[36mreturn[39m [35m
/Android|webOS|iPhone|
iPad|iPod|BlackBerry|I
EMobile|Opera Mini/i[
39m[33m.[39mtest(nav
igator[33m.[39muserA
gent)[33m;[39m
     [90m 482 |[39m 
    }
     [90m 483 
|[39m[0m

    [0m [90m 50 
|[39m
     [90m 51 |[39m  
       [90m// Import 
module[39m
    [31m[1m>[22m[3
9m[90m 52 |[39m     
    [36mconst[39m 
module [33m=[39m 
[36mawait[39m [36mi
mport[39m([32m'../sr
c/ui/MobileGestureMana
ger.js'[39m)[33m;[3
9m
     [90m    |[39m  
                      
[31m[1m^[22m[39m
     [90m 53 |[39m  
       [33mMobileGest
ureManager[39m 
[33m=[39m module[33
m.[39m[33mMobileGest
ureManager[39m[33m;
[39m
     [90m 54 |[39m  
       
     [90m 55 |[39m  
       gestureManager 
[33m=[39m 
[36mnew[39m [33mMob
ileGestureManager[39m
(mockCore)[33m;[39m
[0m

      at constructor (
node_modules/@babel/pa
rser/src/parse-error.t
s:95:45)
      at 
Parser.toParseError 
[as raise] (node_modul
es/@babel/parser/src/t
okenizer/index.ts:1503
:19)
      at Parser.raise 
[as semicolon] (node_m
odules/@babel/parser/s
rc/parser/util.ts:149:
10)
      at 
Parser.semicolon [as p
arseExpressionStatemen
t] (node_modules/@babe
l/parser/src/parser/st
atement.ts:1358:10)
      at Parser.parseE
xpressionStatement 
[as parseStatementCont
ent] (node_modules/@ba
bel/parser/src/parser/
statement.ts:697:19)
      at Parser.parseS
tatementContent [as 
parseStatementLike] (n
ode_modules/@babel/par
ser/src/parser/stateme
nt.ts:477:17)
      at Parser.parseS
tatementLike [as 
parseModuleItem] (node
_modules/@babel/parser
/src/parser/statement.
ts:414:17)
      at Parser.parseM
oduleItem [as parseBlo
ckOrModuleBlockBody] (
node_modules/@babel/pa
rser/src/parser/statem
ent.ts:1438:16)
      at Parser.parseB
lockOrModuleBlockBody 
[as parseBlockBody] (n
ode_modules/@babel/par
ser/src/parser/stateme
nt.ts:1412:10)
      at 
Parser.parseBlockBody 
[as parseProgram] (nod
e_modules/@babel/parse
r/src/parser/statement
.ts:229:10)
      at 
Parser.parseProgram 
[as parseTopLevel] (no
de_modules/@babel/pars
er/src/parser/statemen
t.ts:203:25)
      at 
Parser.parseTopLevel 
[as parse] (node_modul
es/@babel/parser/src/p
arser/index.ts:93:10)
      at parse (node_m
odules/@babel/parser/s
rc/index.ts:92:38)
      at parser (node_
modules/@babel/core/sr
c/parser/index.ts:28:1
9)
          at 
parser.next 
(<anonymous>)
      at 
normalizeFile (node_mo
dules/@babel/core/src/
transformation/normali
ze-file.ts:49:24)
          at 
normalizeFile.next 
(<anonymous>)
      at run (node_mod
ules/@babel/core/src/t
ransformation/index.ts
:40:36)
          at run.next 
(<anonymous>)
      at transform (no
de_modules/@babel/core
/src/transform.ts:29:2
0)
          at 
transform.next 
(<anonymous>)
      at evaluateSync 
(node_modules/gensync/
index.js:251:28)
      at sync (node_mo
dules/gensync/index.js
:89:14)
      at fn (node_modu
les/@babel/core/src/er
rors/rewrite-stack-tra
ce.ts:99:14)
      at 
transformSync (node_mo
dules/@babel/core/src/
transform.ts:66:52)
      at ScriptTransfo
rmer.transformSource (
node_modules/@jest/tra
nsform/build/ScriptTra
nsformer.js:545:31)
      at ScriptTransfo
rmer._transformAndBuil
dScript (node_modules/
@jest/transform/build/
ScriptTransformer.js:6
74:40)
      at ScriptTransfo
rmer.transform (node_m
odules/@jest/transform
/build/ScriptTransform
er.js:726:19)
      at require (test
/mobile-gesture-manage
r.test.js:52:24)
      at 
Object.<anonymous> (te
st/mobile-gesture-mana
ger.test.js:52:24)

  ΓùÅ 
MobileGestureManager 
ΓÇ║ Accessibility ΓÇ║ 
should announce 
gestures to screen 
readers

    Jest encountered 
an unexpected token

    Jest failed to 
parse a file. This 
happens e.g. when 
your code or its 
dependencies use 
non-standard 
JavaScript syntax, or 
when Jest is not 
configured to support 
such syntax.

    Out of the box 
Jest supports Babel, 
which will be used to 
transform your files 
into valid JS based 
on your Babel 
configuration.

    By default 
"node_modules" folder 
is ignored by 
transformers.

    Here's what you 
can do:
     ΓÇó If you are 
trying to use 
ECMAScript Modules, 
see https://jestjs.io/
docs/ecmascript-module
s for how to enable 
it.
     ΓÇó If you are 
trying to use 
TypeScript, see https:
//jestjs.io/docs/getti
ng-started#using-types
cript
     ΓÇó To have some 
of your 
"node_modules" files 
transformed, you can 
specify a custom "tran
sformIgnorePatterns" 
in your config.
     ΓÇó If you need 
a custom 
transformation 
specify a "transform" 
option in your config.
     ΓÇó If you 
simply want to mock 
your non-JS modules 
(e.g. binary assets) 
you can stub them out 
with the 
"moduleNameMapper" 
config option.

    You'll find more 
details and examples 
of these config 
options in the docs:
    https://jestjs.io/
docs/configuration
    For information 
about custom 
transformations, see:
    https://jestjs.io/
docs/code-transformati
on

    Details:

    SyntaxError: C:\Wo
rkspace_Melbin\fun_web
sites\3d_model_viewer\
src\ui\MobileGestureMa
nager.js: Missing 
semicolon. (480:20)

    [0m [90m 478 
|[39m [90m     * 
Check if device is 
mobile[39m
     [90m 479 |[39m 
[90m     */[39m
    [31m[1m>[22m[3
9m[90m 480 |[39m    
 isMobileDevice() {
     [90m     |[39m 
                    
[31m[1m^[22m[39m
     [90m 481 |[39m 
        
[36mreturn[39m [35m
/Android|webOS|iPhone|
iPad|iPod|BlackBerry|I
EMobile|Opera Mini/i[
39m[33m.[39mtest(nav
igator[33m.[39muserA
gent)[33m;[39m
     [90m 482 |[39m 
    }
     [90m 483 
|[39m[0m

    [0m [90m 50 
|[39m
     [90m 51 |[39m  
       [90m// Import 
module[39m
    [31m[1m>[22m[3
9m[90m 52 |[39m     
    [36mconst[39m 
module [33m=[39m 
[36mawait[39m [36mi
mport[39m([32m'../sr
c/ui/MobileGestureMana
ger.js'[39m)[33m;[3
9m
     [90m    |[39m  
                      
[31m[1m^[22m[39m
     [90m 53 |[39m  
       [33mMobileGest
ureManager[39m 
[33m=[39m module[33
m.[39m[33mMobileGest
ureManager[39m[33m;
[39m
     [90m 54 |[39m  
       
     [90m 55 |[39m  
       gestureManager 
[33m=[39m 
[36mnew[39m [33mMob
ileGestureManager[39m
(mockCore)[33m;[39m
[0m

      at constructor (
node_modules/@babel/pa
rser/src/parse-error.t
s:95:45)
      at 
Parser.toParseError 
[as raise] (node_modul
es/@babel/parser/src/t
okenizer/index.ts:1503
:19)
      at Parser.raise 
[as semicolon] (node_m
odules/@babel/parser/s
rc/parser/util.ts:149:
10)
      at 
Parser.semicolon [as p
arseExpressionStatemen
t] (node_modules/@babe
l/parser/src/parser/st
atement.ts:1358:10)
      at Parser.parseE
xpressionStatement 
[as parseStatementCont
ent] (node_modules/@ba
bel/parser/src/parser/
statement.ts:697:19)
      at Parser.parseS
tatementContent [as 
parseStatementLike] (n
ode_modules/@babel/par
ser/src/parser/stateme
nt.ts:477:17)
      at Parser.parseS
tatementLike [as 
parseModuleItem] (node
_modules/@babel/parser
/src/parser/statement.
ts:414:17)
      at Parser.parseM
oduleItem [as parseBlo
ckOrModuleBlockBody] (
node_modules/@babel/pa
rser/src/parser/statem
ent.ts:1438:16)
      at Parser.parseB
lockOrModuleBlockBody 
[as parseBlockBody] (n
ode_modules/@babel/par
ser/src/parser/stateme
nt.ts:1412:10)
      at 
Parser.parseBlockBody 
[as parseProgram] (nod
e_modules/@babel/parse
r/src/parser/statement
.ts:229:10)
      at 
Parser.parseProgram 
[as parseTopLevel] (no
de_modules/@babel/pars
er/src/parser/statemen
t.ts:203:25)
      at 
Parser.parseTopLevel 
[as parse] (node_modul
es/@babel/parser/src/p
arser/index.ts:93:10)
      at parse (node_m
odules/@babel/parser/s
rc/index.ts:92:38)
      at parser (node_
modules/@babel/core/sr
c/parser/index.ts:28:1
9)
          at 
parser.next 
(<anonymous>)
      at 
normalizeFile (node_mo
dules/@babel/core/src/
transformation/normali
ze-file.ts:49:24)
          at 
normalizeFile.next 
(<anonymous>)
      at run (node_mod
ules/@babel/core/src/t
ransformation/index.ts
:40:36)
          at run.next 
(<anonymous>)
      at transform (no
de_modules/@babel/core
/src/transform.ts:29:2
0)
          at 
transform.next 
(<anonymous>)
      at evaluateSync 
(node_modules/gensync/
index.js:251:28)
      at sync (node_mo
dules/gensync/index.js
:89:14)
      at fn (node_modu
les/@babel/core/src/er
rors/rewrite-stack-tra
ce.ts:99:14)
      at 
transformSync (node_mo
dules/@babel/core/src/
transform.ts:66:52)
      at ScriptTransfo
rmer.transformSource (
node_modules/@jest/tra
nsform/build/ScriptTra
nsformer.js:545:31)
      at ScriptTransfo
rmer._transformAndBuil
dScript (node_modules/
@jest/transform/build/
ScriptTransformer.js:6
74:40)
      at ScriptTransfo
rmer.transform (node_m
odules/@jest/transform
/build/ScriptTransform
er.js:726:19)
      at require (test
/mobile-gesture-manage
r.test.js:52:24)
      at 
Object.<anonymous> (te
st/mobile-gesture-mana
ger.test.js:52:24)

  ΓùÅ 
MobileGestureManager 
ΓÇ║ Cleanup and 
Destroy ΓÇ║ should 
remove event 
listeners on destroy

    Jest encountered 
an unexpected token

    Jest failed to 
parse a file. This 
happens e.g. when 
your code or its 
dependencies use 
non-standard 
JavaScript syntax, or 
when Jest is not 
configured to support 
such syntax.

    Out of the box 
Jest supports Babel, 
which will be used to 
transform your files 
into valid JS based 
on your Babel 
configuration.

    By default 
"node_modules" folder 
is ignored by 
transformers.

    Here's what you 
can do:
     ΓÇó If you are 
trying to use 
ECMAScript Modules, 
see https://jestjs.io/
docs/ecmascript-module
s for how to enable 
it.
     ΓÇó If you are 
trying to use 
TypeScript, see https:
//jestjs.io/docs/getti
ng-started#using-types
cript
     ΓÇó To have some 
of your 
"node_modules" files 
transformed, you can 
specify a custom "tran
sformIgnorePatterns" 
in your config.
     ΓÇó If you need 
a custom 
transformation 
specify a "transform" 
option in your config.
     ΓÇó If you 
simply want to mock 
your non-JS modules 
(e.g. binary assets) 
you can stub them out 
with the 
"moduleNameMapper" 
config option.

    You'll find more 
details and examples 
of these config 
options in the docs:
    https://jestjs.io/
docs/configuration
    For information 
about custom 
transformations, see:
    https://jestjs.io/
docs/code-transformati
on

    Details:

    SyntaxError: C:\Wo
rkspace_Melbin\fun_web
sites\3d_model_viewer\
src\ui\MobileGestureMa
nager.js: Missing 
semicolon. (480:20)

    [0m [90m 478 
|[39m [90m     * 
Check if device is 
mobile[39m
     [90m 479 |[39m 
[90m     */[39m
    [31m[1m>[22m[3
9m[90m 480 |[39m    
 isMobileDevice() {
     [90m     |[39m 
                    
[31m[1m^[22m[39m
     [90m 481 |[39m 
        
[36mreturn[39m [35m
/Android|webOS|iPhone|
iPad|iPod|BlackBerry|I
EMobile|Opera Mini/i[
39m[33m.[39mtest(nav
igator[33m.[39muserA
gent)[33m;[39m
     [90m 482 |[39m 
    }
     [90m 483 
|[39m[0m

    [0m [90m 50 
|[39m
     [90m 51 |[39m  
       [90m// Import 
module[39m
    [31m[1m>[22m[3
9m[90m 52 |[39m     
    [36mconst[39m 
module [33m=[39m 
[36mawait[39m [36mi
mport[39m([32m'../sr
c/ui/MobileGestureMana
ger.js'[39m)[33m;[3
9m
     [90m    |[39m  
                      
[31m[1m^[22m[39m
     [90m 53 |[39m  
       [33mMobileGest
ureManager[39m 
[33m=[39m module[33
m.[39m[33mMobileGest
ureManager[39m[33m;
[39m
     [90m 54 |[39m  
       
     [90m 55 |[39m  
       gestureManager 
[33m=[39m 
[36mnew[39m [33mMob
ileGestureManager[39m
(mockCore)[33m;[39m
[0m

      at constructor (
node_modules/@babel/pa
rser/src/parse-error.t
s:95:45)
      at 
Parser.toParseError 
[as raise] (node_modul
es/@babel/parser/src/t
okenizer/index.ts:1503
:19)
      at Parser.raise 
[as semicolon] (node_m
odules/@babel/parser/s
rc/parser/util.ts:149:
10)
      at 
Parser.semicolon [as p
arseExpressionStatemen
t] (node_modules/@babe
l/parser/src/parser/st
atement.ts:1358:10)
      at Parser.parseE
xpressionStatement 
[as parseStatementCont
ent] (node_modules/@ba
bel/parser/src/parser/
statement.ts:697:19)
      at Parser.parseS
tatementContent [as 
parseStatementLike] (n
ode_modules/@babel/par
ser/src/parser/stateme
nt.ts:477:17)
      at Parser.parseS
tatementLike [as 
parseModuleItem] (node
_modules/@babel/parser
/src/parser/statement.
ts:414:17)
      at Parser.parseM
oduleItem [as parseBlo
ckOrModuleBlockBody] (
node_modules/@babel/pa
rser/src/parser/statem
ent.ts:1438:16)
      at Parser.parseB
lockOrModuleBlockBody 
[as parseBlockBody] (n
ode_modules/@babel/par
ser/src/parser/stateme
nt.ts:1412:10)
      at 
Parser.parseBlockBody 
[as parseProgram] (nod
e_modules/@babel/parse
r/src/parser/statement
.ts:229:10)
      at 
Parser.parseProgram 
[as parseTopLevel] (no
de_modules/@babel/pars
er/src/parser/statemen
t.ts:203:25)
      at 
Parser.parseTopLevel 
[as parse] (node_modul
es/@babel/parser/src/p
arser/index.ts:93:10)
      at parse (node_m
odules/@babel/parser/s
rc/index.ts:92:38)
      at parser (node_
modules/@babel/core/sr
c/parser/index.ts:28:1
9)
          at 
parser.next 
(<anonymous>)
      at 
normalizeFile (node_mo
dules/@babel/core/src/
transformation/normali
ze-file.ts:49:24)
          at 
normalizeFile.next 
(<anonymous>)
      at run (node_mod
ules/@babel/core/src/t
ransformation/index.ts
:40:36)
          at run.next 
(<anonymous>)
      at transform (no
de_modules/@babel/core
/src/transform.ts:29:2
0)
          at 
transform.next 
(<anonymous>)
      at evaluateSync 
(node_modules/gensync/
index.js:251:28)
      at sync (node_mo
dules/gensync/index.js
:89:14)
      at fn (node_modu
les/@babel/core/src/er
rors/rewrite-stack-tra
ce.ts:99:14)
      at 
transformSync (node_mo
dules/@babel/core/src/
transform.ts:66:52)
      at ScriptTransfo
rmer.transformSource (
node_modules/@jest/tra
nsform/build/ScriptTra
nsformer.js:545:31)
      at ScriptTransfo
rmer._transformAndBuil
dScript (node_modules/
@jest/transform/build/
ScriptTransformer.js:6
74:40)
      at ScriptTransfo
rmer.transform (node_m
odules/@jest/transform
/build/ScriptTransform
er.js:726:19)
      at require (test
/mobile-gesture-manage
r.test.js:52:24)
      at 
Object.<anonymous> (te
st/mobile-gesture-mana
ger.test.js:52:24)

  ΓùÅ 
MobileGestureManager 
ΓÇ║ Cleanup and 
Destroy ΓÇ║ should 
clear touch state on 
destroy

    Jest encountered 
an unexpected token

    Jest failed to 
parse a file. This 
happens e.g. when 
your code or its 
dependencies use 
non-standard 
JavaScript syntax, or 
when Jest is not 
configured to support 
such syntax.

    Out of the box 
Jest supports Babel, 
which will be used to 
transform your files 
into valid JS based 
on your Babel 
configuration.

    By default 
"node_modules" folder 
is ignored by 
transformers.

    Here's what you 
can do:
     ΓÇó If you are 
trying to use 
ECMAScript Modules, 
see https://jestjs.io/
docs/ecmascript-module
s for how to enable 
it.
     ΓÇó If you are 
trying to use 
TypeScript, see https:
//jestjs.io/docs/getti
ng-started#using-types
cript
     ΓÇó To have some 
of your 
"node_modules" files 
transformed, you can 
specify a custom "tran
sformIgnorePatterns" 
in your config.
     ΓÇó If you need 
a custom 
transformation 
specify a "transform" 
option in your config.
     ΓÇó If you 
simply want to mock 
your non-JS modules 
(e.g. binary assets) 
you can stub them out 
with the 
"moduleNameMapper" 
config option.

    You'll find more 
details and examples 
of these config 
options in the docs:
    https://jestjs.io/
docs/configuration
    For information 
about custom 
transformations, see:
    https://jestjs.io/
docs/code-transformati
on

    Details:

    SyntaxError: C:\Wo
rkspace_Melbin\fun_web
sites\3d_model_viewer\
src\ui\MobileGestureMa
nager.js: Missing 
semicolon. (480:20)

    [0m [90m 478 
|[39m [90m     * 
Check if device is 
mobile[39m
     [90m 479 |[39m 
[90m     */[39m
    [31m[1m>[22m[3
9m[90m 480 |[39m    
 isMobileDevice() {
     [90m     |[39m 
                    
[31m[1m^[22m[39m
     [90m 481 |[39m 
        
[36mreturn[39m [35m
/Android|webOS|iPhone|
iPad|iPod|BlackBerry|I
EMobile|Opera Mini/i[
39m[33m.[39mtest(nav
igator[33m.[39muserA
gent)[33m;[39m
     [90m 482 |[39m 
    }
     [90m 483 
|[39m[0m

    [0m [90m 50 
|[39m
     [90m 51 |[39m  
       [90m// Import 
module[39m
    [31m[1m>[22m[3
9m[90m 52 |[39m     
    [36mconst[39m 
module [33m=[39m 
[36mawait[39m [36mi
mport[39m([32m'../sr
c/ui/MobileGestureMana
ger.js'[39m)[33m;[3
9m
     [90m    |[39m  
                      
[31m[1m^[22m[39m
     [90m 53 |[39m  
       [33mMobileGest
ureManager[39m 
[33m=[39m module[33
m.[39m[33mMobileGest
ureManager[39m[33m;
[39m
     [90m 54 |[39m  
       
     [90m 55 |[39m  
       gestureManager 
[33m=[39m 
[36mnew[39m [33mMob
ileGestureManager[39m
(mockCore)[33m;[39m
[0m

      at constructor (
node_modules/@babel/pa
rser/src/parse-error.t
s:95:45)
      at 
Parser.toParseError 
[as raise] (node_modul
es/@babel/parser/src/t
okenizer/index.ts:1503
:19)
      at Parser.raise 
[as semicolon] (node_m
odules/@babel/parser/s
rc/parser/util.ts:149:
10)
      at 
Parser.semicolon [as p
arseExpressionStatemen
t] (node_modules/@babe
l/parser/src/parser/st
atement.ts:1358:10)
      at Parser.parseE
xpressionStatement 
[as parseStatementCont
ent] (node_modules/@ba
bel/parser/src/parser/
statement.ts:697:19)
      at Parser.parseS
tatementContent [as 
parseStatementLike] (n
ode_modules/@babel/par
ser/src/parser/stateme
nt.ts:477:17)
      at Parser.parseS
tatementLike [as 
parseModuleItem] (node
_modules/@babel/parser
/src/parser/statement.
ts:414:17)
      at Parser.parseM
oduleItem [as parseBlo
ckOrModuleBlockBody] (
node_modules/@babel/pa
rser/src/parser/statem
ent.ts:1438:16)
      at Parser.parseB
lockOrModuleBlockBody 
[as parseBlockBody] (n
ode_modules/@babel/par
ser/src/parser/stateme
nt.ts:1412:10)
      at 
Parser.parseBlockBody 
[as parseProgram] (nod
e_modules/@babel/parse
r/src/parser/statement
.ts:229:10)
      at 
Parser.parseProgram 
[as parseTopLevel] (no
de_modules/@babel/pars
er/src/parser/statemen
t.ts:203:25)
      at 
Parser.parseTopLevel 
[as parse] (node_modul
es/@babel/parser/src/p
arser/index.ts:93:10)
      at parse (node_m
odules/@babel/parser/s
rc/index.ts:92:38)
      at parser (node_
modules/@babel/core/sr
c/parser/index.ts:28:1
9)
          at 
parser.next 
(<anonymous>)
      at 
normalizeFile (node_mo
dules/@babel/core/src/
transformation/normali
ze-file.ts:49:24)
          at 
normalizeFile.next 
(<anonymous>)
      at run (node_mod
ules/@babel/core/src/t
ransformation/index.ts
:40:36)
          at run.next 
(<anonymous>)
      at transform (no
de_modules/@babel/core
/src/transform.ts:29:2
0)
          at 
transform.next 
(<anonymous>)
      at evaluateSync 
(node_modules/gensync/
index.js:251:28)
      at sync (node_mo
dules/gensync/index.js
:89:14)
      at fn (node_modu
les/@babel/core/src/er
rors/rewrite-stack-tra
ce.ts:99:14)
      at 
transformSync (node_mo
dules/@babel/core/src/
transform.ts:66:52)
      at ScriptTransfo
rmer.transformSource (
node_modules/@jest/tra
nsform/build/ScriptTra
nsformer.js:545:31)
      at ScriptTransfo
rmer._transformAndBuil
dScript (node_modules/
@jest/transform/build/
ScriptTransformer.js:6
74:40)
      at ScriptTransfo
rmer.transform (node_m
odules/@jest/transform
/build/ScriptTransform
er.js:726:19)
      at require (test
/mobile-gesture-manage
r.test.js:52:24)
      at 
Object.<anonymous> (te
st/mobile-gesture-mana
ger.test.js:52:24)

  ΓùÅ 
MobileGestureManager 
ΓÇ║ Cleanup and 
Destroy ΓÇ║ should 
remove CoreEngine 
listeners on destroy

    Jest encountered 
an unexpected token

    Jest failed to 
parse a file. This 
happens e.g. when 
your code or its 
dependencies use 
non-standard 
JavaScript syntax, or 
when Jest is not 
configured to support 
such syntax.

    Out of the box 
Jest supports Babel, 
which will be used to 
transform your files 
into valid JS based 
on your Babel 
configuration.

    By default 
"node_modules" folder 
is ignored by 
transformers.

    Here's what you 
can do:
     ΓÇó If you are 
trying to use 
ECMAScript Modules, 
see https://jestjs.io/
docs/ecmascript-module
s for how to enable 
it.
     ΓÇó If you are 
trying to use 
TypeScript, see https:
//jestjs.io/docs/getti
ng-started#using-types
cript
     ΓÇó To have some 
of your 
"node_modules" files 
transformed, you can 
specify a custom "tran
sformIgnorePatterns" 
in your config.
     ΓÇó If you need 
a custom 
transformation 
specify a "transform" 
option in your config.
     ΓÇó If you 
simply want to mock 
your non-JS modules 
(e.g. binary assets) 
you can stub them out 
with the 
"moduleNameMapper" 
config option.

    You'll find more 
details and examples 
of these config 
options in the docs:
    https://jestjs.io/
docs/configuration
    For information 
about custom 
transformations, see:
    https://jestjs.io/
docs/code-transformati
on

    Details:

    SyntaxError: C:\Wo
rkspace_Melbin\fun_web
sites\3d_model_viewer\
src\ui\MobileGestureMa
nager.js: Missing 
semicolon. (480:20)

    [0m [90m 478 
|[39m [90m     * 
Check if device is 
mobile[39m
     [90m 479 |[39m 
[90m     */[39m
    [31m[1m>[22m[3
9m[90m 480 |[39m    
 isMobileDevice() {
     [90m     |[39m 
                    
[31m[1m^[22m[39m
     [90m 481 |[39m 
        
[36mreturn[39m [35m
/Android|webOS|iPhone|
iPad|iPod|BlackBerry|I
EMobile|Opera Mini/i[
39m[33m.[39mtest(nav
igator[33m.[39muserA
gent)[33m;[39m
     [90m 482 |[39m 
    }
     [90m 483 
|[39m[0m

    [0m [90m 50 
|[39m
     [90m 51 |[39m  
       [90m// Import 
module[39m
    [31m[1m>[22m[3
9m[90m 52 |[39m     
    [36mconst[39m 
module [33m=[39m 
[36mawait[39m [36mi
mport[39m([32m'../sr
c/ui/MobileGestureMana
ger.js'[39m)[33m;[3
9m
     [90m    |[39m  
                      
[31m[1m^[22m[39m
     [90m 53 |[39m  
       [33mMobileGest
ureManager[39m 
[33m=[39m module[33
m.[39m[33mMobileGest
ureManager[39m[33m;
[39m
     [90m 54 |[39m  
       
     [90m 55 |[39m  
       gestureManager 
[33m=[39m 
[36mnew[39m [33mMob
ileGestureManager[39m
(mockCore)[33m;[39m
[0m

      at constructor (
node_modules/@babel/pa
rser/src/parse-error.t
s:95:45)
      at 
Parser.toParseError 
[as raise] (node_modul
es/@babel/parser/src/t
okenizer/index.ts:1503
:19)
      at Parser.raise 
[as semicolon] (node_m
odules/@babel/parser/s
rc/parser/util.ts:149:
10)
      at 
Parser.semicolon [as p
arseExpressionStatemen
t] (node_modules/@babe
l/parser/src/parser/st
atement.ts:1358:10)
      at Parser.parseE
xpressionStatement 
[as parseStatementCont
ent] (node_modules/@ba
bel/parser/src/parser/
statement.ts:697:19)
      at Parser.parseS
tatementContent [as 
parseStatementLike] (n
ode_modules/@babel/par
ser/src/parser/stateme
nt.ts:477:17)
      at Parser.parseS
tatementLike [as 
parseModuleItem] (node
_modules/@babel/parser
/src/parser/statement.
ts:414:17)
      at Parser.parseM
oduleItem [as parseBlo
ckOrModuleBlockBody] (
node_modules/@babel/pa
rser/src/parser/statem
ent.ts:1438:16)
      at Parser.parseB
lockOrModuleBlockBody 
[as parseBlockBody] (n
ode_modules/@babel/par
ser/src/parser/stateme
nt.ts:1412:10)
      at 
Parser.parseBlockBody 
[as parseProgram] (nod
e_modules/@babel/parse
r/src/parser/statement
.ts:229:10)
      at 
Parser.parseProgram 
[as parseTopLevel] (no
de_modules/@babel/pars
er/src/parser/statemen
t.ts:203:25)
      at 
Parser.parseTopLevel 
[as parse] (node_modul
es/@babel/parser/src/p
arser/index.ts:93:10)
      at parse (node_m
odules/@babel/parser/s
rc/index.ts:92:38)
      at parser (node_
modules/@babel/core/sr
c/parser/index.ts:28:1
9)
          at 
parser.next 
(<anonymous>)
      at 
normalizeFile (node_mo
dules/@babel/core/src/
transformation/normali
ze-file.ts:49:24)
          at 
normalizeFile.next 
(<anonymous>)
      at run (node_mod
ules/@babel/core/src/t
ransformation/index.ts
:40:36)
          at run.next 
(<anonymous>)
      at transform (no
de_modules/@babel/core
/src/transform.ts:29:2
0)
          at 
transform.next 
(<anonymous>)
      at evaluateSync 
(node_modules/gensync/
index.js:251:28)
      at sync (node_mo
dules/gensync/index.js
:89:14)
      at fn (node_modu
les/@babel/core/src/er
rors/rewrite-stack-tra
ce.ts:99:14)
      at 
transformSync (node_mo
dules/@babel/core/src/
transform.ts:66:52)
      at ScriptTransfo
rmer.transformSource (
node_modules/@jest/tra
nsform/build/ScriptTra
nsformer.js:545:31)
      at ScriptTransfo
rmer._transformAndBuil
dScript (node_modules/
@jest/transform/build/
ScriptTransformer.js:6
74:40)
      at ScriptTransfo
rmer.transform (node_m
odules/@jest/transform
/build/ScriptTransform
er.js:726:19)
      at require (test
/mobile-gesture-manage
r.test.js:52:24)
      at 
Object.<anonymous> (te
st/mobile-gesture-mana
ger.test.js:52:24)

  ΓùÅ 
MobileGestureManager 
ΓÇ║ Edge Cases ΓÇ║ 
should handle missing 
canvas gracefully

    Jest encountered 
an unexpected token

    Jest failed to 
parse a file. This 
happens e.g. when 
your code or its 
dependencies use 
non-standard 
JavaScript syntax, or 
when Jest is not 
configured to support 
such syntax.

    Out of the box 
Jest supports Babel, 
which will be used to 
transform your files 
into valid JS based 
on your Babel 
configuration.

    By default 
"node_modules" folder 
is ignored by 
transformers.

    Here's what you 
can do:
     ΓÇó If you are 
trying to use 
ECMAScript Modules, 
see https://jestjs.io/
docs/ecmascript-module
s for how to enable 
it.
     ΓÇó If you are 
trying to use 
TypeScript, see https:
//jestjs.io/docs/getti
ng-started#using-types
cript
     ΓÇó To have some 
of your 
"node_modules" files 
transformed, you can 
specify a custom "tran
sformIgnorePatterns" 
in your config.
     ΓÇó If you need 
a custom 
transformation 
specify a "transform" 
option in your config.
     ΓÇó If you 
simply want to mock 
your non-JS modules 
(e.g. binary assets) 
you can stub them out 
with the 
"moduleNameMapper" 
config option.

    You'll find more 
details and examples 
of these config 
options in the docs:
    https://jestjs.io/
docs/configuration
    For information 
about custom 
transformations, see:
    https://jestjs.io/
docs/code-transformati
on

    Details:

    SyntaxError: C:\Wo
rkspace_Melbin\fun_web
sites\3d_model_viewer\
src\ui\MobileGestureMa
nager.js: Missing 
semicolon. (480:20)

    [0m [90m 478 
|[39m [90m     * 
Check if device is 
mobile[39m
     [90m 479 |[39m 
[90m     */[39m
    [31m[1m>[22m[3
9m[90m 480 |[39m    
 isMobileDevice() {
     [90m     |[39m 
                    
[31m[1m^[22m[39m
     [90m 481 |[39m 
        
[36mreturn[39m [35m
/Android|webOS|iPhone|
iPad|iPod|BlackBerry|I
EMobile|Opera Mini/i[
39m[33m.[39mtest(nav
igator[33m.[39muserA
gent)[33m;[39m
     [90m 482 |[39m 
    }
     [90m 483 
|[39m[0m

    [0m [90m 50 
|[39m
     [90m 51 |[39m  
       [90m// Import 
module[39m
    [31m[1m>[22m[3
9m[90m 52 |[39m     
    [36mconst[39m 
module [33m=[39m 
[36mawait[39m [36mi
mport[39m([32m'../sr
c/ui/MobileGestureMana
ger.js'[39m)[33m;[3
9m
     [90m    |[39m  
                      
[31m[1m^[22m[39m
     [90m 53 |[39m  
       [33mMobileGest
ureManager[39m 
[33m=[39m module[33
m.[39m[33mMobileGest
ureManager[39m[33m;
[39m
     [90m 54 |[39m  
       
     [90m 55 |[39m  
       gestureManager 
[33m=[39m 
[36mnew[39m [33mMob
ileGestureManager[39m
(mockCore)[33m;[39m
[0m

      at constructor (
node_modules/@babel/pa
rser/src/parse-error.t
s:95:45)
      at 
Parser.toParseError 
[as raise] (node_modul
es/@babel/parser/src/t
okenizer/index.ts:1503
:19)
      at Parser.raise 
[as semicolon] (node_m
odules/@babel/parser/s
rc/parser/util.ts:149:
10)
      at 
Parser.semicolon [as p
arseExpressionStatemen
t] (node_modules/@babe
l/parser/src/parser/st
atement.ts:1358:10)
      at Parser.parseE
xpressionStatement 
[as parseStatementCont
ent] (node_modules/@ba
bel/parser/src/parser/
statement.ts:697:19)
      at Parser.parseS
tatementContent [as 
parseStatementLike] (n
ode_modules/@babel/par
ser/src/parser/stateme
nt.ts:477:17)
      at Parser.parseS
tatementLike [as 
parseModuleItem] (node
_modules/@babel/parser
/src/parser/statement.
ts:414:17)
      at Parser.parseM
oduleItem [as parseBlo
ckOrModuleBlockBody] (
node_modules/@babel/pa
rser/src/parser/statem
ent.ts:1438:16)
      at Parser.parseB
lockOrModuleBlockBody 
[as parseBlockBody] (n
ode_modules/@babel/par
ser/src/parser/stateme
nt.ts:1412:10)
      at 
Parser.parseBlockBody 
[as parseProgram] (nod
e_modules/@babel/parse
r/src/parser/statement
.ts:229:10)
      at 
Parser.parseProgram 
[as parseTopLevel] (no
de_modules/@babel/pars
er/src/parser/statemen
t.ts:203:25)
      at 
Parser.parseTopLevel 
[as parse] (node_modul
es/@babel/parser/src/p
arser/index.ts:93:10)
      at parse (node_m
odules/@babel/parser/s
rc/index.ts:92:38)
      at parser (node_
modules/@babel/core/sr
c/parser/index.ts:28:1
9)
          at 
parser.next 
(<anonymous>)
      at 
normalizeFile (node_mo
dules/@babel/core/src/
transformation/normali
ze-file.ts:49:24)
          at 
normalizeFile.next 
(<anonymous>)
      at run (node_mod
ules/@babel/core/src/t
ransformation/index.ts
:40:36)
          at run.next 
(<anonymous>)
      at transform (no
de_modules/@babel/core
/src/transform.ts:29:2
0)
          at 
transform.next 
(<anonymous>)
      at evaluateSync 
(node_modules/gensync/
index.js:251:28)
      at sync (node_mo
dules/gensync/index.js
:89:14)
      at fn (node_modu
les/@babel/core/src/er
rors/rewrite-stack-tra
ce.ts:99:14)
      at 
transformSync (node_mo
dules/@babel/core/src/
transform.ts:66:52)
      at ScriptTransfo
rmer.transformSource (
node_modules/@jest/tra
nsform/build/ScriptTra
nsformer.js:545:31)
      at ScriptTransfo
rmer._transformAndBuil
dScript (node_modules/
@jest/transform/build/
ScriptTransformer.js:6
74:40)
      at ScriptTransfo
rmer.transform (node_m
odules/@jest/transform
/build/ScriptTransform
er.js:726:19)
      at require (test
/mobile-gesture-manage
r.test.js:52:24)
      at 
Object.<anonymous> (te
st/mobile-gesture-mana
ger.test.js:52:24)

  ΓùÅ 
MobileGestureManager 
ΓÇ║ Edge Cases ΓÇ║ 
should handle rapid 
touch events

    Jest encountered 
an unexpected token

    Jest failed to 
parse a file. This 
happens e.g. when 
your code or its 
dependencies use 
non-standard 
JavaScript syntax, or 
when Jest is not 
configured to support 
such syntax.

    Out of the box 
Jest supports Babel, 
which will be used to 
transform your files 
into valid JS based 
on your Babel 
configuration.

    By default 
"node_modules" folder 
is ignored by 
transformers.

    Here's what you 
can do:
     ΓÇó If you are 
trying to use 
ECMAScript Modules, 
see https://jestjs.io/
docs/ecmascript-module
s for how to enable 
it.
     ΓÇó If you are 
trying to use 
TypeScript, see https:
//jestjs.io/docs/getti
ng-started#using-types
cript
     ΓÇó To have some 
of your 
"node_modules" files 
transformed, you can 
specify a custom "tran
sformIgnorePatterns" 
in your config.
     ΓÇó If you need 
a custom 
transformation 
specify a "transform" 
option in your config.
     ΓÇó If you 
simply want to mock 
your non-JS modules 
(e.g. binary assets) 
you can stub them out 
with the 
"moduleNameMapper" 
config option.

    You'll find more 
details and examples 
of these config 
options in the docs:
    https://jestjs.io/
docs/configuration
    For information 
about custom 
transformations, see:
    https://jestjs.io/
docs/code-transformati
on

    Details:

    SyntaxError: C:\Wo
rkspace_Melbin\fun_web
sites\3d_model_viewer\
src\ui\MobileGestureMa
nager.js: Missing 
semicolon. (480:20)

    [0m [90m 478 
|[39m [90m     * 
Check if device is 
mobile[39m
     [90m 479 |[39m 
[90m     */[39m
    [31m[1m>[22m[3
9m[90m 480 |[39m    
 isMobileDevice() {
     [90m     |[39m 
                    
[31m[1m^[22m[39m
     [90m 481 |[39m 
        
[36mreturn[39m [35m
/Android|webOS|iPhone|
iPad|iPod|BlackBerry|I
EMobile|Opera Mini/i[
39m[33m.[39mtest(nav
igator[33m.[39muserA
gent)[33m;[39m
     [90m 482 |[39m 
    }
     [90m 483 
|[39m[0m

    [0m [90m 50 
|[39m
     [90m 51 |[39m  
       [90m// Import 
module[39m
    [31m[1m>[22m[3
9m[90m 52 |[39m     
    [36mconst[39m 
module [33m=[39m 
[36mawait[39m [36mi
mport[39m([32m'../sr
c/ui/MobileGestureMana
ger.js'[39m)[33m;[3
9m
     [90m    |[39m  
                      
[31m[1m^[22m[39m
     [90m 53 |[39m  
       [33mMobileGest
ureManager[39m 
[33m=[39m module[33
m.[39m[33mMobileGest
ureManager[39m[33m;
[39m
     [90m 54 |[39m  
       
     [90m 55 |[39m  
       gestureManager 
[33m=[39m 
[36mnew[39m [33mMob
ileGestureManager[39m
(mockCore)[33m;[39m
[0m

      at constructor (
node_modules/@babel/pa
rser/src/parse-error.t
s:95:45)
      at 
Parser.toParseError 
[as raise] (node_modul
es/@babel/parser/src/t
okenizer/index.ts:1503
:19)
      at Parser.raise 
[as semicolon] (node_m
odules/@babel/parser/s
rc/parser/util.ts:149:
10)
      at 
Parser.semicolon [as p
arseExpressionStatemen
t] (node_modules/@babe
l/parser/src/parser/st
atement.ts:1358:10)
      at Parser.parseE
xpressionStatement 
[as parseStatementCont
ent] (node_modules/@ba
bel/parser/src/parser/
statement.ts:697:19)
      at Parser.parseS
tatementContent [as 
parseStatementLike] (n
ode_modules/@babel/par
ser/src/parser/stateme
nt.ts:477:17)
      at Parser.parseS
tatementLike [as 
parseModuleItem] (node
_modules/@babel/parser
/src/parser/statement.
ts:414:17)
      at Parser.parseM
oduleItem [as parseBlo
ckOrModuleBlockBody] (
node_modules/@babel/pa
rser/src/parser/statem
ent.ts:1438:16)
      at Parser.parseB
lockOrModuleBlockBody 
[as parseBlockBody] (n
ode_modules/@babel/par
ser/src/parser/stateme
nt.ts:1412:10)
      at 
Parser.parseBlockBody 
[as parseProgram] (nod
e_modules/@babel/parse
r/src/parser/statement
.ts:229:10)
      at 
Parser.parseProgram 
[as parseTopLevel] (no
de_modules/@babel/pars
er/src/parser/statemen
t.ts:203:25)
      at 
Parser.parseTopLevel 
[as parse] (node_modul
es/@babel/parser/src/p
arser/index.ts:93:10)
      at parse (node_m
odules/@babel/parser/s
rc/index.ts:92:38)
      at parser (node_
modules/@babel/core/sr
c/parser/index.ts:28:1
9)
          at 
parser.next 
(<anonymous>)
      at 
normalizeFile (node_mo
dules/@babel/core/src/
transformation/normali
ze-file.ts:49:24)
          at 
normalizeFile.next 
(<anonymous>)
      at run (node_mod
ules/@babel/core/src/t
ransformation/index.ts
:40:36)
          at run.next 
(<anonymous>)
      at transform (no
de_modules/@babel/core
/src/transform.ts:29:2
0)
          at 
transform.next 
(<anonymous>)
      at evaluateSync 
(node_modules/gensync/
index.js:251:28)
      at sync (node_mo
dules/gensync/index.js
:89:14)
      at fn (node_modu
les/@babel/core/src/er
rors/rewrite-stack-tra
ce.ts:99:14)
      at 
transformSync (node_mo
dules/@babel/core/src/
transform.ts:66:52)
      at ScriptTransfo
rmer.transformSource (
node_modules/@jest/tra
nsform/build/ScriptTra
nsformer.js:545:31)
      at ScriptTransfo
rmer._transformAndBuil
dScript (node_modules/
@jest/transform/build/
ScriptTransformer.js:6
74:40)
      at ScriptTransfo
rmer.transform (node_m
odules/@jest/transform
/build/ScriptTransform
er.js:726:19)
      at require (test
/mobile-gesture-manage
r.test.js:52:24)
      at 
Object.<anonymous> (te
st/mobile-gesture-mana
ger.test.js:52:24)

  ΓùÅ 
MobileGestureManager 
ΓÇ║ Edge Cases ΓÇ║ 
should handle invalid 
touch data

    Jest encountered 
an unexpected token

    Jest failed to 
parse a file. This 
happens e.g. when 
your code or its 
dependencies use 
non-standard 
JavaScript syntax, or 
when Jest is not 
configured to support 
such syntax.

    Out of the box 
Jest supports Babel, 
which will be used to 
transform your files 
into valid JS based 
on your Babel 
configuration.

    By default 
"node_modules" folder 
is ignored by 
transformers.

    Here's what you 
can do:
     ΓÇó If you are 
trying to use 
ECMAScript Modules, 
see https://jestjs.io/
docs/ecmascript-module
s for how to enable 
it.
     ΓÇó If you are 
trying to use 
TypeScript, see https:
//jestjs.io/docs/getti
ng-started#using-types
cript
     ΓÇó To have some 
of your 
"node_modules" files 
transformed, you can 
specify a custom "tran
sformIgnorePatterns" 
in your config.
     ΓÇó If you need 
a custom 
transformation 
specify a "transform" 
option in your config.
     ΓÇó If you 
simply want to mock 
your non-JS modules 
(e.g. binary assets) 
you can stub them out 
with the 
"moduleNameMapper" 
config option.

    You'll find more 
details and examples 
of these config 
options in the docs:
    https://jestjs.io/
docs/configuration
    For information 
about custom 
transformations, see:
    https://jestjs.io/
docs/code-transformati
on

    Details:

    SyntaxError: C:\Wo
rkspace_Melbin\fun_web
sites\3d_model_viewer\
src\ui\MobileGestureMa
nager.js: Missing 
semicolon. (480:20)

    [0m [90m 478 
|[39m [90m     * 
Check if device is 
mobile[39m
     [90m 479 |[39m 
[90m     */[39m
    [31m[1m>[22m[3
9m[90m 480 |[39m    
 isMobileDevice() {
     [90m     |[39m 
                    
[31m[1m^[22m[39m
     [90m 481 |[39m 
        
[36mreturn[39m [35m
/Android|webOS|iPhone|
iPad|iPod|BlackBerry|I
EMobile|Opera Mini/i[
39m[33m.[39mtest(nav
igator[33m.[39muserA
gent)[33m;[39m
     [90m 482 |[39m 
    }
     [90m 483 
|[39m[0m

    [0m [90m 50 
|[39m
     [90m 51 |[39m  
       [90m// Import 
module[39m
    [31m[1m>[22m[3
9m[90m 52 |[39m     
    [36mconst[39m 
module [33m=[39m 
[36mawait[39m [36mi
mport[39m([32m'../sr
c/ui/MobileGestureMana
ger.js'[39m)[33m;[3
9m
     [90m    |[39m  
                      
[31m[1m^[22m[39m
     [90m 53 |[39m  
       [33mMobileGest
ureManager[39m 
[33m=[39m module[33
m.[39m[33mMobileGest
ureManager[39m[33m;
[39m
     [90m 54 |[39m  
       
     [90m 55 |[39m  
       gestureManager 
[33m=[39m 
[36mnew[39m [33mMob
ileGestureManager[39m
(mockCore)[33m;[39m
[0m

      at constructor (
node_modules/@babel/pa
rser/src/parse-error.t
s:95:45)
      at 
Parser.toParseError 
[as raise] (node_modul
es/@babel/parser/src/t
okenizer/index.ts:1503
:19)
      at Parser.raise 
[as semicolon] (node_m
odules/@babel/parser/s
rc/parser/util.ts:149:
10)
      at 
Parser.semicolon [as p
arseExpressionStatemen
t] (node_modules/@babe
l/parser/src/parser/st
atement.ts:1358:10)
      at Parser.parseE
xpressionStatement 
[as parseStatementCont
ent] (node_modules/@ba
bel/parser/src/parser/
statement.ts:697:19)
      at Parser.parseS
tatementContent [as 
parseStatementLike] (n
ode_modules/@babel/par
ser/src/parser/stateme
nt.ts:477:17)
      at Parser.parseS
tatementLike [as 
parseModuleItem] (node
_modules/@babel/parser
/src/parser/statement.
ts:414:17)
      at Parser.parseM
oduleItem [as parseBlo
ckOrModuleBlockBody] (
node_modules/@babel/pa
rser/src/parser/statem
ent.ts:1438:16)
      at Parser.parseB
lockOrModuleBlockBody 
[as parseBlockBody] (n
ode_modules/@babel/par
ser/src/parser/stateme
nt.ts:1412:10)
      at 
Parser.parseBlockBody 
[as parseProgram] (nod
e_modules/@babel/parse
r/src/parser/statement
.ts:229:10)
      at 
Parser.parseProgram 
[as parseTopLevel] (no
de_modules/@babel/pars
er/src/parser/statemen
t.ts:203:25)
      at 
Parser.parseTopLevel 
[as parse] (node_modul
es/@babel/parser/src/p
arser/index.ts:93:10)
      at parse (node_m
odules/@babel/parser/s
rc/index.ts:92:38)
      at parser (node_
modules/@babel/core/sr
c/parser/index.ts:28:1
9)
          at 
parser.next 
(<anonymous>)
      at 
normalizeFile (node_mo
dules/@babel/core/src/
transformation/normali
ze-file.ts:49:24)
          at 
normalizeFile.next 
(<anonymous>)
      at run (node_mod
ules/@babel/core/src/t
ransformation/index.ts
:40:36)
          at run.next 
(<anonymous>)
      at transform (no
de_modules/@babel/core
/src/transform.ts:29:2
0)
          at 
transform.next 
(<anonymous>)
      at evaluateSync 
(node_modules/gensync/
index.js:251:28)
      at sync (node_mo
dules/gensync/index.js
:89:14)
      at fn (node_modu
les/@babel/core/src/er
rors/rewrite-stack-tra
ce.ts:99:14)
      at 
transformSync (node_mo
dules/@babel/core/src/
transform.ts:66:52)
      at ScriptTransfo
rmer.transformSource (
node_modules/@jest/tra
nsform/build/ScriptTra
nsformer.js:545:31)
      at ScriptTransfo
rmer._transformAndBuil
dScript (node_modules/
@jest/transform/build/
ScriptTransformer.js:6
74:40)
      at ScriptTransfo
rmer.transform (node_m
odules/@jest/transform
/build/ScriptTransform
er.js:726:19)
      at require (test
/mobile-gesture-manage
r.test.js:52:24)
      at 
Object.<anonymous> (te
st/mobile-gesture-mana
ger.test.js:52:24)

  ΓùÅ 
MobileGestureManager 
ΓÇ║ Edge Cases ΓÇ║ 
should handle 
concurrent gestures

    Jest encountered 
an unexpected token

    Jest failed to 
parse a file. This 
happens e.g. when 
your code or its 
dependencies use 
non-standard 
JavaScript syntax, or 
when Jest is not 
configured to support 
such syntax.

    Out of the box 
Jest supports Babel, 
which will be used to 
transform your files 
into valid JS based 
on your Babel 
configuration.

    By default 
"node_modules" folder 
is ignored by 
transformers.

    Here's what you 
can do:
     ΓÇó If you are 
trying to use 
ECMAScript Modules, 
see https://jestjs.io/
docs/ecmascript-module
s for how to enable 
it.
     ΓÇó If you are 
trying to use 
TypeScript, see https:
//jestjs.io/docs/getti
ng-started#using-types
cript
     ΓÇó To have some 
of your 
"node_modules" files 
transformed, you can 
specify a custom "tran
sformIgnorePatterns" 
in your config.
     ΓÇó If you need 
a custom 
transformation 
specify a "transform" 
option in your config.
     ΓÇó If you 
simply want to mock 
your non-JS modules 
(e.g. binary assets) 
you can stub them out 
with the 
"moduleNameMapper" 
config option.

    You'll find more 
details and examples 
of these config 
options in the docs:
    https://jestjs.io/
docs/configuration
    For information 
about custom 
transformations, see:
    https://jestjs.io/
docs/code-transformati
on

    Details:

    SyntaxError: C:\Wo
rkspace_Melbin\fun_web
sites\3d_model_viewer\
src\ui\MobileGestureMa
nager.js: Missing 
semicolon. (480:20)

    [0m [90m 478 
|[39m [90m     * 
Check if device is 
mobile[39m
     [90m 479 |[39m 
[90m     */[39m
    [31m[1m>[22m[3
9m[90m 480 |[39m    
 isMobileDevice() {
     [90m     |[39m 
                    
[31m[1m^[22m[39m
     [90m 481 |[39m 
        
[36mreturn[39m [35m
/Android|webOS|iPhone|
iPad|iPod|BlackBerry|I
EMobile|Opera Mini/i[
39m[33m.[39mtest(nav
igator[33m.[39muserA
gent)[33m;[39m
     [90m 482 |[39m 
    }
     [90m 483 
|[39m[0m

    [0m [90m 50 
|[39m
     [90m 51 |[39m  
       [90m// Import 
module[39m
    [31m[1m>[22m[3
9m[90m 52 |[39m     
    [36mconst[39m 
module [33m=[39m 
[36mawait[39m [36mi
mport[39m([32m'../sr
c/ui/MobileGestureMana
ger.js'[39m)[33m;[3
9m
     [90m    |[39m  
                      
[31m[1m^[22m[39m
     [90m 53 |[39m  
       [33mMobileGest
ureManager[39m 
[33m=[39m module[33
m.[39m[33mMobileGest
ureManager[39m[33m;
[39m
     [90m 54 |[39m  
       
     [90m 55 |[39m  
       gestureManager 
[33m=[39m 
[36mnew[39m [33mMob
ileGestureManager[39m
(mockCore)[33m;[39m
[0m

      at constructor (
node_modules/@babel/pa
rser/src/parse-error.t
s:95:45)
      at 
Parser.toParseError 
[as raise] (node_modul
es/@babel/parser/src/t
okenizer/index.ts:1503
:19)
      at Parser.raise 
[as semicolon] (node_m
odules/@babel/parser/s
rc/parser/util.ts:149:
10)
      at 
Parser.semicolon [as p
arseExpressionStatemen
t] (node_modules/@babe
l/parser/src/parser/st
atement.ts:1358:10)
      at Parser.parseE
xpressionStatement 
[as parseStatementCont
ent] (node_modules/@ba
bel/parser/src/parser/
statement.ts:697:19)
      at Parser.parseS
tatementContent [as 
parseStatementLike] (n
ode_modules/@babel/par
ser/src/parser/stateme
nt.ts:477:17)
      at Parser.parseS
tatementLike [as 
parseModuleItem] (node
_modules/@babel/parser
/src/parser/statement.
ts:414:17)
      at Parser.parseM
oduleItem [as parseBlo
ckOrModuleBlockBody] (
node_modules/@babel/pa
rser/src/parser/statem
ent.ts:1438:16)
      at Parser.parseB
lockOrModuleBlockBody 
[as parseBlockBody] (n
ode_modules/@babel/par
ser/src/parser/stateme
nt.ts:1412:10)
      at 
Parser.parseBlockBody 
[as parseProgram] (nod
e_modules/@babel/parse
r/src/parser/statement
.ts:229:10)
      at 
Parser.parseProgram 
[as parseTopLevel] (no
de_modules/@babel/pars
er/src/parser/statemen
t.ts:203:25)
      at 
Parser.parseTopLevel 
[as parse] (node_modul
es/@babel/parser/src/p
arser/index.ts:93:10)
      at parse (node_m
odules/@babel/parser/s
rc/index.ts:92:38)
      at parser (node_
modules/@babel/core/sr
c/parser/index.ts:28:1
9)
          at 
parser.next 
(<anonymous>)
      at 
normalizeFile (node_mo
dules/@babel/core/src/
transformation/normali
ze-file.ts:49:24)
          at 
normalizeFile.next 
(<anonymous>)
      at run (node_mod
ules/@babel/core/src/t
ransformation/index.ts
:40:36)
          at run.next 
(<anonymous>)
      at transform (no
de_modules/@babel/core
/src/transform.ts:29:2
0)
          at 
transform.next 
(<anonymous>)
      at evaluateSync 
(node_modules/gensync/
index.js:251:28)
      at sync (node_mo
dules/gensync/index.js
:89:14)
      at fn (node_modu
les/@babel/core/src/er
rors/rewrite-stack-tra
ce.ts:99:14)
      at 
transformSync (node_mo
dules/@babel/core/src/
transform.ts:66:52)
      at ScriptTransfo
rmer.transformSource (
node_modules/@jest/tra
nsform/build/ScriptTra
nsformer.js:545:31)
      at ScriptTransfo
rmer._transformAndBuil
dScript (node_modules/
@jest/transform/build/
ScriptTransformer.js:6
74:40)
      at ScriptTransfo
rmer.transform (node_m
odules/@jest/transform
/build/ScriptTransform
er.js:726:19)
      at require (test
/mobile-gesture-manage
r.test.js:52:24)
      at 
Object.<anonymous> (te
st/mobile-gesture-mana
ger.test.js:52:24)

FAIL test/integration-
tests.test.js
  ΓùÅ Integration 
Tests Suite ΓÇ║ 
ModelViewer 
Integration ΓÇ║ 
should initialize all 
core modules

    Jest encountered 
an unexpected token

    Jest failed to 
parse a file. This 
happens e.g. when 
your code or its 
dependencies use 
non-standard 
JavaScript syntax, or 
when Jest is not 
configured to support 
such syntax.

    Out of the box 
Jest supports Babel, 
which will be used to 
transform your files 
into valid JS based 
on your Babel 
configuration.

    By default 
"node_modules" folder 
is ignored by 
transformers.

    Here's what you 
can do:
     ΓÇó If you are 
trying to use 
ECMAScript Modules, 
see https://jestjs.io/
docs/ecmascript-module
s for how to enable 
it.
     ΓÇó If you are 
trying to use 
TypeScript, see https:
//jestjs.io/docs/getti
ng-started#using-types
cript
     ΓÇó To have some 
of your 
"node_modules" files 
transformed, you can 
specify a custom "tran
sformIgnorePatterns" 
in your config.
     ΓÇó If you need 
a custom 
transformation 
specify a "transform" 
option in your config.
     ΓÇó If you 
simply want to mock 
your non-JS modules 
(e.g. binary assets) 
you can stub them out 
with the 
"moduleNameMapper" 
config option.

    You'll find more 
details and examples 
of these config 
options in the docs:
    https://jestjs.io/
docs/configuration
    For information 
about custom 
transformations, see:
    https://jestjs.io/
docs/code-transformati
on

    Details:

    SyntaxError: C:\Wo
rkspace_Melbin\fun_web
sites\3d_model_viewer\
src\ui\MobileGestureMa
nager.js: Missing 
semicolon. (480:20)

    [0m [90m 478 
|[39m [90m     * 
Check if device is 
mobile[39m
     [90m 479 |[39m 
[90m     */[39m
    [31m[1m>[22m[3
9m[90m 480 |[39m    
 isMobileDevice() {
     [90m     |[39m 
                    
[31m[1m^[22m[39m
     [90m 481 |[39m 
        
[36mreturn[39m [35m
/Android|webOS|iPhone|
iPad|iPod|BlackBerry|I
EMobile|Opera Mini/i[
39m[33m.[39mtest(nav
igator[33m.[39muserA
gent)[33m;[39m
     [90m 482 |[39m 
    }
     [90m 483 
|[39m[0m

    [0m [90m  7 
|[39m 
[36mimport[39m { [3
3mKeyboardShortcutMana
ger[39m } 
[36mfrom[39m [32m'.
/KeyboardShortcutManag
er.js'[39m[33m;[39m
     [90m  8 |[39m 
[36mimport[39m { [3
3mOnboardingManager[3
9m } [36mfrom[39m [
32m'./OnboardingManage
r.js'[39m[33m;[39m
    [31m[1m>[22m[3
9m[90m  9 |[39m 
[36mimport[39m { [3
3mMobileGestureManager
[39m } 
[36mfrom[39m [32m'.
/MobileGestureManager.
js'[39m[33m;[39m
     [90m    |[39m 
[31m[1m^[22m[39m
     [90m 10 |[39m 
[36mimport[39m { [3
3mFeatureDiscoveryEngi
ne[39m } 
[36mfrom[39m [32m'.
/FeatureDiscoveryEngin
e.js'[39m[33m;[39m
     [90m 11 |[39m 
[36mimport[39m { [3
3mUXEnhancementsIntegr
ation[39m } 
[36mfrom[39m [32m'.
/UXEnhancementsIntegra
tion.js'[39m[33m;[3
9m
     [90m 12 
|[39m[0m

      at constructor (
node_modules/@babel/pa
rser/src/parse-error.t
s:95:45)
      at 
Parser.toParseError 
[as raise] (node_modul
es/@babel/parser/src/t
okenizer/index.ts:1503
:19)
      at Parser.raise 
[as semicolon] (node_m
odules/@babel/parser/s
rc/parser/util.ts:149:
10)
      at 
Parser.semicolon [as p
arseExpressionStatemen
t] (node_modules/@babe
l/parser/src/parser/st
atement.ts:1358:10)
      at Parser.parseE
xpressionStatement 
[as parseStatementCont
ent] (node_modules/@ba
bel/parser/src/parser/
statement.ts:697:19)
      at Parser.parseS
tatementContent [as 
parseStatementLike] (n
ode_modules/@babel/par
ser/src/parser/stateme
nt.ts:477:17)
      at Parser.parseS
tatementLike [as 
parseModuleItem] (node
_modules/@babel/parser
/src/parser/statement.
ts:414:17)
      at Parser.parseM
oduleItem [as parseBlo
ckOrModuleBlockBody] (
node_modules/@babel/pa
rser/src/parser/statem
ent.ts:1438:16)
      at Parser.parseB
lockOrModuleBlockBody 
[as parseBlockBody] (n
ode_modules/@babel/par
ser/src/parser/stateme
nt.ts:1412:10)
      at 
Parser.parseBlockBody 
[as parseProgram] (nod
e_modules/@babel/parse
r/src/parser/statement
.ts:229:10)
      at 
Parser.parseProgram 
[as parseTopLevel] (no
de_modules/@babel/pars
er/src/parser/statemen
t.ts:203:25)
      at 
Parser.parseTopLevel 
[as parse] (node_modul
es/@babel/parser/src/p
arser/index.ts:93:10)
      at parse (node_m
odules/@babel/parser/s
rc/index.ts:92:38)
      at parser (node_
modules/@babel/core/sr
c/parser/index.ts:28:1
9)
          at 
parser.next 
(<anonymous>)
      at 
normalizeFile (node_mo
dules/@babel/core/src/
transformation/normali
ze-file.ts:49:24)
          at 
normalizeFile.next 
(<anonymous>)
      at run (node_mod
ules/@babel/core/src/t
ransformation/index.ts
:40:36)
          at run.next 
(<anonymous>)
      at transform (no
de_modules/@babel/core
/src/transform.ts:29:2
0)
          at 
transform.next 
(<anonymous>)
      at evaluateSync 
(node_modules/gensync/
index.js:251:28)
      at sync (node_mo
dules/gensync/index.js
:89:14)
      at fn (node_modu
les/@babel/core/src/er
rors/rewrite-stack-tra
ce.ts:99:14)
      at 
transformSync (node_mo
dules/@babel/core/src/
transform.ts:66:52)
      at ScriptTransfo
rmer.transformSource (
node_modules/@jest/tra
nsform/build/ScriptTra
nsformer.js:545:31)
      at ScriptTransfo
rmer._transformAndBuil
dScript (node_modules/
@jest/transform/build/
ScriptTransformer.js:6
74:40)
      at ScriptTransfo
rmer.transform (node_m
odules/@jest/transform
/build/ScriptTransform
er.js:726:19)
      at 
Object.require (src/ui
/UIManager.js:9:1)
      at 
Object.require (src/Mo
delViewer.js:5:1)
      at require (test
/integration-tests.tes
t.js:60:37)
      at 
Object.<anonymous> (te
st/integration-tests.t
est.js:60:37)

  ΓùÅ Integration 
Tests Suite ΓÇ║ 
ModelViewer 
Integration ΓÇ║ 
should register all 
modules with core 
engine

    Jest encountered 
an unexpected token

    Jest failed to 
parse a file. This 
happens e.g. when 
your code or its 
dependencies use 
non-standard 
JavaScript syntax, or 
when Jest is not 
configured to support 
such syntax.

    Out of the box 
Jest supports Babel, 
which will be used to 
transform your files 
into valid JS based 
on your Babel 
configuration.

    By default 
"node_modules" folder 
is ignored by 
transformers.

    Here's what you 
can do:
     ΓÇó If you are 
trying to use 
ECMAScript Modules, 
see https://jestjs.io/
docs/ecmascript-module
s for how to enable 
it.
     ΓÇó If you are 
trying to use 
TypeScript, see https:
//jestjs.io/docs/getti
ng-started#using-types
cript
     ΓÇó To have some 
of your 
"node_modules" files 
transformed, you can 
specify a custom "tran
sformIgnorePatterns" 
in your config.
     ΓÇó If you need 
a custom 
transformation 
specify a "transform" 
option in your config.
     ΓÇó If you 
simply want to mock 
your non-JS modules 
(e.g. binary assets) 
you can stub them out 
with the 
"moduleNameMapper" 
config option.

    You'll find more 
details and examples 
of these config 
options in the docs:
    https://jestjs.io/
docs/configuration
    For information 
about custom 
transformations, see:
    https://jestjs.io/
docs/code-transformati
on

    Details:

    SyntaxError: C:\Wo
rkspace_Melbin\fun_web
sites\3d_model_viewer\
src\ui\MobileGestureMa
nager.js: Missing 
semicolon. (480:20)

    [0m [90m 478 
|[39m [90m     * 
Check if device is 
mobile[39m
     [90m 479 |[39m 
[90m     */[39m
    [31m[1m>[22m[3
9m[90m 480 |[39m    
 isMobileDevice() {
     [90m     |[39m 
                    
[31m[1m^[22m[39m
     [90m 481 |[39m 
        
[36mreturn[39m [35m
/Android|webOS|iPhone|
iPad|iPod|BlackBerry|I
EMobile|Opera Mini/i[
39m[33m.[39mtest(nav
igator[33m.[39muserA
gent)[33m;[39m
     [90m 482 |[39m 
    }
     [90m 483 
|[39m[0m

    [0m [90m  7 
|[39m 
[36mimport[39m { [3
3mKeyboardShortcutMana
ger[39m } 
[36mfrom[39m [32m'.
/KeyboardShortcutManag
er.js'[39m[33m;[39m
     [90m  8 |[39m 
[36mimport[39m { [3
3mOnboardingManager[3
9m } [36mfrom[39m [
32m'./OnboardingManage
r.js'[39m[33m;[39m
    [31m[1m>[22m[3
9m[90m  9 |[39m 
[36mimport[39m { [3
3mMobileGestureManager
[39m } 
[36mfrom[39m [32m'.
/MobileGestureManager.
js'[39m[33m;[39m
     [90m    |[39m 
[31m[1m^[22m[39m
     [90m 10 |[39m 
[36mimport[39m { [3
3mFeatureDiscoveryEngi
ne[39m } 
[36mfrom[39m [32m'.
/FeatureDiscoveryEngin
e.js'[39m[33m;[39m
     [90m 11 |[39m 
[36mimport[39m { [3
3mUXEnhancementsIntegr
ation[39m } 
[36mfrom[39m [32m'.
/UXEnhancementsIntegra
tion.js'[39m[33m;[3
9m
     [90m 12 
|[39m[0m

      at constructor (
node_modules/@babel/pa
rser/src/parse-error.t
s:95:45)
      at 
Parser.toParseError 
[as raise] (node_modul
es/@babel/parser/src/t
okenizer/index.ts:1503
:19)
      at Parser.raise 
[as semicolon] (node_m
odules/@babel/parser/s
rc/parser/util.ts:149:
10)
      at 
Parser.semicolon [as p
arseExpressionStatemen
t] (node_modules/@babe
l/parser/src/parser/st
atement.ts:1358:10)
      at Parser.parseE
xpressionStatement 
[as parseStatementCont
ent] (node_modules/@ba
bel/parser/src/parser/
statement.ts:697:19)
      at Parser.parseS
tatementContent [as 
parseStatementLike] (n
ode_modules/@babel/par
ser/src/parser/stateme
nt.ts:477:17)
      at Parser.parseS
tatementLike [as 
parseModuleItem] (node
_modules/@babel/parser
/src/parser/statement.
ts:414:17)
      at Parser.parseM
oduleItem [as parseBlo
ckOrModuleBlockBody] (
node_modules/@babel/pa
rser/src/parser/statem
ent.ts:1438:16)
      at Parser.parseB
lockOrModuleBlockBody 
[as parseBlockBody] (n
ode_modules/@babel/par
ser/src/parser/stateme
nt.ts:1412:10)
      at 
Parser.parseBlockBody 
[as parseProgram] (nod
e_modules/@babel/parse
r/src/parser/statement
.ts:229:10)
      at 
Parser.parseProgram 
[as parseTopLevel] (no
de_modules/@babel/pars
er/src/parser/statemen
t.ts:203:25)
      at 
Parser.parseTopLevel 
[as parse] (node_modul
es/@babel/parser/src/p
arser/index.ts:93:10)
      at parse (node_m
odules/@babel/parser/s
rc/index.ts:92:38)
      at parser (node_
modules/@babel/core/sr
c/parser/index.ts:28:1
9)
          at 
parser.next 
(<anonymous>)
      at 
normalizeFile (node_mo
dules/@babel/core/src/
transformation/normali
ze-file.ts:49:24)
          at 
normalizeFile.next 
(<anonymous>)
      at run (node_mod
ules/@babel/core/src/t
ransformation/index.ts
:40:36)
          at run.next 
(<anonymous>)
      at transform (no
de_modules/@babel/core
/src/transform.ts:29:2
0)
          at 
transform.next 
(<anonymous>)
      at evaluateSync 
(node_modules/gensync/
index.js:251:28)
      at sync (node_mo
dules/gensync/index.js
:89:14)
      at fn (node_modu
les/@babel/core/src/er
rors/rewrite-stack-tra
ce.ts:99:14)
      at 
transformSync (node_mo
dules/@babel/core/src/
transform.ts:66:52)
      at ScriptTransfo
rmer.transformSource (
node_modules/@jest/tra
nsform/build/ScriptTra
nsformer.js:545:31)
      at ScriptTransfo
rmer._transformAndBuil
dScript (node_modules/
@jest/transform/build/
ScriptTransformer.js:6
74:40)
      at ScriptTransfo
rmer.transform (node_m
odules/@jest/transform
/build/ScriptTransform
er.js:726:19)
      at 
Object.require (src/ui
/UIManager.js:9:1)
      at 
Object.require (src/Mo
delViewer.js:5:1)
      at require (test
/integration-tests.tes
t.js:74:37)
      at 
Object.<anonymous> (te
st/integration-tests.t
est.js:74:37)

  ΓùÅ Integration 
Tests Suite ΓÇ║ 
ModelViewer 
Integration ΓÇ║ 
should handle module 
initialization 
sequence

    Jest encountered 
an unexpected token

    Jest failed to 
parse a file. This 
happens e.g. when 
your code or its 
dependencies use 
non-standard 
JavaScript syntax, or 
when Jest is not 
configured to support 
such syntax.

    Out of the box 
Jest supports Babel, 
which will be used to 
transform your files 
into valid JS based 
on your Babel 
configuration.

    By default 
"node_modules" folder 
is ignored by 
transformers.

    Here's what you 
can do:
     ΓÇó If you are 
trying to use 
ECMAScript Modules, 
see https://jestjs.io/
docs/ecmascript-module
s for how to enable 
it.
     ΓÇó If you are 
trying to use 
TypeScript, see https:
//jestjs.io/docs/getti
ng-started#using-types
cript
     ΓÇó To have some 
of your 
"node_modules" files 
transformed, you can 
specify a custom "tran
sformIgnorePatterns" 
in your config.
     ΓÇó If you need 
a custom 
transformation 
specify a "transform" 
option in your config.
     ΓÇó If you 
simply want to mock 
your non-JS modules 
(e.g. binary assets) 
you can stub them out 
with the 
"moduleNameMapper" 
config option.

    You'll find more 
details and examples 
of these config 
options in the docs:
    https://jestjs.io/
docs/configuration
    For information 
about custom 
transformations, see:
    https://jestjs.io/
docs/code-transformati
on

    Details:

    SyntaxError: C:\Wo
rkspace_Melbin\fun_web
sites\3d_model_viewer\
src\ui\MobileGestureMa
nager.js: Missing 
semicolon. (480:20)

    [0m [90m 478 
|[39m [90m     * 
Check if device is 
mobile[39m
     [90m 479 |[39m 
[90m     */[39m
    [31m[1m>[22m[3
9m[90m 480 |[39m    
 isMobileDevice() {
     [90m     |[39m 
                    
[31m[1m^[22m[39m
     [90m 481 |[39m 
        
[36mreturn[39m [35m
/Android|webOS|iPhone|
iPad|iPod|BlackBerry|I
EMobile|Opera Mini/i[
39m[33m.[39mtest(nav
igator[33m.[39muserA
gent)[33m;[39m
     [90m 482 |[39m 
    }
     [90m 483 
|[39m[0m

    [0m [90m  7 
|[39m 
[36mimport[39m { [3
3mKeyboardShortcutMana
ger[39m } 
[36mfrom[39m [32m'.
/KeyboardShortcutManag
er.js'[39m[33m;[39m
     [90m  8 |[39m 
[36mimport[39m { [3
3mOnboardingManager[3
9m } [36mfrom[39m [
32m'./OnboardingManage
r.js'[39m[33m;[39m
    [31m[1m>[22m[3
9m[90m  9 |[39m 
[36mimport[39m { [3
3mMobileGestureManager
[39m } 
[36mfrom[39m [32m'.
/MobileGestureManager.
js'[39m[33m;[39m
     [90m    |[39m 
[31m[1m^[22m[39m
     [90m 10 |[39m 
[36mimport[39m { [3
3mFeatureDiscoveryEngi
ne[39m } 
[36mfrom[39m [32m'.
/FeatureDiscoveryEngin
e.js'[39m[33m;[39m
     [90m 11 |[39m 
[36mimport[39m { [3
3mUXEnhancementsIntegr
ation[39m } 
[36mfrom[39m [32m'.
/UXEnhancementsIntegra
tion.js'[39m[33m;[3
9m
     [90m 12 
|[39m[0m

      at constructor (
node_modules/@babel/pa
rser/src/parse-error.t
s:95:45)
      at 
Parser.toParseError 
[as raise] (node_modul
es/@babel/parser/src/t
okenizer/index.ts:1503
:19)
      at Parser.raise 
[as semicolon] (node_m
odules/@babel/parser/s
rc/parser/util.ts:149:
10)
      at 
Parser.semicolon [as p
arseExpressionStatemen
t] (node_modules/@babe
l/parser/src/parser/st
atement.ts:1358:10)
      at Parser.parseE
xpressionStatement 
[as parseStatementCont
ent] (node_modules/@ba
bel/parser/src/parser/
statement.ts:697:19)
      at Parser.parseS
tatementContent [as 
parseStatementLike] (n
ode_modules/@babel/par
ser/src/parser/stateme
nt.ts:477:17)
      at Parser.parseS
tatementLike [as 
parseModuleItem] (node
_modules/@babel/parser
/src/parser/statement.
ts:414:17)
      at Parser.parseM
oduleItem [as parseBlo
ckOrModuleBlockBody] (
node_modules/@babel/pa
rser/src/parser/statem
ent.ts:1438:16)
      at Parser.parseB
lockOrModuleBlockBody 
[as parseBlockBody] (n
ode_modules/@babel/par
ser/src/parser/stateme
nt.ts:1412:10)
      at 
Parser.parseBlockBody 
[as parseProgram] (nod
e_modules/@babel/parse
r/src/parser/statement
.ts:229:10)
      at 
Parser.parseProgram 
[as parseTopLevel] (no
de_modules/@babel/pars
er/src/parser/statemen
t.ts:203:25)
      at 
Parser.parseTopLevel 
[as parse] (node_modul
es/@babel/parser/src/p
arser/index.ts:93:10)
      at parse (node_m
odules/@babel/parser/s
rc/index.ts:92:38)
      at parser (node_
modules/@babel/core/sr
c/parser/index.ts:28:1
9)
          at 
parser.next 
(<anonymous>)
      at 
normalizeFile (node_mo
dules/@babel/core/src/
transformation/normali
ze-file.ts:49:24)
          at 
normalizeFile.next 
(<anonymous>)
      at run (node_mod
ules/@babel/core/src/t
ransformation/index.ts
:40:36)
          at run.next 
(<anonymous>)
      at transform (no
de_modules/@babel/core
/src/transform.ts:29:2
0)
          at 
transform.next 
(<anonymous>)
      at evaluateSync 
(node_modules/gensync/
index.js:251:28)
      at sync (node_mo
dules/gensync/index.js
:89:14)
      at fn (node_modu
les/@babel/core/src/er
rors/rewrite-stack-tra
ce.ts:99:14)
      at 
transformSync (node_mo
dules/@babel/core/src/
transform.ts:66:52)
      at ScriptTransfo
rmer.transformSource (
node_modules/@jest/tra
nsform/build/ScriptTra
nsformer.js:545:31)
      at ScriptTransfo
rmer._transformAndBuil
dScript (node_modules/
@jest/transform/build/
ScriptTransformer.js:6
74:40)
      at ScriptTransfo
rmer.transform (node_m
odules/@jest/transform
/build/ScriptTransform
er.js:726:19)
      at 
Object.require (src/ui
/UIManager.js:9:1)
      at 
Object.require (src/Mo
delViewer.js:5:1)
      at require (test
/integration-tests.tes
t.js:87:37)
      at 
Object.<anonymous> (te
st/integration-tests.t
est.js:87:37)

  ΓùÅ Integration 
Tests Suite ΓÇ║ Asset 
Loading Integration 
ΓÇ║ should coordinate 
asset loading between 
modules

    Jest encountered 
an unexpected token

    Jest failed to 
parse a file. This 
happens e.g. when 
your code or its 
dependencies use 
non-standard 
JavaScript syntax, or 
when Jest is not 
configured to support 
such syntax.

    Out of the box 
Jest supports Babel, 
which will be used to 
transform your files 
into valid JS based 
on your Babel 
configuration.

    By default 
"node_modules" folder 
is ignored by 
transformers.

    Here's what you 
can do:
     ΓÇó If you are 
trying to use 
ECMAScript Modules, 
see https://jestjs.io/
docs/ecmascript-module
s for how to enable 
it.
     ΓÇó If you are 
trying to use 
TypeScript, see https:
//jestjs.io/docs/getti
ng-started#using-types
cript
     ΓÇó To have some 
of your 
"node_modules" files 
transformed, you can 
specify a custom "tran
sformIgnorePatterns" 
in your config.
     ΓÇó If you need 
a custom 
transformation 
specify a "transform" 
option in your config.
     ΓÇó If you 
simply want to mock 
your non-JS modules 
(e.g. binary assets) 
you can stub them out 
with the 
"moduleNameMapper" 
config option.

    You'll find more 
details and examples 
of these config 
options in the docs:
    https://jestjs.io/
docs/configuration
    For information 
about custom 
transformations, see:
    https://jestjs.io/
docs/code-transformati
on

    Details:

    SyntaxError: C:\Wo
rkspace_Melbin\fun_web
sites\3d_model_viewer\
src\ui\MobileGestureMa
nager.js: Missing 
semicolon. (480:20)

    [0m [90m 478 
|[39m [90m     * 
Check if device is 
mobile[39m
     [90m 479 |[39m 
[90m     */[39m
    [31m[1m>[22m[3
9m[90m 480 |[39m    
 isMobileDevice() {
     [90m     |[39m 
                    
[31m[1m^[22m[39m
     [90m 481 |[39m 
        
[36mreturn[39m [35m
/Android|webOS|iPhone|
iPad|iPod|BlackBerry|I
EMobile|Opera Mini/i[
39m[33m.[39mtest(nav
igator[33m.[39muserA
gent)[33m;[39m
     [90m 482 |[39m 
    }
     [90m 483 
|[39m[0m

    [0m [90m  7 
|[39m 
[36mimport[39m { [3
3mKeyboardShortcutMana
ger[39m } 
[36mfrom[39m [32m'.
/KeyboardShortcutManag
er.js'[39m[33m;[39m
     [90m  8 |[39m 
[36mimport[39m { [3
3mOnboardingManager[3
9m } [36mfrom[39m [
32m'./OnboardingManage
r.js'[39m[33m;[39m
    [31m[1m>[22m[3
9m[90m  9 |[39m 
[36mimport[39m { [3
3mMobileGestureManager
[39m } 
[36mfrom[39m [32m'.
/MobileGestureManager.
js'[39m[33m;[39m
     [90m    |[39m 
[31m[1m^[22m[39m
     [90m 10 |[39m 
[36mimport[39m { [3
3mFeatureDiscoveryEngi
ne[39m } 
[36mfrom[39m [32m'.
/FeatureDiscoveryEngin
e.js'[39m[33m;[39m
     [90m 11 |[39m 
[36mimport[39m { [3
3mUXEnhancementsIntegr
ation[39m } 
[36mfrom[39m [32m'.
/UXEnhancementsIntegra
tion.js'[39m[33m;[3
9m
     [90m 12 
|[39m[0m

      at constructor (
node_modules/@babel/pa
rser/src/parse-error.t
s:95:45)
      at 
Parser.toParseError 
[as raise] (node_modul
es/@babel/parser/src/t
okenizer/index.ts:1503
:19)
      at Parser.raise 
[as semicolon] (node_m
odules/@babel/parser/s
rc/parser/util.ts:149:
10)
      at 
Parser.semicolon [as p
arseExpressionStatemen
t] (node_modules/@babe
l/parser/src/parser/st
atement.ts:1358:10)
      at Parser.parseE
xpressionStatement 
[as parseStatementCont
ent] (node_modules/@ba
bel/parser/src/parser/
statement.ts:697:19)
      at Parser.parseS
tatementContent [as 
parseStatementLike] (n
ode_modules/@babel/par
ser/src/parser/stateme
nt.ts:477:17)
      at Parser.parseS
tatementLike [as 
parseModuleItem] (node
_modules/@babel/parser
/src/parser/statement.
ts:414:17)
      at Parser.parseM
oduleItem [as parseBlo
ckOrModuleBlockBody] (
node_modules/@babel/pa
rser/src/parser/statem
ent.ts:1438:16)
      at Parser.parseB
lockOrModuleBlockBody 
[as parseBlockBody] (n
ode_modules/@babel/par
ser/src/parser/stateme
nt.ts:1412:10)
      at 
Parser.parseBlockBody 
[as parseProgram] (nod
e_modules/@babel/parse
r/src/parser/statement
.ts:229:10)
      at 
Parser.parseProgram 
[as parseTopLevel] (no
de_modules/@babel/pars
er/src/parser/statemen
t.ts:203:25)
      at 
Parser.parseTopLevel 
[as parse] (node_modul
es/@babel/parser/src/p
arser/index.ts:93:10)
      at parse (node_m
odules/@babel/parser/s
rc/index.ts:92:38)
      at parser (node_
modules/@babel/core/sr
c/parser/index.ts:28:1
9)
          at 
parser.next 
(<anonymous>)
      at 
normalizeFile (node_mo
dules/@babel/core/src/
transformation/normali
ze-file.ts:49:24)
          at 
normalizeFile.next 
(<anonymous>)
      at run (node_mod
ules/@babel/core/src/t
ransformation/index.ts
:40:36)
          at run.next 
(<anonymous>)
      at transform (no
de_modules/@babel/core
/src/transform.ts:29:2
0)
          at 
transform.next 
(<anonymous>)
      at evaluateSync 
(node_modules/gensync/
index.js:251:28)
      at sync (node_mo
dules/gensync/index.js
:89:14)
      at fn (node_modu
les/@babel/core/src/er
rors/rewrite-stack-tra
ce.ts:99:14)
      at 
transformSync (node_mo
dules/@babel/core/src/
transform.ts:66:52)
      at ScriptTransfo
rmer.transformSource (
node_modules/@jest/tra
nsform/build/ScriptTra
nsformer.js:545:31)
      at ScriptTransfo
rmer._transformAndBuil
dScript (node_modules/
@jest/transform/build/
ScriptTransformer.js:6
74:40)
      at ScriptTransfo
rmer.transform (node_m
odules/@jest/transform
/build/ScriptTransform
er.js:726:19)
      at 
Object.require (src/ui
/UIManager.js:9:1)
      at 
Object.require (src/Mo
delViewer.js:5:1)
      at require (test
/integration-tests.tes
t.js:112:37)
      at 
Object.<anonymous> (te
st/integration-tests.t
est.js:112:37)

  ΓùÅ Integration 
Tests Suite ΓÇ║ Asset 
Loading Integration 
ΓÇ║ should handle 
asset loading errors 
gracefully

    Jest encountered 
an unexpected token

    Jest failed to 
parse a file. This 
happens e.g. when 
your code or its 
dependencies use 
non-standard 
JavaScript syntax, or 
when Jest is not 
configured to support 
such syntax.

    Out of the box 
Jest supports Babel, 
which will be used to 
transform your files 
into valid JS based 
on your Babel 
configuration.

    By default 
"node_modules" folder 
is ignored by 
transformers.

    Here's what you 
can do:
     ΓÇó If you are 
trying to use 
ECMAScript Modules, 
see https://jestjs.io/
docs/ecmascript-module
s for how to enable 
it.
     ΓÇó If you are 
trying to use 
TypeScript, see https:
//jestjs.io/docs/getti
ng-started#using-types
cript
     ΓÇó To have some 
of your 
"node_modules" files 
transformed, you can 
specify a custom "tran
sformIgnorePatterns" 
in your config.
     ΓÇó If you need 
a custom 
transformation 
specify a "transform" 
option in your config.
     ΓÇó If you 
simply want to mock 
your non-JS modules 
(e.g. binary assets) 
you can stub them out 
with the 
"moduleNameMapper" 
config option.

    You'll find more 
details and examples 
of these config 
options in the docs:
    https://jestjs.io/
docs/configuration
    For information 
about custom 
transformations, see:
    https://jestjs.io/
docs/code-transformati
on

    Details:

    SyntaxError: C:\Wo
rkspace_Melbin\fun_web
sites\3d_model_viewer\
src\ui\MobileGestureMa
nager.js: Missing 
semicolon. (480:20)

    [0m [90m 478 
|[39m [90m     * 
Check if device is 
mobile[39m
     [90m 479 |[39m 
[90m     */[39m
    [31m[1m>[22m[3
9m[90m 480 |[39m    
 isMobileDevice() {
     [90m     |[39m 
                    
[31m[1m^[22m[39m
     [90m 481 |[39m 
        
[36mreturn[39m [35m
/Android|webOS|iPhone|
iPad|iPod|BlackBerry|I
EMobile|Opera Mini/i[
39m[33m.[39mtest(nav
igator[33m.[39muserA
gent)[33m;[39m
     [90m 482 |[39m 
    }
     [90m 483 
|[39m[0m

    [0m [90m  7 
|[39m 
[36mimport[39m { [3
3mKeyboardShortcutMana
ger[39m } 
[36mfrom[39m [32m'.
/KeyboardShortcutManag
er.js'[39m[33m;[39m
     [90m  8 |[39m 
[36mimport[39m { [3
3mOnboardingManager[3
9m } [36mfrom[39m [
32m'./OnboardingManage
r.js'[39m[33m;[39m
    [31m[1m>[22m[3
9m[90m  9 |[39m 
[36mimport[39m { [3
3mMobileGestureManager
[39m } 
[36mfrom[39m [32m'.
/MobileGestureManager.
js'[39m[33m;[39m
     [90m    |[39m 
[31m[1m^[22m[39m
     [90m 10 |[39m 
[36mimport[39m { [3
3mFeatureDiscoveryEngi
ne[39m } 
[36mfrom[39m [32m'.
/FeatureDiscoveryEngin
e.js'[39m[33m;[39m
     [90m 11 |[39m 
[36mimport[39m { [3
3mUXEnhancementsIntegr
ation[39m } 
[36mfrom[39m [32m'.
/UXEnhancementsIntegra
tion.js'[39m[33m;[3
9m
     [90m 12 
|[39m[0m

      at constructor (
node_modules/@babel/pa
rser/src/parse-error.t
s:95:45)
      at 
Parser.toParseError 
[as raise] (node_modul
es/@babel/parser/src/t
okenizer/index.ts:1503
:19)
      at Parser.raise 
[as semicolon] (node_m
odules/@babel/parser/s
rc/parser/util.ts:149:
10)
      at 
Parser.semicolon [as p
arseExpressionStatemen
t] (node_modules/@babe
l/parser/src/parser/st
atement.ts:1358:10)
      at Parser.parseE
xpressionStatement 
[as parseStatementCont
ent] (node_modules/@ba
bel/parser/src/parser/
statement.ts:697:19)
      at Parser.parseS
tatementContent [as 
parseStatementLike] (n
ode_modules/@babel/par
ser/src/parser/stateme
nt.ts:477:17)
      at Parser.parseS
tatementLike [as 
parseModuleItem] (node
_modules/@babel/parser
/src/parser/statement.
ts:414:17)
      at Parser.parseM
oduleItem [as parseBlo
ckOrModuleBlockBody] (
node_modules/@babel/pa
rser/src/parser/statem
ent.ts:1438:16)
      at Parser.parseB
lockOrModuleBlockBody 
[as parseBlockBody] (n
ode_modules/@babel/par
ser/src/parser/stateme
nt.ts:1412:10)
      at 
Parser.parseBlockBody 
[as parseProgram] (nod
e_modules/@babel/parse
r/src/parser/statement
.ts:229:10)
      at 
Parser.parseProgram 
[as parseTopLevel] (no
de_modules/@babel/pars
er/src/parser/statemen
t.ts:203:25)
      at 
Parser.parseTopLevel 
[as parse] (node_modul
es/@babel/parser/src/p
arser/index.ts:93:10)
      at parse (node_m
odules/@babel/parser/s
rc/index.ts:92:38)
      at parser (node_
modules/@babel/core/sr
c/parser/index.ts:28:1
9)
          at 
parser.next 
(<anonymous>)
      at 
normalizeFile (node_mo
dules/@babel/core/src/
transformation/normali
ze-file.ts:49:24)
          at 
normalizeFile.next 
(<anonymous>)
      at run (node_mod
ules/@babel/core/src/t
ransformation/index.ts
:40:36)
          at run.next 
(<anonymous>)
      at transform (no
de_modules/@babel/core
/src/transform.ts:29:2
0)
          at 
transform.next 
(<anonymous>)
      at evaluateSync 
(node_modules/gensync/
index.js:251:28)
      at sync (node_mo
dules/gensync/index.js
:89:14)
      at fn (node_modu
les/@babel/core/src/er
rors/rewrite-stack-tra
ce.ts:99:14)
      at 
transformSync (node_mo
dules/@babel/core/src/
transform.ts:66:52)
      at ScriptTransfo
rmer.transformSource (
node_modules/@jest/tra
nsform/build/ScriptTra
nsformer.js:545:31)
      at ScriptTransfo
rmer._transformAndBuil
dScript (node_modules/
@jest/transform/build/
ScriptTransformer.js:6
74:40)
      at ScriptTransfo
rmer.transform (node_m
odules/@jest/transform
/build/ScriptTransform
er.js:726:19)
      at 
Object.require (src/ui
/UIManager.js:9:1)
      at 
Object.require (src/Mo
delViewer.js:5:1)
      at require (test
/integration-tests.tes
t.js:112:37)
      at 
Object.<anonymous> (te
st/integration-tests.t
est.js:112:37)

  ΓùÅ Integration 
Tests Suite ΓÇ║ Asset 
Loading Integration 
ΓÇ║ should validate 
file types before 
loading

    Jest encountered 
an unexpected token

    Jest failed to 
parse a file. This 
happens e.g. when 
your code or its 
dependencies use 
non-standard 
JavaScript syntax, or 
when Jest is not 
configured to support 
such syntax.

    Out of the box 
Jest supports Babel, 
which will be used to 
transform your files 
into valid JS based 
on your Babel 
configuration.

    By default 
"node_modules" folder 
is ignored by 
transformers.

    Here's what you 
can do:
     ΓÇó If you are 
trying to use 
ECMAScript Modules, 
see https://jestjs.io/
docs/ecmascript-module
s for how to enable 
it.
     ΓÇó If you are 
trying to use 
TypeScript, see https:
//jestjs.io/docs/getti
ng-started#using-types
cript
     ΓÇó To have some 
of your 
"node_modules" files 
transformed, you can 
specify a custom "tran
sformIgnorePatterns" 
in your config.
     ΓÇó If you need 
a custom 
transformation 
specify a "transform" 
option in your config.
     ΓÇó If you 
simply want to mock 
your non-JS modules 
(e.g. binary assets) 
you can stub them out 
with the 
"moduleNameMapper" 
config option.

    You'll find more 
details and examples 
of these config 
options in the docs:
    https://jestjs.io/
docs/configuration
    For information 
about custom 
transformations, see:
    https://jestjs.io/
docs/code-transformati
on

    Details:

    SyntaxError: C:\Wo
rkspace_Melbin\fun_web
sites\3d_model_viewer\
src\ui\MobileGestureMa
nager.js: Missing 
semicolon. (480:20)

    [0m [90m 478 
|[39m [90m     * 
Check if device is 
mobile[39m
     [90m 479 |[39m 
[90m     */[39m
    [31m[1m>[22m[3
9m[90m 480 |[39m    
 isMobileDevice() {
     [90m     |[39m 
                    
[31m[1m^[22m[39m
     [90m 481 |[39m 
        
[36mreturn[39m [35m
/Android|webOS|iPhone|
iPad|iPod|BlackBerry|I
EMobile|Opera Mini/i[
39m[33m.[39mtest(nav
igator[33m.[39muserA
gent)[33m;[39m
     [90m 482 |[39m 
    }
     [90m 483 
|[39m[0m

    [0m [90m  7 
|[39m 
[36mimport[39m { [3
3mKeyboardShortcutMana
ger[39m } 
[36mfrom[39m [32m'.
/KeyboardShortcutManag
er.js'[39m[33m;[39m
     [90m  8 |[39m 
[36mimport[39m { [3
3mOnboardingManager[3
9m } [36mfrom[39m [
32m'./OnboardingManage
r.js'[39m[33m;[39m
    [31m[1m>[22m[3
9m[90m  9 |[39m 
[36mimport[39m { [3
3mMobileGestureManager
[39m } 
[36mfrom[39m [32m'.
/MobileGestureManager.
js'[39m[33m;[39m
     [90m    |[39m 
[31m[1m^[22m[39m
     [90m 10 |[39m 
[36mimport[39m { [3
3mFeatureDiscoveryEngi
ne[39m } 
[36mfrom[39m [32m'.
/FeatureDiscoveryEngin
e.js'[39m[33m;[39m
     [90m 11 |[39m 
[36mimport[39m { [3
3mUXEnhancementsIntegr
ation[39m } 
[36mfrom[39m [32m'.
/UXEnhancementsIntegra
tion.js'[39m[33m;[3
9m
     [90m 12 
|[39m[0m

      at constructor (
node_modules/@babel/pa
rser/src/parse-error.t
s:95:45)
      at 
Parser.toParseError 
[as raise] (node_modul
es/@babel/parser/src/t
okenizer/index.ts:1503
:19)
      at Parser.raise 
[as semicolon] (node_m
odules/@babel/parser/s
rc/parser/util.ts:149:
10)
      at 
Parser.semicolon [as p
arseExpressionStatemen
t] (node_modules/@babe
l/parser/src/parser/st
atement.ts:1358:10)
      at Parser.parseE
xpressionStatement 
[as parseStatementCont
ent] (node_modules/@ba
bel/parser/src/parser/
statement.ts:697:19)
      at Parser.parseS
tatementContent [as 
parseStatementLike] (n
ode_modules/@babel/par
ser/src/parser/stateme
nt.ts:477:17)
      at Parser.parseS
tatementLike [as 
parseModuleItem] (node
_modules/@babel/parser
/src/parser/statement.
ts:414:17)
      at Parser.parseM
oduleItem [as parseBlo
ckOrModuleBlockBody] (
node_modules/@babel/pa
rser/src/parser/statem
ent.ts:1438:16)
      at Parser.parseB
lockOrModuleBlockBody 
[as parseBlockBody] (n
ode_modules/@babel/par
ser/src/parser/stateme
nt.ts:1412:10)
      at 
Parser.parseBlockBody 
[as parseProgram] (nod
e_modules/@babel/parse
r/src/parser/statement
.ts:229:10)
      at 
Parser.parseProgram 
[as parseTopLevel] (no
de_modules/@babel/pars
er/src/parser/statemen
t.ts:203:25)
      at 
Parser.parseTopLevel 
[as parse] (node_modul
es/@babel/parser/src/p
arser/index.ts:93:10)
      at parse (node_m
odules/@babel/parser/s
rc/index.ts:92:38)
      at parser (node_
modules/@babel/core/sr
c/parser/index.ts:28:1
9)
          at 
parser.next 
(<anonymous>)
      at 
normalizeFile (node_mo
dules/@babel/core/src/
transformation/normali
ze-file.ts:49:24)
          at 
normalizeFile.next 
(<anonymous>)
      at run (node_mod
ules/@babel/core/src/t
ransformation/index.ts
:40:36)
          at run.next 
(<anonymous>)
      at transform (no
de_modules/@babel/core
/src/transform.ts:29:2
0)
          at 
transform.next 
(<anonymous>)
      at evaluateSync 
(node_modules/gensync/
index.js:251:28)
      at sync (node_mo
dules/gensync/index.js
:89:14)
      at fn (node_modu
les/@babel/core/src/er
rors/rewrite-stack-tra
ce.ts:99:14)
      at 
transformSync (node_mo
dules/@babel/core/src/
transform.ts:66:52)
      at ScriptTransfo
rmer.transformSource (
node_modules/@jest/tra
nsform/build/ScriptTra
nsformer.js:545:31)
      at ScriptTransfo
rmer._transformAndBuil
dScript (node_modules/
@jest/transform/build/
ScriptTransformer.js:6
74:40)
      at ScriptTransfo
rmer.transform (node_m
odules/@jest/transform
/build/ScriptTransform
er.js:726:19)
      at 
Object.require (src/ui
/UIManager.js:9:1)
      at 
Object.require (src/Mo
delViewer.js:5:1)
      at require (test
/integration-tests.tes
t.js:112:37)
      at 
Object.<anonymous> (te
st/integration-tests.t
est.js:112:37)

  ΓùÅ Integration 
Tests Suite ΓÇ║ Asset 
Loading Integration 
ΓÇ║ should enforce 
file size limits

    Jest encountered 
an unexpected token

    Jest failed to 
parse a file. This 
happens e.g. when 
your code or its 
dependencies use 
non-standard 
JavaScript syntax, or 
when Jest is not 
configured to support 
such syntax.

    Out of the box 
Jest supports Babel, 
which will be used to 
transform your files 
into valid JS based 
on your Babel 
configuration.

    By default 
"node_modules" folder 
is ignored by 
transformers.

    Here's what you 
can do:
     ΓÇó If you are 
trying to use 
ECMAScript Modules, 
see https://jestjs.io/
docs/ecmascript-module
s for how to enable 
it.
     ΓÇó If you are 
trying to use 
TypeScript, see https:
//jestjs.io/docs/getti
ng-started#using-types
cript
     ΓÇó To have some 
of your 
"node_modules" files 
transformed, you can 
specify a custom "tran
sformIgnorePatterns" 
in your config.
     ΓÇó If you need 
a custom 
transformation 
specify a "transform" 
option in your config.
     ΓÇó If you 
simply want to mock 
your non-JS modules 
(e.g. binary assets) 
you can stub them out 
with the 
"moduleNameMapper" 
config option.

    You'll find more 
details and examples 
of these config 
options in the docs:
    https://jestjs.io/
docs/configuration
    For information 
about custom 
transformations, see:
    https://jestjs.io/
docs/code-transformati
on

    Details:

    SyntaxError: C:\Wo
rkspace_Melbin\fun_web
sites\3d_model_viewer\
src\ui\MobileGestureMa
nager.js: Missing 
semicolon. (480:20)

    [0m [90m 478 
|[39m [90m     * 
Check if device is 
mobile[39m
     [90m 479 |[39m 
[90m     */[39m
    [31m[1m>[22m[3
9m[90m 480 |[39m    
 isMobileDevice() {
     [90m     |[39m 
                    
[31m[1m^[22m[39m
     [90m 481 |[39m 
        
[36mreturn[39m [35m
/Android|webOS|iPhone|
iPad|iPod|BlackBerry|I
EMobile|Opera Mini/i[
39m[33m.[39mtest(nav
igator[33m.[39muserA
gent)[33m;[39m
     [90m 482 |[39m 
    }
     [90m 483 
|[39m[0m

    [0m [90m  7 
|[39m 
[36mimport[39m { [3
3mKeyboardShortcutMana
ger[39m } 
[36mfrom[39m [32m'.
/KeyboardShortcutManag
er.js'[39m[33m;[39m
     [90m  8 |[39m 
[36mimport[39m { [3
3mOnboardingManager[3
9m } [36mfrom[39m [
32m'./OnboardingManage
r.js'[39m[33m;[39m
    [31m[1m>[22m[3
9m[90m  9 |[39m 
[36mimport[39m { [3
3mMobileGestureManager
[39m } 
[36mfrom[39m [32m'.
/MobileGestureManager.
js'[39m[33m;[39m
     [90m    |[39m 
[31m[1m^[22m[39m
     [90m 10 |[39m 
[36mimport[39m { [3
3mFeatureDiscoveryEngi
ne[39m } 
[36mfrom[39m [32m'.
/FeatureDiscoveryEngin
e.js'[39m[33m;[39m
     [90m 11 |[39m 
[36mimport[39m { [3
3mUXEnhancementsIntegr
ation[39m } 
[36mfrom[39m [32m'.
/UXEnhancementsIntegra
tion.js'[39m[33m;[3
9m
     [90m 12 
|[39m[0m

      at constructor (
node_modules/@babel/pa
rser/src/parse-error.t
s:95:45)
      at 
Parser.toParseError 
[as raise] (node_modul
es/@babel/parser/src/t
okenizer/index.ts:1503
:19)
      at Parser.raise 
[as semicolon] (node_m
odules/@babel/parser/s
rc/parser/util.ts:149:
10)
      at 
Parser.semicolon [as p
arseExpressionStatemen
t] (node_modules/@babe
l/parser/src/parser/st
atement.ts:1358:10)
      at Parser.parseE
xpressionStatement 
[as parseStatementCont
ent] (node_modules/@ba
bel/parser/src/parser/
statement.ts:697:19)
      at Parser.parseS
tatementContent [as 
parseStatementLike] (n
ode_modules/@babel/par
ser/src/parser/stateme
nt.ts:477:17)
      at Parser.parseS
tatementLike [as 
parseModuleItem] (node
_modules/@babel/parser
/src/parser/statement.
ts:414:17)
      at Parser.parseM
oduleItem [as parseBlo
ckOrModuleBlockBody] (
node_modules/@babel/pa
rser/src/parser/statem
ent.ts:1438:16)
      at Parser.parseB
lockOrModuleBlockBody 
[as parseBlockBody] (n
ode_modules/@babel/par
ser/src/parser/stateme
nt.ts:1412:10)
      at 
Parser.parseBlockBody 
[as parseProgram] (nod
e_modules/@babel/parse
r/src/parser/statement
.ts:229:10)
      at 
Parser.parseProgram 
[as parseTopLevel] (no
de_modules/@babel/pars
er/src/parser/statemen
t.ts:203:25)
      at 
Parser.parseTopLevel 
[as parse] (node_modul
es/@babel/parser/src/p
arser/index.ts:93:10)
      at parse (node_m
odules/@babel/parser/s
rc/index.ts:92:38)
      at parser (node_
modules/@babel/core/sr
c/parser/index.ts:28:1
9)
          at 
parser.next 
(<anonymous>)
      at 
normalizeFile (node_mo
dules/@babel/core/src/
transformation/normali
ze-file.ts:49:24)
          at 
normalizeFile.next 
(<anonymous>)
      at run (node_mod
ules/@babel/core/src/t
ransformation/index.ts
:40:36)
          at run.next 
(<anonymous>)
      at transform (no
de_modules/@babel/core
/src/transform.ts:29:2
0)
          at 
transform.next 
(<anonymous>)
      at evaluateSync 
(node_modules/gensync/
index.js:251:28)
      at sync (node_mo
dules/gensync/index.js
:89:14)
      at fn (node_modu
les/@babel/core/src/er
rors/rewrite-stack-tra
ce.ts:99:14)
      at 
transformSync (node_mo
dules/@babel/core/src/
transform.ts:66:52)
      at ScriptTransfo
rmer.transformSource (
node_modules/@jest/tra
nsform/build/ScriptTra
nsformer.js:545:31)
      at ScriptTransfo
rmer._transformAndBuil
dScript (node_modules/
@jest/transform/build/
ScriptTransformer.js:6
74:40)
      at ScriptTransfo
rmer.transform (node_m
odules/@jest/transform
/build/ScriptTransform
er.js:726:19)
      at 
Object.require (src/ui
/UIManager.js:9:1)
      at 
Object.require (src/Mo
delViewer.js:5:1)
      at require (test
/integration-tests.tes
t.js:112:37)
      at 
Object.<anonymous> (te
st/integration-tests.t
est.js:112:37)

  ΓùÅ Integration 
Tests Suite ΓÇ║ UI 
and Rendering 
Integration ΓÇ║ 
should update UI 
state when models are 
loaded

    Jest encountered 
an unexpected token

    Jest failed to 
parse a file. This 
happens e.g. when 
your code or its 
dependencies use 
non-standard 
JavaScript syntax, or 
when Jest is not 
configured to support 
such syntax.

    Out of the box 
Jest supports Babel, 
which will be used to 
transform your files 
into valid JS based 
on your Babel 
configuration.

    By default 
"node_modules" folder 
is ignored by 
transformers.

    Here's what you 
can do:
     ΓÇó If you are 
trying to use 
ECMAScript Modules, 
see https://jestjs.io/
docs/ecmascript-module
s for how to enable 
it.
     ΓÇó If you are 
trying to use 
TypeScript, see https:
//jestjs.io/docs/getti
ng-started#using-types
cript
     ΓÇó To have some 
of your 
"node_modules" files 
transformed, you can 
specify a custom "tran
sformIgnorePatterns" 
in your config.
     ΓÇó If you need 
a custom 
transformation 
specify a "transform" 
option in your config.
     ΓÇó If you 
simply want to mock 
your non-JS modules 
(e.g. binary assets) 
you can stub them out 
with the 
"moduleNameMapper" 
config option.

    You'll find more 
details and examples 
of these config 
options in the docs:
    https://jestjs.io/
docs/configuration
    For information 
about custom 
transformations, see:
    https://jestjs.io/
docs/code-transformati
on

    Details:

    SyntaxError: C:\Wo
rkspace_Melbin\fun_web
sites\3d_model_viewer\
src\ui\MobileGestureMa
nager.js: Missing 
semicolon. (480:20)

    [0m [90m 478 
|[39m [90m     * 
Check if device is 
mobile[39m
     [90m 479 |[39m 
[90m     */[39m
    [31m[1m>[22m[3
9m[90m 480 |[39m    
 isMobileDevice() {
     [90m     |[39m 
                    
[31m[1m^[22m[39m
     [90m 481 |[39m 
        
[36mreturn[39m [35m
/Android|webOS|iPhone|
iPad|iPod|BlackBerry|I
EMobile|Opera Mini/i[
39m[33m.[39mtest(nav
igator[33m.[39muserA
gent)[33m;[39m
     [90m 482 |[39m 
    }
     [90m 483 
|[39m[0m

    [0m [90m  7 
|[39m 
[36mimport[39m { [3
3mKeyboardShortcutMana
ger[39m } 
[36mfrom[39m [32m'.
/KeyboardShortcutManag
er.js'[39m[33m;[39m
     [90m  8 |[39m 
[36mimport[39m { [3
3mOnboardingManager[3
9m } [36mfrom[39m [
32m'./OnboardingManage
r.js'[39m[33m;[39m
    [31m[1m>[22m[3
9m[90m  9 |[39m 
[36mimport[39m { [3
3mMobileGestureManager
[39m } 
[36mfrom[39m [32m'.
/MobileGestureManager.
js'[39m[33m;[39m
     [90m    |[39m 
[31m[1m^[22m[39m
     [90m 10 |[39m 
[36mimport[39m { [3
3mFeatureDiscoveryEngi
ne[39m } 
[36mfrom[39m [32m'.
/FeatureDiscoveryEngin
e.js'[39m[33m;[39m
     [90m 11 |[39m 
[36mimport[39m { [3
3mUXEnhancementsIntegr
ation[39m } 
[36mfrom[39m [32m'.
/UXEnhancementsIntegra
tion.js'[39m[33m;[3
9m
     [90m 12 
|[39m[0m

      at constructor (
node_modules/@babel/pa
rser/src/parse-error.t
s:95:45)
      at 
Parser.toParseError 
[as raise] (node_modul
es/@babel/parser/src/t
okenizer/index.ts:1503
:19)
      at Parser.raise 
[as semicolon] (node_m
odules/@babel/parser/s
rc/parser/util.ts:149:
10)
      at 
Parser.semicolon [as p
arseExpressionStatemen
t] (node_modules/@babe
l/parser/src/parser/st
atement.ts:1358:10)
      at Parser.parseE
xpressionStatement 
[as parseStatementCont
ent] (node_modules/@ba
bel/parser/src/parser/
statement.ts:697:19)
      at Parser.parseS
tatementContent [as 
parseStatementLike] (n
ode_modules/@babel/par
ser/src/parser/stateme
nt.ts:477:17)
      at Parser.parseS
tatementLike [as 
parseModuleItem] (node
_modules/@babel/parser
/src/parser/statement.
ts:414:17)
      at Parser.parseM
oduleItem [as parseBlo
ckOrModuleBlockBody] (
node_modules/@babel/pa
rser/src/parser/statem
ent.ts:1438:16)
      at Parser.parseB
lockOrModuleBlockBody 
[as parseBlockBody] (n
ode_modules/@babel/par
ser/src/parser/stateme
nt.ts:1412:10)
      at 
Parser.parseBlockBody 
[as parseProgram] (nod
e_modules/@babel/parse
r/src/parser/statement
.ts:229:10)
      at 
Parser.parseProgram 
[as parseTopLevel] (no
de_modules/@babel/pars
er/src/parser/statemen
t.ts:203:25)
      at 
Parser.parseTopLevel 
[as parse] (node_modul
es/@babel/parser/src/p
arser/index.ts:93:10)
      at parse (node_m
odules/@babel/parser/s
rc/index.ts:92:38)
      at parser (node_
modules/@babel/core/sr
c/parser/index.ts:28:1
9)
          at 
parser.next 
(<anonymous>)
      at 
normalizeFile (node_mo
dules/@babel/core/src/
transformation/normali
ze-file.ts:49:24)
          at 
normalizeFile.next 
(<anonymous>)
      at run (node_mod
ules/@babel/core/src/t
ransformation/index.ts
:40:36)
          at run.next 
(<anonymous>)
      at transform (no
de_modules/@babel/core
/src/transform.ts:29:2
0)
          at 
transform.next 
(<anonymous>)
      at evaluateSync 
(node_modules/gensync/
index.js:251:28)
      at sync (node_mo
dules/gensync/index.js
:89:14)
      at fn (node_modu
les/@babel/core/src/er
rors/rewrite-stack-tra
ce.ts:99:14)
      at 
transformSync (node_mo
dules/@babel/core/src/
transform.ts:66:52)
      at ScriptTransfo
rmer.transformSource (
node_modules/@jest/tra
nsform/build/ScriptTra
nsformer.js:545:31)
      at ScriptTransfo
rmer._transformAndBuil
dScript (node_modules/
@jest/transform/build/
ScriptTransformer.js:6
74:40)
      at ScriptTransfo
rmer.transform (node_m
odules/@jest/transform
/build/ScriptTransform
er.js:726:19)
      at 
Object.require (src/ui
/UIManager.js:9:1)
      at 
Object.require (src/Mo
delViewer.js:5:1)
      at require (test
/integration-tests.tes
t.js:203:37)
      at 
Object.<anonymous> (te
st/integration-tests.t
est.js:203:37)

  ΓùÅ Integration 
Tests Suite ΓÇ║ UI 
and Rendering 
Integration ΓÇ║ 
should coordinate UI 
mode changes with 
rendering

    Jest encountered 
an unexpected token

    Jest failed to 
parse a file. This 
happens e.g. when 
your code or its 
dependencies use 
non-standard 
JavaScript syntax, or 
when Jest is not 
configured to support 
such syntax.

    Out of the box 
Jest supports Babel, 
which will be used to 
transform your files 
into valid JS based 
on your Babel 
configuration.

    By default 
"node_modules" folder 
is ignored by 
transformers.

    Here's what you 
can do:
     ΓÇó If you are 
trying to use 
ECMAScript Modules, 
see https://jestjs.io/
docs/ecmascript-module
s for how to enable 
it.
     ΓÇó If you are 
trying to use 
TypeScript, see https:
//jestjs.io/docs/getti
ng-started#using-types
cript
     ΓÇó To have some 
of your 
"node_modules" files 
transformed, you can 
specify a custom "tran
sformIgnorePatterns" 
in your config.
     ΓÇó If you need 
a custom 
transformation 
specify a "transform" 
option in your config.
     ΓÇó If you 
simply want to mock 
your non-JS modules 
(e.g. binary assets) 
you can stub them out 
with the 
"moduleNameMapper" 
config option.

    You'll find more 
details and examples 
of these config 
options in the docs:
    https://jestjs.io/
docs/configuration
    For information 
about custom 
transformations, see:
    https://jestjs.io/
docs/code-transformati
on

    Details:

    SyntaxError: C:\Wo
rkspace_Melbin\fun_web
sites\3d_model_viewer\
src\ui\MobileGestureMa
nager.js: Missing 
semicolon. (480:20)

    [0m [90m 478 
|[39m [90m     * 
Check if device is 
mobile[39m
     [90m 479 |[39m 
[90m     */[39m
    [31m[1m>[22m[3
9m[90m 480 |[39m    
 isMobileDevice() {
     [90m     |[39m 
                    
[31m[1m^[22m[39m
     [90m 481 |[39m 
        
[36mreturn[39m [35m
/Android|webOS|iPhone|
iPad|iPod|BlackBerry|I
EMobile|Opera Mini/i[
39m[33m.[39mtest(nav
igator[33m.[39muserA
gent)[33m;[39m
     [90m 482 |[39m 
    }
     [90m 483 
|[39m[0m

    [0m [90m  7 
|[39m 
[36mimport[39m { [3
3mKeyboardShortcutMana
ger[39m } 
[36mfrom[39m [32m'.
/KeyboardShortcutManag
er.js'[39m[33m;[39m
     [90m  8 |[39m 
[36mimport[39m { [3
3mOnboardingManager[3
9m } [36mfrom[39m [
32m'./OnboardingManage
r.js'[39m[33m;[39m
    [31m[1m>[22m[3
9m[90m  9 |[39m 
[36mimport[39m { [3
3mMobileGestureManager
[39m } 
[36mfrom[39m [32m'.
/MobileGestureManager.
js'[39m[33m;[39m
     [90m    |[39m 
[31m[1m^[22m[39m
     [90m 10 |[39m 
[36mimport[39m { [3
3mFeatureDiscoveryEngi
ne[39m } 
[36mfrom[39m [32m'.
/FeatureDiscoveryEngin
e.js'[39m[33m;[39m
     [90m 11 |[39m 
[36mimport[39m { [3
3mUXEnhancementsIntegr
ation[39m } 
[36mfrom[39m [32m'.
/UXEnhancementsIntegra
tion.js'[39m[33m;[3
9m
     [90m 12 
|[39m[0m

      at constructor (
node_modules/@babel/pa
rser/src/parse-error.t
s:95:45)
      at 
Parser.toParseError 
[as raise] (node_modul
es/@babel/parser/src/t
okenizer/index.ts:1503
:19)
      at Parser.raise 
[as semicolon] (node_m
odules/@babel/parser/s
rc/parser/util.ts:149:
10)
      at 
Parser.semicolon [as p
arseExpressionStatemen
t] (node_modules/@babe
l/parser/src/parser/st
atement.ts:1358:10)
      at Parser.parseE
xpressionStatement 
[as parseStatementCont
ent] (node_modules/@ba
bel/parser/src/parser/
statement.ts:697:19)
      at Parser.parseS
tatementContent [as 
parseStatementLike] (n
ode_modules/@babel/par
ser/src/parser/stateme
nt.ts:477:17)
      at Parser.parseS
tatementLike [as 
parseModuleItem] (node
_modules/@babel/parser
/src/parser/statement.
ts:414:17)
      at Parser.parseM
oduleItem [as parseBlo
ckOrModuleBlockBody] (
node_modules/@babel/pa
rser/src/parser/statem
ent.ts:1438:16)
      at Parser.parseB
lockOrModuleBlockBody 
[as parseBlockBody] (n
ode_modules/@babel/par
ser/src/parser/stateme
nt.ts:1412:10)
      at 
Parser.parseBlockBody 
[as parseProgram] (nod
e_modules/@babel/parse
r/src/parser/statement
.ts:229:10)
      at 
Parser.parseProgram 
[as parseTopLevel] (no
de_modules/@babel/pars
er/src/parser/statemen
t.ts:203:25)
      at 
Parser.parseTopLevel 
[as parse] (node_modul
es/@babel/parser/src/p
arser/index.ts:93:10)
      at parse (node_m
odules/@babel/parser/s
rc/index.ts:92:38)
      at parser (node_
modules/@babel/core/sr
c/parser/index.ts:28:1
9)
          at 
parser.next 
(<anonymous>)
      at 
normalizeFile (node_mo
dules/@babel/core/src/
transformation/normali
ze-file.ts:49:24)
          at 
normalizeFile.next 
(<anonymous>)
      at run (node_mod
ules/@babel/core/src/t
ransformation/index.ts
:40:36)
          at run.next 
(<anonymous>)
      at transform (no
de_modules/@babel/core
/src/transform.ts:29:2
0)
          at 
transform.next 
(<anonymous>)
      at evaluateSync 
(node_modules/gensync/
index.js:251:28)
      at sync (node_mo
dules/gensync/index.js
:89:14)
      at fn (node_modu
les/@babel/core/src/er
rors/rewrite-stack-tra
ce.ts:99:14)
      at 
transformSync (node_mo
dules/@babel/core/src/
transform.ts:66:52)
      at ScriptTransfo
rmer.transformSource (
node_modules/@jest/tra
nsform/build/ScriptTra
nsformer.js:545:31)
      at ScriptTransfo
rmer._transformAndBuil
dScript (node_modules/
@jest/transform/build/
ScriptTransformer.js:6
74:40)
      at ScriptTransfo
rmer.transform (node_m
odules/@jest/transform
/build/ScriptTransform
er.js:726:19)
      at 
Object.require (src/ui
/UIManager.js:9:1)
      at 
Object.require (src/Mo
delViewer.js:5:1)
      at require (test
/integration-tests.tes
t.js:203:37)
      at 
Object.<anonymous> (te
st/integration-tests.t
est.js:203:37)

  ΓùÅ Integration 
Tests Suite ΓÇ║ UI 
and Rendering 
Integration ΓÇ║ 
should handle window 
resize across modules

    Jest encountered 
an unexpected token

    Jest failed to 
parse a file. This 
happens e.g. when 
your code or its 
dependencies use 
non-standard 
JavaScript syntax, or 
when Jest is not 
configured to support 
such syntax.

    Out of the box 
Jest supports Babel, 
which will be used to 
transform your files 
into valid JS based 
on your Babel 
configuration.

    By default 
"node_modules" folder 
is ignored by 
transformers.

    Here's what you 
can do:
     ΓÇó If you are 
trying to use 
ECMAScript Modules, 
see https://jestjs.io/
docs/ecmascript-module
s for how to enable 
it.
     ΓÇó If you are 
trying to use 
TypeScript, see https:
//jestjs.io/docs/getti
ng-started#using-types
cript
     ΓÇó To have some 
of your 
"node_modules" files 
transformed, you can 
specify a custom "tran
sformIgnorePatterns" 
in your config.
     ΓÇó If you need 
a custom 
transformation 
specify a "transform" 
option in your config.
     ΓÇó If you 
simply want to mock 
your non-JS modules 
(e.g. binary assets) 
you can stub them out 
with the 
"moduleNameMapper" 
config option.

    You'll find more 
details and examples 
of these config 
options in the docs:
    https://jestjs.io/
docs/configuration
    For information 
about custom 
transformations, see:
    https://jestjs.io/
docs/code-transformati
on

    Details:

    SyntaxError: C:\Wo
rkspace_Melbin\fun_web
sites\3d_model_viewer\
src\ui\MobileGestureMa
nager.js: Missing 
semicolon. (480:20)

    [0m [90m 478 
|[39m [90m     * 
Check if device is 
mobile[39m
     [90m 479 |[39m 
[90m     */[39m
    [31m[1m>[22m[3
9m[90m 480 |[39m    
 isMobileDevice() {
     [90m     |[39m 
                    
[31m[1m^[22m[39m
     [90m 481 |[39m 
        
[36mreturn[39m [35m
/Android|webOS|iPhone|
iPad|iPod|BlackBerry|I
EMobile|Opera Mini/i[
39m[33m.[39mtest(nav
igator[33m.[39muserA
gent)[33m;[39m
     [90m 482 |[39m 
    }
     [90m 483 
|[39m[0m

    [0m [90m  7 
|[39m 
[36mimport[39m { [3
3mKeyboardShortcutMana
ger[39m } 
[36mfrom[39m [32m'.
/KeyboardShortcutManag
er.js'[39m[33m;[39m
     [90m  8 |[39m 
[36mimport[39m { [3
3mOnboardingManager[3
9m } [36mfrom[39m [
32m'./OnboardingManage
r.js'[39m[33m;[39m
    [31m[1m>[22m[3
9m[90m  9 |[39m 
[36mimport[39m { [3
3mMobileGestureManager
[39m } 
[36mfrom[39m [32m'.
/MobileGestureManager.
js'[39m[33m;[39m
     [90m    |[39m 
[31m[1m^[22m[39m
     [90m 10 |[39m 
[36mimport[39m { [3
3mFeatureDiscoveryEngi
ne[39m } 
[36mfrom[39m [32m'.
/FeatureDiscoveryEngin
e.js'[39m[33m;[39m
     [90m 11 |[39m 
[36mimport[39m { [3
3mUXEnhancementsIntegr
ation[39m } 
[36mfrom[39m [32m'.
/UXEnhancementsIntegra
tion.js'[39m[33m;[3
9m
     [90m 12 
|[39m[0m

      at constructor (
node_modules/@babel/pa
rser/src/parse-error.t
s:95:45)
      at 
Parser.toParseError 
[as raise] (node_modul
es/@babel/parser/src/t
okenizer/index.ts:1503
:19)
      at Parser.raise 
[as semicolon] (node_m
odules/@babel/parser/s
rc/parser/util.ts:149:
10)
      at 
Parser.semicolon [as p
arseExpressionStatemen
t] (node_modules/@babe
l/parser/src/parser/st
atement.ts:1358:10)
      at Parser.parseE
xpressionStatement 
[as parseStatementCont
ent] (node_modules/@ba
bel/parser/src/parser/
statement.ts:697:19)
      at Parser.parseS
tatementContent [as 
parseStatementLike] (n
ode_modules/@babel/par
ser/src/parser/stateme
nt.ts:477:17)
      at Parser.parseS
tatementLike [as 
parseModuleItem] (node
_modules/@babel/parser
/src/parser/statement.
ts:414:17)
      at Parser.parseM
oduleItem [as parseBlo
ckOrModuleBlockBody] (
node_modules/@babel/pa
rser/src/parser/statem
ent.ts:1438:16)
      at Parser.parseB
lockOrModuleBlockBody 
[as parseBlockBody] (n
ode_modules/@babel/par
ser/src/parser/stateme
nt.ts:1412:10)
      at 
Parser.parseBlockBody 
[as parseProgram] (nod
e_modules/@babel/parse
r/src/parser/statement
.ts:229:10)
      at 
Parser.parseProgram 
[as parseTopLevel] (no
de_modules/@babel/pars
er/src/parser/statemen
t.ts:203:25)
      at 
Parser.parseTopLevel 
[as parse] (node_modul
es/@babel/parser/src/p
arser/index.ts:93:10)
      at parse (node_m
odules/@babel/parser/s
rc/index.ts:92:38)
      at parser (node_
modules/@babel/core/sr
c/parser/index.ts:28:1
9)
          at 
parser.next 
(<anonymous>)
      at 
normalizeFile (node_mo
dules/@babel/core/src/
transformation/normali
ze-file.ts:49:24)
          at 
normalizeFile.next 
(<anonymous>)
      at run (node_mod
ules/@babel/core/src/t
ransformation/index.ts
:40:36)
          at run.next 
(<anonymous>)
      at transform (no
de_modules/@babel/core
/src/transform.ts:29:2
0)
          at 
transform.next 
(<anonymous>)
      at evaluateSync 
(node_modules/gensync/
index.js:251:28)
      at sync (node_mo
dules/gensync/index.js
:89:14)
      at fn (node_modu
les/@babel/core/src/er
rors/rewrite-stack-tra
ce.ts:99:14)
      at 
transformSync (node_mo
dules/@babel/core/src/
transform.ts:66:52)
      at ScriptTransfo
rmer.transformSource (
node_modules/@jest/tra
nsform/build/ScriptTra
nsformer.js:545:31)
      at ScriptTransfo
rmer._transformAndBuil
dScript (node_modules/
@jest/transform/build/
ScriptTransformer.js:6
74:40)
      at ScriptTransfo
rmer.transform (node_m
odules/@jest/transform
/build/ScriptTransform
er.js:726:19)
      at 
Object.require (src/ui
/UIManager.js:9:1)
      at 
Object.require (src/Mo
delViewer.js:5:1)
      at require (test
/integration-tests.tes
t.js:203:37)
      at 
Object.<anonymous> (te
st/integration-tests.t
est.js:203:37)

  ΓùÅ Integration 
Tests Suite ΓÇ║ 
Performance and Error 
Handling Integration 
ΓÇ║ should coordinate 
performance 
monitoring across 
modules

    Jest encountered 
an unexpected token

    Jest failed to 
parse a file. This 
happens e.g. when 
your code or its 
dependencies use 
non-standard 
JavaScript syntax, or 
when Jest is not 
configured to support 
such syntax.

    Out of the box 
Jest supports Babel, 
which will be used to 
transform your files 
into valid JS based 
on your Babel 
configuration.

    By default 
"node_modules" folder 
is ignored by 
transformers.

    Here's what you 
can do:
     ΓÇó If you are 
trying to use 
ECMAScript Modules, 
see https://jestjs.io/
docs/ecmascript-module
s for how to enable 
it.
     ΓÇó If you are 
trying to use 
TypeScript, see https:
//jestjs.io/docs/getti
ng-started#using-types
cript
     ΓÇó To have some 
of your 
"node_modules" files 
transformed, you can 
specify a custom "tran
sformIgnorePatterns" 
in your config.
     ΓÇó If you need 
a custom 
transformation 
specify a "transform" 
option in your config.
     ΓÇó If you 
simply want to mock 
your non-JS modules 
(e.g. binary assets) 
you can stub them out 
with the 
"moduleNameMapper" 
config option.

    You'll find more 
details and examples 
of these config 
options in the docs:
    https://jestjs.io/
docs/configuration
    For information 
about custom 
transformations, see:
    https://jestjs.io/
docs/code-transformati
on

    Details:

    SyntaxError: C:\Wo
rkspace_Melbin\fun_web
sites\3d_model_viewer\
src\ui\MobileGestureMa
nager.js: Missing 
semicolon. (480:20)

    [0m [90m 478 
|[39m [90m     * 
Check if device is 
mobile[39m
     [90m 479 |[39m 
[90m     */[39m
    [31m[1m>[22m[3
9m[90m 480 |[39m    
 isMobileDevice() {
     [90m     |[39m 
                    
[31m[1m^[22m[39m
     [90m 481 |[39m 
        
[36mreturn[39m [35m
/Android|webOS|iPhone|
iPad|iPod|BlackBerry|I
EMobile|Opera Mini/i[
39m[33m.[39mtest(nav
igator[33m.[39muserA
gent)[33m;[39m
     [90m 482 |[39m 
    }
     [90m 483 
|[39m[0m

    [0m [90m  7 
|[39m 
[36mimport[39m { [3
3mKeyboardShortcutMana
ger[39m } 
[36mfrom[39m [32m'.
/KeyboardShortcutManag
er.js'[39m[33m;[39m
     [90m  8 |[39m 
[36mimport[39m { [3
3mOnboardingManager[3
9m } [36mfrom[39m [
32m'./OnboardingManage
r.js'[39m[33m;[39m
    [31m[1m>[22m[3
9m[90m  9 |[39m 
[36mimport[39m { [3
3mMobileGestureManager
[39m } 
[36mfrom[39m [32m'.
/MobileGestureManager.
js'[39m[33m;[39m
     [90m    |[39m 
[31m[1m^[22m[39m
     [90m 10 |[39m 
[36mimport[39m { [3
3mFeatureDiscoveryEngi
ne[39m } 
[36mfrom[39m [32m'.
/FeatureDiscoveryEngin
e.js'[39m[33m;[39m
     [90m 11 |[39m 
[36mimport[39m { [3
3mUXEnhancementsIntegr
ation[39m } 
[36mfrom[39m [32m'.
/UXEnhancementsIntegra
tion.js'[39m[33m;[3
9m
     [90m 12 
|[39m[0m

      at constructor (
node_modules/@babel/pa
rser/src/parse-error.t
s:95:45)
      at 
Parser.toParseError 
[as raise] (node_modul
es/@babel/parser/src/t
okenizer/index.ts:1503
:19)
      at Parser.raise 
[as semicolon] (node_m
odules/@babel/parser/s
rc/parser/util.ts:149:
10)
      at 
Parser.semicolon [as p
arseExpressionStatemen
t] (node_modules/@babe
l/parser/src/parser/st
atement.ts:1358:10)
      at Parser.parseE
xpressionStatement 
[as parseStatementCont
ent] (node_modules/@ba
bel/parser/src/parser/
statement.ts:697:19)
      at Parser.parseS
tatementContent [as 
parseStatementLike] (n
ode_modules/@babel/par
ser/src/parser/stateme
nt.ts:477:17)
      at Parser.parseS
tatementLike [as 
parseModuleItem] (node
_modules/@babel/parser
/src/parser/statement.
ts:414:17)
      at Parser.parseM
oduleItem [as parseBlo
ckOrModuleBlockBody] (
node_modules/@babel/pa
rser/src/parser/statem
ent.ts:1438:16)
      at Parser.parseB
lockOrModuleBlockBody 
[as parseBlockBody] (n
ode_modules/@babel/par
ser/src/parser/stateme
nt.ts:1412:10)
      at 
Parser.parseBlockBody 
[as parseProgram] (nod
e_modules/@babel/parse
r/src/parser/statement
.ts:229:10)
      at 
Parser.parseProgram 
[as parseTopLevel] (no
de_modules/@babel/pars
er/src/parser/statemen
t.ts:203:25)
      at 
Parser.parseTopLevel 
[as parse] (node_modul
es/@babel/parser/src/p
arser/index.ts:93:10)
      at parse (node_m
odules/@babel/parser/s
rc/index.ts:92:38)
      at parser (node_
modules/@babel/core/sr
c/parser/index.ts:28:1
9)
          at 
parser.next 
(<anonymous>)
      at 
normalizeFile (node_mo
dules/@babel/core/src/
transformation/normali
ze-file.ts:49:24)
          at 
normalizeFile.next 
(<anonymous>)
      at run (node_mod
ules/@babel/core/src/t
ransformation/index.ts
:40:36)
          at run.next 
(<anonymous>)
      at transform (no
de_modules/@babel/core
/src/transform.ts:29:2
0)
          at 
transform.next 
(<anonymous>)
      at evaluateSync 
(node_modules/gensync/
index.js:251:28)
      at sync (node_mo
dules/gensync/index.js
:89:14)
      at fn (node_modu
les/@babel/core/src/er
rors/rewrite-stack-tra
ce.ts:99:14)
      at 
transformSync (node_mo
dules/@babel/core/src/
transform.ts:66:52)
      at ScriptTransfo
rmer.transformSource (
node_modules/@jest/tra
nsform/build/ScriptTra
nsformer.js:545:31)
      at ScriptTransfo
rmer._transformAndBuil
dScript (node_modules/
@jest/transform/build/
ScriptTransformer.js:6
74:40)
      at ScriptTransfo
rmer.transform (node_m
odules/@jest/transform
/build/ScriptTransform
er.js:726:19)
      at 
Object.require (src/ui
/UIManager.js:9:1)
      at 
Object.require (src/Mo
delViewer.js:5:1)
      at require (test
/integration-tests.tes
t.js:271:37)
      at 
Object.<anonymous> (te
st/integration-tests.t
est.js:271:37)

  ΓùÅ Integration 
Tests Suite ΓÇ║ 
Performance and Error 
Handling Integration 
ΓÇ║ should handle 
errors across module 
boundaries

    Jest encountered 
an unexpected token

    Jest failed to 
parse a file. This 
happens e.g. when 
your code or its 
dependencies use 
non-standard 
JavaScript syntax, or 
when Jest is not 
configured to support 
such syntax.

    Out of the box 
Jest supports Babel, 
which will be used to 
transform your files 
into valid JS based 
on your Babel 
configuration.

    By default 
"node_modules" folder 
is ignored by 
transformers.

    Here's what you 
can do:
     ΓÇó If you are 
trying to use 
ECMAScript Modules, 
see https://jestjs.io/
docs/ecmascript-module
s for how to enable 
it.
     ΓÇó If you are 
trying to use 
TypeScript, see https:
//jestjs.io/docs/getti
ng-started#using-types
cript
     ΓÇó To have some 
of your 
"node_modules" files 
transformed, you can 
specify a custom "tran
sformIgnorePatterns" 
in your config.
     ΓÇó If you need 
a custom 
transformation 
specify a "transform" 
option in your config.
     ΓÇó If you 
simply want to mock 
your non-JS modules 
(e.g. binary assets) 
you can stub them out 
with the 
"moduleNameMapper" 
config option.

    You'll find more 
details and examples 
of these config 
options in the docs:
    https://jestjs.io/
docs/configuration
    For information 
about custom 
transformations, see:
    https://jestjs.io/
docs/code-transformati
on

    Details:

    SyntaxError: C:\Wo
rkspace_Melbin\fun_web
sites\3d_model_viewer\
src\ui\MobileGestureMa
nager.js: Missing 
semicolon. (480:20)

    [0m [90m 478 
|[39m [90m     * 
Check if device is 
mobile[39m
     [90m 479 |[39m 
[90m     */[39m
    [31m[1m>[22m[3
9m[90m 480 |[39m    
 isMobileDevice() {
     [90m     |[39m 
                    
[31m[1m^[22m[39m
     [90m 481 |[39m 
        
[36mreturn[39m [35m
/Android|webOS|iPhone|
iPad|iPod|BlackBerry|I
EMobile|Opera Mini/i[
39m[33m.[39mtest(nav
igator[33m.[39muserA
gent)[33m;[39m
     [90m 482 |[39m 
    }
     [90m 483 
|[39m[0m

    [0m [90m  7 
|[39m 
[36mimport[39m { [3
3mKeyboardShortcutMana
ger[39m } 
[36mfrom[39m [32m'.
/KeyboardShortcutManag
er.js'[39m[33m;[39m
     [90m  8 |[39m 
[36mimport[39m { [3
3mOnboardingManager[3
9m } [36mfrom[39m [
32m'./OnboardingManage
r.js'[39m[33m;[39m
    [31m[1m>[22m[3
9m[90m  9 |[39m 
[36mimport[39m { [3
3mMobileGestureManager
[39m } 
[36mfrom[39m [32m'.
/MobileGestureManager.
js'[39m[33m;[39m
     [90m    |[39m 
[31m[1m^[22m[39m
     [90m 10 |[39m 
[36mimport[39m { [3
3mFeatureDiscoveryEngi
ne[39m } 
[36mfrom[39m [32m'.
/FeatureDiscoveryEngin
e.js'[39m[33m;[39m
     [90m 11 |[39m 
[36mimport[39m { [3
3mUXEnhancementsIntegr
ation[39m } 
[36mfrom[39m [32m'.
/UXEnhancementsIntegra
tion.js'[39m[33m;[3
9m
     [90m 12 
|[39m[0m

      at constructor (
node_modules/@babel/pa
rser/src/parse-error.t
s:95:45)
      at 
Parser.toParseError 
[as raise] (node_modul
es/@babel/parser/src/t
okenizer/index.ts:1503
:19)
      at Parser.raise 
[as semicolon] (node_m
odules/@babel/parser/s
rc/parser/util.ts:149:
10)
      at 
Parser.semicolon [as p
arseExpressionStatemen
t] (node_modules/@babe
l/parser/src/parser/st
atement.ts:1358:10)
      at Parser.parseE
xpressionStatement 
[as parseStatementCont
ent] (node_modules/@ba
bel/parser/src/parser/
statement.ts:697:19)
      at Parser.parseS
tatementContent [as 
parseStatementLike] (n
ode_modules/@babel/par
ser/src/parser/stateme
nt.ts:477:17)
      at Parser.parseS
tatementLike [as 
parseModuleItem] (node
_modules/@babel/parser
/src/parser/statement.
ts:414:17)
      at Parser.parseM
oduleItem [as parseBlo
ckOrModuleBlockBody] (
node_modules/@babel/pa
rser/src/parser/statem
ent.ts:1438:16)
      at Parser.parseB
lockOrModuleBlockBody 
[as parseBlockBody] (n
ode_modules/@babel/par
ser/src/parser/stateme
nt.ts:1412:10)
      at 
Parser.parseBlockBody 
[as parseProgram] (nod
e_modules/@babel/parse
r/src/parser/statement
.ts:229:10)
      at 
Parser.parseProgram 
[as parseTopLevel] (no
de_modules/@babel/pars
er/src/parser/statemen
t.ts:203:25)
      at 
Parser.parseTopLevel 
[as parse] (node_modul
es/@babel/parser/src/p
arser/index.ts:93:10)
      at parse (node_m
odules/@babel/parser/s
rc/index.ts:92:38)
      at parser (node_
modules/@babel/core/sr
c/parser/index.ts:28:1
9)
          at 
parser.next 
(<anonymous>)
      at 
normalizeFile (node_mo
dules/@babel/core/src/
transformation/normali
ze-file.ts:49:24)
          at 
normalizeFile.next 
(<anonymous>)
      at run (node_mod
ules/@babel/core/src/t
ransformation/index.ts
:40:36)
          at run.next 
(<anonymous>)
      at transform (no
de_modules/@babel/core
/src/transform.ts:29:2
0)
          at 
transform.next 
(<anonymous>)
      at evaluateSync 
(node_modules/gensync/
index.js:251:28)
      at sync (node_mo
dules/gensync/index.js
:89:14)
      at fn (node_modu
les/@babel/core/src/er
rors/rewrite-stack-tra
ce.ts:99:14)
      at 
transformSync (node_mo
dules/@babel/core/src/
transform.ts:66:52)
      at ScriptTransfo
rmer.transformSource (
node_modules/@jest/tra
nsform/build/ScriptTra
nsformer.js:545:31)
      at ScriptTransfo
rmer._transformAndBuil
dScript (node_modules/
@jest/transform/build/
ScriptTransformer.js:6
74:40)
      at ScriptTransfo
rmer.transform (node_m
odules/@jest/transform
/build/ScriptTransform
er.js:726:19)
      at 
Object.require (src/ui
/UIManager.js:9:1)
      at 
Object.require (src/Mo
delViewer.js:5:1)
      at require (test
/integration-tests.tes
t.js:271:37)
      at 
Object.<anonymous> (te
st/integration-tests.t
est.js:271:37)

  ΓùÅ Integration 
Tests Suite ΓÇ║ 
Performance and Error 
Handling Integration 
ΓÇ║ should trigger 
quality reduction 
when performance drops

    Jest encountered 
an unexpected token

    Jest failed to 
parse a file. This 
happens e.g. when 
your code or its 
dependencies use 
non-standard 
JavaScript syntax, or 
when Jest is not 
configured to support 
such syntax.

    Out of the box 
Jest supports Babel, 
which will be used to 
transform your files 
into valid JS based 
on your Babel 
configuration.

    By default 
"node_modules" folder 
is ignored by 
transformers.

    Here's what you 
can do:
     ΓÇó If you are 
trying to use 
ECMAScript Modules, 
see https://jestjs.io/
docs/ecmascript-module
s for how to enable 
it.
     ΓÇó If you are 
trying to use 
TypeScript, see https:
//jestjs.io/docs/getti
ng-started#using-types
cript
     ΓÇó To have some 
of your 
"node_modules" files 
transformed, you can 
specify a custom "tran
sformIgnorePatterns" 
in your config.
     ΓÇó If you need 
a custom 
transformation 
specify a "transform" 
option in your config.
     ΓÇó If you 
simply want to mock 
your non-JS modules 
(e.g. binary assets) 
you can stub them out 
with the 
"moduleNameMapper" 
config option.

    You'll find more 
details and examples 
of these config 
options in the docs:
    https://jestjs.io/
docs/configuration
    For information 
about custom 
transformations, see:
    https://jestjs.io/
docs/code-transformati
on

    Details:

    SyntaxError: C:\Wo
rkspace_Melbin\fun_web
sites\3d_model_viewer\
src\ui\MobileGestureMa
nager.js: Missing 
semicolon. (480:20)

    [0m [90m 478 
|[39m [90m     * 
Check if device is 
mobile[39m
     [90m 479 |[39m 
[90m     */[39m
    [31m[1m>[22m[3
9m[90m 480 |[39m    
 isMobileDevice() {
     [90m     |[39m 
                    
[31m[1m^[22m[39m
     [90m 481 |[39m 
        
[36mreturn[39m [35m
/Android|webOS|iPhone|
iPad|iPod|BlackBerry|I
EMobile|Opera Mini/i[
39m[33m.[39mtest(nav
igator[33m.[39muserA
gent)[33m;[39m
     [90m 482 |[39m 
    }
     [90m 483 
|[39m[0m

    [0m [90m  7 
|[39m 
[36mimport[39m { [3
3mKeyboardShortcutMana
ger[39m } 
[36mfrom[39m [32m'.
/KeyboardShortcutManag
er.js'[39m[33m;[39m
     [90m  8 |[39m 
[36mimport[39m { [3
3mOnboardingManager[3
9m } [36mfrom[39m [
32m'./OnboardingManage
r.js'[39m[33m;[39m
    [31m[1m>[22m[3
9m[90m  9 |[39m 
[36mimport[39m { [3
3mMobileGestureManager
[39m } 
[36mfrom[39m [32m'.
/MobileGestureManager.
js'[39m[33m;[39m
     [90m    |[39m 
[31m[1m^[22m[39m
     [90m 10 |[39m 
[36mimport[39m { [3
3mFeatureDiscoveryEngi
ne[39m } 
[36mfrom[39m [32m'.
/FeatureDiscoveryEngin
e.js'[39m[33m;[39m
     [90m 11 |[39m 
[36mimport[39m { [3
3mUXEnhancementsIntegr
ation[39m } 
[36mfrom[39m [32m'.
/UXEnhancementsIntegra
tion.js'[39m[33m;[3
9m
     [90m 12 
|[39m[0m

      at constructor (
node_modules/@babel/pa
rser/src/parse-error.t
s:95:45)
      at 
Parser.toParseError 
[as raise] (node_modul
es/@babel/parser/src/t
okenizer/index.ts:1503
:19)
      at Parser.raise 
[as semicolon] (node_m
odules/@babel/parser/s
rc/parser/util.ts:149:
10)
      at 
Parser.semicolon [as p
arseExpressionStatemen
t] (node_modules/@babe
l/parser/src/parser/st
atement.ts:1358:10)
      at Parser.parseE
xpressionStatement 
[as parseStatementCont
ent] (node_modules/@ba
bel/parser/src/parser/
statement.ts:697:19)
      at Parser.parseS
tatementContent [as 
parseStatementLike] (n
ode_modules/@babel/par
ser/src/parser/stateme
nt.ts:477:17)
      at Parser.parseS
tatementLike [as 
parseModuleItem] (node
_modules/@babel/parser
/src/parser/statement.
ts:414:17)
      at Parser.parseM
oduleItem [as parseBlo
ckOrModuleBlockBody] (
node_modules/@babel/pa
rser/src/parser/statem
ent.ts:1438:16)
      at Parser.parseB
lockOrModuleBlockBody 
[as parseBlockBody] (n
ode_modules/@babel/par
ser/src/parser/stateme
nt.ts:1412:10)
      at 
Parser.parseBlockBody 
[as parseProgram] (nod
e_modules/@babel/parse
r/src/parser/statement
.ts:229:10)
      at 
Parser.parseProgram 
[as parseTopLevel] (no
de_modules/@babel/pars
er/src/parser/statemen
t.ts:203:25)
      at 
Parser.parseTopLevel 
[as parse] (node_modul
es/@babel/parser/src/p
arser/index.ts:93:10)
      at parse (node_m
odules/@babel/parser/s
rc/index.ts:92:38)
      at parser (node_
modules/@babel/core/sr
c/parser/index.ts:28:1
9)
          at 
parser.next 
(<anonymous>)
      at 
normalizeFile (node_mo
dules/@babel/core/src/
transformation/normali
ze-file.ts:49:24)
          at 
normalizeFile.next 
(<anonymous>)
      at run (node_mod
ules/@babel/core/src/t
ransformation/index.ts
:40:36)
          at run.next 
(<anonymous>)
      at transform (no
de_modules/@babel/core
/src/transform.ts:29:2
0)
          at 
transform.next 
(<anonymous>)
      at evaluateSync 
(node_modules/gensync/
index.js:251:28)
      at sync (node_mo
dules/gensync/index.js
:89:14)
      at fn (node_modu
les/@babel/core/src/er
rors/rewrite-stack-tra
ce.ts:99:14)
      at 
transformSync (node_mo
dules/@babel/core/src/
transform.ts:66:52)
      at ScriptTransfo
rmer.transformSource (
node_modules/@jest/tra
nsform/build/ScriptTra
nsformer.js:545:31)
      at ScriptTransfo
rmer._transformAndBuil
dScript (node_modules/
@jest/transform/build/
ScriptTransformer.js:6
74:40)
      at ScriptTransfo
rmer.transform (node_m
odules/@jest/transform
/build/ScriptTransform
er.js:726:19)
      at 
Object.require (src/ui
/UIManager.js:9:1)
      at 
Object.require (src/Mo
delViewer.js:5:1)
      at require (test
/integration-tests.tes
t.js:271:37)
      at 
Object.<anonymous> (te
st/integration-tests.t
est.js:271:37)

  ΓùÅ Integration 
Tests Suite ΓÇ║ 
Export System 
Integration ΓÇ║ 
should coordinate 
export operations 
with rendering

    Jest encountered 
an unexpected token

    Jest failed to 
parse a file. This 
happens e.g. when 
your code or its 
dependencies use 
non-standard 
JavaScript syntax, or 
when Jest is not 
configured to support 
such syntax.

    Out of the box 
Jest supports Babel, 
which will be used to 
transform your files 
into valid JS based 
on your Babel 
configuration.

    By default 
"node_modules" folder 
is ignored by 
transformers.

    Here's what you 
can do:
     ΓÇó If you are 
trying to use 
ECMAScript Modules, 
see https://jestjs.io/
docs/ecmascript-module
s for how to enable 
it.
     ΓÇó If you are 
trying to use 
TypeScript, see https:
//jestjs.io/docs/getti
ng-started#using-types
cript
     ΓÇó To have some 
of your 
"node_modules" files 
transformed, you can 
specify a custom "tran
sformIgnorePatterns" 
in your config.
     ΓÇó If you need 
a custom 
transformation 
specify a "transform" 
option in your config.
     ΓÇó If you 
simply want to mock 
your non-JS modules 
(e.g. binary assets) 
you can stub them out 
with the 
"moduleNameMapper" 
config option.

    You'll find more 
details and examples 
of these config 
options in the docs:
    https://jestjs.io/
docs/configuration
    For information 
about custom 
transformations, see:
    https://jestjs.io/
docs/code-transformati
on

    Details:

    SyntaxError: C:\Wo
rkspace_Melbin\fun_web
sites\3d_model_viewer\
src\ui\MobileGestureMa
nager.js: Missing 
semicolon. (480:20)

    [0m [90m 478 
|[39m [90m     * 
Check if device is 
mobile[39m
     [90m 479 |[39m 
[90m     */[39m
    [31m[1m>[22m[3
9m[90m 480 |[39m    
 isMobileDevice() {
     [90m     |[39m 
                    
[31m[1m^[22m[39m
     [90m 481 |[39m 
        
[36mreturn[39m [35m
/Android|webOS|iPhone|
iPad|iPod|BlackBerry|I
EMobile|Opera Mini/i[
39m[33m.[39mtest(nav
igator[33m.[39muserA
gent)[33m;[39m
     [90m 482 |[39m 
    }
     [90m 483 
|[39m[0m

    [0m [90m  7 
|[39m 
[36mimport[39m { [3
3mKeyboardShortcutMana
ger[39m } 
[36mfrom[39m [32m'.
/KeyboardShortcutManag
er.js'[39m[33m;[39m
     [90m  8 |[39m 
[36mimport[39m { [3
3mOnboardingManager[3
9m } [36mfrom[39m [
32m'./OnboardingManage
r.js'[39m[33m;[39m
    [31m[1m>[22m[3
9m[90m  9 |[39m 
[36mimport[39m { [3
3mMobileGestureManager
[39m } 
[36mfrom[39m [32m'.
/MobileGestureManager.
js'[39m[33m;[39m
     [90m    |[39m 
[31m[1m^[22m[39m
     [90m 10 |[39m 
[36mimport[39m { [3
3mFeatureDiscoveryEngi
ne[39m } 
[36mfrom[39m [32m'.
/FeatureDiscoveryEngin
e.js'[39m[33m;[39m
     [90m 11 |[39m 
[36mimport[39m { [3
3mUXEnhancementsIntegr
ation[39m } 
[36mfrom[39m [32m'.
/UXEnhancementsIntegra
tion.js'[39m[33m;[3
9m
     [90m 12 
|[39m[0m

      at constructor (
node_modules/@babel/pa
rser/src/parse-error.t
s:95:45)
      at 
Parser.toParseError 
[as raise] (node_modul
es/@babel/parser/src/t
okenizer/index.ts:1503
:19)
      at Parser.raise 
[as semicolon] (node_m
odules/@babel/parser/s
rc/parser/util.ts:149:
10)
      at 
Parser.semicolon [as p
arseExpressionStatemen
t] (node_modules/@babe
l/parser/src/parser/st
atement.ts:1358:10)
      at Parser.parseE
xpressionStatement 
[as parseStatementCont
ent] (node_modules/@ba
bel/parser/src/parser/
statement.ts:697:19)
      at Parser.parseS
tatementContent [as 
parseStatementLike] (n
ode_modules/@babel/par
ser/src/parser/stateme
nt.ts:477:17)
      at Parser.parseS
tatementLike [as 
parseModuleItem] (node
_modules/@babel/parser
/src/parser/statement.
ts:414:17)
      at Parser.parseM
oduleItem [as parseBlo
ckOrModuleBlockBody] (
node_modules/@babel/pa
rser/src/parser/statem
ent.ts:1438:16)
      at Parser.parseB
lockOrModuleBlockBody 
[as parseBlockBody] (n
ode_modules/@babel/par
ser/src/parser/stateme
nt.ts:1412:10)
      at 
Parser.parseBlockBody 
[as parseProgram] (nod
e_modules/@babel/parse
r/src/parser/statement
.ts:229:10)
      at 
Parser.parseProgram 
[as parseTopLevel] (no
de_modules/@babel/pars
er/src/parser/statemen
t.ts:203:25)
      at 
Parser.parseTopLevel 
[as parse] (node_modul
es/@babel/parser/src/p
arser/index.ts:93:10)
      at parse (node_m
odules/@babel/parser/s
rc/index.ts:92:38)
      at parser (node_
modules/@babel/core/sr
c/parser/index.ts:28:1
9)
          at 
parser.next 
(<anonymous>)
      at 
normalizeFile (node_mo
dules/@babel/core/src/
transformation/normali
ze-file.ts:49:24)
          at 
normalizeFile.next 
(<anonymous>)
      at run (node_mod
ules/@babel/core/src/t
ransformation/index.ts
:40:36)
          at run.next 
(<anonymous>)
      at transform (no
de_modules/@babel/core
/src/transform.ts:29:2
0)
          at 
transform.next 
(<anonymous>)
      at evaluateSync 
(node_modules/gensync/
index.js:251:28)
      at sync (node_mo
dules/gensync/index.js
:89:14)
      at fn (node_modu
les/@babel/core/src/er
rors/rewrite-stack-tra
ce.ts:99:14)
      at 
transformSync (node_mo
dules/@babel/core/src/
transform.ts:66:52)
      at ScriptTransfo
rmer.transformSource (
node_modules/@jest/tra
nsform/build/ScriptTra
nsformer.js:545:31)
      at ScriptTransfo
rmer._transformAndBuil
dScript (node_modules/
@jest/transform/build/
ScriptTransformer.js:6
74:40)
      at ScriptTransfo
rmer.transform (node_m
odules/@jest/transform
/build/ScriptTransform
er.js:726:19)
      at 
Object.require (src/ui
/UIManager.js:9:1)
      at 
Object.require (src/Mo
delViewer.js:5:1)
      at require (test
/integration-tests.tes
t.js:329:37)
      at 
Object.<anonymous> (te
st/integration-tests.t
est.js:329:37)

  ΓùÅ Integration 
Tests Suite ΓÇ║ 
Export System 
Integration ΓÇ║ 
should handle 
screenshot export 
with rendering engine

    Jest encountered 
an unexpected token

    Jest failed to 
parse a file. This 
happens e.g. when 
your code or its 
dependencies use 
non-standard 
JavaScript syntax, or 
when Jest is not 
configured to support 
such syntax.

    Out of the box 
Jest supports Babel, 
which will be used to 
transform your files 
into valid JS based 
on your Babel 
configuration.

    By default 
"node_modules" folder 
is ignored by 
transformers.

    Here's what you 
can do:
     ΓÇó If you are 
trying to use 
ECMAScript Modules, 
see https://jestjs.io/
docs/ecmascript-module
s for how to enable 
it.
     ΓÇó If you are 
trying to use 
TypeScript, see https:
//jestjs.io/docs/getti
ng-started#using-types
cript
     ΓÇó To have some 
of your 
"node_modules" files 
transformed, you can 
specify a custom "tran
sformIgnorePatterns" 
in your config.
     ΓÇó If you need 
a custom 
transformation 
specify a "transform" 
option in your config.
     ΓÇó If you 
simply want to mock 
your non-JS modules 
(e.g. binary assets) 
you can stub them out 
with the 
"moduleNameMapper" 
config option.

    You'll find more 
details and examples 
of these config 
options in the docs:
    https://jestjs.io/
docs/configuration
    For information 
about custom 
transformations, see:
    https://jestjs.io/
docs/code-transformati
on

    Details:

    SyntaxError: C:\Wo
rkspace_Melbin\fun_web
sites\3d_model_viewer\
src\ui\MobileGestureMa
nager.js: Missing 
semicolon. (480:20)

    [0m [90m 478 
|[39m [90m     * 
Check if device is 
mobile[39m
     [90m 479 |[39m 
[90m     */[39m
    [31m[1m>[22m[3
9m[90m 480 |[39m    
 isMobileDevice() {
     [90m     |[39m 
                    
[31m[1m^[22m[39m
     [90m 481 |[39m 
        
[36mreturn[39m [35m
/Android|webOS|iPhone|
iPad|iPod|BlackBerry|I
EMobile|Opera Mini/i[
39m[33m.[39mtest(nav
igator[33m.[39muserA
gent)[33m;[39m
     [90m 482 |[39m 
    }
     [90m 483 
|[39m[0m

    [0m [90m  7 
|[39m 
[36mimport[39m { [3
3mKeyboardShortcutMana
ger[39m } 
[36mfrom[39m [32m'.
/KeyboardShortcutManag
er.js'[39m[33m;[39m
     [90m  8 |[39m 
[36mimport[39m { [3
3mOnboardingManager[3
9m } [36mfrom[39m [
32m'./OnboardingManage
r.js'[39m[33m;[39m
    [31m[1m>[22m[3
9m[90m  9 |[39m 
[36mimport[39m { [3
3mMobileGestureManager
[39m } 
[36mfrom[39m [32m'.
/MobileGestureManager.
js'[39m[33m;[39m
     [90m    |[39m 
[31m[1m^[22m[39m
     [90m 10 |[39m 
[36mimport[39m { [3
3mFeatureDiscoveryEngi
ne[39m } 
[36mfrom[39m [32m'.
/FeatureDiscoveryEngin
e.js'[39m[33m;[39m
     [90m 11 |[39m 
[36mimport[39m { [3
3mUXEnhancementsIntegr
ation[39m } 
[36mfrom[39m [32m'.
/UXEnhancementsIntegra
tion.js'[39m[33m;[3
9m
     [90m 12 
|[39m[0m

      at constructor (
node_modules/@babel/pa
rser/src/parse-error.t
s:95:45)
      at 
Parser.toParseError 
[as raise] (node_modul
es/@babel/parser/src/t
okenizer/index.ts:1503
:19)
      at Parser.raise 
[as semicolon] (node_m
odules/@babel/parser/s
rc/parser/util.ts:149:
10)
      at 
Parser.semicolon [as p
arseExpressionStatemen
t] (node_modules/@babe
l/parser/src/parser/st
atement.ts:1358:10)
      at Parser.parseE
xpressionStatement 
[as parseStatementCont
ent] (node_modules/@ba
bel/parser/src/parser/
statement.ts:697:19)
      at Parser.parseS
tatementContent [as 
parseStatementLike] (n
ode_modules/@babel/par
ser/src/parser/stateme
nt.ts:477:17)
      at Parser.parseS
tatementLike [as 
parseModuleItem] (node
_modules/@babel/parser
/src/parser/statement.
ts:414:17)
      at Parser.parseM
oduleItem [as parseBlo
ckOrModuleBlockBody] (
node_modules/@babel/pa
rser/src/parser/statem
ent.ts:1438:16)
      at Parser.parseB
lockOrModuleBlockBody 
[as parseBlockBody] (n
ode_modules/@babel/par
ser/src/parser/stateme
nt.ts:1412:10)
      at 
Parser.parseBlockBody 
[as parseProgram] (nod
e_modules/@babel/parse
r/src/parser/statement
.ts:229:10)
      at 
Parser.parseProgram 
[as parseTopLevel] (no
de_modules/@babel/pars
er/src/parser/statemen
t.ts:203:25)
      at 
Parser.parseTopLevel 
[as parse] (node_modul
es/@babel/parser/src/p
arser/index.ts:93:10)
      at parse (node_m
odules/@babel/parser/s
rc/index.ts:92:38)
      at parser (node_
modules/@babel/core/sr
c/parser/index.ts:28:1
9)
          at 
parser.next 
(<anonymous>)
      at 
normalizeFile (node_mo
dules/@babel/core/src/
transformation/normali
ze-file.ts:49:24)
          at 
normalizeFile.next 
(<anonymous>)
      at run (node_mod
ules/@babel/core/src/t
ransformation/index.ts
:40:36)
          at run.next 
(<anonymous>)
      at transform (no
de_modules/@babel/core
/src/transform.ts:29:2
0)
          at 
transform.next 
(<anonymous>)
      at evaluateSync 
(node_modules/gensync/
index.js:251:28)
      at sync (node_mo
dules/gensync/index.js
:89:14)
      at fn (node_modu
les/@babel/core/src/er
rors/rewrite-stack-tra
ce.ts:99:14)
      at 
transformSync (node_mo
dules/@babel/core/src/
transform.ts:66:52)
      at ScriptTransfo
rmer.transformSource (
node_modules/@jest/tra
nsform/build/ScriptTra
nsformer.js:545:31)
      at ScriptTransfo
rmer._transformAndBuil
dScript (node_modules/
@jest/transform/build/
ScriptTransformer.js:6
74:40)
      at ScriptTransfo
rmer.transform (node_m
odules/@jest/transform
/build/ScriptTransform
er.js:726:19)
      at 
Object.require (src/ui
/UIManager.js:9:1)
      at 
Object.require (src/Mo
delViewer.js:5:1)
      at require (test
/integration-tests.tes
t.js:329:37)
      at 
Object.<anonymous> (te
st/integration-tests.t
est.js:329:37)

  ΓùÅ Integration 
Tests Suite ΓÇ║ 
Cinematic Mode 
Integration ΓÇ║ 
should coordinate 
cinematic mode with 
rendering and audio

    Jest encountered 
an unexpected token

    Jest failed to 
parse a file. This 
happens e.g. when 
your code or its 
dependencies use 
non-standard 
JavaScript syntax, or 
when Jest is not 
configured to support 
such syntax.

    Out of the box 
Jest supports Babel, 
which will be used to 
transform your files 
into valid JS based 
on your Babel 
configuration.

    By default 
"node_modules" folder 
is ignored by 
transformers.

    Here's what you 
can do:
     ΓÇó If you are 
trying to use 
ECMAScript Modules, 
see https://jestjs.io/
docs/ecmascript-module
s for how to enable 
it.
     ΓÇó If you are 
trying to use 
TypeScript, see https:
//jestjs.io/docs/getti
ng-started#using-types
cript
     ΓÇó To have some 
of your 
"node_modules" files 
transformed, you can 
specify a custom "tran
sformIgnorePatterns" 
in your config.
     ΓÇó If you need 
a custom 
transformation 
specify a "transform" 
option in your config.
     ΓÇó If you 
simply want to mock 
your non-JS modules 
(e.g. binary assets) 
you can stub them out 
with the 
"moduleNameMapper" 
config option.

    You'll find more 
details and examples 
of these config 
options in the docs:
    https://jestjs.io/
docs/configuration
    For information 
about custom 
transformations, see:
    https://jestjs.io/
docs/code-transformati
on

    Details:

    SyntaxError: C:\Wo
rkspace_Melbin\fun_web
sites\3d_model_viewer\
src\ui\MobileGestureMa
nager.js: Missing 
semicolon. (480:20)

    [0m [90m 478 
|[39m [90m     * 
Check if device is 
mobile[39m
     [90m 479 |[39m 
[90m     */[39m
    [31m[1m>[22m[3
9m[90m 480 |[39m    
 isMobileDevice() {
     [90m     |[39m 
                    
[31m[1m^[22m[39m
     [90m 481 |[39m 
        
[36mreturn[39m [35m
/Android|webOS|iPhone|
iPad|iPod|BlackBerry|I
EMobile|Opera Mini/i[
39m[33m.[39mtest(nav
igator[33m.[39muserA
gent)[33m;[39m
     [90m 482 |[39m 
    }
     [90m 483 
|[39m[0m

    [0m [90m  7 
|[39m 
[36mimport[39m { [3
3mKeyboardShortcutMana
ger[39m } 
[36mfrom[39m [32m'.
/KeyboardShortcutManag
er.js'[39m[33m;[39m
     [90m  8 |[39m 
[36mimport[39m { [3
3mOnboardingManager[3
9m } [36mfrom[39m [
32m'./OnboardingManage
r.js'[39m[33m;[39m
    [31m[1m>[22m[3
9m[90m  9 |[39m 
[36mimport[39m { [3
3mMobileGestureManager
[39m } 
[36mfrom[39m [32m'.
/MobileGestureManager.
js'[39m[33m;[39m
     [90m    |[39m 
[31m[1m^[22m[39m
     [90m 10 |[39m 
[36mimport[39m { [3
3mFeatureDiscoveryEngi
ne[39m } 
[36mfrom[39m [32m'.
/FeatureDiscoveryEngin
e.js'[39m[33m;[39m
     [90m 11 |[39m 
[36mimport[39m { [3
3mUXEnhancementsIntegr
ation[39m } 
[36mfrom[39m [32m'.
/UXEnhancementsIntegra
tion.js'[39m[33m;[3
9m
     [90m 12 
|[39m[0m

      at constructor (
node_modules/@babel/pa
rser/src/parse-error.t
s:95:45)
      at 
Parser.toParseError 
[as raise] (node_modul
es/@babel/parser/src/t
okenizer/index.ts:1503
:19)
      at Parser.raise 
[as semicolon] (node_m
odules/@babel/parser/s
rc/parser/util.ts:149:
10)
      at 
Parser.semicolon [as p
arseExpressionStatemen
t] (node_modules/@babe
l/parser/src/parser/st
atement.ts:1358:10)
      at Parser.parseE
xpressionStatement 
[as parseStatementCont
ent] (node_modules/@ba
bel/parser/src/parser/
statement.ts:697:19)
      at Parser.parseS
tatementContent [as 
parseStatementLike] (n
ode_modules/@babel/par
ser/src/parser/stateme
nt.ts:477:17)
      at Parser.parseS
tatementLike [as 
parseModuleItem] (node
_modules/@babel/parser
/src/parser/statement.
ts:414:17)
      at Parser.parseM
oduleItem [as parseBlo
ckOrModuleBlockBody] (
node_modules/@babel/pa
rser/src/parser/statem
ent.ts:1438:16)
      at Parser.parseB
lockOrModuleBlockBody 
[as parseBlockBody] (n
ode_modules/@babel/par
ser/src/parser/stateme
nt.ts:1412:10)
      at 
Parser.parseBlockBody 
[as parseProgram] (nod
e_modules/@babel/parse
r/src/parser/statement
.ts:229:10)
      at 
Parser.parseProgram 
[as parseTopLevel] (no
de_modules/@babel/pars
er/src/parser/statemen
t.ts:203:25)
      at 
Parser.parseTopLevel 
[as parse] (node_modul
es/@babel/parser/src/p
arser/index.ts:93:10)
      at parse (node_m
odules/@babel/parser/s
rc/index.ts:92:38)
      at parser (node_
modules/@babel/core/sr
c/parser/index.ts:28:1
9)
          at 
parser.next 
(<anonymous>)
      at 
normalizeFile (node_mo
dules/@babel/core/src/
transformation/normali
ze-file.ts:49:24)
          at 
normalizeFile.next 
(<anonymous>)
      at run (node_mod
ules/@babel/core/src/t
ransformation/index.ts
:40:36)
          at run.next 
(<anonymous>)
      at transform (no
de_modules/@babel/core
/src/transform.ts:29:2
0)
          at 
transform.next 
(<anonymous>)
      at evaluateSync 
(node_modules/gensync/
index.js:251:28)
      at sync (node_mo
dules/gensync/index.js
:89:14)
      at fn (node_modu
les/@babel/core/src/er
rors/rewrite-stack-tra
ce.ts:99:14)
      at 
transformSync (node_mo
dules/@babel/core/src/
transform.ts:66:52)
      at ScriptTransfo
rmer.transformSource (
node_modules/@jest/tra
nsform/build/ScriptTra
nsformer.js:545:31)
      at ScriptTransfo
rmer._transformAndBuil
dScript (node_modules/
@jest/transform/build/
ScriptTransformer.js:6
74:40)
      at ScriptTransfo
rmer.transform (node_m
odules/@jest/transform
/build/ScriptTransform
er.js:726:19)
      at 
Object.require (src/ui
/UIManager.js:9:1)
      at 
Object.require (src/Mo
delViewer.js:5:1)
      at require (test
/integration-tests.tes
t.js:383:37)
      at 
Object.<anonymous> (te
st/integration-tests.t
est.js:383:37)

  ΓùÅ Integration 
Tests Suite ΓÇ║ 
Cinematic Mode 
Integration ΓÇ║ 
should handle 
cinematic camera 
movements

    Jest encountered 
an unexpected token

    Jest failed to 
parse a file. This 
happens e.g. when 
your code or its 
dependencies use 
non-standard 
JavaScript syntax, or 
when Jest is not 
configured to support 
such syntax.

    Out of the box 
Jest supports Babel, 
which will be used to 
transform your files 
into valid JS based 
on your Babel 
configuration.

    By default 
"node_modules" folder 
is ignored by 
transformers.

    Here's what you 
can do:
     ΓÇó If you are 
trying to use 
ECMAScript Modules, 
see https://jestjs.io/
docs/ecmascript-module
s for how to enable 
it.
     ΓÇó If you are 
trying to use 
TypeScript, see https:
//jestjs.io/docs/getti
ng-started#using-types
cript
     ΓÇó To have some 
of your 
"node_modules" files 
transformed, you can 
specify a custom "tran
sformIgnorePatterns" 
in your config.
     ΓÇó If you need 
a custom 
transformation 
specify a "transform" 
option in your config.
     ΓÇó If you 
simply want to mock 
your non-JS modules 
(e.g. binary assets) 
you can stub them out 
with the 
"moduleNameMapper" 
config option.

    You'll find more 
details and examples 
of these config 
options in the docs:
    https://jestjs.io/
docs/configuration
    For information 
about custom 
transformations, see:
    https://jestjs.io/
docs/code-transformati
on

    Details:

    SyntaxError: C:\Wo
rkspace_Melbin\fun_web
sites\3d_model_viewer\
src\ui\MobileGestureMa
nager.js: Missing 
semicolon. (480:20)

    [0m [90m 478 
|[39m [90m     * 
Check if device is 
mobile[39m
     [90m 479 |[39m 
[90m     */[39m
    [31m[1m>[22m[3
9m[90m 480 |[39m    
 isMobileDevice() {
     [90m     |[39m 
                    
[31m[1m^[22m[39m
     [90m 481 |[39m 
        
[36mreturn[39m [35m
/Android|webOS|iPhone|
iPad|iPod|BlackBerry|I
EMobile|Opera Mini/i[
39m[33m.[39mtest(nav
igator[33m.[39muserA
gent)[33m;[39m
     [90m 482 |[39m 
    }
     [90m 483 
|[39m[0m

    [0m [90m  7 
|[39m 
[36mimport[39m { [3
3mKeyboardShortcutMana
ger[39m } 
[36mfrom[39m [32m'.
/KeyboardShortcutManag
er.js'[39m[33m;[39m
     [90m  8 |[39m 
[36mimport[39m { [3
3mOnboardingManager[3
9m } [36mfrom[39m [
32m'./OnboardingManage
r.js'[39m[33m;[39m
    [31m[1m>[22m[3
9m[90m  9 |[39m 
[36mimport[39m { [3
3mMobileGestureManager
[39m } 
[36mfrom[39m [32m'.
/MobileGestureManager.
js'[39m[33m;[39m
     [90m    |[39m 
[31m[1m^[22m[39m
     [90m 10 |[39m 
[36mimport[39m { [3
3mFeatureDiscoveryEngi
ne[39m } 
[36mfrom[39m [32m'.
/FeatureDiscoveryEngin
e.js'[39m[33m;[39m
     [90m 11 |[39m 
[36mimport[39m { [3
3mUXEnhancementsIntegr
ation[39m } 
[36mfrom[39m [32m'.
/UXEnhancementsIntegra
tion.js'[39m[33m;[3
9m
     [90m 12 
|[39m[0m

      at constructor (
node_modules/@babel/pa
rser/src/parse-error.t
s:95:45)
      at 
Parser.toParseError 
[as raise] (node_modul
es/@babel/parser/src/t
okenizer/index.ts:1503
:19)
      at Parser.raise 
[as semicolon] (node_m
odules/@babel/parser/s
rc/parser/util.ts:149:
10)
      at 
Parser.semicolon [as p
arseExpressionStatemen
t] (node_modules/@babe
l/parser/src/parser/st
atement.ts:1358:10)
      at Parser.parseE
xpressionStatement 
[as parseStatementCont
ent] (node_modules/@ba
bel/parser/src/parser/
statement.ts:697:19)
      at Parser.parseS
tatementContent [as 
parseStatementLike] (n
ode_modules/@babel/par
ser/src/parser/stateme
nt.ts:477:17)
      at Parser.parseS
tatementLike [as 
parseModuleItem] (node
_modules/@babel/parser
/src/parser/statement.
ts:414:17)
      at Parser.parseM
oduleItem [as parseBlo
ckOrModuleBlockBody] (
node_modules/@babel/pa
rser/src/parser/statem
ent.ts:1438:16)
      at Parser.parseB
lockOrModuleBlockBody 
[as parseBlockBody] (n
ode_modules/@babel/par
ser/src/parser/stateme
nt.ts:1412:10)
      at 
Parser.parseBlockBody 
[as parseProgram] (nod
e_modules/@babel/parse
r/src/parser/statement
.ts:229:10)
      at 
Parser.parseProgram 
[as parseTopLevel] (no
de_modules/@babel/pars
er/src/parser/statemen
t.ts:203:25)
      at 
Parser.parseTopLevel 
[as parse] (node_modul
es/@babel/parser/src/p
arser/index.ts:93:10)
      at parse (node_m
odules/@babel/parser/s
rc/index.ts:92:38)
      at parser (node_
modules/@babel/core/sr
c/parser/index.ts:28:1
9)
          at 
parser.next 
(<anonymous>)
      at 
normalizeFile (node_mo
dules/@babel/core/src/
transformation/normali
ze-file.ts:49:24)
          at 
normalizeFile.next 
(<anonymous>)
      at run (node_mod
ules/@babel/core/src/t
ransformation/index.ts
:40:36)
          at run.next 
(<anonymous>)
      at transform (no
de_modules/@babel/core
/src/transform.ts:29:2
0)
          at 
transform.next 
(<anonymous>)
      at evaluateSync 
(node_modules/gensync/
index.js:251:28)
      at sync (node_mo
dules/gensync/index.js
:89:14)
      at fn (node_modu
les/@babel/core/src/er
rors/rewrite-stack-tra
ce.ts:99:14)
      at 
transformSync (node_mo
dules/@babel/core/src/
transform.ts:66:52)
      at ScriptTransfo
rmer.transformSource (
node_modules/@jest/tra
nsform/build/ScriptTra
nsformer.js:545:31)
      at ScriptTransfo
rmer._transformAndBuil
dScript (node_modules/
@jest/transform/build/
ScriptTransformer.js:6
74:40)
      at ScriptTransfo
rmer.transform (node_m
odules/@jest/transform
/build/ScriptTransform
er.js:726:19)
      at 
Object.require (src/ui
/UIManager.js:9:1)
      at 
Object.require (src/Mo
delViewer.js:5:1)
      at require (test
/integration-tests.tes
t.js:383:37)
      at 
Object.<anonymous> (te
st/integration-tests.t
est.js:383:37)

  ΓùÅ Integration 
Tests Suite ΓÇ║ 
Analysis Tools 
Integration ΓÇ║ 
should analyze loaded 
models

    Jest encountered 
an unexpected token

    Jest failed to 
parse a file. This 
happens e.g. when 
your code or its 
dependencies use 
non-standard 
JavaScript syntax, or 
when Jest is not 
configured to support 
such syntax.

    Out of the box 
Jest supports Babel, 
which will be used to 
transform your files 
into valid JS based 
on your Babel 
configuration.

    By default 
"node_modules" folder 
is ignored by 
transformers.

    Here's what you 
can do:
     ΓÇó If you are 
trying to use 
ECMAScript Modules, 
see https://jestjs.io/
docs/ecmascript-module
s for how to enable 
it.
     ΓÇó If you are 
trying to use 
TypeScript, see https:
//jestjs.io/docs/getti
ng-started#using-types
cript
     ΓÇó To have some 
of your 
"node_modules" files 
transformed, you can 
specify a custom "tran
sformIgnorePatterns" 
in your config.
     ΓÇó If you need 
a custom 
transformation 
specify a "transform" 
option in your config.
     ΓÇó If you 
simply want to mock 
your non-JS modules 
(e.g. binary assets) 
you can stub them out 
with the 
"moduleNameMapper" 
config option.

    You'll find more 
details and examples 
of these config 
options in the docs:
    https://jestjs.io/
docs/configuration
    For information 
about custom 
transformations, see:
    https://jestjs.io/
docs/code-transformati
on

    Details:

    SyntaxError: C:\Wo
rkspace_Melbin\fun_web
sites\3d_model_viewer\
src\ui\MobileGestureMa
nager.js: Missing 
semicolon. (480:20)

    [0m [90m 478 
|[39m [90m     * 
Check if device is 
mobile[39m
     [90m 479 |[39m 
[90m     */[39m
    [31m[1m>[22m[3
9m[90m 480 |[39m    
 isMobileDevice() {
     [90m     |[39m 
                    
[31m[1m^[22m[39m
     [90m 481 |[39m 
        
[36mreturn[39m [35m
/Android|webOS|iPhone|
iPad|iPod|BlackBerry|I
EMobile|Opera Mini/i[
39m[33m.[39mtest(nav
igator[33m.[39muserA
gent)[33m;[39m
     [90m 482 |[39m 
    }
     [90m 483 
|[39m[0m

    [0m [90m  7 
|[39m 
[36mimport[39m { [3
3mKeyboardShortcutMana
ger[39m } 
[36mfrom[39m [32m'.
/KeyboardShortcutManag
er.js'[39m[33m;[39m
     [90m  8 |[39m 
[36mimport[39m { [3
3mOnboardingManager[3
9m } [36mfrom[39m [
32m'./OnboardingManage
r.js'[39m[33m;[39m
    [31m[1m>[22m[3
9m[90m  9 |[39m 
[36mimport[39m { [3
3mMobileGestureManager
[39m } 
[36mfrom[39m [32m'.
/MobileGestureManager.
js'[39m[33m;[39m
     [90m    |[39m 
[31m[1m^[22m[39m
     [90m 10 |[39m 
[36mimport[39m { [3
3mFeatureDiscoveryEngi
ne[39m } 
[36mfrom[39m [32m'.
/FeatureDiscoveryEngin
e.js'[39m[33m;[39m
     [90m 11 |[39m 
[36mimport[39m { [3
3mUXEnhancementsIntegr
ation[39m } 
[36mfrom[39m [32m'.
/UXEnhancementsIntegra
tion.js'[39m[33m;[3
9m
     [90m 12 
|[39m[0m

      at constructor (
node_modules/@babel/pa
rser/src/parse-error.t
s:95:45)
      at 
Parser.toParseError 
[as raise] (node_modul
es/@babel/parser/src/t
okenizer/index.ts:1503
:19)
      at Parser.raise 
[as semicolon] (node_m
odules/@babel/parser/s
rc/parser/util.ts:149:
10)
      at 
Parser.semicolon [as p
arseExpressionStatemen
t] (node_modules/@babe
l/parser/src/parser/st
atement.ts:1358:10)
      at Parser.parseE
xpressionStatement 
[as parseStatementCont
ent] (node_modules/@ba
bel/parser/src/parser/
statement.ts:697:19)
      at Parser.parseS
tatementContent [as 
parseStatementLike] (n
ode_modules/@babel/par
ser/src/parser/stateme
nt.ts:477:17)
      at Parser.parseS
tatementLike [as 
parseModuleItem] (node
_modules/@babel/parser
/src/parser/statement.
ts:414:17)
      at Parser.parseM
oduleItem [as parseBlo
ckOrModuleBlockBody] (
node_modules/@babel/pa
rser/src/parser/statem
ent.ts:1438:16)
      at Parser.parseB
lockOrModuleBlockBody 
[as parseBlockBody] (n
ode_modules/@babel/par
ser/src/parser/stateme
nt.ts:1412:10)
      at 
Parser.parseBlockBody 
[as parseProgram] (nod
e_modules/@babel/parse
r/src/parser/statement
.ts:229:10)
      at 
Parser.parseProgram 
[as parseTopLevel] (no
de_modules/@babel/pars
er/src/parser/statemen
t.ts:203:25)
      at 
Parser.parseTopLevel 
[as parse] (node_modul
es/@babel/parser/src/p
arser/index.ts:93:10)
      at parse (node_m
odules/@babel/parser/s
rc/index.ts:92:38)
      at parser (node_
modules/@babel/core/sr
c/parser/index.ts:28:1
9)
          at 
parser.next 
(<anonymous>)
      at 
normalizeFile (node_mo
dules/@babel/core/src/
transformation/normali
ze-file.ts:49:24)
          at 
normalizeFile.next 
(<anonymous>)
      at run (node_mod
ules/@babel/core/src/t
ransformation/index.ts
:40:36)
          at run.next 
(<anonymous>)
      at transform (no
de_modules/@babel/core
/src/transform.ts:29:2
0)
          at 
transform.next 
(<anonymous>)
      at evaluateSync 
(node_modules/gensync/
index.js:251:28)
      at sync (node_mo
dules/gensync/index.js
:89:14)
      at fn (node_modu
les/@babel/core/src/er
rors/rewrite-stack-tra
ce.ts:99:14)
      at 
transformSync (node_mo
dules/@babel/core/src/
transform.ts:66:52)
      at ScriptTransfo
rmer.transformSource (
node_modules/@jest/tra
nsform/build/ScriptTra
nsformer.js:545:31)
      at ScriptTransfo
rmer._transformAndBuil
dScript (node_modules/
@jest/transform/build/
ScriptTransformer.js:6
74:40)
      at ScriptTransfo
rmer.transform (node_m
odules/@jest/transform
/build/ScriptTransform
er.js:726:19)
      at 
Object.require (src/ui
/UIManager.js:9:1)
      at 
Object.require (src/Mo
delViewer.js:5:1)
      at require (test
/integration-tests.tes
t.js:426:37)
      at 
Object.<anonymous> (te
st/integration-tests.t
est.js:426:37)

  ΓùÅ Integration 
Tests Suite ΓÇ║ 
Analysis Tools 
Integration ΓÇ║ 
should provide 
measurement tools

    Jest encountered 
an unexpected token

    Jest failed to 
parse a file. This 
happens e.g. when 
your code or its 
dependencies use 
non-standard 
JavaScript syntax, or 
when Jest is not 
configured to support 
such syntax.

    Out of the box 
Jest supports Babel, 
which will be used to 
transform your files 
into valid JS based 
on your Babel 
configuration.

    By default 
"node_modules" folder 
is ignored by 
transformers.

    Here's what you 
can do:
     ΓÇó If you are 
trying to use 
ECMAScript Modules, 
see https://jestjs.io/
docs/ecmascript-module
s for how to enable 
it.
     ΓÇó If you are 
trying to use 
TypeScript, see https:
//jestjs.io/docs/getti
ng-started#using-types
cript
     ΓÇó To have some 
of your 
"node_modules" files 
transformed, you can 
specify a custom "tran
sformIgnorePatterns" 
in your config.
     ΓÇó If you need 
a custom 
transformation 
specify a "transform" 
option in your config.
     ΓÇó If you 
simply want to mock 
your non-JS modules 
(e.g. binary assets) 
you can stub them out 
with the 
"moduleNameMapper" 
config option.

    You'll find more 
details and examples 
of these config 
options in the docs:
    https://jestjs.io/
docs/configuration
    For information 
about custom 
transformations, see:
    https://jestjs.io/
docs/code-transformati
on

    Details:

    SyntaxError: C:\Wo
rkspace_Melbin\fun_web
sites\3d_model_viewer\
src\ui\MobileGestureMa
nager.js: Missing 
semicolon. (480:20)

    [0m [90m 478 
|[39m [90m     * 
Check if device is 
mobile[39m
     [90m 479 |[39m 
[90m     */[39m
    [31m[1m>[22m[3
9m[90m 480 |[39m    
 isMobileDevice() {
     [90m     |[39m 
                    
[31m[1m^[22m[39m
     [90m 481 |[39m 
        
[36mreturn[39m [35m
/Android|webOS|iPhone|
iPad|iPod|BlackBerry|I
EMobile|Opera Mini/i[
39m[33m.[39mtest(nav
igator[33m.[39muserA
gent)[33m;[39m
     [90m 482 |[39m 
    }
     [90m 483 
|[39m[0m

    [0m [90m  7 
|[39m 
[36mimport[39m { [3
3mKeyboardShortcutMana
ger[39m } 
[36mfrom[39m [32m'.
/KeyboardShortcutManag
er.js'[39m[33m;[39m
     [90m  8 |[39m 
[36mimport[39m { [3
3mOnboardingManager[3
9m } [36mfrom[39m [
32m'./OnboardingManage
r.js'[39m[33m;[39m
    [31m[1m>[22m[3
9m[90m  9 |[39m 
[36mimport[39m { [3
3mMobileGestureManager
[39m } 
[36mfrom[39m [32m'.
/MobileGestureManager.
js'[39m[33m;[39m
     [90m    |[39m 
[31m[1m^[22m[39m
     [90m 10 |[39m 
[36mimport[39m { [3
3mFeatureDiscoveryEngi
ne[39m } 
[36mfrom[39m [32m'.
/FeatureDiscoveryEngin
e.js'[39m[33m;[39m
     [90m 11 |[39m 
[36mimport[39m { [3
3mUXEnhancementsIntegr
ation[39m } 
[36mfrom[39m [32m'.
/UXEnhancementsIntegra
tion.js'[39m[33m;[3
9m
     [90m 12 
|[39m[0m

      at constructor (
node_modules/@babel/pa
rser/src/parse-error.t
s:95:45)
      at 
Parser.toParseError 
[as raise] (node_modul
es/@babel/parser/src/t
okenizer/index.ts:1503
:19)
      at Parser.raise 
[as semicolon] (node_m
odules/@babel/parser/s
rc/parser/util.ts:149:
10)
      at 
Parser.semicolon [as p
arseExpressionStatemen
t] (node_modules/@babe
l/parser/src/parser/st
atement.ts:1358:10)
      at Parser.parseE
xpressionStatement 
[as parseStatementCont
ent] (node_modules/@ba
bel/parser/src/parser/
statement.ts:697:19)
      at Parser.parseS
tatementContent [as 
parseStatementLike] (n
ode_modules/@babel/par
ser/src/parser/stateme
nt.ts:477:17)
      at Parser.parseS
tatementLike [as 
parseModuleItem] (node
_modules/@babel/parser
/src/parser/statement.
ts:414:17)
      at Parser.parseM
oduleItem [as parseBlo
ckOrModuleBlockBody] (
node_modules/@babel/pa
rser/src/parser/statem
ent.ts:1438:16)
      at Parser.parseB
lockOrModuleBlockBody 
[as parseBlockBody] (n
ode_modules/@babel/par
ser/src/parser/stateme
nt.ts:1412:10)
      at 
Parser.parseBlockBody 
[as parseProgram] (nod
e_modules/@babel/parse
r/src/parser/statement
.ts:229:10)
      at 
Parser.parseProgram 
[as parseTopLevel] (no
de_modules/@babel/pars
er/src/parser/statemen
t.ts:203:25)
      at 
Parser.parseTopLevel 
[as parse] (node_modul
es/@babel/parser/src/p
arser/index.ts:93:10)
      at parse (node_m
odules/@babel/parser/s
rc/index.ts:92:38)
      at parser (node_
modules/@babel/core/sr
c/parser/index.ts:28:1
9)
          at 
parser.next 
(<anonymous>)
      at 
normalizeFile (node_mo
dules/@babel/core/src/
transformation/normali
ze-file.ts:49:24)
          at 
normalizeFile.next 
(<anonymous>)
      at run (node_mod
ules/@babel/core/src/t
ransformation/index.ts
:40:36)
          at run.next 
(<anonymous>)
      at transform (no
de_modules/@babel/core
/src/transform.ts:29:2
0)
          at 
transform.next 
(<anonymous>)
      at evaluateSync 
(node_modules/gensync/
index.js:251:28)
      at sync (node_mo
dules/gensync/index.js
:89:14)
      at fn (node_modu
les/@babel/core/src/er
rors/rewrite-stack-tra
ce.ts:99:14)
      at 
transformSync (node_mo
dules/@babel/core/src/
transform.ts:66:52)
      at ScriptTransfo
rmer.transformSource (
node_modules/@jest/tra
nsform/build/ScriptTra
nsformer.js:545:31)
      at ScriptTransfo
rmer._transformAndBuil
dScript (node_modules/
@jest/transform/build/
ScriptTransformer.js:6
74:40)
      at ScriptTransfo
rmer.transform (node_m
odules/@jest/transform
/build/ScriptTransform
er.js:726:19)
      at 
Object.require (src/ui
/UIManager.js:9:1)
      at 
Object.require (src/Mo
delViewer.js:5:1)
      at require (test
/integration-tests.tes
t.js:426:37)
      at 
Object.<anonymous> (te
st/integration-tests.t
est.js:426:37)

  ΓùÅ Integration 
Tests Suite ΓÇ║ 
Memory Management 
Integration ΓÇ║ 
should cleanup 
resources when models 
are removed

    Jest encountered 
an unexpected token

    Jest failed to 
parse a file. This 
happens e.g. when 
your code or its 
dependencies use 
non-standard 
JavaScript syntax, or 
when Jest is not 
configured to support 
such syntax.

    Out of the box 
Jest supports Babel, 
which will be used to 
transform your files 
into valid JS based 
on your Babel 
configuration.

    By default 
"node_modules" folder 
is ignored by 
transformers.

    Here's what you 
can do:
     ΓÇó If you are 
trying to use 
ECMAScript Modules, 
see https://jestjs.io/
docs/ecmascript-module
s for how to enable 
it.
     ΓÇó If you are 
trying to use 
TypeScript, see https:
//jestjs.io/docs/getti
ng-started#using-types
cript
     ΓÇó To have some 
of your 
"node_modules" files 
transformed, you can 
specify a custom "tran
sformIgnorePatterns" 
in your config.
     ΓÇó If you need 
a custom 
transformation 
specify a "transform" 
option in your config.
     ΓÇó If you 
simply want to mock 
your non-JS modules 
(e.g. binary assets) 
you can stub them out 
with the 
"moduleNameMapper" 
config option.

    You'll find more 
details and examples 
of these config 
options in the docs:
    https://jestjs.io/
docs/configuration
    For information 
about custom 
transformations, see:
    https://jestjs.io/
docs/code-transformati
on

    Details:

    SyntaxError: C:\Wo
rkspace_Melbin\fun_web
sites\3d_model_viewer\
src\ui\MobileGestureMa
nager.js: Missing 
semicolon. (480:20)

    [0m [90m 478 
|[39m [90m     * 
Check if device is 
mobile[39m
     [90m 479 |[39m 
[90m     */[39m
    [31m[1m>[22m[3
9m[90m 480 |[39m    
 isMobileDevice() {
     [90m     |[39m 
                    
[31m[1m^[22m[39m
     [90m 481 |[39m 
        
[36mreturn[39m [35m
/Android|webOS|iPhone|
iPad|iPod|BlackBerry|I
EMobile|Opera Mini/i[
39m[33m.[39mtest(nav
igator[33m.[39muserA
gent)[33m;[39m
     [90m 482 |[39m 
    }
     [90m 483 
|[39m[0m

    [0m [90m  7 
|[39m 
[36mimport[39m { [3
3mKeyboardShortcutMana
ger[39m } 
[36mfrom[39m [32m'.
/KeyboardShortcutManag
er.js'[39m[33m;[39m
     [90m  8 |[39m 
[36mimport[39m { [3
3mOnboardingManager[3
9m } [36mfrom[39m [
32m'./OnboardingManage
r.js'[39m[33m;[39m
    [31m[1m>[22m[3
9m[90m  9 |[39m 
[36mimport[39m { [3
3mMobileGestureManager
[39m } 
[36mfrom[39m [32m'.
/MobileGestureManager.
js'[39m[33m;[39m
     [90m    |[39m 
[31m[1m^[22m[39m
     [90m 10 |[39m 
[36mimport[39m { [3
3mFeatureDiscoveryEngi
ne[39m } 
[36mfrom[39m [32m'.
/FeatureDiscoveryEngin
e.js'[39m[33m;[39m
     [90m 11 |[39m 
[36mimport[39m { [3
3mUXEnhancementsIntegr
ation[39m } 
[36mfrom[39m [32m'.
/UXEnhancementsIntegra
tion.js'[39m[33m;[3
9m
     [90m 12 
|[39m[0m

      at constructor (
node_modules/@babel/pa
rser/src/parse-error.t
s:95:45)
      at 
Parser.toParseError 
[as raise] (node_modul
es/@babel/parser/src/t
okenizer/index.ts:1503
:19)
      at Parser.raise 
[as semicolon] (node_m
odules/@babel/parser/s
rc/parser/util.ts:149:
10)
      at 
Parser.semicolon [as p
arseExpressionStatemen
t] (node_modules/@babe
l/parser/src/parser/st
atement.ts:1358:10)
      at Parser.parseE
xpressionStatement 
[as parseStatementCont
ent] (node_modules/@ba
bel/parser/src/parser/
statement.ts:697:19)
      at Parser.parseS
tatementContent [as 
parseStatementLike] (n
ode_modules/@babel/par
ser/src/parser/stateme
nt.ts:477:17)
      at Parser.parseS
tatementLike [as 
parseModuleItem] (node
_modules/@babel/parser
/src/parser/statement.
ts:414:17)
      at Parser.parseM
oduleItem [as parseBlo
ckOrModuleBlockBody] (
node_modules/@babel/pa
rser/src/parser/statem
ent.ts:1438:16)
      at Parser.parseB
lockOrModuleBlockBody 
[as parseBlockBody] (n
ode_modules/@babel/par
ser/src/parser/stateme
nt.ts:1412:10)
      at 
Parser.parseBlockBody 
[as parseProgram] (nod
e_modules/@babel/parse
r/src/parser/statement
.ts:229:10)
      at 
Parser.parseProgram 
[as parseTopLevel] (no
de_modules/@babel/pars
er/src/parser/statemen
t.ts:203:25)
      at 
Parser.parseTopLevel 
[as parse] (node_modul
es/@babel/parser/src/p
arser/index.ts:93:10)
      at parse (node_m
odules/@babel/parser/s
rc/index.ts:92:38)
      at parser (node_
modules/@babel/core/sr
c/parser/index.ts:28:1
9)
          at 
parser.next 
(<anonymous>)
      at 
normalizeFile (node_mo
dules/@babel/core/src/
transformation/normali
ze-file.ts:49:24)
          at 
normalizeFile.next 
(<anonymous>)
      at run (node_mod
ules/@babel/core/src/t
ransformation/index.ts
:40:36)
          at run.next 
(<anonymous>)
      at transform (no
de_modules/@babel/core
/src/transform.ts:29:2
0)
          at 
transform.next 
(<anonymous>)
      at evaluateSync 
(node_modules/gensync/
index.js:251:28)
      at sync (node_mo
dules/gensync/index.js
:89:14)
      at fn (node_modu
les/@babel/core/src/er
rors/rewrite-stack-tra
ce.ts:99:14)
      at 
transformSync (node_mo
dules/@babel/core/src/
transform.ts:66:52)
      at ScriptTransfo
rmer.transformSource (
node_modules/@jest/tra
nsform/build/ScriptTra
nsformer.js:545:31)
      at ScriptTransfo
rmer._transformAndBuil
dScript (node_modules/
@jest/transform/build/
ScriptTransformer.js:6
74:40)
      at ScriptTransfo
rmer.transform (node_m
odules/@jest/transform
/build/ScriptTransform
er.js:726:19)
      at 
Object.require (src/ui
/UIManager.js:9:1)
      at 
Object.require (src/Mo
delViewer.js:5:1)
      at require (test
/integration-tests.tes
t.js:472:37)
      at 
Object.<anonymous> (te
st/integration-tests.t
est.js:472:37)

  ΓùÅ Integration 
Tests Suite ΓÇ║ 
Memory Management 
Integration ΓÇ║ 
should handle memory 
warnings

    Jest encountered 
an unexpected token

    Jest failed to 
parse a file. This 
happens e.g. when 
your code or its 
dependencies use 
non-standard 
JavaScript syntax, or 
when Jest is not 
configured to support 
such syntax.

    Out of the box 
Jest supports Babel, 
which will be used to 
transform your files 
into valid JS based 
on your Babel 
configuration.

    By default 
"node_modules" folder 
is ignored by 
transformers.

    Here's what you 
can do:
     ΓÇó If you are 
trying to use 
ECMAScript Modules, 
see https://jestjs.io/
docs/ecmascript-module
s for how to enable 
it.
     ΓÇó If you are 
trying to use 
TypeScript, see https:
//jestjs.io/docs/getti
ng-started#using-types
cript
     ΓÇó To have some 
of your 
"node_modules" files 
transformed, you can 
specify a custom "tran
sformIgnorePatterns" 
in your config.
     ΓÇó If you need 
a custom 
transformation 
specify a "transform" 
option in your config.
     ΓÇó If you 
simply want to mock 
your non-JS modules 
(e.g. binary assets) 
you can stub them out 
with the 
"moduleNameMapper" 
config option.

    You'll find more 
details and examples 
of these config 
options in the docs:
    https://jestjs.io/
docs/configuration
    For information 
about custom 
transformations, see:
    https://jestjs.io/
docs/code-transformati
on

    Details:

    SyntaxError: C:\Wo
rkspace_Melbin\fun_web
sites\3d_model_viewer\
src\ui\MobileGestureMa
nager.js: Missing 
semicolon. (480:20)

    [0m [90m 478 
|[39m [90m     * 
Check if device is 
mobile[39m
     [90m 479 |[39m 
[90m     */[39m
    [31m[1m>[22m[3
9m[90m 480 |[39m    
 isMobileDevice() {
     [90m     |[39m 
                    
[31m[1m^[22m[39m
     [90m 481 |[39m 
        
[36mreturn[39m [35m
/Android|webOS|iPhone|
iPad|iPod|BlackBerry|I
EMobile|Opera Mini/i[
39m[33m.[39mtest(nav
igator[33m.[39muserA
gent)[33m;[39m
     [90m 482 |[39m 
    }
     [90m 483 
|[39m[0m

    [0m [90m  7 
|[39m 
[36mimport[39m { [3
3mKeyboardShortcutMana
ger[39m } 
[36mfrom[39m [32m'.
/KeyboardShortcutManag
er.js'[39m[33m;[39m
     [90m  8 |[39m 
[36mimport[39m { [3
3mOnboardingManager[3
9m } [36mfrom[39m [
32m'./OnboardingManage
r.js'[39m[33m;[39m
    [31m[1m>[22m[3
9m[90m  9 |[39m 
[36mimport[39m { [3
3mMobileGestureManager
[39m } 
[36mfrom[39m [32m'.
/MobileGestureManager.
js'[39m[33m;[39m
     [90m    |[39m 
[31m[1m^[22m[39m
     [90m 10 |[39m 
[36mimport[39m { [3
3mFeatureDiscoveryEngi
ne[39m } 
[36mfrom[39m [32m'.
/FeatureDiscoveryEngin
e.js'[39m[33m;[39m
     [90m 11 |[39m 
[36mimport[39m { [3
3mUXEnhancementsIntegr
ation[39m } 
[36mfrom[39m [32m'.
/UXEnhancementsIntegra
tion.js'[39m[33m;[3
9m
     [90m 12 
|[39m[0m

      at constructor (
node_modules/@babel/pa
rser/src/parse-error.t
s:95:45)
      at 
Parser.toParseError 
[as raise] (node_modul
es/@babel/parser/src/t
okenizer/index.ts:1503
:19)
      at Parser.raise 
[as semicolon] (node_m
odules/@babel/parser/s
rc/parser/util.ts:149:
10)
      at 
Parser.semicolon [as p
arseExpressionStatemen
t] (node_modules/@babe
l/parser/src/parser/st
atement.ts:1358:10)
      at Parser.parseE
xpressionStatement 
[as parseStatementCont
ent] (node_modules/@ba
bel/parser/src/parser/
statement.ts:697:19)
      at Parser.parseS
tatementContent [as 
parseStatementLike] (n
ode_modules/@babel/par
ser/src/parser/stateme
nt.ts:477:17)
      at Parser.parseS
tatementLike [as 
parseModuleItem] (node
_modules/@babel/parser
/src/parser/statement.
ts:414:17)
      at Parser.parseM
oduleItem [as parseBlo
ckOrModuleBlockBody] (
node_modules/@babel/pa
rser/src/parser/statem
ent.ts:1438:16)
      at Parser.parseB
lockOrModuleBlockBody 
[as parseBlockBody] (n
ode_modules/@babel/par
ser/src/parser/stateme
nt.ts:1412:10)
      at 
Parser.parseBlockBody 
[as parseProgram] (nod
e_modules/@babel/parse
r/src/parser/statement
.ts:229:10)
      at 
Parser.parseProgram 
[as parseTopLevel] (no
de_modules/@babel/pars
er/src/parser/statemen
t.ts:203:25)
      at 
Parser.parseTopLevel 
[as parse] (node_modul
es/@babel/parser/src/p
arser/index.ts:93:10)
      at parse (node_m
odules/@babel/parser/s
rc/index.ts:92:38)
      at parser (node_
modules/@babel/core/sr
c/parser/index.ts:28:1
9)
          at 
parser.next 
(<anonymous>)
      at 
normalizeFile (node_mo
dules/@babel/core/src/
transformation/normali
ze-file.ts:49:24)
          at 
normalizeFile.next 
(<anonymous>)
      at run (node_mod
ules/@babel/core/src/t
ransformation/index.ts
:40:36)
          at run.next 
(<anonymous>)
      at transform (no
de_modules/@babel/core
/src/transform.ts:29:2
0)
          at 
transform.next 
(<anonymous>)
      at evaluateSync 
(node_modules/gensync/
index.js:251:28)
      at sync (node_mo
dules/gensync/index.js
:89:14)
      at fn (node_modu
les/@babel/core/src/er
rors/rewrite-stack-tra
ce.ts:99:14)
      at 
transformSync (node_mo
dules/@babel/core/src/
transform.ts:66:52)
      at ScriptTransfo
rmer.transformSource (
node_modules/@jest/tra
nsform/build/ScriptTra
nsformer.js:545:31)
      at ScriptTransfo
rmer._transformAndBuil
dScript (node_modules/
@jest/transform/build/
ScriptTransformer.js:6
74:40)
      at ScriptTransfo
rmer.transform (node_m
odules/@jest/transform
/build/ScriptTransform
er.js:726:19)
      at 
Object.require (src/ui
/UIManager.js:9:1)
      at 
Object.require (src/Mo
delViewer.js:5:1)
      at require (test
/integration-tests.tes
t.js:472:37)
      at 
Object.<anonymous> (te
st/integration-tests.t
est.js:472:37)

  ΓùÅ Integration 
Tests Suite ΓÇ║ Event 
System Integration 
ΓÇ║ should propagate 
events across all 
modules

    Jest encountered 
an unexpected token

    Jest failed to 
parse a file. This 
happens e.g. when 
your code or its 
dependencies use 
non-standard 
JavaScript syntax, or 
when Jest is not 
configured to support 
such syntax.

    Out of the box 
Jest supports Babel, 
which will be used to 
transform your files 
into valid JS based 
on your Babel 
configuration.

    By default 
"node_modules" folder 
is ignored by 
transformers.

    Here's what you 
can do:
     ΓÇó If you are 
trying to use 
ECMAScript Modules, 
see https://jestjs.io/
docs/ecmascript-module
s for how to enable 
it.
     ΓÇó If you are 
trying to use 
TypeScript, see https:
//jestjs.io/docs/getti
ng-started#using-types
cript
     ΓÇó To have some 
of your 
"node_modules" files 
transformed, you can 
specify a custom "tran
sformIgnorePatterns" 
in your config.
     ΓÇó If you need 
a custom 
transformation 
specify a "transform" 
option in your config.
     ΓÇó If you 
simply want to mock 
your non-JS modules 
(e.g. binary assets) 
you can stub them out 
with the 
"moduleNameMapper" 
config option.

    You'll find more 
details and examples 
of these config 
options in the docs:
    https://jestjs.io/
docs/configuration
    For information 
about custom 
transformations, see:
    https://jestjs.io/
docs/code-transformati
on

    Details:

    SyntaxError: C:\Wo
rkspace_Melbin\fun_web
sites\3d_model_viewer\
src\ui\MobileGestureMa
nager.js: Missing 
semicolon. (480:20)

    [0m [90m 478 
|[39m [90m     * 
Check if device is 
mobile[39m
     [90m 479 |[39m 
[90m     */[39m
    [31m[1m>[22m[3
9m[90m 480 |[39m    
 isMobileDevice() {
     [90m     |[39m 
                    
[31m[1m^[22m[39m
     [90m 481 |[39m 
        
[36mreturn[39m [35m
/Android|webOS|iPhone|
iPad|iPod|BlackBerry|I
EMobile|Opera Mini/i[
39m[33m.[39mtest(nav
igator[33m.[39muserA
gent)[33m;[39m
     [90m 482 |[39m 
    }
     [90m 483 
|[39m[0m

    [0m [90m  7 
|[39m 
[36mimport[39m { [3
3mKeyboardShortcutMana
ger[39m } 
[36mfrom[39m [32m'.
/KeyboardShortcutManag
er.js'[39m[33m;[39m
     [90m  8 |[39m 
[36mimport[39m { [3
3mOnboardingManager[3
9m } [36mfrom[39m [
32m'./OnboardingManage
r.js'[39m[33m;[39m
    [31m[1m>[22m[3
9m[90m  9 |[39m 
[36mimport[39m { [3
3mMobileGestureManager
[39m } 
[36mfrom[39m [32m'.
/MobileGestureManager.
js'[39m[33m;[39m
     [90m    |[39m 
[31m[1m^[22m[39m
     [90m 10 |[39m 
[36mimport[39m { [3
3mFeatureDiscoveryEngi
ne[39m } 
[36mfrom[39m [32m'.
/FeatureDiscoveryEngin
e.js'[39m[33m;[39m
     [90m 11 |[39m 
[36mimport[39m { [3
3mUXEnhancementsIntegr
ation[39m } 
[36mfrom[39m [32m'.
/UXEnhancementsIntegra
tion.js'[39m[33m;[3
9m
     [90m 12 
|[39m[0m

      at constructor (
node_modules/@babel/pa
rser/src/parse-error.t
s:95:45)
      at 
Parser.toParseError 
[as raise] (node_modul
es/@babel/parser/src/t
okenizer/index.ts:1503
:19)
      at Parser.raise 
[as semicolon] (node_m
odules/@babel/parser/s
rc/parser/util.ts:149:
10)
      at 
Parser.semicolon [as p
arseExpressionStatemen
t] (node_modules/@babe
l/parser/src/parser/st
atement.ts:1358:10)
      at Parser.parseE
xpressionStatement 
[as parseStatementCont
ent] (node_modules/@ba
bel/parser/src/parser/
statement.ts:697:19)
      at Parser.parseS
tatementContent [as 
parseStatementLike] (n
ode_modules/@babel/par
ser/src/parser/stateme
nt.ts:477:17)
      at Parser.parseS
tatementLike [as 
parseModuleItem] (node
_modules/@babel/parser
/src/parser/statement.
ts:414:17)
      at Parser.parseM
oduleItem [as parseBlo
ckOrModuleBlockBody] (
node_modules/@babel/pa
rser/src/parser/statem
ent.ts:1438:16)
      at Parser.parseB
lockOrModuleBlockBody 
[as parseBlockBody] (n
ode_modules/@babel/par
ser/src/parser/stateme
nt.ts:1412:10)
      at 
Parser.parseBlockBody 
[as parseProgram] (nod
e_modules/@babel/parse
r/src/parser/statement
.ts:229:10)
      at 
Parser.parseProgram 
[as parseTopLevel] (no
de_modules/@babel/pars
er/src/parser/statemen
t.ts:203:25)
      at 
Parser.parseTopLevel 
[as parse] (node_modul
es/@babel/parser/src/p
arser/index.ts:93:10)
      at parse (node_m
odules/@babel/parser/s
rc/index.ts:92:38)
      at parser (node_
modules/@babel/core/sr
c/parser/index.ts:28:1
9)
          at 
parser.next 
(<anonymous>)
      at 
normalizeFile (node_mo
dules/@babel/core/src/
transformation/normali
ze-file.ts:49:24)
          at 
normalizeFile.next 
(<anonymous>)
      at run (node_mod
ules/@babel/core/src/t
ransformation/index.ts
:40:36)
          at run.next 
(<anonymous>)
      at transform (no
de_modules/@babel/core
/src/transform.ts:29:2
0)
          at 
transform.next 
(<anonymous>)
      at evaluateSync 
(node_modules/gensync/
index.js:251:28)
      at sync (node_mo
dules/gensync/index.js
:89:14)
      at fn (node_modu
les/@babel/core/src/er
rors/rewrite-stack-tra
ce.ts:99:14)
      at 
transformSync (node_mo
dules/@babel/core/src/
transform.ts:66:52)
      at ScriptTransfo
rmer.transformSource (
node_modules/@jest/tra
nsform/build/ScriptTra
nsformer.js:545:31)
      at ScriptTransfo
rmer._transformAndBuil
dScript (node_modules/
@jest/transform/build/
ScriptTransformer.js:6
74:40)
      at ScriptTransfo
rmer.transform (node_m
odules/@jest/transform
/build/ScriptTransform
er.js:726:19)
      at 
Object.require (src/ui
/UIManager.js:9:1)
      at 
Object.require (src/Mo
delViewer.js:5:1)
      at require (test
/integration-tests.tes
t.js:526:37)
      at 
Object.<anonymous> (te
st/integration-tests.t
est.js:526:37)

  ΓùÅ Integration 
Tests Suite ΓÇ║ Event 
System Integration 
ΓÇ║ should handle 
event listener cleanup

    Jest encountered 
an unexpected token

    Jest failed to 
parse a file. This 
happens e.g. when 
your code or its 
dependencies use 
non-standard 
JavaScript syntax, or 
when Jest is not 
configured to support 
such syntax.

    Out of the box 
Jest supports Babel, 
which will be used to 
transform your files 
into valid JS based 
on your Babel 
configuration.

    By default 
"node_modules" folder 
is ignored by 
transformers.

    Here's what you 
can do:
     ΓÇó If you are 
trying to use 
ECMAScript Modules, 
see https://jestjs.io/
docs/ecmascript-module
s for how to enable 
it.
     ΓÇó If you are 
trying to use 
TypeScript, see https:
//jestjs.io/docs/getti
ng-started#using-types
cript
     ΓÇó To have some 
of your 
"node_modules" files 
transformed, you can 
specify a custom "tran
sformIgnorePatterns" 
in your config.
     ΓÇó If you need 
a custom 
transformation 
specify a "transform" 
option in your config.
     ΓÇó If you 
simply want to mock 
your non-JS modules 
(e.g. binary assets) 
you can stub them out 
with the 
"moduleNameMapper" 
config option.

    You'll find more 
details and examples 
of these config 
options in the docs:
    https://jestjs.io/
docs/configuration
    For information 
about custom 
transformations, see:
    https://jestjs.io/
docs/code-transformati
on

    Details:

    SyntaxError: C:\Wo
rkspace_Melbin\fun_web
sites\3d_model_viewer\
src\ui\MobileGestureMa
nager.js: Missing 
semicolon. (480:20)

    [0m [90m 478 
|[39m [90m     * 
Check if device is 
mobile[39m
     [90m 479 |[39m 
[90m     */[39m
    [31m[1m>[22m[3
9m[90m 480 |[39m    
 isMobileDevice() {
     [90m     |[39m 
                    
[31m[1m^[22m[39m
     [90m 481 |[39m 
        
[36mreturn[39m [35m
/Android|webOS|iPhone|
iPad|iPod|BlackBerry|I
EMobile|Opera Mini/i[
39m[33m.[39mtest(nav
igator[33m.[39muserA
gent)[33m;[39m
     [90m 482 |[39m 
    }
     [90m 483 
|[39m[0m

    [0m [90m  7 
|[39m 
[36mimport[39m { [3
3mKeyboardShortcutMana
ger[39m } 
[36mfrom[39m [32m'.
/KeyboardShortcutManag
er.js'[39m[33m;[39m
     [90m  8 |[39m 
[36mimport[39m { [3
3mOnboardingManager[3
9m } [36mfrom[39m [
32m'./OnboardingManage
r.js'[39m[33m;[39m
    [31m[1m>[22m[3
9m[90m  9 |[39m 
[36mimport[39m { [3
3mMobileGestureManager
[39m } 
[36mfrom[39m [32m'.
/MobileGestureManager.
js'[39m[33m;[39m
     [90m    |[39m 
[31m[1m^[22m[39m
     [90m 10 |[39m 
[36mimport[39m { [3
3mFeatureDiscoveryEngi
ne[39m } 
[36mfrom[39m [32m'.
/FeatureDiscoveryEngin
e.js'[39m[33m;[39m
     [90m 11 |[39m 
[36mimport[39m { [3
3mUXEnhancementsIntegr
ation[39m } 
[36mfrom[39m [32m'.
/UXEnhancementsIntegra
tion.js'[39m[33m;[3
9m
     [90m 12 
|[39m[0m

      at constructor (
node_modules/@babel/pa
rser/src/parse-error.t
s:95:45)
      at 
Parser.toParseError 
[as raise] (node_modul
es/@babel/parser/src/t
okenizer/index.ts:1503
:19)
      at Parser.raise 
[as semicolon] (node_m
odules/@babel/parser/s
rc/parser/util.ts:149:
10)
      at 
Parser.semicolon [as p
arseExpressionStatemen
t] (node_modules/@babe
l/parser/src/parser/st
atement.ts:1358:10)
      at Parser.parseE
xpressionStatement 
[as parseStatementCont
ent] (node_modules/@ba
bel/parser/src/parser/
statement.ts:697:19)
      at Parser.parseS
tatementContent [as 
parseStatementLike] (n
ode_modules/@babel/par
ser/src/parser/stateme
nt.ts:477:17)
      at Parser.parseS
tatementLike [as 
parseModuleItem] (node
_modules/@babel/parser
/src/parser/statement.
ts:414:17)
      at Parser.parseM
oduleItem [as parseBlo
ckOrModuleBlockBody] (
node_modules/@babel/pa
rser/src/parser/statem
ent.ts:1438:16)
      at Parser.parseB
lockOrModuleBlockBody 
[as parseBlockBody] (n
ode_modules/@babel/par
ser/src/parser/stateme
nt.ts:1412:10)
      at 
Parser.parseBlockBody 
[as parseProgram] (nod
e_modules/@babel/parse
r/src/parser/statement
.ts:229:10)
      at 
Parser.parseProgram 
[as parseTopLevel] (no
de_modules/@babel/pars
er/src/parser/statemen
t.ts:203:25)
      at 
Parser.parseTopLevel 
[as parse] (node_modul
es/@babel/parser/src/p
arser/index.ts:93:10)
      at parse (node_m
odules/@babel/parser/s
rc/index.ts:92:38)
      at parser (node_
modules/@babel/core/sr
c/parser/index.ts:28:1
9)
          at 
parser.next 
(<anonymous>)
      at 
normalizeFile (node_mo
dules/@babel/core/src/
transformation/normali
ze-file.ts:49:24)
          at 
normalizeFile.next 
(<anonymous>)
      at run (node_mod
ules/@babel/core/src/t
ransformation/index.ts
:40:36)
          at run.next 
(<anonymous>)
      at transform (no
de_modules/@babel/core
/src/transform.ts:29:2
0)
          at 
transform.next 
(<anonymous>)
      at evaluateSync 
(node_modules/gensync/
index.js:251:28)
      at sync (node_mo
dules/gensync/index.js
:89:14)
      at fn (node_modu
les/@babel/core/src/er
rors/rewrite-stack-tra
ce.ts:99:14)
      at 
transformSync (node_mo
dules/@babel/core/src/
transform.ts:66:52)
      at ScriptTransfo
rmer.transformSource (
node_modules/@jest/tra
nsform/build/ScriptTra
nsformer.js:545:31)
      at ScriptTransfo
rmer._transformAndBuil
dScript (node_modules/
@jest/transform/build/
ScriptTransformer.js:6
74:40)
      at ScriptTransfo
rmer.transform (node_m
odules/@jest/transform
/build/ScriptTransform
er.js:726:19)
      at 
Object.require (src/ui
/UIManager.js:9:1)
      at 
Object.require (src/Mo
delViewer.js:5:1)
      at require (test
/integration-tests.tes
t.js:526:37)
      at 
Object.<anonymous> (te
st/integration-tests.t
est.js:526:37)

FAIL test/feature-disc
overy-engine.test.js 
(5.488 s)
  ΓùÅ FeatureDiscovery
Engine ΓÇ║ 
Initialization ΓÇ║ 
should initialize 
with correct default 
values

    Jest encountered 
an unexpected token

    Jest failed to 
parse a file. This 
happens e.g. when 
your code or its 
dependencies use 
non-standard 
JavaScript syntax, or 
when Jest is not 
configured to support 
such syntax.

    Out of the box 
Jest supports Babel, 
which will be used to 
transform your files 
into valid JS based 
on your Babel 
configuration.

    By default 
"node_modules" folder 
is ignored by 
transformers.

    Here's what you 
can do:
     ΓÇó If you are 
trying to use 
ECMAScript Modules, 
see https://jestjs.io/
docs/ecmascript-module
s for how to enable 
it.
     ΓÇó If you are 
trying to use 
TypeScript, see https:
//jestjs.io/docs/getti
ng-started#using-types
cript
     ΓÇó To have some 
of your 
"node_modules" files 
transformed, you can 
specify a custom "tran
sformIgnorePatterns" 
in your config.
     ΓÇó If you need 
a custom 
transformation 
specify a "transform" 
option in your config.
     ΓÇó If you 
simply want to mock 
your non-JS modules 
(e.g. binary assets) 
you can stub them out 
with the 
"moduleNameMapper" 
config option.

    You'll find more 
details and examples 
of these config 
options in the docs:
    https://jestjs.io/
docs/configuration
    For information 
about custom 
transformations, see:
    https://jestjs.io/
docs/code-transformati
on

    Details:

    SyntaxError: C:\Wo
rkspace_Melbin\fun_web
sites\3d_model_viewer\
src\ui\FeatureDiscover
yEngine.js: 'return' 
outside of function. 
(906:28)

    [0m [90m 904 
|[39m }
     [90m 905 |[39m 
        
[36mconst[39m 
usageCount 
[33m=[39m [33mObjec
t[39m[33m.[39mkeys(
[36mthis[39m[33m.[
39muserProfile[33m.[
39mfeatureUsage)[33m.
[39mlength[33m;[39m
    [31m[1m>[22m[3
9m[90m 906 |[39m    
     [36mif[39m 
(usageCount 
[33m<[39m 
[35m3[39m) 
[36mreturn[39m [32m
'beginner'[39m[33m;
[39m
     [90m     |[39m 
                      
      
[31m[1m^[22m[39m
     [90m 907 |[39m 
        [36mif[39m 
(usageCount 
[33m<[39m 
[35m8[39m) 
[36mreturn[39m [32m
'intermediate'[39m[3
3m;[39m
     [90m 908 |[39m 
        [36mif[39m 
(usageCount 
[33m<[39m 
[35m15[39m) 
[36mreturn[39m [32m
'advanced'[39m[33m;
[39m
     [90m 909 |[39m 
        
[36mreturn[39m [32m
'expert'[39m[33m;[3
9m[0m

    [0m [90m 39 
|[39m
     [90m 40 |[39m  
       [90m// Import 
module[39m
    [31m[1m>[22m[3
9m[90m 41 |[39m     
    [36mconst[39m 
module [33m=[39m 
[36mawait[39m [36mi
mport[39m([32m'../sr
c/ui/FeatureDiscoveryE
ngine.js'[39m)[33m;
[39m
     [90m    |[39m  
                      
[31m[1m^[22m[39m
     [90m 42 |[39m  
       [33mFeatureDis
coveryEngine[39m 
[33m=[39m module[33
m.[39m[33mFeatureDis
coveryEngine[39m[33m
;[39m
     [90m 43 |[39m  
       
     [90m 44 |[39m  
       
discoveryEngine 
[33m=[39m 
[36mnew[39m [33mFea
tureDiscoveryEngine[3
9m(mockCore)[33m;[39
m[0m

      at constructor (
node_modules/@babel/pa
rser/src/parse-error.t
s:95:45)
      at 
Parser.toParseError 
[as raise] (node_modul
es/@babel/parser/src/t
okenizer/index.ts:1503
:19)
      at Parser.raise 
[as 
parseReturnStatement] 
(node_modules/@babel/p
arser/src/parser/state
ment.ts:1098:12)
      at Parser.parseR
eturnStatement [as par
seStatementContent] (n
ode_modules/@babel/par
ser/src/parser/stateme
nt.ts:538:21)
      at Parser.parseS
tatementContent [as 
parseStatementLike] (n
ode_modules/@babel/par
ser/src/parser/stateme
nt.ts:477:17)
      at Parser.parseS
tatementLike [as parse
StatementOrSloppyAnnex
BFunctionDeclaration] 
(node_modules/@babel/p
arser/src/parser/state
ment.ts:446:17)
      at Parser.parseS
tatementOrSloppyAnnexB
FunctionDeclaration 
[as parseIfStatement] 
(node_modules/@babel/p
arser/src/parser/state
ment.ts:1089:28)
      at Parser.parseI
fStatement [as parseSt
atementContent] (node_
modules/@babel/parser/
src/parser/statement.t
s:536:21)
      at Parser.parseS
tatementContent [as 
parseStatementLike] (n
ode_modules/@babel/par
ser/src/parser/stateme
nt.ts:477:17)
      at Parser.parseS
tatementLike [as 
parseModuleItem] (node
_modules/@babel/parser
/src/parser/statement.
ts:414:17)
      at Parser.parseM
oduleItem [as parseBlo
ckOrModuleBlockBody] (
node_modules/@babel/pa
rser/src/parser/statem
ent.ts:1438:16)
      at Parser.parseB
lockOrModuleBlockBody 
[as parseBlockBody] (n
ode_modules/@babel/par
ser/src/parser/stateme
nt.ts:1412:10)
      at 
Parser.parseBlockBody 
[as parseProgram] (nod
e_modules/@babel/parse
r/src/parser/statement
.ts:229:10)
      at 
Parser.parseProgram 
[as parseTopLevel] (no
de_modules/@babel/pars
er/src/parser/statemen
t.ts:203:25)
      at 
Parser.parseTopLevel 
[as parse] (node_modul
es/@babel/parser/src/p
arser/index.ts:93:10)
      at parse (node_m
odules/@babel/parser/s
rc/index.ts:92:38)
      at parser (node_
modules/@babel/core/sr
c/parser/index.ts:28:1
9)
          at 
parser.next 
(<anonymous>)
      at 
normalizeFile (node_mo
dules/@babel/core/src/
transformation/normali
ze-file.ts:49:24)
          at 
normalizeFile.next 
(<anonymous>)
      at run (node_mod
ules/@babel/core/src/t
ransformation/index.ts
:40:36)
          at run.next 
(<anonymous>)
      at transform (no
de_modules/@babel/core
/src/transform.ts:29:2
0)
          at 
transform.next 
(<anonymous>)
      at evaluateSync 
(node_modules/gensync/
index.js:251:28)
      at sync (node_mo
dules/gensync/index.js
:89:14)
      at fn (node_modu
les/@babel/core/src/er
rors/rewrite-stack-tra
ce.ts:99:14)
      at 
transformSync (node_mo
dules/@babel/core/src/
transform.ts:66:52)
      at ScriptTransfo
rmer.transformSource (
node_modules/@jest/tra
nsform/build/ScriptTra
nsformer.js:545:31)
      at ScriptTransfo
rmer._transformAndBuil
dScript (node_modules/
@jest/transform/build/
ScriptTransformer.js:6
74:40)
      at ScriptTransfo
rmer.transform (node_m
odules/@jest/transform
/build/ScriptTransform
er.js:726:19)
      at require (test
/feature-discovery-eng
ine.test.js:41:24)
      at 
Object.<anonymous> (te
st/feature-discovery-e
ngine.test.js:41:24)

  ΓùÅ FeatureDiscovery
Engine ΓÇ║ 
Initialization ΓÇ║ 
should load user 
profile from 
localStorage

    Jest encountered 
an unexpected token

    Jest failed to 
parse a file. This 
happens e.g. when 
your code or its 
dependencies use 
non-standard 
JavaScript syntax, or 
when Jest is not 
configured to support 
such syntax.

    Out of the box 
Jest supports Babel, 
which will be used to 
transform your files 
into valid JS based 
on your Babel 
configuration.

    By default 
"node_modules" folder 
is ignored by 
transformers.

    Here's what you 
can do:
     ΓÇó If you are 
trying to use 
ECMAScript Modules, 
see https://jestjs.io/
docs/ecmascript-module
s for how to enable 
it.
     ΓÇó If you are 
trying to use 
TypeScript, see https:
//jestjs.io/docs/getti
ng-started#using-types
cript
     ΓÇó To have some 
of your 
"node_modules" files 
transformed, you can 
specify a custom "tran
sformIgnorePatterns" 
in your config.
     ΓÇó If you need 
a custom 
transformation 
specify a "transform" 
option in your config.
     ΓÇó If you 
simply want to mock 
your non-JS modules 
(e.g. binary assets) 
you can stub them out 
with the 
"moduleNameMapper" 
config option.

    You'll find more 
details and examples 
of these config 
options in the docs:
    https://jestjs.io/
docs/configuration
    For information 
about custom 
transformations, see:
    https://jestjs.io/
docs/code-transformati
on

    Details:

    SyntaxError: C:\Wo
rkspace_Melbin\fun_web
sites\3d_model_viewer\
src\ui\FeatureDiscover
yEngine.js: 'return' 
outside of function. 
(906:28)

    [0m [90m 904 
|[39m }
     [90m 905 |[39m 
        
[36mconst[39m 
usageCount 
[33m=[39m [33mObjec
t[39m[33m.[39mkeys(
[36mthis[39m[33m.[
39muserProfile[33m.[
39mfeatureUsage)[33m.
[39mlength[33m;[39m
    [31m[1m>[22m[3
9m[90m 906 |[39m    
     [36mif[39m 
(usageCount 
[33m<[39m 
[35m3[39m) 
[36mreturn[39m [32m
'beginner'[39m[33m;
[39m
     [90m     |[39m 
                      
      
[31m[1m^[22m[39m
     [90m 907 |[39m 
        [36mif[39m 
(usageCount 
[33m<[39m 
[35m8[39m) 
[36mreturn[39m [32m
'intermediate'[39m[3
3m;[39m
     [90m 908 |[39m 
        [36mif[39m 
(usageCount 
[33m<[39m 
[35m15[39m) 
[36mreturn[39m [32m
'advanced'[39m[33m;
[39m
     [90m 909 |[39m 
        
[36mreturn[39m [32m
'expert'[39m[33m;[3
9m[0m

    [0m [90m 39 
|[39m
     [90m 40 |[39m  
       [90m// Import 
module[39m
    [31m[1m>[22m[3
9m[90m 41 |[39m     
    [36mconst[39m 
module [33m=[39m 
[36mawait[39m [36mi
mport[39m([32m'../sr
c/ui/FeatureDiscoveryE
ngine.js'[39m)[33m;
[39m
     [90m    |[39m  
                      
[31m[1m^[22m[39m
     [90m 42 |[39m  
       [33mFeatureDis
coveryEngine[39m 
[33m=[39m module[33
m.[39m[33mFeatureDis
coveryEngine[39m[33m
;[39m
     [90m 43 |[39m  
       
     [90m 44 |[39m  
       
discoveryEngine 
[33m=[39m 
[36mnew[39m [33mFea
tureDiscoveryEngine[3
9m(mockCore)[33m;[39
m[0m

      at constructor (
node_modules/@babel/pa
rser/src/parse-error.t
s:95:45)
      at 
Parser.toParseError 
[as raise] (node_modul
es/@babel/parser/src/t
okenizer/index.ts:1503
:19)
      at Parser.raise 
[as 
parseReturnStatement] 
(node_modules/@babel/p
arser/src/parser/state
ment.ts:1098:12)
      at Parser.parseR
eturnStatement [as par
seStatementContent] (n
ode_modules/@babel/par
ser/src/parser/stateme
nt.ts:538:21)
      at Parser.parseS
tatementContent [as 
parseStatementLike] (n
ode_modules/@babel/par
ser/src/parser/stateme
nt.ts:477:17)
      at Parser.parseS
tatementLike [as parse
StatementOrSloppyAnnex
BFunctionDeclaration] 
(node_modules/@babel/p
arser/src/parser/state
ment.ts:446:17)
      at Parser.parseS
tatementOrSloppyAnnexB
FunctionDeclaration 
[as parseIfStatement] 
(node_modules/@babel/p
arser/src/parser/state
ment.ts:1089:28)
      at Parser.parseI
fStatement [as parseSt
atementContent] (node_
modules/@babel/parser/
src/parser/statement.t
s:536:21)
      at Parser.parseS
tatementContent [as 
parseStatementLike] (n
ode_modules/@babel/par
ser/src/parser/stateme
nt.ts:477:17)
      at Parser.parseS
tatementLike [as 
parseModuleItem] (node
_modules/@babel/parser
/src/parser/statement.
ts:414:17)
      at Parser.parseM
oduleItem [as parseBlo
ckOrModuleBlockBody] (
node_modules/@babel/pa
rser/src/parser/statem
ent.ts:1438:16)
      at Parser.parseB
lockOrModuleBlockBody 
[as parseBlockBody] (n
ode_modules/@babel/par
ser/src/parser/stateme
nt.ts:1412:10)
      at 
Parser.parseBlockBody 
[as parseProgram] (nod
e_modules/@babel/parse
r/src/parser/statement
.ts:229:10)
      at 
Parser.parseProgram 
[as parseTopLevel] (no
de_modules/@babel/pars
er/src/parser/statemen
t.ts:203:25)
      at 
Parser.parseTopLevel 
[as parse] (node_modul
es/@babel/parser/src/p
arser/index.ts:93:10)
      at parse (node_m
odules/@babel/parser/s
rc/index.ts:92:38)
      at parser (node_
modules/@babel/core/sr
c/parser/index.ts:28:1
9)
          at 
parser.next 
(<anonymous>)
      at 
normalizeFile (node_mo
dules/@babel/core/src/
transformation/normali
ze-file.ts:49:24)
          at 
normalizeFile.next 
(<anonymous>)
      at run (node_mod
ules/@babel/core/src/t
ransformation/index.ts
:40:36)
          at run.next 
(<anonymous>)
      at transform (no
de_modules/@babel/core
/src/transform.ts:29:2
0)
          at 
transform.next 
(<anonymous>)
      at evaluateSync 
(node_modules/gensync/
index.js:251:28)
      at sync (node_mo
dules/gensync/index.js
:89:14)
      at fn (node_modu
les/@babel/core/src/er
rors/rewrite-stack-tra
ce.ts:99:14)
      at 
transformSync (node_mo
dules/@babel/core/src/
transform.ts:66:52)
      at ScriptTransfo
rmer.transformSource (
node_modules/@jest/tra
nsform/build/ScriptTra
nsformer.js:545:31)
      at ScriptTransfo
rmer._transformAndBuil
dScript (node_modules/
@jest/transform/build/
ScriptTransformer.js:6
74:40)
      at ScriptTransfo
rmer.transform (node_m
odules/@jest/transform
/build/ScriptTransform
er.js:726:19)
      at require (test
/feature-discovery-eng
ine.test.js:41:24)
      at 
Object.<anonymous> (te
st/feature-discovery-e
ngine.test.js:41:24)

  ΓùÅ FeatureDiscovery
Engine ΓÇ║ 
Initialization ΓÇ║ 
should initialize 
feature catalog

    Jest encountered 
an unexpected token

    Jest failed to 
parse a file. This 
happens e.g. when 
your code or its 
dependencies use 
non-standard 
JavaScript syntax, or 
when Jest is not 
configured to support 
such syntax.

    Out of the box 
Jest supports Babel, 
which will be used to 
transform your files 
into valid JS based 
on your Babel 
configuration.

    By default 
"node_modules" folder 
is ignored by 
transformers.

    Here's what you 
can do:
     ΓÇó If you are 
trying to use 
ECMAScript Modules, 
see https://jestjs.io/
docs/ecmascript-module
s for how to enable 
it.
     ΓÇó If you are 
trying to use 
TypeScript, see https:
//jestjs.io/docs/getti
ng-started#using-types
cript
     ΓÇó To have some 
of your 
"node_modules" files 
transformed, you can 
specify a custom "tran
sformIgnorePatterns" 
in your config.
     ΓÇó If you need 
a custom 
transformation 
specify a "transform" 
option in your config.
     ΓÇó If you 
simply want to mock 
your non-JS modules 
(e.g. binary assets) 
you can stub them out 
with the 
"moduleNameMapper" 
config option.

    You'll find more 
details and examples 
of these config 
options in the docs:
    https://jestjs.io/
docs/configuration
    For information 
about custom 
transformations, see:
    https://jestjs.io/
docs/code-transformati
on

    Details:

    SyntaxError: C:\Wo
rkspace_Melbin\fun_web
sites\3d_model_viewer\
src\ui\FeatureDiscover
yEngine.js: 'return' 
outside of function. 
(906:28)

    [0m [90m 904 
|[39m }
     [90m 905 |[39m 
        
[36mconst[39m 
usageCount 
[33m=[39m [33mObjec
t[39m[33m.[39mkeys(
[36mthis[39m[33m.[
39muserProfile[33m.[
39mfeatureUsage)[33m.
[39mlength[33m;[39m
    [31m[1m>[22m[3
9m[90m 906 |[39m    
     [36mif[39m 
(usageCount 
[33m<[39m 
[35m3[39m) 
[36mreturn[39m [32m
'beginner'[39m[33m;
[39m
     [90m     |[39m 
                      
      
[31m[1m^[22m[39m
     [90m 907 |[39m 
        [36mif[39m 
(usageCount 
[33m<[39m 
[35m8[39m) 
[36mreturn[39m [32m
'intermediate'[39m[3
3m;[39m
     [90m 908 |[39m 
        [36mif[39m 
(usageCount 
[33m<[39m 
[35m15[39m) 
[36mreturn[39m [32m
'advanced'[39m[33m;
[39m
     [90m 909 |[39m 
        
[36mreturn[39m [32m
'expert'[39m[33m;[3
9m[0m

    [0m [90m 39 
|[39m
     [90m 40 |[39m  
       [90m// Import 
module[39m
    [31m[1m>[22m[3
9m[90m 41 |[39m     
    [36mconst[39m 
module [33m=[39m 
[36mawait[39m [36mi
mport[39m([32m'../sr
c/ui/FeatureDiscoveryE
ngine.js'[39m)[33m;
[39m
     [90m    |[39m  
                      
[31m[1m^[22m[39m
     [90m 42 |[39m  
       [33mFeatureDis
coveryEngine[39m 
[33m=[39m module[33
m.[39m[33mFeatureDis
coveryEngine[39m[33m
;[39m
     [90m 43 |[39m  
       
     [90m 44 |[39m  
       
discoveryEngine 
[33m=[39m 
[36mnew[39m [33mFea
tureDiscoveryEngine[3
9m(mockCore)[33m;[39
m[0m

      at constructor (
node_modules/@babel/pa
rser/src/parse-error.t
s:95:45)
      at 
Parser.toParseError 
[as raise] (node_modul
es/@babel/parser/src/t
okenizer/index.ts:1503
:19)
      at Parser.raise 
[as 
parseReturnStatement] 
(node_modules/@babel/p
arser/src/parser/state
ment.ts:1098:12)
      at Parser.parseR
eturnStatement [as par
seStatementContent] (n
ode_modules/@babel/par
ser/src/parser/stateme
nt.ts:538:21)
      at Parser.parseS
tatementContent [as 
parseStatementLike] (n
ode_modules/@babel/par
ser/src/parser/stateme
nt.ts:477:17)
      at Parser.parseS
tatementLike [as parse
StatementOrSloppyAnnex
BFunctionDeclaration] 
(node_modules/@babel/p
arser/src/parser/state
ment.ts:446:17)
      at Parser.parseS
tatementOrSloppyAnnexB
FunctionDeclaration 
[as parseIfStatement] 
(node_modules/@babel/p
arser/src/parser/state
ment.ts:1089:28)
      at Parser.parseI
fStatement [as parseSt
atementContent] (node_
modules/@babel/parser/
src/parser/statement.t
s:536:21)
      at Parser.parseS
tatementContent [as 
parseStatementLike] (n
ode_modules/@babel/par
ser/src/parser/stateme
nt.ts:477:17)
      at Parser.parseS
tatementLike [as 
parseModuleItem] (node
_modules/@babel/parser
/src/parser/statement.
ts:414:17)
      at Parser.parseM
oduleItem [as parseBlo
ckOrModuleBlockBody] (
node_modules/@babel/pa
rser/src/parser/statem
ent.ts:1438:16)
      at Parser.parseB
lockOrModuleBlockBody 
[as parseBlockBody] (n
ode_modules/@babel/par
ser/src/parser/stateme
nt.ts:1412:10)
      at 
Parser.parseBlockBody 
[as parseProgram] (nod
e_modules/@babel/parse
r/src/parser/statement
.ts:229:10)
      at 
Parser.parseProgram 
[as parseTopLevel] (no
de_modules/@babel/pars
er/src/parser/statemen
t.ts:203:25)
      at 
Parser.parseTopLevel 
[as parse] (node_modul
es/@babel/parser/src/p
arser/index.ts:93:10)
      at parse (node_m
odules/@babel/parser/s
rc/index.ts:92:38)
      at parser (node_
modules/@babel/core/sr
c/parser/index.ts:28:1
9)
          at 
parser.next 
(<anonymous>)
      at 
normalizeFile (node_mo
dules/@babel/core/src/
transformation/normali
ze-file.ts:49:24)
          at 
normalizeFile.next 
(<anonymous>)
      at run (node_mod
ules/@babel/core/src/t
ransformation/index.ts
:40:36)
          at run.next 
(<anonymous>)
      at transform (no
de_modules/@babel/core
/src/transform.ts:29:2
0)
          at 
transform.next 
(<anonymous>)
      at evaluateSync 
(node_modules/gensync/
index.js:251:28)
      at sync (node_mo
dules/gensync/index.js
:89:14)
      at fn (node_modu
les/@babel/core/src/er
rors/rewrite-stack-tra
ce.ts:99:14)
      at 
transformSync (node_mo
dules/@babel/core/src/
transform.ts:66:52)
      at ScriptTransfo
rmer.transformSource (
node_modules/@jest/tra
nsform/build/ScriptTra
nsformer.js:545:31)
      at ScriptTransfo
rmer._transformAndBuil
dScript (node_modules/
@jest/transform/build/
ScriptTransformer.js:6
74:40)
      at ScriptTransfo
rmer.transform (node_m
odules/@jest/transform
/build/ScriptTransform
er.js:726:19)
      at require (test
/feature-discovery-eng
ine.test.js:41:24)
      at 
Object.<anonymous> (te
st/feature-discovery-e
ngine.test.js:41:24)

  ΓùÅ FeatureDiscovery
Engine ΓÇ║ 
Initialization ΓÇ║ 
should register event 
listeners

    Jest encountered 
an unexpected token

    Jest failed to 
parse a file. This 
happens e.g. when 
your code or its 
dependencies use 
non-standard 
JavaScript syntax, or 
when Jest is not 
configured to support 
such syntax.

    Out of the box 
Jest supports Babel, 
which will be used to 
transform your files 
into valid JS based 
on your Babel 
configuration.

    By default 
"node_modules" folder 
is ignored by 
transformers.

    Here's what you 
can do:
     ΓÇó If you are 
trying to use 
ECMAScript Modules, 
see https://jestjs.io/
docs/ecmascript-module
s for how to enable 
it.
     ΓÇó If you are 
trying to use 
TypeScript, see https:
//jestjs.io/docs/getti
ng-started#using-types
cript
     ΓÇó To have some 
of your 
"node_modules" files 
transformed, you can 
specify a custom "tran
sformIgnorePatterns" 
in your config.
     ΓÇó If you need 
a custom 
transformation 
specify a "transform" 
option in your config.
     ΓÇó If you 
simply want to mock 
your non-JS modules 
(e.g. binary assets) 
you can stub them out 
with the 
"moduleNameMapper" 
config option.

    You'll find more 
details and examples 
of these config 
options in the docs:
    https://jestjs.io/
docs/configuration
    For information 
about custom 
transformations, see:
    https://jestjs.io/
docs/code-transformati
on

    Details:

    SyntaxError: C:\Wo
rkspace_Melbin\fun_web
sites\3d_model_viewer\
src\ui\FeatureDiscover
yEngine.js: 'return' 
outside of function. 
(906:28)

    [0m [90m 904 
|[39m }
     [90m 905 |[39m 
        
[36mconst[39m 
usageCount 
[33m=[39m [33mObjec
t[39m[33m.[39mkeys(
[36mthis[39m[33m.[
39muserProfile[33m.[
39mfeatureUsage)[33m.
[39mlength[33m;[39m
    [31m[1m>[22m[3
9m[90m 906 |[39m    
     [36mif[39m 
(usageCount 
[33m<[39m 
[35m3[39m) 
[36mreturn[39m [32m
'beginner'[39m[33m;
[39m
     [90m     |[39m 
                      
      
[31m[1m^[22m[39m
     [90m 907 |[39m 
        [36mif[39m 
(usageCount 
[33m<[39m 
[35m8[39m) 
[36mreturn[39m [32m
'intermediate'[39m[3
3m;[39m
     [90m 908 |[39m 
        [36mif[39m 
(usageCount 
[33m<[39m 
[35m15[39m) 
[36mreturn[39m [32m
'advanced'[39m[33m;
[39m
     [90m 909 |[39m 
        
[36mreturn[39m [32m
'expert'[39m[33m;[3
9m[0m

    [0m [90m 39 
|[39m
     [90m 40 |[39m  
       [90m// Import 
module[39m
    [31m[1m>[22m[3
9m[90m 41 |[39m     
    [36mconst[39m 
module [33m=[39m 
[36mawait[39m [36mi
mport[39m([32m'../sr
c/ui/FeatureDiscoveryE
ngine.js'[39m)[33m;
[39m
     [90m    |[39m  
                      
[31m[1m^[22m[39m
     [90m 42 |[39m  
       [33mFeatureDis
coveryEngine[39m 
[33m=[39m module[33
m.[39m[33mFeatureDis
coveryEngine[39m[33m
;[39m
     [90m 43 |[39m  
       
     [90m 44 |[39m  
       
discoveryEngine 
[33m=[39m 
[36mnew[39m [33mFea
tureDiscoveryEngine[3
9m(mockCore)[33m;[39
m[0m

      at constructor (
node_modules/@babel/pa
rser/src/parse-error.t
s:95:45)
      at 
Parser.toParseError 
[as raise] (node_modul
es/@babel/parser/src/t
okenizer/index.ts:1503
:19)
      at Parser.raise 
[as 
parseReturnStatement] 
(node_modules/@babel/p
arser/src/parser/state
ment.ts:1098:12)
      at Parser.parseR
eturnStatement [as par
seStatementContent] (n
ode_modules/@babel/par
ser/src/parser/stateme
nt.ts:538:21)
      at Parser.parseS
tatementContent [as 
parseStatementLike] (n
ode_modules/@babel/par
ser/src/parser/stateme
nt.ts:477:17)
      at Parser.parseS
tatementLike [as parse
StatementOrSloppyAnnex
BFunctionDeclaration] 
(node_modules/@babel/p
arser/src/parser/state
ment.ts:446:17)
      at Parser.parseS
tatementOrSloppyAnnexB
FunctionDeclaration 
[as parseIfStatement] 
(node_modules/@babel/p
arser/src/parser/state
ment.ts:1089:28)
      at Parser.parseI
fStatement [as parseSt
atementContent] (node_
modules/@babel/parser/
src/parser/statement.t
s:536:21)
      at Parser.parseS
tatementContent [as 
parseStatementLike] (n
ode_modules/@babel/par
ser/src/parser/stateme
nt.ts:477:17)
      at Parser.parseS
tatementLike [as 
parseModuleItem] (node
_modules/@babel/parser
/src/parser/statement.
ts:414:17)
      at Parser.parseM
oduleItem [as parseBlo
ckOrModuleBlockBody] (
node_modules/@babel/pa
rser/src/parser/statem
ent.ts:1438:16)
      at Parser.parseB
lockOrModuleBlockBody 
[as parseBlockBody] (n
ode_modules/@babel/par
ser/src/parser/stateme
nt.ts:1412:10)
      at 
Parser.parseBlockBody 
[as parseProgram] (nod
e_modules/@babel/parse
r/src/parser/statement
.ts:229:10)
      at 
Parser.parseProgram 
[as parseTopLevel] (no
de_modules/@babel/pars
er/src/parser/statemen
t.ts:203:25)
      at 
Parser.parseTopLevel 
[as parse] (node_modul
es/@babel/parser/src/p
arser/index.ts:93:10)
      at parse (node_m
odules/@babel/parser/s
rc/index.ts:92:38)
      at parser (node_
modules/@babel/core/sr
c/parser/index.ts:28:1
9)
          at 
parser.next 
(<anonymous>)
      at 
normalizeFile (node_mo
dules/@babel/core/src/
transformation/normali
ze-file.ts:49:24)
          at 
normalizeFile.next 
(<anonymous>)
      at run (node_mod
ules/@babel/core/src/t
ransformation/index.ts
:40:36)
          at run.next 
(<anonymous>)
      at transform (no
de_modules/@babel/core
/src/transform.ts:29:2
0)
          at 
transform.next 
(<anonymous>)
      at evaluateSync 
(node_modules/gensync/
index.js:251:28)
      at sync (node_mo
dules/gensync/index.js
:89:14)
      at fn (node_modu
les/@babel/core/src/er
rors/rewrite-stack-tra
ce.ts:99:14)
      at 
transformSync (node_mo
dules/@babel/core/src/
transform.ts:66:52)
      at ScriptTransfo
rmer.transformSource (
node_modules/@jest/tra
nsform/build/ScriptTra
nsformer.js:545:31)
      at ScriptTransfo
rmer._transformAndBuil
dScript (node_modules/
@jest/transform/build/
ScriptTransformer.js:6
74:40)
      at ScriptTransfo
rmer.transform (node_m
odules/@jest/transform
/build/ScriptTransform
er.js:726:19)
      at require (test
/feature-discovery-eng
ine.test.js:41:24)
      at 
Object.<anonymous> (te
st/feature-discovery-e
ngine.test.js:41:24)

  ΓùÅ FeatureDiscovery
Engine ΓÇ║ User 
Profile Management 
ΓÇ║ should detect 
skill level from 
usage patterns

    Jest encountered 
an unexpected token

    Jest failed to 
parse a file. This 
happens e.g. when 
your code or its 
dependencies use 
non-standard 
JavaScript syntax, or 
when Jest is not 
configured to support 
such syntax.

    Out of the box 
Jest supports Babel, 
which will be used to 
transform your files 
into valid JS based 
on your Babel 
configuration.

    By default 
"node_modules" folder 
is ignored by 
transformers.

    Here's what you 
can do:
     ΓÇó If you are 
trying to use 
ECMAScript Modules, 
see https://jestjs.io/
docs/ecmascript-module
s for how to enable 
it.
     ΓÇó If you are 
trying to use 
TypeScript, see https:
//jestjs.io/docs/getti
ng-started#using-types
cript
     ΓÇó To have some 
of your 
"node_modules" files 
transformed, you can 
specify a custom "tran
sformIgnorePatterns" 
in your config.
     ΓÇó If you need 
a custom 
transformation 
specify a "transform" 
option in your config.
     ΓÇó If you 
simply want to mock 
your non-JS modules 
(e.g. binary assets) 
you can stub them out 
with the 
"moduleNameMapper" 
config option.

    You'll find more 
details and examples 
of these config 
options in the docs:
    https://jestjs.io/
docs/configuration
    For information 
about custom 
transformations, see:
    https://jestjs.io/
docs/code-transformati
on

    Details:

    SyntaxError: C:\Wo
rkspace_Melbin\fun_web
sites\3d_model_viewer\
src\ui\FeatureDiscover
yEngine.js: 'return' 
outside of function. 
(906:28)

    [0m [90m 904 
|[39m }
     [90m 905 |[39m 
        
[36mconst[39m 
usageCount 
[33m=[39m [33mObjec
t[39m[33m.[39mkeys(
[36mthis[39m[33m.[
39muserProfile[33m.[
39mfeatureUsage)[33m.
[39mlength[33m;[39m
    [31m[1m>[22m[3
9m[90m 906 |[39m    
     [36mif[39m 
(usageCount 
[33m<[39m 
[35m3[39m) 
[36mreturn[39m [32m
'beginner'[39m[33m;
[39m
     [90m     |[39m 
                      
      
[31m[1m^[22m[39m
     [90m 907 |[39m 
        [36mif[39m 
(usageCount 
[33m<[39m 
[35m8[39m) 
[36mreturn[39m [32m
'intermediate'[39m[3
3m;[39m
     [90m 908 |[39m 
        [36mif[39m 
(usageCount 
[33m<[39m 
[35m15[39m) 
[36mreturn[39m [32m
'advanced'[39m[33m;
[39m
     [90m 909 |[39m 
        
[36mreturn[39m [32m
'expert'[39m[33m;[3
9m[0m

    [0m [90m 39 
|[39m
     [90m 40 |[39m  
       [90m// Import 
module[39m
    [31m[1m>[22m[3
9m[90m 41 |[39m     
    [36mconst[39m 
module [33m=[39m 
[36mawait[39m [36mi
mport[39m([32m'../sr
c/ui/FeatureDiscoveryE
ngine.js'[39m)[33m;
[39m
     [90m    |[39m  
                      
[31m[1m^[22m[39m
     [90m 42 |[39m  
       [33mFeatureDis
coveryEngine[39m 
[33m=[39m module[33
m.[39m[33mFeatureDis
coveryEngine[39m[33m
;[39m
     [90m 43 |[39m  
       
     [90m 44 |[39m  
       
discoveryEngine 
[33m=[39m 
[36mnew[39m [33mFea
tureDiscoveryEngine[3
9m(mockCore)[33m;[39
m[0m

      at constructor (
node_modules/@babel/pa
rser/src/parse-error.t
s:95:45)
      at 
Parser.toParseError 
[as raise] (node_modul
es/@babel/parser/src/t
okenizer/index.ts:1503
:19)
      at Parser.raise 
[as 
parseReturnStatement] 
(node_modules/@babel/p
arser/src/parser/state
ment.ts:1098:12)
      at Parser.parseR
eturnStatement [as par
seStatementContent] (n
ode_modules/@babel/par
ser/src/parser/stateme
nt.ts:538:21)
      at Parser.parseS
tatementContent [as 
parseStatementLike] (n
ode_modules/@babel/par
ser/src/parser/stateme
nt.ts:477:17)
      at Parser.parseS
tatementLike [as parse
StatementOrSloppyAnnex
BFunctionDeclaration] 
(node_modules/@babel/p
arser/src/parser/state
ment.ts:446:17)
      at Parser.parseS
tatementOrSloppyAnnexB
FunctionDeclaration 
[as parseIfStatement] 
(node_modules/@babel/p
arser/src/parser/state
ment.ts:1089:28)
      at Parser.parseI
fStatement [as parseSt
atementContent] (node_
modules/@babel/parser/
src/parser/statement.t
s:536:21)
      at Parser.parseS
tatementContent [as 
parseStatementLike] (n
ode_modules/@babel/par
ser/src/parser/stateme
nt.ts:477:17)
      at Parser.parseS
tatementLike [as 
parseModuleItem] (node
_modules/@babel/parser
/src/parser/statement.
ts:414:17)
      at Parser.parseM
oduleItem [as parseBlo
ckOrModuleBlockBody] (
node_modules/@babel/pa
rser/src/parser/statem
ent.ts:1438:16)
      at Parser.parseB
lockOrModuleBlockBody 
[as parseBlockBody] (n
ode_modules/@babel/par
ser/src/parser/stateme
nt.ts:1412:10)
      at 
Parser.parseBlockBody 
[as parseProgram] (nod
e_modules/@babel/parse
r/src/parser/statement
.ts:229:10)
      at 
Parser.parseProgram 
[as parseTopLevel] (no
de_modules/@babel/pars
er/src/parser/statemen
t.ts:203:25)
      at 
Parser.parseTopLevel 
[as parse] (node_modul
es/@babel/parser/src/p
arser/index.ts:93:10)
      at parse (node_m
odules/@babel/parser/s
rc/index.ts:92:38)
      at parser (node_
modules/@babel/core/sr
c/parser/index.ts:28:1
9)
          at 
parser.next 
(<anonymous>)
      at 
normalizeFile (node_mo
dules/@babel/core/src/
transformation/normali
ze-file.ts:49:24)
          at 
normalizeFile.next 
(<anonymous>)
      at run (node_mod
ules/@babel/core/src/t
ransformation/index.ts
:40:36)
          at run.next 
(<anonymous>)
      at transform (no
de_modules/@babel/core
/src/transform.ts:29:2
0)
          at 
transform.next 
(<anonymous>)
      at evaluateSync 
(node_modules/gensync/
index.js:251:28)
      at sync (node_mo
dules/gensync/index.js
:89:14)
      at fn (node_modu
les/@babel/core/src/er
rors/rewrite-stack-tra
ce.ts:99:14)
      at 
transformSync (node_mo
dules/@babel/core/src/
transform.ts:66:52)
      at ScriptTransfo
rmer.transformSource (
node_modules/@jest/tra
nsform/build/ScriptTra
nsformer.js:545:31)
      at ScriptTransfo
rmer._transformAndBuil
dScript (node_modules/
@jest/transform/build/
ScriptTransformer.js:6
74:40)
      at ScriptTransfo
rmer.transform (node_m
odules/@jest/transform
/build/ScriptTransform
er.js:726:19)
      at require (test
/feature-discovery-eng
ine.test.js:41:24)
      at 
Object.<anonymous> (te
st/feature-discovery-e
ngine.test.js:41:24)

  ΓùÅ FeatureDiscovery
Engine ΓÇ║ User 
Profile Management 
ΓÇ║ should update 
skill level over time

    Jest encountered 
an unexpected token

    Jest failed to 
parse a file. This 
happens e.g. when 
your code or its 
dependencies use 
non-standard 
JavaScript syntax, or 
when Jest is not 
configured to support 
such syntax.

    Out of the box 
Jest supports Babel, 
which will be used to 
transform your files 
into valid JS based 
on your Babel 
configuration.

    By default 
"node_modules" folder 
is ignored by 
transformers.

    Here's what you 
can do:
     ΓÇó If you are 
trying to use 
ECMAScript Modules, 
see https://jestjs.io/
docs/ecmascript-module
s for how to enable 
it.
     ΓÇó If you are 
trying to use 
TypeScript, see https:
//jestjs.io/docs/getti
ng-started#using-types
cript
     ΓÇó To have some 
of your 
"node_modules" files 
transformed, you can 
specify a custom "tran
sformIgnorePatterns" 
in your config.
     ΓÇó If you need 
a custom 
transformation 
specify a "transform" 
option in your config.
     ΓÇó If you 
simply want to mock 
your non-JS modules 
(e.g. binary assets) 
you can stub them out 
with the 
"moduleNameMapper" 
config option.

    You'll find more 
details and examples 
of these config 
options in the docs:
    https://jestjs.io/
docs/configuration
    For information 
about custom 
transformations, see:
    https://jestjs.io/
docs/code-transformati
on

    Details:

    SyntaxError: C:\Wo
rkspace_Melbin\fun_web
sites\3d_model_viewer\
src\ui\FeatureDiscover
yEngine.js: 'return' 
outside of function. 
(906:28)

    [0m [90m 904 
|[39m }
     [90m 905 |[39m 
        
[36mconst[39m 
usageCount 
[33m=[39m [33mObjec
t[39m[33m.[39mkeys(
[36mthis[39m[33m.[
39muserProfile[33m.[
39mfeatureUsage)[33m.
[39mlength[33m;[39m
    [31m[1m>[22m[3
9m[90m 906 |[39m    
     [36mif[39m 
(usageCount 
[33m<[39m 
[35m3[39m) 
[36mreturn[39m [32m
'beginner'[39m[33m;
[39m
     [90m     |[39m 
                      
      
[31m[1m^[22m[39m
     [90m 907 |[39m 
        [36mif[39m 
(usageCount 
[33m<[39m 
[35m8[39m) 
[36mreturn[39m [32m
'intermediate'[39m[3
3m;[39m
     [90m 908 |[39m 
        [36mif[39m 
(usageCount 
[33m<[39m 
[35m15[39m) 
[36mreturn[39m [32m
'advanced'[39m[33m;
[39m
     [90m 909 |[39m 
        
[36mreturn[39m [32m
'expert'[39m[33m;[3
9m[0m

    [0m [90m 39 
|[39m
     [90m 40 |[39m  
       [90m// Import 
module[39m
    [31m[1m>[22m[3
9m[90m 41 |[39m     
    [36mconst[39m 
module [33m=[39m 
[36mawait[39m [36mi
mport[39m([32m'../sr
c/ui/FeatureDiscoveryE
ngine.js'[39m)[33m;
[39m
     [90m    |[39m  
                      
[31m[1m^[22m[39m
     [90m 42 |[39m  
       [33mFeatureDis
coveryEngine[39m 
[33m=[39m module[33
m.[39m[33mFeatureDis
coveryEngine[39m[33m
;[39m
     [90m 43 |[39m  
       
     [90m 44 |[39m  
       
discoveryEngine 
[33m=[39m 
[36mnew[39m [33mFea
tureDiscoveryEngine[3
9m(mockCore)[33m;[39
m[0m

      at constructor (
node_modules/@babel/pa
rser/src/parse-error.t
s:95:45)
      at 
Parser.toParseError 
[as raise] (node_modul
es/@babel/parser/src/t
okenizer/index.ts:1503
:19)
      at Parser.raise 
[as 
parseReturnStatement] 
(node_modules/@babel/p
arser/src/parser/state
ment.ts:1098:12)
      at Parser.parseR
eturnStatement [as par
seStatementContent] (n
ode_modules/@babel/par
ser/src/parser/stateme
nt.ts:538:21)
      at Parser.parseS
tatementContent [as 
parseStatementLike] (n
ode_modules/@babel/par
ser/src/parser/stateme
nt.ts:477:17)
      at Parser.parseS
tatementLike [as parse
StatementOrSloppyAnnex
BFunctionDeclaration] 
(node_modules/@babel/p
arser/src/parser/state
ment.ts:446:17)
      at Parser.parseS
tatementOrSloppyAnnexB
FunctionDeclaration 
[as parseIfStatement] 
(node_modules/@babel/p
arser/src/parser/state
ment.ts:1089:28)
      at Parser.parseI
fStatement [as parseSt
atementContent] (node_
modules/@babel/parser/
src/parser/statement.t
s:536:21)
      at Parser.parseS
tatementContent [as 
parseStatementLike] (n
ode_modules/@babel/par
ser/src/parser/stateme
nt.ts:477:17)
      at Parser.parseS
tatementLike [as 
parseModuleItem] (node
_modules/@babel/parser
/src/parser/statement.
ts:414:17)
      at Parser.parseM
oduleItem [as parseBlo
ckOrModuleBlockBody] (
node_modules/@babel/pa
rser/src/parser/statem
ent.ts:1438:16)
      at Parser.parseB
lockOrModuleBlockBody 
[as parseBlockBody] (n
ode_modules/@babel/par
ser/src/parser/stateme
nt.ts:1412:10)
      at 
Parser.parseBlockBody 
[as parseProgram] (nod
e_modules/@babel/parse
r/src/parser/statement
.ts:229:10)
      at 
Parser.parseProgram 
[as parseTopLevel] (no
de_modules/@babel/pars
er/src/parser/statemen
t.ts:203:25)
      at 
Parser.parseTopLevel 
[as parse] (node_modul
es/@babel/parser/src/p
arser/index.ts:93:10)
      at parse (node_m
odules/@babel/parser/s
rc/index.ts:92:38)
      at parser (node_
modules/@babel/core/sr
c/parser/index.ts:28:1
9)
          at 
parser.next 
(<anonymous>)
      at 
normalizeFile (node_mo
dules/@babel/core/src/
transformation/normali
ze-file.ts:49:24)
          at 
normalizeFile.next 
(<anonymous>)
      at run (node_mod
ules/@babel/core/src/t
ransformation/index.ts
:40:36)
          at run.next 
(<anonymous>)
      at transform (no
de_modules/@babel/core
/src/transform.ts:29:2
0)
          at 
transform.next 
(<anonymous>)
      at evaluateSync 
(node_modules/gensync/
index.js:251:28)
      at sync (node_mo
dules/gensync/index.js
:89:14)
      at fn (node_modu
les/@babel/core/src/er
rors/rewrite-stack-tra
ce.ts:99:14)
      at 
transformSync (node_mo
dules/@babel/core/src/
transform.ts:66:52)
      at ScriptTransfo
rmer.transformSource (
node_modules/@jest/tra
nsform/build/ScriptTra
nsformer.js:545:31)
      at ScriptTransfo
rmer._transformAndBuil
dScript (node_modules/
@jest/transform/build/
ScriptTransformer.js:6
74:40)
      at ScriptTransfo
rmer.transform (node_m
odules/@jest/transform
/build/ScriptTransform
er.js:726:19)
      at require (test
/feature-discovery-eng
ine.test.js:41:24)
      at 
Object.<anonymous> (te
st/feature-discovery-e
ngine.test.js:41:24)

  ΓùÅ FeatureDiscovery
Engine ΓÇ║ User 
Profile Management 
ΓÇ║ should save 
profile to 
localStorage

    Jest encountered 
an unexpected token

    Jest failed to 
parse a file. This 
happens e.g. when 
your code or its 
dependencies use 
non-standard 
JavaScript syntax, or 
when Jest is not 
configured to support 
such syntax.

    Out of the box 
Jest supports Babel, 
which will be used to 
transform your files 
into valid JS based 
on your Babel 
configuration.

    By default 
"node_modules" folder 
is ignored by 
transformers.

    Here's what you 
can do:
     ΓÇó If you are 
trying to use 
ECMAScript Modules, 
see https://jestjs.io/
docs/ecmascript-module
s for how to enable 
it.
     ΓÇó If you are 
trying to use 
TypeScript, see https:
//jestjs.io/docs/getti
ng-started#using-types
cript
     ΓÇó To have some 
of your 
"node_modules" files 
transformed, you can 
specify a custom "tran
sformIgnorePatterns" 
in your config.
     ΓÇó If you need 
a custom 
transformation 
specify a "transform" 
option in your config.
     ΓÇó If you 
simply want to mock 
your non-JS modules 
(e.g. binary assets) 
you can stub them out 
with the 
"moduleNameMapper" 
config option.

    You'll find more 
details and examples 
of these config 
options in the docs:
    https://jestjs.io/
docs/configuration
    For information 
about custom 
transformations, see:
    https://jestjs.io/
docs/code-transformati
on

    Details:

    SyntaxError: C:\Wo
rkspace_Melbin\fun_web
sites\3d_model_viewer\
src\ui\FeatureDiscover
yEngine.js: 'return' 
outside of function. 
(906:28)

    [0m [90m 904 
|[39m }
     [90m 905 |[39m 
        
[36mconst[39m 
usageCount 
[33m=[39m [33mObjec
t[39m[33m.[39mkeys(
[36mthis[39m[33m.[
39muserProfile[33m.[
39mfeatureUsage)[33m.
[39mlength[33m;[39m
    [31m[1m>[22m[3
9m[90m 906 |[39m    
     [36mif[39m 
(usageCount 
[33m<[39m 
[35m3[39m) 
[36mreturn[39m [32m
'beginner'[39m[33m;
[39m
     [90m     |[39m 
                      
      
[31m[1m^[22m[39m
     [90m 907 |[39m 
        [36mif[39m 
(usageCount 
[33m<[39m 
[35m8[39m) 
[36mreturn[39m [32m
'intermediate'[39m[3
3m;[39m
     [90m 908 |[39m 
        [36mif[39m 
(usageCount 
[33m<[39m 
[35m15[39m) 
[36mreturn[39m [32m
'advanced'[39m[33m;
[39m
     [90m 909 |[39m 
        
[36mreturn[39m [32m
'expert'[39m[33m;[3
9m[0m

    [0m [90m 39 
|[39m
     [90m 40 |[39m  
       [90m// Import 
module[39m
    [31m[1m>[22m[3
9m[90m 41 |[39m     
    [36mconst[39m 
module [33m=[39m 
[36mawait[39m [36mi
mport[39m([32m'../sr
c/ui/FeatureDiscoveryE
ngine.js'[39m)[33m;
[39m
     [90m    |[39m  
                      
[31m[1m^[22m[39m
     [90m 42 |[39m  
       [33mFeatureDis
coveryEngine[39m 
[33m=[39m module[33
m.[39m[33mFeatureDis
coveryEngine[39m[33m
;[39m
     [90m 43 |[39m  
       
     [90m 44 |[39m  
       
discoveryEngine 
[33m=[39m 
[36mnew[39m [33mFea
tureDiscoveryEngine[3
9m(mockCore)[33m;[39
m[0m

      at constructor (
node_modules/@babel/pa
rser/src/parse-error.t
s:95:45)
      at 
Parser.toParseError 
[as raise] (node_modul
es/@babel/parser/src/t
okenizer/index.ts:1503
:19)
      at Parser.raise 
[as 
parseReturnStatement] 
(node_modules/@babel/p
arser/src/parser/state
ment.ts:1098:12)
      at Parser.parseR
eturnStatement [as par
seStatementContent] (n
ode_modules/@babel/par
ser/src/parser/stateme
nt.ts:538:21)
      at Parser.parseS
tatementContent [as 
parseStatementLike] (n
ode_modules/@babel/par
ser/src/parser/stateme
nt.ts:477:17)
      at Parser.parseS
tatementLike [as parse
StatementOrSloppyAnnex
BFunctionDeclaration] 
(node_modules/@babel/p
arser/src/parser/state
ment.ts:446:17)
      at Parser.parseS
tatementOrSloppyAnnexB
FunctionDeclaration 
[as parseIfStatement] 
(node_modules/@babel/p
arser/src/parser/state
ment.ts:1089:28)
      at Parser.parseI
fStatement [as parseSt
atementContent] (node_
modules/@babel/parser/
src/parser/statement.t
s:536:21)
      at Parser.parseS
tatementContent [as 
parseStatementLike] (n
ode_modules/@babel/par
ser/src/parser/stateme
nt.ts:477:17)
      at Parser.parseS
tatementLike [as 
parseModuleItem] (node
_modules/@babel/parser
/src/parser/statement.
ts:414:17)
      at Parser.parseM
oduleItem [as parseBlo
ckOrModuleBlockBody] (
node_modules/@babel/pa
rser/src/parser/statem
ent.ts:1438:16)
      at Parser.parseB
lockOrModuleBlockBody 
[as parseBlockBody] (n
ode_modules/@babel/par
ser/src/parser/stateme
nt.ts:1412:10)
      at 
Parser.parseBlockBody 
[as parseProgram] (nod
e_modules/@babel/parse
r/src/parser/statement
.ts:229:10)
      at 
Parser.parseProgram 
[as parseTopLevel] (no
de_modules/@babel/pars
er/src/parser/statemen
t.ts:203:25)
      at 
Parser.parseTopLevel 
[as parse] (node_modul
es/@babel/parser/src/p
arser/index.ts:93:10)
      at parse (node_m
odules/@babel/parser/s
rc/index.ts:92:38)
      at parser (node_
modules/@babel/core/sr
c/parser/index.ts:28:1
9)
          at 
parser.next 
(<anonymous>)
      at 
normalizeFile (node_mo
dules/@babel/core/src/
transformation/normali
ze-file.ts:49:24)
          at 
normalizeFile.next 
(<anonymous>)
      at run (node_mod
ules/@babel/core/src/t
ransformation/index.ts
:40:36)
          at run.next 
(<anonymous>)
      at transform (no
de_modules/@babel/core
/src/transform.ts:29:2
0)
          at 
transform.next 
(<anonymous>)
      at evaluateSync 
(node_modules/gensync/
index.js:251:28)
      at sync (node_mo
dules/gensync/index.js
:89:14)
      at fn (node_modu
les/@babel/core/src/er
rors/rewrite-stack-tra
ce.ts:99:14)
      at 
transformSync (node_mo
dules/@babel/core/src/
transform.ts:66:52)
      at ScriptTransfo
rmer.transformSource (
node_modules/@jest/tra
nsform/build/ScriptTra
nsformer.js:545:31)
      at ScriptTransfo
rmer._transformAndBuil
dScript (node_modules/
@jest/transform/build/
ScriptTransformer.js:6
74:40)
      at ScriptTransfo
rmer.transform (node_m
odules/@jest/transform
/build/ScriptTransform
er.js:726:19)
      at require (test
/feature-discovery-eng
ine.test.js:41:24)
      at 
Object.<anonymous> (te
st/feature-discovery-e
ngine.test.js:41:24)

  ΓùÅ FeatureDiscovery
Engine ΓÇ║ User 
Profile Management 
ΓÇ║ should track 
feature preferences

    Jest encountered 
an unexpected token

    Jest failed to 
parse a file. This 
happens e.g. when 
your code or its 
dependencies use 
non-standard 
JavaScript syntax, or 
when Jest is not 
configured to support 
such syntax.

    Out of the box 
Jest supports Babel, 
which will be used to 
transform your files 
into valid JS based 
on your Babel 
configuration.

    By default 
"node_modules" folder 
is ignored by 
transformers.

    Here's what you 
can do:
     ΓÇó If you are 
trying to use 
ECMAScript Modules, 
see https://jestjs.io/
docs/ecmascript-module
s for how to enable 
it.
     ΓÇó If you are 
trying to use 
TypeScript, see https:
//jestjs.io/docs/getti
ng-started#using-types
cript
     ΓÇó To have some 
of your 
"node_modules" files 
transformed, you can 
specify a custom "tran
sformIgnorePatterns" 
in your config.
     ΓÇó If you need 
a custom 
transformation 
specify a "transform" 
option in your config.
     ΓÇó If you 
simply want to mock 
your non-JS modules 
(e.g. binary assets) 
you can stub them out 
with the 
"moduleNameMapper" 
config option.

    You'll find more 
details and examples 
of these config 
options in the docs:
    https://jestjs.io/
docs/configuration
    For information 
about custom 
transformations, see:
    https://jestjs.io/
docs/code-transformati
on

    Details:

    SyntaxError: C:\Wo
rkspace_Melbin\fun_web
sites\3d_model_viewer\
src\ui\FeatureDiscover
yEngine.js: 'return' 
outside of function. 
(906:28)

    [0m [90m 904 
|[39m }
     [90m 905 |[39m 
        
[36mconst[39m 
usageCount 
[33m=[39m [33mObjec
t[39m[33m.[39mkeys(
[36mthis[39m[33m.[
39muserProfile[33m.[
39mfeatureUsage)[33m.
[39mlength[33m;[39m
    [31m[1m>[22m[3
9m[90m 906 |[39m    
     [36mif[39m 
(usageCount 
[33m<[39m 
[35m3[39m) 
[36mreturn[39m [32m
'beginner'[39m[33m;
[39m
     [90m     |[39m 
                      
      
[31m[1m^[22m[39m
     [90m 907 |[39m 
        [36mif[39m 
(usageCount 
[33m<[39m 
[35m8[39m) 
[36mreturn[39m [32m
'intermediate'[39m[3
3m;[39m
     [90m 908 |[39m 
        [36mif[39m 
(usageCount 
[33m<[39m 
[35m15[39m) 
[36mreturn[39m [32m
'advanced'[39m[33m;
[39m
     [90m 909 |[39m 
        
[36mreturn[39m [32m
'expert'[39m[33m;[3
9m[0m

    [0m [90m 39 
|[39m
     [90m 40 |[39m  
       [90m// Import 
module[39m
    [31m[1m>[22m[3
9m[90m 41 |[39m     
    [36mconst[39m 
module [33m=[39m 
[36mawait[39m [36mi
mport[39m([32m'../sr
c/ui/FeatureDiscoveryE
ngine.js'[39m)[33m;
[39m
     [90m    |[39m  
                      
[31m[1m^[22m[39m
     [90m 42 |[39m  
       [33mFeatureDis
coveryEngine[39m 
[33m=[39m module[33
m.[39m[33mFeatureDis
coveryEngine[39m[33m
;[39m
     [90m 43 |[39m  
       
     [90m 44 |[39m  
       
discoveryEngine 
[33m=[39m 
[36mnew[39m [33mFea
tureDiscoveryEngine[3
9m(mockCore)[33m;[39
m[0m

      at constructor (
node_modules/@babel/pa
rser/src/parse-error.t
s:95:45)
      at 
Parser.toParseError 
[as raise] (node_modul
es/@babel/parser/src/t
okenizer/index.ts:1503
:19)
      at Parser.raise 
[as 
parseReturnStatement] 
(node_modules/@babel/p
arser/src/parser/state
ment.ts:1098:12)
      at Parser.parseR
eturnStatement [as par
seStatementContent] (n
ode_modules/@babel/par
ser/src/parser/stateme
nt.ts:538:21)
      at Parser.parseS
tatementContent [as 
parseStatementLike] (n
ode_modules/@babel/par
ser/src/parser/stateme
nt.ts:477:17)
      at Parser.parseS
tatementLike [as parse
StatementOrSloppyAnnex
BFunctionDeclaration] 
(node_modules/@babel/p
arser/src/parser/state
ment.ts:446:17)
      at Parser.parseS
tatementOrSloppyAnnexB
FunctionDeclaration 
[as parseIfStatement] 
(node_modules/@babel/p
arser/src/parser/state
ment.ts:1089:28)
      at Parser.parseI
fStatement [as parseSt
atementContent] (node_
modules/@babel/parser/
src/parser/statement.t
s:536:21)
      at Parser.parseS
tatementContent [as 
parseStatementLike] (n
ode_modules/@babel/par
ser/src/parser/stateme
nt.ts:477:17)
      at Parser.parseS
tatementLike [as 
parseModuleItem] (node
_modules/@babel/parser
/src/parser/statement.
ts:414:17)
      at Parser.parseM
oduleItem [as parseBlo
ckOrModuleBlockBody] (
node_modules/@babel/pa
rser/src/parser/statem
ent.ts:1438:16)
      at Parser.parseB
lockOrModuleBlockBody 
[as parseBlockBody] (n
ode_modules/@babel/par
ser/src/parser/stateme
nt.ts:1412:10)
      at 
Parser.parseBlockBody 
[as parseProgram] (nod
e_modules/@babel/parse
r/src/parser/statement
.ts:229:10)
      at 
Parser.parseProgram 
[as parseTopLevel] (no
de_modules/@babel/pars
er/src/parser/statemen
t.ts:203:25)
      at 
Parser.parseTopLevel 
[as parse] (node_modul
es/@babel/parser/src/p
arser/index.ts:93:10)
      at parse (node_m
odules/@babel/parser/s
rc/index.ts:92:38)
      at parser (node_
modules/@babel/core/sr
c/parser/index.ts:28:1
9)
          at 
parser.next 
(<anonymous>)
      at 
normalizeFile (node_mo
dules/@babel/core/src/
transformation/normali
ze-file.ts:49:24)
          at 
normalizeFile.next 
(<anonymous>)
      at run (node_mod
ules/@babel/core/src/t
ransformation/index.ts
:40:36)
          at run.next 
(<anonymous>)
      at transform (no
de_modules/@babel/core
/src/transform.ts:29:2
0)
          at 
transform.next 
(<anonymous>)
      at evaluateSync 
(node_modules/gensync/
index.js:251:28)
      at sync (node_mo
dules/gensync/index.js
:89:14)
      at fn (node_modu
les/@babel/core/src/er
rors/rewrite-stack-tra
ce.ts:99:14)
      at 
transformSync (node_mo
dules/@babel/core/src/
transform.ts:66:52)
      at ScriptTransfo
rmer.transformSource (
node_modules/@jest/tra
nsform/build/ScriptTra
nsformer.js:545:31)
      at ScriptTransfo
rmer._transformAndBuil
dScript (node_modules/
@jest/transform/build/
ScriptTransformer.js:6
74:40)
      at ScriptTransfo
rmer.transform (node_m
odules/@jest/transform
/build/ScriptTransform
er.js:726:19)
      at require (test
/feature-discovery-eng
ine.test.js:41:24)
      at 
Object.<anonymous> (te
st/feature-discovery-e
ngine.test.js:41:24)

  ΓùÅ FeatureDiscovery
Engine ΓÇ║ User 
Profile Management 
ΓÇ║ should calculate 
user engagement score

    Jest encountered 
an unexpected token

    Jest failed to 
parse a file. This 
happens e.g. when 
your code or its 
dependencies use 
non-standard 
JavaScript syntax, or 
when Jest is not 
configured to support 
such syntax.

    Out of the box 
Jest supports Babel, 
which will be used to 
transform your files 
into valid JS based 
on your Babel 
configuration.

    By default 
"node_modules" folder 
is ignored by 
transformers.

    Here's what you 
can do:
     ΓÇó If you are 
trying to use 
ECMAScript Modules, 
see https://jestjs.io/
docs/ecmascript-module
s for how to enable 
it.
     ΓÇó If you are 
trying to use 
TypeScript, see https:
//jestjs.io/docs/getti
ng-started#using-types
cript
     ΓÇó To have some 
of your 
"node_modules" files 
transformed, you can 
specify a custom "tran
sformIgnorePatterns" 
in your config.
     ΓÇó If you need 
a custom 
transformation 
specify a "transform" 
option in your config.
     ΓÇó If you 
simply want to mock 
your non-JS modules 
(e.g. binary assets) 
you can stub them out 
with the 
"moduleNameMapper" 
config option.

    You'll find more 
details and examples 
of these config 
options in the docs:
    https://jestjs.io/
docs/configuration
    For information 
about custom 
transformations, see:
    https://jestjs.io/
docs/code-transformati
on

    Details:

    SyntaxError: C:\Wo
rkspace_Melbin\fun_web
sites\3d_model_viewer\
src\ui\FeatureDiscover
yEngine.js: 'return' 
outside of function. 
(906:28)

    [0m [90m 904 
|[39m }
     [90m 905 |[39m 
        
[36mconst[39m 
usageCount 
[33m=[39m [33mObjec
t[39m[33m.[39mkeys(
[36mthis[39m[33m.[
39muserProfile[33m.[
39mfeatureUsage)[33m.
[39mlength[33m;[39m
    [31m[1m>[22m[3
9m[90m 906 |[39m    
     [36mif[39m 
(usageCount 
[33m<[39m 
[35m3[39m) 
[36mreturn[39m [32m
'beginner'[39m[33m;
[39m
     [90m     |[39m 
                      
      
[31m[1m^[22m[39m
     [90m 907 |[39m 
        [36mif[39m 
(usageCount 
[33m<[39m 
[35m8[39m) 
[36mreturn[39m [32m
'intermediate'[39m[3
3m;[39m
     [90m 908 |[39m 
        [36mif[39m 
(usageCount 
[33m<[39m 
[35m15[39m) 
[36mreturn[39m [32m
'advanced'[39m[33m;
[39m
     [90m 909 |[39m 
        
[36mreturn[39m [32m
'expert'[39m[33m;[3
9m[0m

    [0m [90m 39 
|[39m
     [90m 40 |[39m  
       [90m// Import 
module[39m
    [31m[1m>[22m[3
9m[90m 41 |[39m     
    [36mconst[39m 
module [33m=[39m 
[36mawait[39m [36mi
mport[39m([32m'../sr
c/ui/FeatureDiscoveryE
ngine.js'[39m)[33m;
[39m
     [90m    |[39m  
                      
[31m[1m^[22m[39m
     [90m 42 |[39m  
       [33mFeatureDis
coveryEngine[39m 
[33m=[39m module[33
m.[39m[33mFeatureDis
coveryEngine[39m[33m
;[39m
     [90m 43 |[39m  
       
     [90m 44 |[39m  
       
discoveryEngine 
[33m=[39m 
[36mnew[39m [33mFea
tureDiscoveryEngine[3
9m(mockCore)[33m;[39
m[0m

      at constructor (
node_modules/@babel/pa
rser/src/parse-error.t
s:95:45)
      at 
Parser.toParseError 
[as raise] (node_modul
es/@babel/parser/src/t
okenizer/index.ts:1503
:19)
      at Parser.raise 
[as 
parseReturnStatement] 
(node_modules/@babel/p
arser/src/parser/state
ment.ts:1098:12)
      at Parser.parseR
eturnStatement [as par
seStatementContent] (n
ode_modules/@babel/par
ser/src/parser/stateme
nt.ts:538:21)
      at Parser.parseS
tatementContent [as 
parseStatementLike] (n
ode_modules/@babel/par
ser/src/parser/stateme
nt.ts:477:17)
      at Parser.parseS
tatementLike [as parse
StatementOrSloppyAnnex
BFunctionDeclaration] 
(node_modules/@babel/p
arser/src/parser/state
ment.ts:446:17)
      at Parser.parseS
tatementOrSloppyAnnexB
FunctionDeclaration 
[as parseIfStatement] 
(node_modules/@babel/p
arser/src/parser/state
ment.ts:1089:28)
      at Parser.parseI
fStatement [as parseSt
atementContent] (node_
modules/@babel/parser/
src/parser/statement.t
s:536:21)
      at Parser.parseS
tatementContent [as 
parseStatementLike] (n
ode_modules/@babel/par
ser/src/parser/stateme
nt.ts:477:17)
      at Parser.parseS
tatementLike [as 
parseModuleItem] (node
_modules/@babel/parser
/src/parser/statement.
ts:414:17)
      at Parser.parseM
oduleItem [as parseBlo
ckOrModuleBlockBody] (
node_modules/@babel/pa
rser/src/parser/statem
ent.ts:1438:16)
      at Parser.parseB
lockOrModuleBlockBody 
[as parseBlockBody] (n
ode_modules/@babel/par
ser/src/parser/stateme
nt.ts:1412:10)
      at 
Parser.parseBlockBody 
[as parseProgram] (nod
e_modules/@babel/parse
r/src/parser/statement
.ts:229:10)
      at 
Parser.parseProgram 
[as parseTopLevel] (no
de_modules/@babel/pars
er/src/parser/statemen
t.ts:203:25)
      at 
Parser.parseTopLevel 
[as parse] (node_modul
es/@babel/parser/src/p
arser/index.ts:93:10)
      at parse (node_m
odules/@babel/parser/s
rc/index.ts:92:38)
      at parser (node_
modules/@babel/core/sr
c/parser/index.ts:28:1
9)
          at 
parser.next 
(<anonymous>)
      at 
normalizeFile (node_mo
dules/@babel/core/src/
transformation/normali
ze-file.ts:49:24)
          at 
normalizeFile.next 
(<anonymous>)
      at run (node_mod
ules/@babel/core/src/t
ransformation/index.ts
:40:36)
          at run.next 
(<anonymous>)
      at transform (no
de_modules/@babel/core
/src/transform.ts:29:2
0)
          at 
transform.next 
(<anonymous>)
      at evaluateSync 
(node_modules/gensync/
index.js:251:28)
      at sync (node_mo
dules/gensync/index.js
:89:14)
      at fn (node_modu
les/@babel/core/src/er
rors/rewrite-stack-tra
ce.ts:99:14)
      at 
transformSync (node_mo
dules/@babel/core/src/
transform.ts:66:52)
      at ScriptTransfo
rmer.transformSource (
node_modules/@jest/tra
nsform/build/ScriptTra
nsformer.js:545:31)
      at ScriptTransfo
rmer._transformAndBuil
dScript (node_modules/
@jest/transform/build/
ScriptTransformer.js:6
74:40)
      at ScriptTransfo
rmer.transform (node_m
odules/@jest/transform
/build/ScriptTransform
er.js:726:19)
      at require (test
/feature-discovery-eng
ine.test.js:41:24)
      at 
Object.<anonymous> (te
st/feature-discovery-e
ngine.test.js:41:24)

  ΓùÅ FeatureDiscovery
Engine ΓÇ║ Feature 
Usage Tracking ΓÇ║ 
should track feature 
usage

    Jest encountered 
an unexpected token

    Jest failed to 
parse a file. This 
happens e.g. when 
your code or its 
dependencies use 
non-standard 
JavaScript syntax, or 
when Jest is not 
configured to support 
such syntax.

    Out of the box 
Jest supports Babel, 
which will be used to 
transform your files 
into valid JS based 
on your Babel 
configuration.

    By default 
"node_modules" folder 
is ignored by 
transformers.

    Here's what you 
can do:
     ΓÇó If you are 
trying to use 
ECMAScript Modules, 
see https://jestjs.io/
docs/ecmascript-module
s for how to enable 
it.
     ΓÇó If you are 
trying to use 
TypeScript, see https:
//jestjs.io/docs/getti
ng-started#using-types
cript
     ΓÇó To have some 
of your 
"node_modules" files 
transformed, you can 
specify a custom "tran
sformIgnorePatterns" 
in your config.
     ΓÇó If you need 
a custom 
transformation 
specify a "transform" 
option in your config.
     ΓÇó If you 
simply want to mock 
your non-JS modules 
(e.g. binary assets) 
you can stub them out 
with the 
"moduleNameMapper" 
config option.

    You'll find more 
details and examples 
of these config 
options in the docs:
    https://jestjs.io/
docs/configuration
    For information 
about custom 
transformations, see:
    https://jestjs.io/
docs/code-transformati
on

    Details:

    SyntaxError: C:\Wo
rkspace_Melbin\fun_web
sites\3d_model_viewer\
src\ui\FeatureDiscover
yEngine.js: 'return' 
outside of function. 
(906:28)

    [0m [90m 904 
|[39m }
     [90m 905 |[39m 
        
[36mconst[39m 
usageCount 
[33m=[39m [33mObjec
t[39m[33m.[39mkeys(
[36mthis[39m[33m.[
39muserProfile[33m.[
39mfeatureUsage)[33m.
[39mlength[33m;[39m
    [31m[1m>[22m[3
9m[90m 906 |[39m    
     [36mif[39m 
(usageCount 
[33m<[39m 
[35m3[39m) 
[36mreturn[39m [32m
'beginner'[39m[33m;
[39m
     [90m     |[39m 
                      
      
[31m[1m^[22m[39m
     [90m 907 |[39m 
        [36mif[39m 
(usageCount 
[33m<[39m 
[35m8[39m) 
[36mreturn[39m [32m
'intermediate'[39m[3
3m;[39m
     [90m 908 |[39m 
        [36mif[39m 
(usageCount 
[33m<[39m 
[35m15[39m) 
[36mreturn[39m [32m
'advanced'[39m[33m;
[39m
     [90m 909 |[39m 
        
[36mreturn[39m [32m
'expert'[39m[33m;[3
9m[0m

    [0m [90m 39 
|[39m
     [90m 40 |[39m  
       [90m// Import 
module[39m
    [31m[1m>[22m[3
9m[90m 41 |[39m     
    [36mconst[39m 
module [33m=[39m 
[36mawait[39m [36mi
mport[39m([32m'../sr
c/ui/FeatureDiscoveryE
ngine.js'[39m)[33m;
[39m
     [90m    |[39m  
                      
[31m[1m^[22m[39m
     [90m 42 |[39m  
       [33mFeatureDis
coveryEngine[39m 
[33m=[39m module[33
m.[39m[33mFeatureDis
coveryEngine[39m[33m
;[39m
     [90m 43 |[39m  
       
     [90m 44 |[39m  
       
discoveryEngine 
[33m=[39m 
[36mnew[39m [33mFea
tureDiscoveryEngine[3
9m(mockCore)[33m;[39
m[0m

      at constructor (
node_modules/@babel/pa
rser/src/parse-error.t
s:95:45)
      at 
Parser.toParseError 
[as raise] (node_modul
es/@babel/parser/src/t
okenizer/index.ts:1503
:19)
      at Parser.raise 
[as 
parseReturnStatement] 
(node_modules/@babel/p
arser/src/parser/state
ment.ts:1098:12)
      at Parser.parseR
eturnStatement [as par
seStatementContent] (n
ode_modules/@babel/par
ser/src/parser/stateme
nt.ts:538:21)
      at Parser.parseS
tatementContent [as 
parseStatementLike] (n
ode_modules/@babel/par
ser/src/parser/stateme
nt.ts:477:17)
      at Parser.parseS
tatementLike [as parse
StatementOrSloppyAnnex
BFunctionDeclaration] 
(node_modules/@babel/p
arser/src/parser/state
ment.ts:446:17)
      at Parser.parseS
tatementOrSloppyAnnexB
FunctionDeclaration 
[as parseIfStatement] 
(node_modules/@babel/p
arser/src/parser/state
ment.ts:1089:28)
      at Parser.parseI
fStatement [as parseSt
atementContent] (node_
modules/@babel/parser/
src/parser/statement.t
s:536:21)
      at Parser.parseS
tatementContent [as 
parseStatementLike] (n
ode_modules/@babel/par
ser/src/parser/stateme
nt.ts:477:17)
      at Parser.parseS
tatementLike [as 
parseModuleItem] (node
_modules/@babel/parser
/src/parser/statement.
ts:414:17)
      at Parser.parseM
oduleItem [as parseBlo
ckOrModuleBlockBody] (
node_modules/@babel/pa
rser/src/parser/statem
ent.ts:1438:16)
      at Parser.parseB
lockOrModuleBlockBody 
[as parseBlockBody] (n
ode_modules/@babel/par
ser/src/parser/stateme
nt.ts:1412:10)
      at 
Parser.parseBlockBody 
[as parseProgram] (nod
e_modules/@babel/parse
r/src/parser/statement
.ts:229:10)
      at 
Parser.parseProgram 
[as parseTopLevel] (no
de_modules/@babel/pars
er/src/parser/statemen
t.ts:203:25)
      at 
Parser.parseTopLevel 
[as parse] (node_modul
es/@babel/parser/src/p
arser/index.ts:93:10)
      at parse (node_m
odules/@babel/parser/s
rc/index.ts:92:38)
      at parser (node_
modules/@babel/core/sr
c/parser/index.ts:28:1
9)
          at 
parser.next 
(<anonymous>)
      at 
normalizeFile (node_mo
dules/@babel/core/src/
transformation/normali
ze-file.ts:49:24)
          at 
normalizeFile.next 
(<anonymous>)
      at run (node_mod
ules/@babel/core/src/t
ransformation/index.ts
:40:36)
          at run.next 
(<anonymous>)
      at transform (no
de_modules/@babel/core
/src/transform.ts:29:2
0)
          at 
transform.next 
(<anonymous>)
      at evaluateSync 
(node_modules/gensync/
index.js:251:28)
      at sync (node_mo
dules/gensync/index.js
:89:14)
      at fn (node_modu
les/@babel/core/src/er
rors/rewrite-stack-tra
ce.ts:99:14)
      at 
transformSync (node_mo
dules/@babel/core/src/
transform.ts:66:52)
      at ScriptTransfo
rmer.transformSource (
node_modules/@jest/tra
nsform/build/ScriptTra
nsformer.js:545:31)
      at ScriptTransfo
rmer._transformAndBuil
dScript (node_modules/
@jest/transform/build/
ScriptTransformer.js:6
74:40)
      at ScriptTransfo
rmer.transform (node_m
odules/@jest/transform
/build/ScriptTransform
er.js:726:19)
      at require (test
/feature-discovery-eng
ine.test.js:41:24)
      at 
Object.<anonymous> (te
st/feature-discovery-e
ngine.test.js:41:24)

  ΓùÅ FeatureDiscovery
Engine ΓÇ║ Feature 
Usage Tracking ΓÇ║ 
should increment 
usage count

    Jest encountered 
an unexpected token

    Jest failed to 
parse a file. This 
happens e.g. when 
your code or its 
dependencies use 
non-standard 
JavaScript syntax, or 
when Jest is not 
configured to support 
such syntax.

    Out of the box 
Jest supports Babel, 
which will be used to 
transform your files 
into valid JS based 
on your Babel 
configuration.

    By default 
"node_modules" folder 
is ignored by 
transformers.

    Here's what you 
can do:
     ΓÇó If you are 
trying to use 
ECMAScript Modules, 
see https://jestjs.io/
docs/ecmascript-module
s for how to enable 
it.
     ΓÇó If you are 
trying to use 
TypeScript, see https:
//jestjs.io/docs/getti
ng-started#using-types
cript
     ΓÇó To have some 
of your 
"node_modules" files 
transformed, you can 
specify a custom "tran
sformIgnorePatterns" 
in your config.
     ΓÇó If you need 
a custom 
transformation 
specify a "transform" 
option in your config.
     ΓÇó If you 
simply want to mock 
your non-JS modules 
(e.g. binary assets) 
you can stub them out 
with the 
"moduleNameMapper" 
config option.

    You'll find more 
details and examples 
of these config 
options in the docs:
    https://jestjs.io/
docs/configuration
    For information 
about custom 
transformations, see:
    https://jestjs.io/
docs/code-transformati
on

    Details:

    SyntaxError: C:\Wo
rkspace_Melbin\fun_web
sites\3d_model_viewer\
src\ui\FeatureDiscover
yEngine.js: 'return' 
outside of function. 
(906:28)

    [0m [90m 904 
|[39m }
     [90m 905 |[39m 
        
[36mconst[39m 
usageCount 
[33m=[39m [33mObjec
t[39m[33m.[39mkeys(
[36mthis[39m[33m.[
39muserProfile[33m.[
39mfeatureUsage)[33m.
[39mlength[33m;[39m
    [31m[1m>[22m[3
9m[90m 906 |[39m    
     [36mif[39m 
(usageCount 
[33m<[39m 
[35m3[39m) 
[36mreturn[39m [32m
'beginner'[39m[33m;
[39m
     [90m     |[39m 
                      
      
[31m[1m^[22m[39m
     [90m 907 |[39m 
        [36mif[39m 
(usageCount 
[33m<[39m 
[35m8[39m) 
[36mreturn[39m [32m
'intermediate'[39m[3
3m;[39m
     [90m 908 |[39m 
        [36mif[39m 
(usageCount 
[33m<[39m 
[35m15[39m) 
[36mreturn[39m [32m
'advanced'[39m[33m;
[39m
     [90m 909 |[39m 
        
[36mreturn[39m [32m
'expert'[39m[33m;[3
9m[0m

    [0m [90m 39 
|[39m
     [90m 40 |[39m  
       [90m// Import 
module[39m
    [31m[1m>[22m[3
9m[90m 41 |[39m     
    [36mconst[39m 
module [33m=[39m 
[36mawait[39m [36mi
mport[39m([32m'../sr
c/ui/FeatureDiscoveryE
ngine.js'[39m)[33m;
[39m
     [90m    |[39m  
                      
[31m[1m^[22m[39m
     [90m 42 |[39m  
       [33mFeatureDis
coveryEngine[39m 
[33m=[39m module[33
m.[39m[33mFeatureDis
coveryEngine[39m[33m
;[39m
     [90m 43 |[39m  
       
     [90m 44 |[39m  
       
discoveryEngine 
[33m=[39m 
[36mnew[39m [33mFea
tureDiscoveryEngine[3
9m(mockCore)[33m;[39
m[0m

      at constructor (
node_modules/@babel/pa
rser/src/parse-error.t
s:95:45)
      at 
Parser.toParseError 
[as raise] (node_modul
es/@babel/parser/src/t
okenizer/index.ts:1503
:19)
      at Parser.raise 
[as 
parseReturnStatement] 
(node_modules/@babel/p
arser/src/parser/state
ment.ts:1098:12)
      at Parser.parseR
eturnStatement [as par
seStatementContent] (n
ode_modules/@babel/par
ser/src/parser/stateme
nt.ts:538:21)
      at Parser.parseS
tatementContent [as 
parseStatementLike] (n
ode_modules/@babel/par
ser/src/parser/stateme
nt.ts:477:17)
      at Parser.parseS
tatementLike [as parse
StatementOrSloppyAnnex
BFunctionDeclaration] 
(node_modules/@babel/p
arser/src/parser/state
ment.ts:446:17)
      at Parser.parseS
tatementOrSloppyAnnexB
FunctionDeclaration 
[as parseIfStatement] 
(node_modules/@babel/p
arser/src/parser/state
ment.ts:1089:28)
      at Parser.parseI
fStatement [as parseSt
atementContent] (node_
modules/@babel/parser/
src/parser/statement.t
s:536:21)
      at Parser.parseS
tatementContent [as 
parseStatementLike] (n
ode_modules/@babel/par
ser/src/parser/stateme
nt.ts:477:17)
      at Parser.parseS
tatementLike [as 
parseModuleItem] (node
_modules/@babel/parser
/src/parser/statement.
ts:414:17)
      at Parser.parseM
oduleItem [as parseBlo
ckOrModuleBlockBody] (
node_modules/@babel/pa
rser/src/parser/statem
ent.ts:1438:16)
      at Parser.parseB
lockOrModuleBlockBody 
[as parseBlockBody] (n
ode_modules/@babel/par
ser/src/parser/stateme
nt.ts:1412:10)
      at 
Parser.parseBlockBody 
[as parseProgram] (nod
e_modules/@babel/parse
r/src/parser/statement
.ts:229:10)
      at 
Parser.parseProgram 
[as parseTopLevel] (no
de_modules/@babel/pars
er/src/parser/statemen
t.ts:203:25)
      at 
Parser.parseTopLevel 
[as parse] (node_modul
es/@babel/parser/src/p
arser/index.ts:93:10)
      at parse (node_m
odules/@babel/parser/s
rc/index.ts:92:38)
      at parser (node_
modules/@babel/core/sr
c/parser/index.ts:28:1
9)
          at 
parser.next 
(<anonymous>)
      at 
normalizeFile (node_mo
dules/@babel/core/src/
transformation/normali
ze-file.ts:49:24)
          at 
normalizeFile.next 
(<anonymous>)
      at run (node_mod
ules/@babel/core/src/t
ransformation/index.ts
:40:36)
          at run.next 
(<anonymous>)
      at transform (no
de_modules/@babel/core
/src/transform.ts:29:2
0)
          at 
transform.next 
(<anonymous>)
      at evaluateSync 
(node_modules/gensync/
index.js:251:28)
      at sync (node_mo
dules/gensync/index.js
:89:14)
      at fn (node_modu
les/@babel/core/src/er
rors/rewrite-stack-tra
ce.ts:99:14)
      at 
transformSync (node_mo
dules/@babel/core/src/
transform.ts:66:52)
      at ScriptTransfo
rmer.transformSource (
node_modules/@jest/tra
nsform/build/ScriptTra
nsformer.js:545:31)
      at ScriptTransfo
rmer._transformAndBuil
dScript (node_modules/
@jest/transform/build/
ScriptTransformer.js:6
74:40)
      at ScriptTransfo
rmer.transform (node_m
odules/@jest/transform
/build/ScriptTransform
er.js:726:19)
      at require (test
/feature-discovery-eng
ine.test.js:41:24)
      at 
Object.<anonymous> (te
st/feature-discovery-e
ngine.test.js:41:24)

  ΓùÅ FeatureDiscovery
Engine ΓÇ║ Feature 
Usage Tracking ΓÇ║ 
should track usage 
timestamp

    Jest encountered 
an unexpected token

    Jest failed to 
parse a file. This 
happens e.g. when 
your code or its 
dependencies use 
non-standard 
JavaScript syntax, or 
when Jest is not 
configured to support 
such syntax.

    Out of the box 
Jest supports Babel, 
which will be used to 
transform your files 
into valid JS based 
on your Babel 
configuration.

    By default 
"node_modules" folder 
is ignored by 
transformers.

    Here's what you 
can do:
     ΓÇó If you are 
trying to use 
ECMAScript Modules, 
see https://jestjs.io/
docs/ecmascript-module
s for how to enable 
it.
     ΓÇó If you are 
trying to use 
TypeScript, see https:
//jestjs.io/docs/getti
ng-started#using-types
cript
     ΓÇó To have some 
of your 
"node_modules" files 
transformed, you can 
specify a custom "tran
sformIgnorePatterns" 
in your config.
     ΓÇó If you need 
a custom 
transformation 
specify a "transform" 
option in your config.
     ΓÇó If you 
simply want to mock 
your non-JS modules 
(e.g. binary assets) 
you can stub them out 
with the 
"moduleNameMapper" 
config option.

    You'll find more 
details and examples 
of these config 
options in the docs:
    https://jestjs.io/
docs/configuration
    For information 
about custom 
transformations, see:
    https://jestjs.io/
docs/code-transformati
on

    Details:

    SyntaxError: C:\Wo
rkspace_Melbin\fun_web
sites\3d_model_viewer\
src\ui\FeatureDiscover
yEngine.js: 'return' 
outside of function. 
(906:28)

    [0m [90m 904 
|[39m }
     [90m 905 |[39m 
        
[36mconst[39m 
usageCount 
[33m=[39m [33mObjec
t[39m[33m.[39mkeys(
[36mthis[39m[33m.[
39muserProfile[33m.[
39mfeatureUsage)[33m.
[39mlength[33m;[39m
    [31m[1m>[22m[3
9m[90m 906 |[39m    
     [36mif[39m 
(usageCount 
[33m<[39m 
[35m3[39m) 
[36mreturn[39m [32m
'beginner'[39m[33m;
[39m
     [90m     |[39m 
                      
      
[31m[1m^[22m[39m
     [90m 907 |[39m 
        [36mif[39m 
(usageCount 
[33m<[39m 
[35m8[39m) 
[36mreturn[39m [32m
'intermediate'[39m[3
3m;[39m
     [90m 908 |[39m 
        [36mif[39m 
(usageCount 
[33m<[39m 
[35m15[39m) 
[36mreturn[39m [32m
'advanced'[39m[33m;
[39m
     [90m 909 |[39m 
        
[36mreturn[39m [32m
'expert'[39m[33m;[3
9m[0m

    [0m [90m 39 
|[39m
     [90m 40 |[39m  
       [90m// Import 
module[39m
    [31m[1m>[22m[3
9m[90m 41 |[39m     
    [36mconst[39m 
module [33m=[39m 
[36mawait[39m [36mi
mport[39m([32m'../sr
c/ui/FeatureDiscoveryE
ngine.js'[39m)[33m;
[39m
     [90m    |[39m  
                      
[31m[1m^[22m[39m
     [90m 42 |[39m  
       [33mFeatureDis
coveryEngine[39m 
[33m=[39m module[33
m.[39m[33mFeatureDis
coveryEngine[39m[33m
;[39m
     [90m 43 |[39m  
       
     [90m 44 |[39m  
       
discoveryEngine 
[33m=[39m 
[36mnew[39m [33mFea
tureDiscoveryEngine[3
9m(mockCore)[33m;[39
m[0m

      at constructor (
node_modules/@babel/pa
rser/src/parse-error.t
s:95:45)
      at 
Parser.toParseError 
[as raise] (node_modul
es/@babel/parser/src/t
okenizer/index.ts:1503
:19)
      at Parser.raise 
[as 
parseReturnStatement] 
(node_modules/@babel/p
arser/src/parser/state
ment.ts:1098:12)
      at Parser.parseR
eturnStatement [as par
seStatementContent] (n
ode_modules/@babel/par
ser/src/parser/stateme
nt.ts:538:21)
      at Parser.parseS
tatementContent [as 
parseStatementLike] (n
ode_modules/@babel/par
ser/src/parser/stateme
nt.ts:477:17)
      at Parser.parseS
tatementLike [as parse
StatementOrSloppyAnnex
BFunctionDeclaration] 
(node_modules/@babel/p
arser/src/parser/state
ment.ts:446:17)
      at Parser.parseS
tatementOrSloppyAnnexB
FunctionDeclaration 
[as parseIfStatement] 
(node_modules/@babel/p
arser/src/parser/state
ment.ts:1089:28)
      at Parser.parseI
fStatement [as parseSt
atementContent] (node_
modules/@babel/parser/
src/parser/statement.t
s:536:21)
      at Parser.parseS
tatementContent [as 
parseStatementLike] (n
ode_modules/@babel/par
ser/src/parser/stateme
nt.ts:477:17)
      at Parser.parseS
tatementLike [as 
parseModuleItem] (node
_modules/@babel/parser
/src/parser/statement.
ts:414:17)
      at Parser.parseM
oduleItem [as parseBlo
ckOrModuleBlockBody] (
node_modules/@babel/pa
rser/src/parser/statem
ent.ts:1438:16)
      at Parser.parseB
lockOrModuleBlockBody 
[as parseBlockBody] (n
ode_modules/@babel/par
ser/src/parser/stateme
nt.ts:1412:10)
      at 
Parser.parseBlockBody 
[as parseProgram] (nod
e_modules/@babel/parse
r/src/parser/statement
.ts:229:10)
      at 
Parser.parseProgram 
[as parseTopLevel] (no
de_modules/@babel/pars
er/src/parser/statemen
t.ts:203:25)
      at 
Parser.parseTopLevel 
[as parse] (node_modul
es/@babel/parser/src/p
arser/index.ts:93:10)
      at parse (node_m
odules/@babel/parser/s
rc/index.ts:92:38)
      at parser (node_
modules/@babel/core/sr
c/parser/index.ts:28:1
9)
          at 
parser.next 
(<anonymous>)
      at 
normalizeFile (node_mo
dules/@babel/core/src/
transformation/normali
ze-file.ts:49:24)
          at 
normalizeFile.next 
(<anonymous>)
      at run (node_mod
ules/@babel/core/src/t
ransformation/index.ts
:40:36)
          at run.next 
(<anonymous>)
      at transform (no
de_modules/@babel/core
/src/transform.ts:29:2
0)
          at 
transform.next 
(<anonymous>)
      at evaluateSync 
(node_modules/gensync/
index.js:251:28)
      at sync (node_mo
dules/gensync/index.js
:89:14)
      at fn (node_modu
les/@babel/core/src/er
rors/rewrite-stack-tra
ce.ts:99:14)
      at 
transformSync (node_mo
dules/@babel/core/src/
transform.ts:66:52)
      at ScriptTransfo
rmer.transformSource (
node_modules/@jest/tra
nsform/build/ScriptTra
nsformer.js:545:31)
      at ScriptTransfo
rmer._transformAndBuil
dScript (node_modules/
@jest/transform/build/
ScriptTransformer.js:6
74:40)
      at ScriptTransfo
rmer.transform (node_m
odules/@jest/transform
/build/ScriptTransform
er.js:726:19)
      at require (test
/feature-discovery-eng
ine.test.js:41:24)
      at 
Object.<anonymous> (te
st/feature-discovery-e
ngine.test.js:41:24)

  ΓùÅ FeatureDiscovery
Engine ΓÇ║ Feature 
Usage Tracking ΓÇ║ 
should track usage 
context

    Jest encountered 
an unexpected token

    Jest failed to 
parse a file. This 
happens e.g. when 
your code or its 
dependencies use 
non-standard 
JavaScript syntax, or 
when Jest is not 
configured to support 
such syntax.

    Out of the box 
Jest supports Babel, 
which will be used to 
transform your files 
into valid JS based 
on your Babel 
configuration.

    By default 
"node_modules" folder 
is ignored by 
transformers.

    Here's what you 
can do:
     ΓÇó If you are 
trying to use 
ECMAScript Modules, 
see https://jestjs.io/
docs/ecmascript-module
s for how to enable 
it.
     ΓÇó If you are 
trying to use 
TypeScript, see https:
//jestjs.io/docs/getti
ng-started#using-types
cript
     ΓÇó To have some 
of your 
"node_modules" files 
transformed, you can 
specify a custom "tran
sformIgnorePatterns" 
in your config.
     ΓÇó If you need 
a custom 
transformation 
specify a "transform" 
option in your config.
     ΓÇó If you 
simply want to mock 
your non-JS modules 
(e.g. binary assets) 
you can stub them out 
with the 
"moduleNameMapper" 
config option.

    You'll find more 
details and examples 
of these config 
options in the docs:
    https://jestjs.io/
docs/configuration
    For information 
about custom 
transformations, see:
    https://jestjs.io/
docs/code-transformati
on

    Details:

    SyntaxError: C:\Wo
rkspace_Melbin\fun_web
sites\3d_model_viewer\
src\ui\FeatureDiscover
yEngine.js: 'return' 
outside of function. 
(906:28)

    [0m [90m 904 
|[39m }
     [90m 905 |[39m 
        
[36mconst[39m 
usageCount 
[33m=[39m [33mObjec
t[39m[33m.[39mkeys(
[36mthis[39m[33m.[
39muserProfile[33m.[
39mfeatureUsage)[33m.
[39mlength[33m;[39m
    [31m[1m>[22m[3
9m[90m 906 |[39m    
     [36mif[39m 
(usageCount 
[33m<[39m 
[35m3[39m) 
[36mreturn[39m [32m
'beginner'[39m[33m;
[39m
     [90m     |[39m 
                      
      
[31m[1m^[22m[39m
     [90m 907 |[39m 
        [36mif[39m 
(usageCount 
[33m<[39m 
[35m8[39m) 
[36mreturn[39m [32m
'intermediate'[39m[3
3m;[39m
     [90m 908 |[39m 
        [36mif[39m 
(usageCount 
[33m<[39m 
[35m15[39m) 
[36mreturn[39m [32m
'advanced'[39m[33m;
[39m
     [90m 909 |[39m 
        
[36mreturn[39m [32m
'expert'[39m[33m;[3
9m[0m

    [0m [90m 39 
|[39m
     [90m 40 |[39m  
       [90m// Import 
module[39m
    [31m[1m>[22m[3
9m[90m 41 |[39m     
    [36mconst[39m 
module [33m=[39m 
[36mawait[39m [36mi
mport[39m([32m'../sr
c/ui/FeatureDiscoveryE
ngine.js'[39m)[33m;
[39m
     [90m    |[39m  
                      
[31m[1m^[22m[39m
     [90m 42 |[39m  
       [33mFeatureDis
coveryEngine[39m 
[33m=[39m module[33
m.[39m[33mFeatureDis
coveryEngine[39m[33m
;[39m
     [90m 43 |[39m  
       
     [90m 44 |[39m  
       
discoveryEngine 
[33m=[39m 
[36mnew[39m [33mFea
tureDiscoveryEngine[3
9m(mockCore)[33m;[39
m[0m

      at constructor (
node_modules/@babel/pa
rser/src/parse-error.t
s:95:45)
      at 
Parser.toParseError 
[as raise] (node_modul
es/@babel/parser/src/t
okenizer/index.ts:1503
:19)
      at Parser.raise 
[as 
parseReturnStatement] 
(node_modules/@babel/p
arser/src/parser/state
ment.ts:1098:12)
      at Parser.parseR
eturnStatement [as par
seStatementContent] (n
ode_modules/@babel/par
ser/src/parser/stateme
nt.ts:538:21)
      at Parser.parseS
tatementContent [as 
parseStatementLike] (n
ode_modules/@babel/par
ser/src/parser/stateme
nt.ts:477:17)
      at Parser.parseS
tatementLike [as parse
StatementOrSloppyAnnex
BFunctionDeclaration] 
(node_modules/@babel/p
arser/src/parser/state
ment.ts:446:17)
      at Parser.parseS
tatementOrSloppyAnnexB
FunctionDeclaration 
[as parseIfStatement] 
(node_modules/@babel/p
arser/src/parser/state
ment.ts:1089:28)
      at Parser.parseI
fStatement [as parseSt
atementContent] (node_
modules/@babel/parser/
src/parser/statement.t
s:536:21)
      at Parser.parseS
tatementContent [as 
parseStatementLike] (n
ode_modules/@babel/par
ser/src/parser/stateme
nt.ts:477:17)
      at Parser.parseS
tatementLike [as 
parseModuleItem] (node
_modules/@babel/parser
/src/parser/statement.
ts:414:17)
      at Parser.parseM
oduleItem [as parseBlo
ckOrModuleBlockBody] (
node_modules/@babel/pa
rser/src/parser/statem
ent.ts:1438:16)
      at Parser.parseB
lockOrModuleBlockBody 
[as parseBlockBody] (n
ode_modules/@babel/par
ser/src/parser/stateme
nt.ts:1412:10)
      at 
Parser.parseBlockBody 
[as parseProgram] (nod
e_modules/@babel/parse
r/src/parser/statement
.ts:229:10)
      at 
Parser.parseProgram 
[as parseTopLevel] (no
de_modules/@babel/pars
er/src/parser/statemen
t.ts:203:25)
      at 
Parser.parseTopLevel 
[as parse] (node_modul
es/@babel/parser/src/p
arser/index.ts:93:10)
      at parse (node_m
odules/@babel/parser/s
rc/index.ts:92:38)
      at parser (node_
modules/@babel/core/sr
c/parser/index.ts:28:1
9)
          at 
parser.next 
(<anonymous>)
      at 
normalizeFile (node_mo
dules/@babel/core/src/
transformation/normali
ze-file.ts:49:24)
          at 
normalizeFile.next 
(<anonymous>)
      at run (node_mod
ules/@babel/core/src/t
ransformation/index.ts
:40:36)
          at run.next 
(<anonymous>)
      at transform (no
de_modules/@babel/core
/src/transform.ts:29:2
0)
          at 
transform.next 
(<anonymous>)
      at evaluateSync 
(node_modules/gensync/
index.js:251:28)
      at sync (node_mo
dules/gensync/index.js
:89:14)
      at fn (node_modu
les/@babel/core/src/er
rors/rewrite-stack-tra
ce.ts:99:14)
      at 
transformSync (node_mo
dules/@babel/core/src/
transform.ts:66:52)
      at ScriptTransfo
rmer.transformSource (
node_modules/@jest/tra
nsform/build/ScriptTra
nsformer.js:545:31)
      at ScriptTransfo
rmer._transformAndBuil
dScript (node_modules/
@jest/transform/build/
ScriptTransformer.js:6
74:40)
      at ScriptTransfo
rmer.transform (node_m
odules/@jest/transform
/build/ScriptTransform
er.js:726:19)
      at require (test
/feature-discovery-eng
ine.test.js:41:24)
      at 
Object.<anonymous> (te
st/feature-discovery-e
ngine.test.js:41:24)

  ΓùÅ FeatureDiscovery
Engine ΓÇ║ Feature 
Usage Tracking ΓÇ║ 
should limit usage 
history size

    Jest encountered 
an unexpected token

    Jest failed to 
parse a file. This 
happens e.g. when 
your code or its 
dependencies use 
non-standard 
JavaScript syntax, or 
when Jest is not 
configured to support 
such syntax.

    Out of the box 
Jest supports Babel, 
which will be used to 
transform your files 
into valid JS based 
on your Babel 
configuration.

    By default 
"node_modules" folder 
is ignored by 
transformers.

    Here's what you 
can do:
     ΓÇó If you are 
trying to use 
ECMAScript Modules, 
see https://jestjs.io/
docs/ecmascript-module
s for how to enable 
it.
     ΓÇó If you are 
trying to use 
TypeScript, see https:
//jestjs.io/docs/getti
ng-started#using-types
cript
     ΓÇó To have some 
of your 
"node_modules" files 
transformed, you can 
specify a custom "tran
sformIgnorePatterns" 
in your config.
     ΓÇó If you need 
a custom 
transformation 
specify a "transform" 
option in your config.
     ΓÇó If you 
simply want to mock 
your non-JS modules 
(e.g. binary assets) 
you can stub them out 
with the 
"moduleNameMapper" 
config option.

    You'll find more 
details and examples 
of these config 
options in the docs:
    https://jestjs.io/
docs/configuration
    For information 
about custom 
transformations, see:
    https://jestjs.io/
docs/code-transformati
on

    Details:

    SyntaxError: C:\Wo
rkspace_Melbin\fun_web
sites\3d_model_viewer\
src\ui\FeatureDiscover
yEngine.js: 'return' 
outside of function. 
(906:28)

    [0m [90m 904 
|[39m }
     [90m 905 |[39m 
        
[36mconst[39m 
usageCount 
[33m=[39m [33mObjec
t[39m[33m.[39mkeys(
[36mthis[39m[33m.[
39muserProfile[33m.[
39mfeatureUsage)[33m.
[39mlength[33m;[39m
    [31m[1m>[22m[3
9m[90m 906 |[39m    
     [36mif[39m 
(usageCount 
[33m<[39m 
[35m3[39m) 
[36mreturn[39m [32m
'beginner'[39m[33m;
[39m
     [90m     |[39m 
                      
      
[31m[1m^[22m[39m
     [90m 907 |[39m 
        [36mif[39m 
(usageCount 
[33m<[39m 
[35m8[39m) 
[36mreturn[39m [32m
'intermediate'[39m[3
3m;[39m
     [90m 908 |[39m 
        [36mif[39m 
(usageCount 
[33m<[39m 
[35m15[39m) 
[36mreturn[39m [32m
'advanced'[39m[33m;
[39m
     [90m 909 |[39m 
        
[36mreturn[39m [32m
'expert'[39m[33m;[3
9m[0m

    [0m [90m 39 
|[39m
     [90m 40 |[39m  
       [90m// Import 
module[39m
    [31m[1m>[22m[3
9m[90m 41 |[39m     
    [36mconst[39m 
module [33m=[39m 
[36mawait[39m [36mi
mport[39m([32m'../sr
c/ui/FeatureDiscoveryE
ngine.js'[39m)[33m;
[39m
     [90m    |[39m  
                      
[31m[1m^[22m[39m
     [90m 42 |[39m  
       [33mFeatureDis
coveryEngine[39m 
[33m=[39m module[33
m.[39m[33mFeatureDis
coveryEngine[39m[33m
;[39m
     [90m 43 |[39m  
       
     [90m 44 |[39m  
       
discoveryEngine 
[33m=[39m 
[36mnew[39m [33mFea
tureDiscoveryEngine[3
9m(mockCore)[33m;[39
m[0m

      at constructor (
node_modules/@babel/pa
rser/src/parse-error.t
s:95:45)
      at 
Parser.toParseError 
[as raise] (node_modul
es/@babel/parser/src/t
okenizer/index.ts:1503
:19)
      at Parser.raise 
[as 
parseReturnStatement] 
(node_modules/@babel/p
arser/src/parser/state
ment.ts:1098:12)
      at Parser.parseR
eturnStatement [as par
seStatementContent] (n
ode_modules/@babel/par
ser/src/parser/stateme
nt.ts:538:21)
      at Parser.parseS
tatementContent [as 
parseStatementLike] (n
ode_modules/@babel/par
ser/src/parser/stateme
nt.ts:477:17)
      at Parser.parseS
tatementLike [as parse
StatementOrSloppyAnnex
BFunctionDeclaration] 
(node_modules/@babel/p
arser/src/parser/state
ment.ts:446:17)
      at Parser.parseS
tatementOrSloppyAnnexB
FunctionDeclaration 
[as parseIfStatement] 
(node_modules/@babel/p
arser/src/parser/state
ment.ts:1089:28)
      at Parser.parseI
fStatement [as parseSt
atementContent] (node_
modules/@babel/parser/
src/parser/statement.t
s:536:21)
      at Parser.parseS
tatementContent [as 
parseStatementLike] (n
ode_modules/@babel/par
ser/src/parser/stateme
nt.ts:477:17)
      at Parser.parseS
tatementLike [as 
parseModuleItem] (node
_modules/@babel/parser
/src/parser/statement.
ts:414:17)
      at Parser.parseM
oduleItem [as parseBlo
ckOrModuleBlockBody] (
node_modules/@babel/pa
rser/src/parser/statem
ent.ts:1438:16)
      at Parser.parseB
lockOrModuleBlockBody 
[as parseBlockBody] (n
ode_modules/@babel/par
ser/src/parser/stateme
nt.ts:1412:10)
      at 
Parser.parseBlockBody 
[as parseProgram] (nod
e_modules/@babel/parse
r/src/parser/statement
.ts:229:10)
      at 
Parser.parseProgram 
[as parseTopLevel] (no
de_modules/@babel/pars
er/src/parser/statemen
t.ts:203:25)
      at 
Parser.parseTopLevel 
[as parse] (node_modul
es/@babel/parser/src/p
arser/index.ts:93:10)
      at parse (node_m
odules/@babel/parser/s
rc/index.ts:92:38)
      at parser (node_
modules/@babel/core/sr
c/parser/index.ts:28:1
9)
          at 
parser.next 
(<anonymous>)
      at 
normalizeFile (node_mo
dules/@babel/core/src/
transformation/normali
ze-file.ts:49:24)
          at 
normalizeFile.next 
(<anonymous>)
      at run (node_mod
ules/@babel/core/src/t
ransformation/index.ts
:40:36)
          at run.next 
(<anonymous>)
      at transform (no
de_modules/@babel/core
/src/transform.ts:29:2
0)
          at 
transform.next 
(<anonymous>)
      at evaluateSync 
(node_modules/gensync/
index.js:251:28)
      at sync (node_mo
dules/gensync/index.js
:89:14)
      at fn (node_modu
les/@babel/core/src/er
rors/rewrite-stack-tra
ce.ts:99:14)
      at 
transformSync (node_mo
dules/@babel/core/src/
transform.ts:66:52)
      at ScriptTransfo
rmer.transformSource (
node_modules/@jest/tra
nsform/build/ScriptTra
nsformer.js:545:31)
      at ScriptTransfo
rmer._transformAndBuil
dScript (node_modules/
@jest/transform/build/
ScriptTransformer.js:6
74:40)
      at ScriptTransfo
rmer.transform (node_m
odules/@jest/transform
/build/ScriptTransform
er.js:726:19)
      at require (test
/feature-discovery-eng
ine.test.js:41:24)
      at 
Object.<anonymous> (te
st/feature-discovery-e
ngine.test.js:41:24)

  ΓùÅ FeatureDiscovery
Engine ΓÇ║ Feature 
Suggestions ΓÇ║ 
should suggest 
relevant features

    Jest encountered 
an unexpected token

    Jest failed to 
parse a file. This 
happens e.g. when 
your code or its 
dependencies use 
non-standard 
JavaScript syntax, or 
when Jest is not 
configured to support 
such syntax.

    Out of the box 
Jest supports Babel, 
which will be used to 
transform your files 
into valid JS based 
on your Babel 
configuration.

    By default 
"node_modules" folder 
is ignored by 
transformers.

    Here's what you 
can do:
     ΓÇó If you are 
trying to use 
ECMAScript Modules, 
see https://jestjs.io/
docs/ecmascript-module
s for how to enable 
it.
     ΓÇó If you are 
trying to use 
TypeScript, see https:
//jestjs.io/docs/getti
ng-started#using-types
cript
     ΓÇó To have some 
of your 
"node_modules" files 
transformed, you can 
specify a custom "tran
sformIgnorePatterns" 
in your config.
     ΓÇó If you need 
a custom 
transformation 
specify a "transform" 
option in your config.
     ΓÇó If you 
simply want to mock 
your non-JS modules 
(e.g. binary assets) 
you can stub them out 
with the 
"moduleNameMapper" 
config option.

    You'll find more 
details and examples 
of these config 
options in the docs:
    https://jestjs.io/
docs/configuration
    For information 
about custom 
transformations, see:
    https://jestjs.io/
docs/code-transformati
on

    Details:

    SyntaxError: C:\Wo
rkspace_Melbin\fun_web
sites\3d_model_viewer\
src\ui\FeatureDiscover
yEngine.js: 'return' 
outside of function. 
(906:28)

    [0m [90m 904 
|[39m }
     [90m 905 |[39m 
        
[36mconst[39m 
usageCount 
[33m=[39m [33mObjec
t[39m[33m.[39mkeys(
[36mthis[39m[33m.[
39muserProfile[33m.[
39mfeatureUsage)[33m.
[39mlength[33m;[39m
    [31m[1m>[22m[3
9m[90m 906 |[39m    
     [36mif[39m 
(usageCount 
[33m<[39m 
[35m3[39m) 
[36mreturn[39m [32m
'beginner'[39m[33m;
[39m
     [90m     |[39m 
                      
      
[31m[1m^[22m[39m
     [90m 907 |[39m 
        [36mif[39m 
(usageCount 
[33m<[39m 
[35m8[39m) 
[36mreturn[39m [32m
'intermediate'[39m[3
3m;[39m
     [90m 908 |[39m 
        [36mif[39m 
(usageCount 
[33m<[39m 
[35m15[39m) 
[36mreturn[39m [32m
'advanced'[39m[33m;
[39m
     [90m 909 |[39m 
        
[36mreturn[39m [32m
'expert'[39m[33m;[3
9m[0m

    [0m [90m 39 
|[39m
     [90m 40 |[39m  
       [90m// Import 
module[39m
    [31m[1m>[22m[3
9m[90m 41 |[39m     
    [36mconst[39m 
module [33m=[39m 
[36mawait[39m [36mi
mport[39m([32m'../sr
c/ui/FeatureDiscoveryE
ngine.js'[39m)[33m;
[39m
     [90m    |[39m  
                      
[31m[1m^[22m[39m
     [90m 42 |[39m  
       [33mFeatureDis
coveryEngine[39m 
[33m=[39m module[33
m.[39m[33mFeatureDis
coveryEngine[39m[33m
;[39m
     [90m 43 |[39m  
       
     [90m 44 |[39m  
       
discoveryEngine 
[33m=[39m 
[36mnew[39m [33mFea
tureDiscoveryEngine[3
9m(mockCore)[33m;[39
m[0m

      at constructor (
node_modules/@babel/pa
rser/src/parse-error.t
s:95:45)
      at 
Parser.toParseError 
[as raise] (node_modul
es/@babel/parser/src/t
okenizer/index.ts:1503
:19)
      at Parser.raise 
[as 
parseReturnStatement] 
(node_modules/@babel/p
arser/src/parser/state
ment.ts:1098:12)
      at Parser.parseR
eturnStatement [as par
seStatementContent] (n
ode_modules/@babel/par
ser/src/parser/stateme
nt.ts:538:21)
      at Parser.parseS
tatementContent [as 
parseStatementLike] (n
ode_modules/@babel/par
ser/src/parser/stateme
nt.ts:477:17)
      at Parser.parseS
tatementLike [as parse
StatementOrSloppyAnnex
BFunctionDeclaration] 
(node_modules/@babel/p
arser/src/parser/state
ment.ts:446:17)
      at Parser.parseS
tatementOrSloppyAnnexB
FunctionDeclaration 
[as parseIfStatement] 
(node_modules/@babel/p
arser/src/parser/state
ment.ts:1089:28)
      at Parser.parseI
fStatement [as parseSt
atementContent] (node_
modules/@babel/parser/
src/parser/statement.t
s:536:21)
      at Parser.parseS
tatementContent [as 
parseStatementLike] (n
ode_modules/@babel/par
ser/src/parser/stateme
nt.ts:477:17)
      at Parser.parseS
tatementLike [as 
parseModuleItem] (node
_modules/@babel/parser
/src/parser/statement.
ts:414:17)
      at Parser.parseM
oduleItem [as parseBlo
ckOrModuleBlockBody] (
node_modules/@babel/pa
rser/src/parser/statem
ent.ts:1438:16)
      at Parser.parseB
lockOrModuleBlockBody 
[as parseBlockBody] (n
ode_modules/@babel/par
ser/src/parser/stateme
nt.ts:1412:10)
      at 
Parser.parseBlockBody 
[as parseProgram] (nod
e_modules/@babel/parse
r/src/parser/statement
.ts:229:10)
      at 
Parser.parseProgram 
[as parseTopLevel] (no
de_modules/@babel/pars
er/src/parser/statemen
t.ts:203:25)
      at 
Parser.parseTopLevel 
[as parse] (node_modul
es/@babel/parser/src/p
arser/index.ts:93:10)
      at parse (node_m
odules/@babel/parser/s
rc/index.ts:92:38)
      at parser (node_
modules/@babel/core/sr
c/parser/index.ts:28:1
9)
          at 
parser.next 
(<anonymous>)
      at 
normalizeFile (node_mo
dules/@babel/core/src/
transformation/normali
ze-file.ts:49:24)
          at 
normalizeFile.next 
(<anonymous>)
      at run (node_mod
ules/@babel/core/src/t
ransformation/index.ts
:40:36)
          at run.next 
(<anonymous>)
      at transform (no
de_modules/@babel/core
/src/transform.ts:29:2
0)
          at 
transform.next 
(<anonymous>)
      at evaluateSync 
(node_modules/gensync/
index.js:251:28)
      at sync (node_mo
dules/gensync/index.js
:89:14)
      at fn (node_modu
les/@babel/core/src/er
rors/rewrite-stack-tra
ce.ts:99:14)
      at 
transformSync (node_mo
dules/@babel/core/src/
transform.ts:66:52)
      at ScriptTransfo
rmer.transformSource (
node_modules/@jest/tra
nsform/build/ScriptTra
nsformer.js:545:31)
      at ScriptTransfo
rmer._transformAndBuil
dScript (node_modules/
@jest/transform/build/
ScriptTransformer.js:6
74:40)
      at ScriptTransfo
rmer.transform (node_m
odules/@jest/transform
/build/ScriptTransform
er.js:726:19)
      at require (test
/feature-discovery-eng
ine.test.js:41:24)
      at 
Object.<anonymous> (te
st/feature-discovery-e
ngine.test.js:41:24)

  ΓùÅ FeatureDiscovery
Engine ΓÇ║ Feature 
Suggestions ΓÇ║ 
should prioritize 
unused features

    Jest encountered 
an unexpected token

    Jest failed to 
parse a file. This 
happens e.g. when 
your code or its 
dependencies use 
non-standard 
JavaScript syntax, or 
when Jest is not 
configured to support 
such syntax.

    Out of the box 
Jest supports Babel, 
which will be used to 
transform your files 
into valid JS based 
on your Babel 
configuration.

    By default 
"node_modules" folder 
is ignored by 
transformers.

    Here's what you 
can do:
     ΓÇó If you are 
trying to use 
ECMAScript Modules, 
see https://jestjs.io/
docs/ecmascript-module
s for how to enable 
it.
     ΓÇó If you are 
trying to use 
TypeScript, see https:
//jestjs.io/docs/getti
ng-started#using-types
cript
     ΓÇó To have some 
of your 
"node_modules" files 
transformed, you can 
specify a custom "tran
sformIgnorePatterns" 
in your config.
     ΓÇó If you need 
a custom 
transformation 
specify a "transform" 
option in your config.
     ΓÇó If you 
simply want to mock 
your non-JS modules 
(e.g. binary assets) 
you can stub them out 
with the 
"moduleNameMapper" 
config option.

    You'll find more 
details and examples 
of these config 
options in the docs:
    https://jestjs.io/
docs/configuration
    For information 
about custom 
transformations, see:
    https://jestjs.io/
docs/code-transformati
on

    Details:

    SyntaxError: C:\Wo
rkspace_Melbin\fun_web
sites\3d_model_viewer\
src\ui\FeatureDiscover
yEngine.js: 'return' 
outside of function. 
(906:28)

    [0m [90m 904 
|[39m }
     [90m 905 |[39m 
        
[36mconst[39m 
usageCount 
[33m=[39m [33mObjec
t[39m[33m.[39mkeys(
[36mthis[39m[33m.[
39muserProfile[33m.[
39mfeatureUsage)[33m.
[39mlength[33m;[39m
    [31m[1m>[22m[3
9m[90m 906 |[39m    
     [36mif[39m 
(usageCount 
[33m<[39m 
[35m3[39m) 
[36mreturn[39m [32m
'beginner'[39m[33m;
[39m
     [90m     |[39m 
                      
      
[31m[1m^[22m[39m
     [90m 907 |[39m 
        [36mif[39m 
(usageCount 
[33m<[39m 
[35m8[39m) 
[36mreturn[39m [32m
'intermediate'[39m[3
3m;[39m
     [90m 908 |[39m 
        [36mif[39m 
(usageCount 
[33m<[39m 
[35m15[39m) 
[36mreturn[39m [32m
'advanced'[39m[33m;
[39m
     [90m 909 |[39m 
        
[36mreturn[39m [32m
'expert'[39m[33m;[3
9m[0m

    [0m [90m 39 
|[39m
     [90m 40 |[39m  
       [90m// Import 
module[39m
    [31m[1m>[22m[3
9m[90m 41 |[39m     
    [36mconst[39m 
module [33m=[39m 
[36mawait[39m [36mi
mport[39m([32m'../sr
c/ui/FeatureDiscoveryE
ngine.js'[39m)[33m;
[39m
     [90m    |[39m  
                      
[31m[1m^[22m[39m
     [90m 42 |[39m  
       [33mFeatureDis
coveryEngine[39m 
[33m=[39m module[33
m.[39m[33mFeatureDis
coveryEngine[39m[33m
;[39m
     [90m 43 |[39m  
       
     [90m 44 |[39m  
       
discoveryEngine 
[33m=[39m 
[36mnew[39m [33mFea
tureDiscoveryEngine[3
9m(mockCore)[33m;[39
m[0m

      at constructor (
node_modules/@babel/pa
rser/src/parse-error.t
s:95:45)
      at 
Parser.toParseError 
[as raise] (node_modul
es/@babel/parser/src/t
okenizer/index.ts:1503
:19)
      at Parser.raise 
[as 
parseReturnStatement] 
(node_modules/@babel/p
arser/src/parser/state
ment.ts:1098:12)
      at Parser.parseR
eturnStatement [as par
seStatementContent] (n
ode_modules/@babel/par
ser/src/parser/stateme
nt.ts:538:21)
      at Parser.parseS
tatementContent [as 
parseStatementLike] (n
ode_modules/@babel/par
ser/src/parser/stateme
nt.ts:477:17)
      at Parser.parseS
tatementLike [as parse
StatementOrSloppyAnnex
BFunctionDeclaration] 
(node_modules/@babel/p
arser/src/parser/state
ment.ts:446:17)
      at Parser.parseS
tatementOrSloppyAnnexB
FunctionDeclaration 
[as parseIfStatement] 
(node_modules/@babel/p
arser/src/parser/state
ment.ts:1089:28)
      at Parser.parseI
fStatement [as parseSt
atementContent] (node_
modules/@babel/parser/
src/parser/statement.t
s:536:21)
      at Parser.parseS
tatementContent [as 
parseStatementLike] (n
ode_modules/@babel/par
ser/src/parser/stateme
nt.ts:477:17)
      at Parser.parseS
tatementLike [as 
parseModuleItem] (node
_modules/@babel/parser
/src/parser/statement.
ts:414:17)
      at Parser.parseM
oduleItem [as parseBlo
ckOrModuleBlockBody] (
node_modules/@babel/pa
rser/src/parser/statem
ent.ts:1438:16)
      at Parser.parseB
lockOrModuleBlockBody 
[as parseBlockBody] (n
ode_modules/@babel/par
ser/src/parser/stateme
nt.ts:1412:10)
      at 
Parser.parseBlockBody 
[as parseProgram] (nod
e_modules/@babel/parse
r/src/parser/statement
.ts:229:10)
      at 
Parser.parseProgram 
[as parseTopLevel] (no
de_modules/@babel/pars
er/src/parser/statemen
t.ts:203:25)
      at 
Parser.parseTopLevel 
[as parse] (node_modul
es/@babel/parser/src/p
arser/index.ts:93:10)
      at parse (node_m
odules/@babel/parser/s
rc/index.ts:92:38)
      at parser (node_
modules/@babel/core/sr
c/parser/index.ts:28:1
9)
          at 
parser.next 
(<anonymous>)
      at 
normalizeFile (node_mo
dules/@babel/core/src/
transformation/normali
ze-file.ts:49:24)
          at 
normalizeFile.next 
(<anonymous>)
      at run (node_mod
ules/@babel/core/src/t
ransformation/index.ts
:40:36)
          at run.next 
(<anonymous>)
      at transform (no
de_modules/@babel/core
/src/transform.ts:29:2
0)
          at 
transform.next 
(<anonymous>)
      at evaluateSync 
(node_modules/gensync/
index.js:251:28)
      at sync (node_mo
dules/gensync/index.js
:89:14)
      at fn (node_modu
les/@babel/core/src/er
rors/rewrite-stack-tra
ce.ts:99:14)
      at 
transformSync (node_mo
dules/@babel/core/src/
transform.ts:66:52)
      at ScriptTransfo
rmer.transformSource (
node_modules/@jest/tra
nsform/build/ScriptTra
nsformer.js:545:31)
      at ScriptTransfo
rmer._transformAndBuil
dScript (node_modules/
@jest/transform/build/
ScriptTransformer.js:6
74:40)
      at ScriptTransfo
rmer.transform (node_m
odules/@jest/transform
/build/ScriptTransform
er.js:726:19)
      at require (test
/feature-discovery-eng
ine.test.js:41:24)
      at 
Object.<anonymous> (te
st/feature-discovery-e
ngine.test.js:41:24)

  ΓùÅ FeatureDiscovery
Engine ΓÇ║ Feature 
Suggestions ΓÇ║ 
should consider skill 
level in suggestions

    Jest encountered 
an unexpected token

    Jest failed to 
parse a file. This 
happens e.g. when 
your code or its 
dependencies use 
non-standard 
JavaScript syntax, or 
when Jest is not 
configured to support 
such syntax.

    Out of the box 
Jest supports Babel, 
which will be used to 
transform your files 
into valid JS based 
on your Babel 
configuration.

    By default 
"node_modules" folder 
is ignored by 
transformers.

    Here's what you 
can do:
     ΓÇó If you are 
trying to use 
ECMAScript Modules, 
see https://jestjs.io/
docs/ecmascript-module
s for how to enable 
it.
     ΓÇó If you are 
trying to use 
TypeScript, see https:
//jestjs.io/docs/getti
ng-started#using-types
cript
     ΓÇó To have some 
of your 
"node_modules" files 
transformed, you can 
specify a custom "tran
sformIgnorePatterns" 
in your config.
     ΓÇó If you need 
a custom 
transformation 
specify a "transform" 
option in your config.
     ΓÇó If you 
simply want to mock 
your non-JS modules 
(e.g. binary assets) 
you can stub them out 
with the 
"moduleNameMapper" 
config option.

    You'll find more 
details and examples 
of these config 
options in the docs:
    https://jestjs.io/
docs/configuration
    For information 
about custom 
transformations, see:
    https://jestjs.io/
docs/code-transformati
on

    Details:

    SyntaxError: C:\Wo
rkspace_Melbin\fun_web
sites\3d_model_viewer\
src\ui\FeatureDiscover
yEngine.js: 'return' 
outside of function. 
(906:28)

    [0m [90m 904 
|[39m }
     [90m 905 |[39m 
        
[36mconst[39m 
usageCount 
[33m=[39m [33mObjec
t[39m[33m.[39mkeys(
[36mthis[39m[33m.[
39muserProfile[33m.[
39mfeatureUsage)[33m.
[39mlength[33m;[39m
    [31m[1m>[22m[3
9m[90m 906 |[39m    
     [36mif[39m 
(usageCount 
[33m<[39m 
[35m3[39m) 
[36mreturn[39m [32m
'beginner'[39m[33m;
[39m
     [90m     |[39m 
                      
      
[31m[1m^[22m[39m
     [90m 907 |[39m 
        [36mif[39m 
(usageCount 
[33m<[39m 
[35m8[39m) 
[36mreturn[39m [32m
'intermediate'[39m[3
3m;[39m
     [90m 908 |[39m 
        [36mif[39m 
(usageCount 
[33m<[39m 
[35m15[39m) 
[36mreturn[39m [32m
'advanced'[39m[33m;
[39m
     [90m 909 |[39m 
        
[36mreturn[39m [32m
'expert'[39m[33m;[3
9m[0m

    [0m [90m 39 
|[39m
     [90m 40 |[39m  
       [90m// Import 
module[39m
    [31m[1m>[22m[3
9m[90m 41 |[39m     
    [36mconst[39m 
module [33m=[39m 
[36mawait[39m [36mi
mport[39m([32m'../sr
c/ui/FeatureDiscoveryE
ngine.js'[39m)[33m;
[39m
     [90m    |[39m  
                      
[31m[1m^[22m[39m
     [90m 42 |[39m  
       [33mFeatureDis
coveryEngine[39m 
[33m=[39m module[33
m.[39m[33mFeatureDis
coveryEngine[39m[33m
;[39m
     [90m 43 |[39m  
       
     [90m 44 |[39m  
       
discoveryEngine 
[33m=[39m 
[36mnew[39m [33mFea
tureDiscoveryEngine[3
9m(mockCore)[33m;[39
m[0m

      at constructor (
node_modules/@babel/pa
rser/src/parse-error.t
s:95:45)
      at 
Parser.toParseError 
[as raise] (node_modul
es/@babel/parser/src/t
okenizer/index.ts:1503
:19)
      at Parser.raise 
[as 
parseReturnStatement] 
(node_modules/@babel/p
arser/src/parser/state
ment.ts:1098:12)
      at Parser.parseR
eturnStatement [as par
seStatementContent] (n
ode_modules/@babel/par
ser/src/parser/stateme
nt.ts:538:21)
      at Parser.parseS
tatementContent [as 
parseStatementLike] (n
ode_modules/@babel/par
ser/src/parser/stateme
nt.ts:477:17)
      at Parser.parseS
tatementLike [as parse
StatementOrSloppyAnnex
BFunctionDeclaration] 
(node_modules/@babel/p
arser/src/parser/state
ment.ts:446:17)
      at Parser.parseS
tatementOrSloppyAnnexB
FunctionDeclaration 
[as parseIfStatement] 
(node_modules/@babel/p
arser/src/parser/state
ment.ts:1089:28)
      at Parser.parseI
fStatement [as parseSt
atementContent] (node_
modules/@babel/parser/
src/parser/statement.t
s:536:21)
      at Parser.parseS
tatementContent [as 
parseStatementLike] (n
ode_modules/@babel/par
ser/src/parser/stateme
nt.ts:477:17)
      at Parser.parseS
tatementLike [as 
parseModuleItem] (node
_modules/@babel/parser
/src/parser/statement.
ts:414:17)
      at Parser.parseM
oduleItem [as parseBlo
ckOrModuleBlockBody] (
node_modules/@babel/pa
rser/src/parser/statem
ent.ts:1438:16)
      at Parser.parseB
lockOrModuleBlockBody 
[as parseBlockBody] (n
ode_modules/@babel/par
ser/src/parser/stateme
nt.ts:1412:10)
      at 
Parser.parseBlockBody 
[as parseProgram] (nod
e_modules/@babel/parse
r/src/parser/statement
.ts:229:10)
      at 
Parser.parseProgram 
[as parseTopLevel] (no
de_modules/@babel/pars
er/src/parser/statemen
t.ts:203:25)
      at 
Parser.parseTopLevel 
[as parse] (node_modul
es/@babel/parser/src/p
arser/index.ts:93:10)
      at parse (node_m
odules/@babel/parser/s
rc/index.ts:92:38)
      at parser (node_
modules/@babel/core/sr
c/parser/index.ts:28:1
9)
          at 
parser.next 
(<anonymous>)
      at 
normalizeFile (node_mo
dules/@babel/core/src/
transformation/normali
ze-file.ts:49:24)
          at 
normalizeFile.next 
(<anonymous>)
      at run (node_mod
ules/@babel/core/src/t
ransformation/index.ts
:40:36)
          at run.next 
(<anonymous>)
      at transform (no
de_modules/@babel/core
/src/transform.ts:29:2
0)
          at 
transform.next 
(<anonymous>)
      at evaluateSync 
(node_modules/gensync/
index.js:251:28)
      at sync (node_mo
dules/gensync/index.js
:89:14)
      at fn (node_modu
les/@babel/core/src/er
rors/rewrite-stack-tra
ce.ts:99:14)
      at 
transformSync (node_mo
dules/@babel/core/src/
transform.ts:66:52)
      at ScriptTransfo
rmer.transformSource (
node_modules/@jest/tra
nsform/build/ScriptTra
nsformer.js:545:31)
      at ScriptTransfo
rmer._transformAndBuil
dScript (node_modules/
@jest/transform/build/
ScriptTransformer.js:6
74:40)
      at ScriptTransfo
rmer.transform (node_m
odules/@jest/transform
/build/ScriptTransform
er.js:726:19)
      at require (test
/feature-discovery-eng
ine.test.js:41:24)
      at 
Object.<anonymous> (te
st/feature-discovery-e
ngine.test.js:41:24)

  ΓùÅ FeatureDiscovery
Engine ΓÇ║ Feature 
Suggestions ΓÇ║ 
should suggest based 
on context

    Jest encountered 
an unexpected token

    Jest failed to 
parse a file. This 
happens e.g. when 
your code or its 
dependencies use 
non-standard 
JavaScript syntax, or 
when Jest is not 
configured to support 
such syntax.

    Out of the box 
Jest supports Babel, 
which will be used to 
transform your files 
into valid JS based 
on your Babel 
configuration.

    By default 
"node_modules" folder 
is ignored by 
transformers.

    Here's what you 
can do:
     ΓÇó If you are 
trying to use 
ECMAScript Modules, 
see https://jestjs.io/
docs/ecmascript-module
s for how to enable 
it.
     ΓÇó If you are 
trying to use 
TypeScript, see https:
//jestjs.io/docs/getti
ng-started#using-types
cript
     ΓÇó To have some 
of your 
"node_modules" files 
transformed, you can 
specify a custom "tran
sformIgnorePatterns" 
in your config.
     ΓÇó If you need 
a custom 
transformation 
specify a "transform" 
option in your config.
     ΓÇó If you 
simply want to mock 
your non-JS modules 
(e.g. binary assets) 
you can stub them out 
with the 
"moduleNameMapper" 
config option.

    You'll find more 
details and examples 
of these config 
options in the docs:
    https://jestjs.io/
docs/configuration
    For information 
about custom 
transformations, see:
    https://jestjs.io/
docs/code-transformati
on

    Details:

    SyntaxError: C:\Wo
rkspace_Melbin\fun_web
sites\3d_model_viewer\
src\ui\FeatureDiscover
yEngine.js: 'return' 
outside of function. 
(906:28)

    [0m [90m 904 
|[39m }
     [90m 905 |[39m 
        
[36mconst[39m 
usageCount 
[33m=[39m [33mObjec
t[39m[33m.[39mkeys(
[36mthis[39m[33m.[
39muserProfile[33m.[
39mfeatureUsage)[33m.
[39mlength[33m;[39m
    [31m[1m>[22m[3
9m[90m 906 |[39m    
     [36mif[39m 
(usageCount 
[33m<[39m 
[35m3[39m) 
[36mreturn[39m [32m
'beginner'[39m[33m;
[39m
     [90m     |[39m 
                      
      
[31m[1m^[22m[39m
     [90m 907 |[39m 
        [36mif[39m 
(usageCount 
[33m<[39m 
[35m8[39m) 
[36mreturn[39m [32m
'intermediate'[39m[3
3m;[39m
     [90m 908 |[39m 
        [36mif[39m 
(usageCount 
[33m<[39m 
[35m15[39m) 
[36mreturn[39m [32m
'advanced'[39m[33m;
[39m
     [90m 909 |[39m 
        
[36mreturn[39m [32m
'expert'[39m[33m;[3
9m[0m

    [0m [90m 39 
|[39m
     [90m 40 |[39m  
       [90m// Import 
module[39m
    [31m[1m>[22m[3
9m[90m 41 |[39m     
    [36mconst[39m 
module [33m=[39m 
[36mawait[39m [36mi
mport[39m([32m'../sr
c/ui/FeatureDiscoveryE
ngine.js'[39m)[33m;
[39m
     [90m    |[39m  
                      
[31m[1m^[22m[39m
     [90m 42 |[39m  
       [33mFeatureDis
coveryEngine[39m 
[33m=[39m module[33
m.[39m[33mFeatureDis
coveryEngine[39m[33m
;[39m
     [90m 43 |[39m  
       
     [90m 44 |[39m  
       
discoveryEngine 
[33m=[39m 
[36mnew[39m [33mFea
tureDiscoveryEngine[3
9m(mockCore)[33m;[39
m[0m

      at constructor (
node_modules/@babel/pa
rser/src/parse-error.t
s:95:45)
      at 
Parser.toParseError 
[as raise] (node_modul
es/@babel/parser/src/t
okenizer/index.ts:1503
:19)
      at Parser.raise 
[as 
parseReturnStatement] 
(node_modules/@babel/p
arser/src/parser/state
ment.ts:1098:12)
      at Parser.parseR
eturnStatement [as par
seStatementContent] (n
ode_modules/@babel/par
ser/src/parser/stateme
nt.ts:538:21)
      at Parser.parseS
tatementContent [as 
parseStatementLike] (n
ode_modules/@babel/par
ser/src/parser/stateme
nt.ts:477:17)
      at Parser.parseS
tatementLike [as parse
StatementOrSloppyAnnex
BFunctionDeclaration] 
(node_modules/@babel/p
arser/src/parser/state
ment.ts:446:17)
      at Parser.parseS
tatementOrSloppyAnnexB
FunctionDeclaration 
[as parseIfStatement] 
(node_modules/@babel/p
arser/src/parser/state
ment.ts:1089:28)
      at Parser.parseI
fStatement [as parseSt
atementContent] (node_
modules/@babel/parser/
src/parser/statement.t
s:536:21)
      at Parser.parseS
tatementContent [as 
parseStatementLike] (n
ode_modules/@babel/par
ser/src/parser/stateme
nt.ts:477:17)
      at Parser.parseS
tatementLike [as 
parseModuleItem] (node
_modules/@babel/parser
/src/parser/statement.
ts:414:17)
      at Parser.parseM
oduleItem [as parseBlo
ckOrModuleBlockBody] (
node_modules/@babel/pa
rser/src/parser/statem
ent.ts:1438:16)
      at Parser.parseB
lockOrModuleBlockBody 
[as parseBlockBody] (n
ode_modules/@babel/par
ser/src/parser/stateme
nt.ts:1412:10)
      at 
Parser.parseBlockBody 
[as parseProgram] (nod
e_modules/@babel/parse
r/src/parser/statement
.ts:229:10)
      at 
Parser.parseProgram 
[as parseTopLevel] (no
de_modules/@babel/pars
er/src/parser/statemen
t.ts:203:25)
      at 
Parser.parseTopLevel 
[as parse] (node_modul
es/@babel/parser/src/p
arser/index.ts:93:10)
      at parse (node_m
odules/@babel/parser/s
rc/index.ts:92:38)
      at parser (node_
modules/@babel/core/sr
c/parser/index.ts:28:1
9)
          at 
parser.next 
(<anonymous>)
      at 
normalizeFile (node_mo
dules/@babel/core/src/
transformation/normali
ze-file.ts:49:24)
          at 
normalizeFile.next 
(<anonymous>)
      at run (node_mod
ules/@babel/core/src/t
ransformation/index.ts
:40:36)
          at run.next 
(<anonymous>)
      at transform (no
de_modules/@babel/core
/src/transform.ts:29:2
0)
          at 
transform.next 
(<anonymous>)
      at evaluateSync 
(node_modules/gensync/
index.js:251:28)
      at sync (node_mo
dules/gensync/index.js
:89:14)
      at fn (node_modu
les/@babel/core/src/er
rors/rewrite-stack-tra
ce.ts:99:14)
      at 
transformSync (node_mo
dules/@babel/core/src/
transform.ts:66:52)
      at ScriptTransfo
rmer.transformSource (
node_modules/@jest/tra
nsform/build/ScriptTra
nsformer.js:545:31)
      at ScriptTransfo
rmer._transformAndBuil
dScript (node_modules/
@jest/transform/build/
ScriptTransformer.js:6
74:40)
      at ScriptTransfo
rmer.transform (node_m
odules/@jest/transform
/build/ScriptTransform
er.js:726:19)
      at require (test
/feature-discovery-eng
ine.test.js:41:24)
      at 
Object.<anonymous> (te
st/feature-discovery-e
ngine.test.js:41:24)

  ΓùÅ FeatureDiscovery
Engine ΓÇ║ Feature 
Suggestions ΓÇ║ 
should not suggest 
recently dismissed 
features

    Jest encountered 
an unexpected token

    Jest failed to 
parse a file. This 
happens e.g. when 
your code or its 
dependencies use 
non-standard 
JavaScript syntax, or 
when Jest is not 
configured to support 
such syntax.

    Out of the box 
Jest supports Babel, 
which will be used to 
transform your files 
into valid JS based 
on your Babel 
configuration.

    By default 
"node_modules" folder 
is ignored by 
transformers.

    Here's what you 
can do:
     ΓÇó If you are 
trying to use 
ECMAScript Modules, 
see https://jestjs.io/
docs/ecmascript-module
s for how to enable 
it.
     ΓÇó If you are 
trying to use 
TypeScript, see https:
//jestjs.io/docs/getti
ng-started#using-types
cript
     ΓÇó To have some 
of your 
"node_modules" files 
transformed, you can 
specify a custom "tran
sformIgnorePatterns" 
in your config.
     ΓÇó If you need 
a custom 
transformation 
specify a "transform" 
option in your config.
     ΓÇó If you 
simply want to mock 
your non-JS modules 
(e.g. binary assets) 
you can stub them out 
with the 
"moduleNameMapper" 
config option.

    You'll find more 
details and examples 
of these config 
options in the docs:
    https://jestjs.io/
docs/configuration
    For information 
about custom 
transformations, see:
    https://jestjs.io/
docs/code-transformati
on

    Details:

    SyntaxError: C:\Wo
rkspace_Melbin\fun_web
sites\3d_model_viewer\
src\ui\FeatureDiscover
yEngine.js: 'return' 
outside of function. 
(906:28)

    [0m [90m 904 
|[39m }
     [90m 905 |[39m 
        
[36mconst[39m 
usageCount 
[33m=[39m [33mObjec
t[39m[33m.[39mkeys(
[36mthis[39m[33m.[
39muserProfile[33m.[
39mfeatureUsage)[33m.
[39mlength[33m;[39m
    [31m[1m>[22m[3
9m[90m 906 |[39m    
     [36mif[39m 
(usageCount 
[33m<[39m 
[35m3[39m) 
[36mreturn[39m [32m
'beginner'[39m[33m;
[39m
     [90m     |[39m 
                      
      
[31m[1m^[22m[39m
     [90m 907 |[39m 
        [36mif[39m 
(usageCount 
[33m<[39m 
[35m8[39m) 
[36mreturn[39m [32m
'intermediate'[39m[3
3m;[39m
     [90m 908 |[39m 
        [36mif[39m 
(usageCount 
[33m<[39m 
[35m15[39m) 
[36mreturn[39m [32m
'advanced'[39m[33m;
[39m
     [90m 909 |[39m 
        
[36mreturn[39m [32m
'expert'[39m[33m;[3
9m[0m

    [0m [90m 39 
|[39m
     [90m 40 |[39m  
       [90m// Import 
module[39m
    [31m[1m>[22m[3
9m[90m 41 |[39m     
    [36mconst[39m 
module [33m=[39m 
[36mawait[39m [36mi
mport[39m([32m'../sr
c/ui/FeatureDiscoveryE
ngine.js'[39m)[33m;
[39m
     [90m    |[39m  
                      
[31m[1m^[22m[39m
     [90m 42 |[39m  
       [33mFeatureDis
coveryEngine[39m 
[33m=[39m module[33
m.[39m[33mFeatureDis
coveryEngine[39m[33m
;[39m
     [90m 43 |[39m  
       
     [90m 44 |[39m  
       
discoveryEngine 
[33m=[39m 
[36mnew[39m [33mFea
tureDiscoveryEngine[3
9m(mockCore)[33m;[39
m[0m

      at constructor (
node_modules/@babel/pa
rser/src/parse-error.t
s:95:45)
      at 
Parser.toParseError 
[as raise] (node_modul
es/@babel/parser/src/t
okenizer/index.ts:1503
:19)
      at Parser.raise 
[as 
parseReturnStatement] 
(node_modules/@babel/p
arser/src/parser/state
ment.ts:1098:12)
      at Parser.parseR
eturnStatement [as par
seStatementContent] (n
ode_modules/@babel/par
ser/src/parser/stateme
nt.ts:538:21)
      at Parser.parseS
tatementContent [as 
parseStatementLike] (n
ode_modules/@babel/par
ser/src/parser/stateme
nt.ts:477:17)
      at Parser.parseS
tatementLike [as parse
StatementOrSloppyAnnex
BFunctionDeclaration] 
(node_modules/@babel/p
arser/src/parser/state
ment.ts:446:17)
      at Parser.parseS
tatementOrSloppyAnnexB
FunctionDeclaration 
[as parseIfStatement] 
(node_modules/@babel/p
arser/src/parser/state
ment.ts:1089:28)
      at Parser.parseI
fStatement [as parseSt
atementContent] (node_
modules/@babel/parser/
src/parser/statement.t
s:536:21)
      at Parser.parseS
tatementContent [as 
parseStatementLike] (n
ode_modules/@babel/par
ser/src/parser/stateme
nt.ts:477:17)
      at Parser.parseS
tatementLike [as 
parseModuleItem] (node
_modules/@babel/parser
/src/parser/statement.
ts:414:17)
      at Parser.parseM
oduleItem [as parseBlo
ckOrModuleBlockBody] (
node_modules/@babel/pa
rser/src/parser/statem
ent.ts:1438:16)
      at Parser.parseB
lockOrModuleBlockBody 
[as parseBlockBody] (n
ode_modules/@babel/par
ser/src/parser/stateme
nt.ts:1412:10)
      at 
Parser.parseBlockBody 
[as parseProgram] (nod
e_modules/@babel/parse
r/src/parser/statement
.ts:229:10)
      at 
Parser.parseProgram 
[as parseTopLevel] (no
de_modules/@babel/pars
er/src/parser/statemen
t.ts:203:25)
      at 
Parser.parseTopLevel 
[as parse] (node_modul
es/@babel/parser/src/p
arser/index.ts:93:10)
      at parse (node_m
odules/@babel/parser/s
rc/index.ts:92:38)
      at parser (node_
modules/@babel/core/sr
c/parser/index.ts:28:1
9)
          at 
parser.next 
(<anonymous>)
      at 
normalizeFile (node_mo
dules/@babel/core/src/
transformation/normali
ze-file.ts:49:24)
          at 
normalizeFile.next 
(<anonymous>)
      at run (node_mod
ules/@babel/core/src/t
ransformation/index.ts
:40:36)
          at run.next 
(<anonymous>)
      at transform (no
de_modules/@babel/core
/src/transform.ts:29:2
0)
          at 
transform.next 
(<anonymous>)
      at evaluateSync 
(node_modules/gensync/
index.js:251:28)
      at sync (node_mo
dules/gensync/index.js
:89:14)
      at fn (node_modu
les/@babel/core/src/er
rors/rewrite-stack-tra
ce.ts:99:14)
      at 
transformSync (node_mo
dules/@babel/core/src/
transform.ts:66:52)
      at ScriptTransfo
rmer.transformSource (
node_modules/@jest/tra
nsform/build/ScriptTra
nsformer.js:545:31)
      at ScriptTransfo
rmer._transformAndBuil
dScript (node_modules/
@jest/transform/build/
ScriptTransformer.js:6
74:40)
      at ScriptTransfo
rmer.transform (node_m
odules/@jest/transform
/build/ScriptTransform
er.js:726:19)
      at require (test
/feature-discovery-eng
ine.test.js:41:24)
      at 
Object.<anonymous> (te
st/feature-discovery-e
ngine.test.js:41:24)

  ΓùÅ FeatureDiscovery
Engine ΓÇ║ Feature 
Suggestions ΓÇ║ 
should calculate 
suggestion relevance 
score

    Jest encountered 
an unexpected token

    Jest failed to 
parse a file. This 
happens e.g. when 
your code or its 
dependencies use 
non-standard 
JavaScript syntax, or 
when Jest is not 
configured to support 
such syntax.

    Out of the box 
Jest supports Babel, 
which will be used to 
transform your files 
into valid JS based 
on your Babel 
configuration.

    By default 
"node_modules" folder 
is ignored by 
transformers.

    Here's what you 
can do:
     ΓÇó If you are 
trying to use 
ECMAScript Modules, 
see https://jestjs.io/
docs/ecmascript-module
s for how to enable 
it.
     ΓÇó If you are 
trying to use 
TypeScript, see https:
//jestjs.io/docs/getti
ng-started#using-types
cript
     ΓÇó To have some 
of your 
"node_modules" files 
transformed, you can 
specify a custom "tran
sformIgnorePatterns" 
in your config.
     ΓÇó If you need 
a custom 
transformation 
specify a "transform" 
option in your config.
     ΓÇó If you 
simply want to mock 
your non-JS modules 
(e.g. binary assets) 
you can stub them out 
with the 
"moduleNameMapper" 
config option.

    You'll find more 
details and examples 
of these config 
options in the docs:
    https://jestjs.io/
docs/configuration
    For information 
about custom 
transformations, see:
    https://jestjs.io/
docs/code-transformati
on

    Details:

    SyntaxError: C:\Wo
rkspace_Melbin\fun_web
sites\3d_model_viewer\
src\ui\FeatureDiscover
yEngine.js: 'return' 
outside of function. 
(906:28)

    [0m [90m 904 
|[39m }
     [90m 905 |[39m 
        
[36mconst[39m 
usageCount 
[33m=[39m [33mObjec
t[39m[33m.[39mkeys(
[36mthis[39m[33m.[
39muserProfile[33m.[
39mfeatureUsage)[33m.
[39mlength[33m;[39m
    [31m[1m>[22m[3
9m[90m 906 |[39m    
     [36mif[39m 
(usageCount 
[33m<[39m 
[35m3[39m) 
[36mreturn[39m [32m
'beginner'[39m[33m;
[39m
     [90m     |[39m 
                      
      
[31m[1m^[22m[39m
     [90m 907 |[39m 
        [36mif[39m 
(usageCount 
[33m<[39m 
[35m8[39m) 
[36mreturn[39m [32m
'intermediate'[39m[3
3m;[39m
     [90m 908 |[39m 
        [36mif[39m 
(usageCount 
[33m<[39m 
[35m15[39m) 
[36mreturn[39m [32m
'advanced'[39m[33m;
[39m
     [90m 909 |[39m 
        
[36mreturn[39m [32m
'expert'[39m[33m;[3
9m[0m

    [0m [90m 39 
|[39m
     [90m 40 |[39m  
       [90m// Import 
module[39m
    [31m[1m>[22m[3
9m[90m 41 |[39m     
    [36mconst[39m 
module [33m=[39m 
[36mawait[39m [36mi
mport[39m([32m'../sr
c/ui/FeatureDiscoveryE
ngine.js'[39m)[33m;
[39m
     [90m    |[39m  
                      
[31m[1m^[22m[39m
     [90m 42 |[39m  
       [33mFeatureDis
coveryEngine[39m 
[33m=[39m module[33
m.[39m[33mFeatureDis
coveryEngine[39m[33m
;[39m
     [90m 43 |[39m  
       
     [90m 44 |[39m  
       
discoveryEngine 
[33m=[39m 
[36mnew[39m [33mFea
tureDiscoveryEngine[3
9m(mockCore)[33m;[39
m[0m

      at constructor (
node_modules/@babel/pa
rser/src/parse-error.t
s:95:45)
      at 
Parser.toParseError 
[as raise] (node_modul
es/@babel/parser/src/t
okenizer/index.ts:1503
:19)
      at Parser.raise 
[as 
parseReturnStatement] 
(node_modules/@babel/p
arser/src/parser/state
ment.ts:1098:12)
      at Parser.parseR
eturnStatement [as par
seStatementContent] (n
ode_modules/@babel/par
ser/src/parser/stateme
nt.ts:538:21)
      at Parser.parseS
tatementContent [as 
parseStatementLike] (n
ode_modules/@babel/par
ser/src/parser/stateme
nt.ts:477:17)
      at Parser.parseS
tatementLike [as parse
StatementOrSloppyAnnex
BFunctionDeclaration] 
(node_modules/@babel/p
arser/src/parser/state
ment.ts:446:17)
      at Parser.parseS
tatementOrSloppyAnnexB
FunctionDeclaration 
[as parseIfStatement] 
(node_modules/@babel/p
arser/src/parser/state
ment.ts:1089:28)
      at Parser.parseI
fStatement [as parseSt
atementContent] (node_
modules/@babel/parser/
src/parser/statement.t
s:536:21)
      at Parser.parseS
tatementContent [as 
parseStatementLike] (n
ode_modules/@babel/par
ser/src/parser/stateme
nt.ts:477:17)
      at Parser.parseS
tatementLike [as 
parseModuleItem] (node
_modules/@babel/parser
/src/parser/statement.
ts:414:17)
      at Parser.parseM
oduleItem [as parseBlo
ckOrModuleBlockBody] (
node_modules/@babel/pa
rser/src/parser/statem
ent.ts:1438:16)
      at Parser.parseB
lockOrModuleBlockBody 
[as parseBlockBody] (n
ode_modules/@babel/par
ser/src/parser/stateme
nt.ts:1412:10)
      at 
Parser.parseBlockBody 
[as parseProgram] (nod
e_modules/@babel/parse
r/src/parser/statement
.ts:229:10)
      at 
Parser.parseProgram 
[as parseTopLevel] (no
de_modules/@babel/pars
er/src/parser/statemen
t.ts:203:25)
      at 
Parser.parseTopLevel 
[as parse] (node_modul
es/@babel/parser/src/p
arser/index.ts:93:10)
      at parse (node_m
odules/@babel/parser/s
rc/index.ts:92:38)
      at parser (node_
modules/@babel/core/sr
c/parser/index.ts:28:1
9)
          at 
parser.next 
(<anonymous>)
      at 
normalizeFile (node_mo
dules/@babel/core/src/
transformation/normali
ze-file.ts:49:24)
          at 
normalizeFile.next 
(<anonymous>)
      at run (node_mod
ules/@babel/core/src/t
ransformation/index.ts
:40:36)
          at run.next 
(<anonymous>)
      at transform (no
de_modules/@babel/core
/src/transform.ts:29:2
0)
          at 
transform.next 
(<anonymous>)
      at evaluateSync 
(node_modules/gensync/
index.js:251:28)
      at sync (node_mo
dules/gensync/index.js
:89:14)
      at fn (node_modu
les/@babel/core/src/er
rors/rewrite-stack-tra
ce.ts:99:14)
      at 
transformSync (node_mo
dules/@babel/core/src/
transform.ts:66:52)
      at ScriptTransfo
rmer.transformSource (
node_modules/@jest/tra
nsform/build/ScriptTra
nsformer.js:545:31)
      at ScriptTransfo
rmer._transformAndBuil
dScript (node_modules/
@jest/transform/build/
ScriptTransformer.js:6
74:40)
      at ScriptTransfo
rmer.transform (node_m
odules/@jest/transform
/build/ScriptTransform
er.js:726:19)
      at require (test
/feature-discovery-eng
ine.test.js:41:24)
      at 
Object.<anonymous> (te
st/feature-discovery-e
ngine.test.js:41:24)

  ΓùÅ FeatureDiscovery
Engine ΓÇ║ Learning 
Patterns ΓÇ║ should 
identify usage 
patterns

    Jest encountered 
an unexpected token

    Jest failed to 
parse a file. This 
happens e.g. when 
your code or its 
dependencies use 
non-standard 
JavaScript syntax, or 
when Jest is not 
configured to support 
such syntax.

    Out of the box 
Jest supports Babel, 
which will be used to 
transform your files 
into valid JS based 
on your Babel 
configuration.

    By default 
"node_modules" folder 
is ignored by 
transformers.

    Here's what you 
can do:
     ΓÇó If you are 
trying to use 
ECMAScript Modules, 
see https://jestjs.io/
docs/ecmascript-module
s for how to enable 
it.
     ΓÇó If you are 
trying to use 
TypeScript, see https:
//jestjs.io/docs/getti
ng-started#using-types
cript
     ΓÇó To have some 
of your 
"node_modules" files 
transformed, you can 
specify a custom "tran
sformIgnorePatterns" 
in your config.
     ΓÇó If you need 
a custom 
transformation 
specify a "transform" 
option in your config.
     ΓÇó If you 
simply want to mock 
your non-JS modules 
(e.g. binary assets) 
you can stub them out 
with the 
"moduleNameMapper" 
config option.

    You'll find more 
details and examples 
of these config 
options in the docs:
    https://jestjs.io/
docs/configuration
    For information 
about custom 
transformations, see:
    https://jestjs.io/
docs/code-transformati
on

    Details:

    SyntaxError: C:\Wo
rkspace_Melbin\fun_web
sites\3d_model_viewer\
src\ui\FeatureDiscover
yEngine.js: 'return' 
outside of function. 
(906:28)

    [0m [90m 904 
|[39m }
     [90m 905 |[39m 
        
[36mconst[39m 
usageCount 
[33m=[39m [33mObjec
t[39m[33m.[39mkeys(
[36mthis[39m[33m.[
39muserProfile[33m.[
39mfeatureUsage)[33m.
[39mlength[33m;[39m
    [31m[1m>[22m[3
9m[90m 906 |[39m    
     [36mif[39m 
(usageCount 
[33m<[39m 
[35m3[39m) 
[36mreturn[39m [32m
'beginner'[39m[33m;
[39m
     [90m     |[39m 
                      
      
[31m[1m^[22m[39m
     [90m 907 |[39m 
        [36mif[39m 
(usageCount 
[33m<[39m 
[35m8[39m) 
[36mreturn[39m [32m
'intermediate'[39m[3
3m;[39m
     [90m 908 |[39m 
        [36mif[39m 
(usageCount 
[33m<[39m 
[35m15[39m) 
[36mreturn[39m [32m
'advanced'[39m[33m;
[39m
     [90m 909 |[39m 
        
[36mreturn[39m [32m
'expert'[39m[33m;[3
9m[0m

    [0m [90m 39 
|[39m
     [90m 40 |[39m  
       [90m// Import 
module[39m
    [31m[1m>[22m[3
9m[90m 41 |[39m     
    [36mconst[39m 
module [33m=[39m 
[36mawait[39m [36mi
mport[39m([32m'../sr
c/ui/FeatureDiscoveryE
ngine.js'[39m)[33m;
[39m
     [90m    |[39m  
                      
[31m[1m^[22m[39m
     [90m 42 |[39m  
       [33mFeatureDis
coveryEngine[39m 
[33m=[39m module[33
m.[39m[33mFeatureDis
coveryEngine[39m[33m
;[39m
     [90m 43 |[39m  
       
     [90m 44 |[39m  
       
discoveryEngine 
[33m=[39m 
[36mnew[39m [33mFea
tureDiscoveryEngine[3
9m(mockCore)[33m;[39
m[0m

      at constructor (
node_modules/@babel/pa
rser/src/parse-error.t
s:95:45)
      at 
Parser.toParseError 
[as raise] (node_modul
es/@babel/parser/src/t
okenizer/index.ts:1503
:19)
      at Parser.raise 
[as 
parseReturnStatement] 
(node_modules/@babel/p
arser/src/parser/state
ment.ts:1098:12)
      at Parser.parseR
eturnStatement [as par
seStatementContent] (n
ode_modules/@babel/par
ser/src/parser/stateme
nt.ts:538:21)
      at Parser.parseS
tatementContent [as 
parseStatementLike] (n
ode_modules/@babel/par
ser/src/parser/stateme
nt.ts:477:17)
      at Parser.parseS
tatementLike [as parse
StatementOrSloppyAnnex
BFunctionDeclaration] 
(node_modules/@babel/p
arser/src/parser/state
ment.ts:446:17)
      at Parser.parseS
tatementOrSloppyAnnexB
FunctionDeclaration 
[as parseIfStatement] 
(node_modules/@babel/p
arser/src/parser/state
ment.ts:1089:28)
      at Parser.parseI
fStatement [as parseSt
atementContent] (node_
modules/@babel/parser/
src/parser/statement.t
s:536:21)
      at Parser.parseS
tatementContent [as 
parseStatementLike] (n
ode_modules/@babel/par
ser/src/parser/stateme
nt.ts:477:17)
      at Parser.parseS
tatementLike [as 
parseModuleItem] (node
_modules/@babel/parser
/src/parser/statement.
ts:414:17)
      at Parser.parseM
oduleItem [as parseBlo
ckOrModuleBlockBody] (
node_modules/@babel/pa
rser/src/parser/statem
ent.ts:1438:16)
      at Parser.parseB
lockOrModuleBlockBody 
[as parseBlockBody] (n
ode_modules/@babel/par
ser/src/parser/stateme
nt.ts:1412:10)
      at 
Parser.parseBlockBody 
[as parseProgram] (nod
e_modules/@babel/parse
r/src/parser/statement
.ts:229:10)
      at 
Parser.parseProgram 
[as parseTopLevel] (no
de_modules/@babel/pars
er/src/parser/statemen
t.ts:203:25)
      at 
Parser.parseTopLevel 
[as parse] (node_modul
es/@babel/parser/src/p
arser/index.ts:93:10)
      at parse (node_m
odules/@babel/parser/s
rc/index.ts:92:38)
      at parser (node_
modules/@babel/core/sr
c/parser/index.ts:28:1
9)
          at 
parser.next 
(<anonymous>)
      at 
normalizeFile (node_mo
dules/@babel/core/src/
transformation/normali
ze-file.ts:49:24)
          at 
normalizeFile.next 
(<anonymous>)
      at run (node_mod
ules/@babel/core/src/t
ransformation/index.ts
:40:36)
          at run.next 
(<anonymous>)
      at transform (no
de_modules/@babel/core
/src/transform.ts:29:2
0)
          at 
transform.next 
(<anonymous>)
      at evaluateSync 
(node_modules/gensync/
index.js:251:28)
      at sync (node_mo
dules/gensync/index.js
:89:14)
      at fn (node_modu
les/@babel/core/src/er
rors/rewrite-stack-tra
ce.ts:99:14)
      at 
transformSync (node_mo
dules/@babel/core/src/
transform.ts:66:52)
      at ScriptTransfo
rmer.transformSource (
node_modules/@jest/tra
nsform/build/ScriptTra
nsformer.js:545:31)
      at ScriptTransfo
rmer._transformAndBuil
dScript (node_modules/
@jest/transform/build/
ScriptTransformer.js:6
74:40)
      at ScriptTransfo
rmer.transform (node_m
odules/@jest/transform
/build/ScriptTransform
er.js:726:19)
      at require (test
/feature-discovery-eng
ine.test.js:41:24)
      at 
Object.<anonymous> (te
st/feature-discovery-e
ngine.test.js:41:24)

  ΓùÅ FeatureDiscovery
Engine ΓÇ║ Learning 
Patterns ΓÇ║ should 
detect feature 
sequences

    Jest encountered 
an unexpected token

    Jest failed to 
parse a file. This 
happens e.g. when 
your code or its 
dependencies use 
non-standard 
JavaScript syntax, or 
when Jest is not 
configured to support 
such syntax.

    Out of the box 
Jest supports Babel, 
which will be used to 
transform your files 
into valid JS based 
on your Babel 
configuration.

    By default 
"node_modules" folder 
is ignored by 
transformers.

    Here's what you 
can do:
     ΓÇó If you are 
trying to use 
ECMAScript Modules, 
see https://jestjs.io/
docs/ecmascript-module
s for how to enable 
it.
     ΓÇó If you are 
trying to use 
TypeScript, see https:
//jestjs.io/docs/getti
ng-started#using-types
cript
     ΓÇó To have some 
of your 
"node_modules" files 
transformed, you can 
specify a custom "tran
sformIgnorePatterns" 
in your config.
     ΓÇó If you need 
a custom 
transformation 
specify a "transform" 
option in your config.
     ΓÇó If you 
simply want to mock 
your non-JS modules 
(e.g. binary assets) 
you can stub them out 
with the 
"moduleNameMapper" 
config option.

    You'll find more 
details and examples 
of these config 
options in the docs:
    https://jestjs.io/
docs/configuration
    For information 
about custom 
transformations, see:
    https://jestjs.io/
docs/code-transformati
on

    Details:

    SyntaxError: C:\Wo
rkspace_Melbin\fun_web
sites\3d_model_viewer\
src\ui\FeatureDiscover
yEngine.js: 'return' 
outside of function. 
(906:28)

    [0m [90m 904 
|[39m }
     [90m 905 |[39m 
        
[36mconst[39m 
usageCount 
[33m=[39m [33mObjec
t[39m[33m.[39mkeys(
[36mthis[39m[33m.[
39muserProfile[33m.[
39mfeatureUsage)[33m.
[39mlength[33m;[39m
    [31m[1m>[22m[3
9m[90m 906 |[39m    
     [36mif[39m 
(usageCount 
[33m<[39m 
[35m3[39m) 
[36mreturn[39m [32m
'beginner'[39m[33m;
[39m
     [90m     |[39m 
                      
      
[31m[1m^[22m[39m
     [90m 907 |[39m 
        [36mif[39m 
(usageCount 
[33m<[39m 
[35m8[39m) 
[36mreturn[39m [32m
'intermediate'[39m[3
3m;[39m
     [90m 908 |[39m 
        [36mif[39m 
(usageCount 
[33m<[39m 
[35m15[39m) 
[36mreturn[39m [32m
'advanced'[39m[33m;
[39m
     [90m 909 |[39m 
        
[36mreturn[39m [32m
'expert'[39m[33m;[3
9m[0m

    [0m [90m 39 
|[39m
     [90m 40 |[39m  
       [90m// Import 
module[39m
    [31m[1m>[22m[3
9m[90m 41 |[39m     
    [36mconst[39m 
module [33m=[39m 
[36mawait[39m [36mi
mport[39m([32m'../sr
c/ui/FeatureDiscoveryE
ngine.js'[39m)[33m;
[39m
     [90m    |[39m  
                      
[31m[1m^[22m[39m
     [90m 42 |[39m  
       [33mFeatureDis
coveryEngine[39m 
[33m=[39m module[33
m.[39m[33mFeatureDis
coveryEngine[39m[33m
;[39m
     [90m 43 |[39m  
       
     [90m 44 |[39m  
       
discoveryEngine 
[33m=[39m 
[36mnew[39m [33mFea
tureDiscoveryEngine[3
9m(mockCore)[33m;[39
m[0m

      at constructor (
node_modules/@babel/pa
rser/src/parse-error.t
s:95:45)
      at 
Parser.toParseError 
[as raise] (node_modul
es/@babel/parser/src/t
okenizer/index.ts:1503
:19)
      at Parser.raise 
[as 
parseReturnStatement] 
(node_modules/@babel/p
arser/src/parser/state
ment.ts:1098:12)
      at Parser.parseR
eturnStatement [as par
seStatementContent] (n
ode_modules/@babel/par
ser/src/parser/stateme
nt.ts:538:21)
      at Parser.parseS
tatementContent [as 
parseStatementLike] (n
ode_modules/@babel/par
ser/src/parser/stateme
nt.ts:477:17)
      at Parser.parseS
tatementLike [as parse
StatementOrSloppyAnnex
BFunctionDeclaration] 
(node_modules/@babel/p
arser/src/parser/state
ment.ts:446:17)
      at Parser.parseS
tatementOrSloppyAnnexB
FunctionDeclaration 
[as parseIfStatement] 
(node_modules/@babel/p
arser/src/parser/state
ment.ts:1089:28)
      at Parser.parseI
fStatement [as parseSt
atementContent] (node_
modules/@babel/parser/
src/parser/statement.t
s:536:21)
      at Parser.parseS
tatementContent [as 
parseStatementLike] (n
ode_modules/@babel/par
ser/src/parser/stateme
nt.ts:477:17)
      at Parser.parseS
tatementLike [as 
parseModuleItem] (node
_modules/@babel/parser
/src/parser/statement.
ts:414:17)
      at Parser.parseM
oduleItem [as parseBlo
ckOrModuleBlockBody] (
node_modules/@babel/pa
rser/src/parser/statem
ent.ts:1438:16)
      at Parser.parseB
lockOrModuleBlockBody 
[as parseBlockBody] (n
ode_modules/@babel/par
ser/src/parser/stateme
nt.ts:1412:10)
      at 
Parser.parseBlockBody 
[as parseProgram] (nod
e_modules/@babel/parse
r/src/parser/statement
.ts:229:10)
      at 
Parser.parseProgram 
[as parseTopLevel] (no
de_modules/@babel/pars
er/src/parser/statemen
t.ts:203:25)
      at 
Parser.parseTopLevel 
[as parse] (node_modul
es/@babel/parser/src/p
arser/index.ts:93:10)
      at parse (node_m
odules/@babel/parser/s
rc/index.ts:92:38)
      at parser (node_
modules/@babel/core/sr
c/parser/index.ts:28:1
9)
          at 
parser.next 
(<anonymous>)
      at 
normalizeFile (node_mo
dules/@babel/core/src/
transformation/normali
ze-file.ts:49:24)
          at 
normalizeFile.next 
(<anonymous>)
      at run (node_mod
ules/@babel/core/src/t
ransformation/index.ts
:40:36)
          at run.next 
(<anonymous>)
      at transform (no
de_modules/@babel/core
/src/transform.ts:29:2
0)
          at 
transform.next 
(<anonymous>)
      at evaluateSync 
(node_modules/gensync/
index.js:251:28)
      at sync (node_mo
dules/gensync/index.js
:89:14)
      at fn (node_modu
les/@babel/core/src/er
rors/rewrite-stack-tra
ce.ts:99:14)
      at 
transformSync (node_mo
dules/@babel/core/src/
transform.ts:66:52)
      at ScriptTransfo
rmer.transformSource (
node_modules/@jest/tra
nsform/build/ScriptTra
nsformer.js:545:31)
      at ScriptTransfo
rmer._transformAndBuil
dScript (node_modules/
@jest/transform/build/
ScriptTransformer.js:6
74:40)
      at ScriptTransfo
rmer.transform (node_m
odules/@jest/transform
/build/ScriptTransform
er.js:726:19)
      at require (test
/feature-discovery-eng
ine.test.js:41:24)
      at 
Object.<anonymous> (te
st/feature-discovery-e
ngine.test.js:41:24)

  ΓùÅ FeatureDiscovery
Engine ΓÇ║ Learning 
Patterns ΓÇ║ should 
predict next feature

    Jest encountered 
an unexpected token

    Jest failed to 
parse a file. This 
happens e.g. when 
your code or its 
dependencies use 
non-standard 
JavaScript syntax, or 
when Jest is not 
configured to support 
such syntax.

    Out of the box 
Jest supports Babel, 
which will be used to 
transform your files 
into valid JS based 
on your Babel 
configuration.

    By default 
"node_modules" folder 
is ignored by 
transformers.

    Here's what you 
can do:
     ΓÇó If you are 
trying to use 
ECMAScript Modules, 
see https://jestjs.io/
docs/ecmascript-module
s for how to enable 
it.
     ΓÇó If you are 
trying to use 
TypeScript, see https:
//jestjs.io/docs/getti
ng-started#using-types
cript
     ΓÇó To have some 
of your 
"node_modules" files 
transformed, you can 
specify a custom "tran
sformIgnorePatterns" 
in your config.
     ΓÇó If you need 
a custom 
transformation 
specify a "transform" 
option in your config.
     ΓÇó If you 
simply want to mock 
your non-JS modules 
(e.g. binary assets) 
you can stub them out 
with the 
"moduleNameMapper" 
config option.

    You'll find more 
details and examples 
of these config 
options in the docs:
    https://jestjs.io/
docs/configuration
    For information 
about custom 
transformations, see:
    https://jestjs.io/
docs/code-transformati
on

    Details:

    SyntaxError: C:\Wo
rkspace_Melbin\fun_web
sites\3d_model_viewer\
src\ui\FeatureDiscover
yEngine.js: 'return' 
outside of function. 
(906:28)

    [0m [90m 904 
|[39m }
     [90m 905 |[39m 
        
[36mconst[39m 
usageCount 
[33m=[39m [33mObjec
t[39m[33m.[39mkeys(
[36mthis[39m[33m.[
39muserProfile[33m.[
39mfeatureUsage)[33m.
[39mlength[33m;[39m
    [31m[1m>[22m[3
9m[90m 906 |[39m    
     [36mif[39m 
(usageCount 
[33m<[39m 
[35m3[39m) 
[36mreturn[39m [32m
'beginner'[39m[33m;
[39m
     [90m     |[39m 
                      
      
[31m[1m^[22m[39m
     [90m 907 |[39m 
        [36mif[39m 
(usageCount 
[33m<[39m 
[35m8[39m) 
[36mreturn[39m [32m
'intermediate'[39m[3
3m;[39m
     [90m 908 |[39m 
        [36mif[39m 
(usageCount 
[33m<[39m 
[35m15[39m) 
[36mreturn[39m [32m
'advanced'[39m[33m;
[39m
     [90m 909 |[39m 
        
[36mreturn[39m [32m
'expert'[39m[33m;[3
9m[0m

    [0m [90m 39 
|[39m
     [90m 40 |[39m  
       [90m// Import 
module[39m
    [31m[1m>[22m[3
9m[90m 41 |[39m     
    [36mconst[39m 
module [33m=[39m 
[36mawait[39m [36mi
mport[39m([32m'../sr
c/ui/FeatureDiscoveryE
ngine.js'[39m)[33m;
[39m
     [90m    |[39m  
                      
[31m[1m^[22m[39m
     [90m 42 |[39m  
       [33mFeatureDis
coveryEngine[39m 
[33m=[39m module[33
m.[39m[33mFeatureDis
coveryEngine[39m[33m
;[39m
     [90m 43 |[39m  
       
     [90m 44 |[39m  
       
discoveryEngine 
[33m=[39m 
[36mnew[39m [33mFea
tureDiscoveryEngine[3
9m(mockCore)[33m;[39
m[0m

      at constructor (
node_modules/@babel/pa
rser/src/parse-error.t
s:95:45)
      at 
Parser.toParseError 
[as raise] (node_modul
es/@babel/parser/src/t
okenizer/index.ts:1503
:19)
      at Parser.raise 
[as 
parseReturnStatement] 
(node_modules/@babel/p
arser/src/parser/state
ment.ts:1098:12)
      at Parser.parseR
eturnStatement [as par
seStatementContent] (n
ode_modules/@babel/par
ser/src/parser/stateme
nt.ts:538:21)
      at Parser.parseS
tatementContent [as 
parseStatementLike] (n
ode_modules/@babel/par
ser/src/parser/stateme
nt.ts:477:17)
      at Parser.parseS
tatementLike [as parse
StatementOrSloppyAnnex
BFunctionDeclaration] 
(node_modules/@babel/p
arser/src/parser/state
ment.ts:446:17)
      at Parser.parseS
tatementOrSloppyAnnexB
FunctionDeclaration 
[as parseIfStatement] 
(node_modules/@babel/p
arser/src/parser/state
ment.ts:1089:28)
      at Parser.parseI
fStatement [as parseSt
atementContent] (node_
modules/@babel/parser/
src/parser/statement.t
s:536:21)
      at Parser.parseS
tatementContent [as 
parseStatementLike] (n
ode_modules/@babel/par
ser/src/parser/stateme
nt.ts:477:17)
      at Parser.parseS
tatementLike [as 
parseModuleItem] (node
_modules/@babel/parser
/src/parser/statement.
ts:414:17)
      at Parser.parseM
oduleItem [as parseBlo
ckOrModuleBlockBody] (
node_modules/@babel/pa
rser/src/parser/statem
ent.ts:1438:16)
      at Parser.parseB
lockOrModuleBlockBody 
[as parseBlockBody] (n
ode_modules/@babel/par
ser/src/parser/stateme
nt.ts:1412:10)
      at 
Parser.parseBlockBody 
[as parseProgram] (nod
e_modules/@babel/parse
r/src/parser/statement
.ts:229:10)
      at 
Parser.parseProgram 
[as parseTopLevel] (no
de_modules/@babel/pars
er/src/parser/statemen
t.ts:203:25)
      at 
Parser.parseTopLevel 
[as parse] (node_modul
es/@babel/parser/src/p
arser/index.ts:93:10)
      at parse (node_m
odules/@babel/parser/s
rc/index.ts:92:38)
      at parser (node_
modules/@babel/core/sr
c/parser/index.ts:28:1
9)
          at 
parser.next 
(<anonymous>)
      at 
normalizeFile (node_mo
dules/@babel/core/src/
transformation/normali
ze-file.ts:49:24)
          at 
normalizeFile.next 
(<anonymous>)
      at run (node_mod
ules/@babel/core/src/t
ransformation/index.ts
:40:36)
          at run.next 
(<anonymous>)
      at transform (no
de_modules/@babel/core
/src/transform.ts:29:2
0)
          at 
transform.next 
(<anonymous>)
      at evaluateSync 
(node_modules/gensync/
index.js:251:28)
      at sync (node_mo
dules/gensync/index.js
:89:14)
      at fn (node_modu
les/@babel/core/src/er
rors/rewrite-stack-tra
ce.ts:99:14)
      at 
transformSync (node_mo
dules/@babel/core/src/
transform.ts:66:52)
      at ScriptTransfo
rmer.transformSource (
node_modules/@jest/tra
nsform/build/ScriptTra
nsformer.js:545:31)
      at ScriptTransfo
rmer._transformAndBuil
dScript (node_modules/
@jest/transform/build/
ScriptTransformer.js:6
74:40)
      at ScriptTransfo
rmer.transform (node_m
odules/@jest/transform
/build/ScriptTransform
er.js:726:19)
      at require (test
/feature-discovery-eng
ine.test.js:41:24)
      at 
Object.<anonymous> (te
st/feature-discovery-e
ngine.test.js:41:24)

  ΓùÅ FeatureDiscovery
Engine ΓÇ║ Learning 
Patterns ΓÇ║ should 
adapt to user behavior

    Jest encountered 
an unexpected token

    Jest failed to 
parse a file. This 
happens e.g. when 
your code or its 
dependencies use 
non-standard 
JavaScript syntax, or 
when Jest is not 
configured to support 
such syntax.

    Out of the box 
Jest supports Babel, 
which will be used to 
transform your files 
into valid JS based 
on your Babel 
configuration.

    By default 
"node_modules" folder 
is ignored by 
transformers.

    Here's what you 
can do:
     ΓÇó If you are 
trying to use 
ECMAScript Modules, 
see https://jestjs.io/
docs/ecmascript-module
s for how to enable 
it.
     ΓÇó If you are 
trying to use 
TypeScript, see https:
//jestjs.io/docs/getti
ng-started#using-types
cript
     ΓÇó To have some 
of your 
"node_modules" files 
transformed, you can 
specify a custom "tran
sformIgnorePatterns" 
in your config.
     ΓÇó If you need 
a custom 
transformation 
specify a "transform" 
option in your config.
     ΓÇó If you 
simply want to mock 
your non-JS modules 
(e.g. binary assets) 
you can stub them out 
with the 
"moduleNameMapper" 
config option.

    You'll find more 
details and examples 
of these config 
options in the docs:
    https://jestjs.io/
docs/configuration
    For information 
about custom 
transformations, see:
    https://jestjs.io/
docs/code-transformati
on

    Details:

    SyntaxError: C:\Wo
rkspace_Melbin\fun_web
sites\3d_model_viewer\
src\ui\FeatureDiscover
yEngine.js: 'return' 
outside of function. 
(906:28)

    [0m [90m 904 
|[39m }
     [90m 905 |[39m 
        
[36mconst[39m 
usageCount 
[33m=[39m [33mObjec
t[39m[33m.[39mkeys(
[36mthis[39m[33m.[
39muserProfile[33m.[
39mfeatureUsage)[33m.
[39mlength[33m;[39m
    [31m[1m>[22m[3
9m[90m 906 |[39m    
     [36mif[39m 
(usageCount 
[33m<[39m 
[35m3[39m) 
[36mreturn[39m [32m
'beginner'[39m[33m;
[39m
     [90m     |[39m 
                      
      
[31m[1m^[22m[39m
     [90m 907 |[39m 
        [36mif[39m 
(usageCount 
[33m<[39m 
[35m8[39m) 
[36mreturn[39m [32m
'intermediate'[39m[3
3m;[39m
     [90m 908 |[39m 
        [36mif[39m 
(usageCount 
[33m<[39m 
[35m15[39m) 
[36mreturn[39m [32m
'advanced'[39m[33m;
[39m
     [90m 909 |[39m 
        
[36mreturn[39m [32m
'expert'[39m[33m;[3
9m[0m

    [0m [90m 39 
|[39m
     [90m 40 |[39m  
       [90m// Import 
module[39m
    [31m[1m>[22m[3
9m[90m 41 |[39m     
    [36mconst[39m 
module [33m=[39m 
[36mawait[39m [36mi
mport[39m([32m'../sr
c/ui/FeatureDiscoveryE
ngine.js'[39m)[33m;
[39m
     [90m    |[39m  
                      
[31m[1m^[22m[39m
     [90m 42 |[39m  
       [33mFeatureDis
coveryEngine[39m 
[33m=[39m module[33
m.[39m[33mFeatureDis
coveryEngine[39m[33m
;[39m
     [90m 43 |[39m  
       
     [90m 44 |[39m  
       
discoveryEngine 
[33m=[39m 
[36mnew[39m [33mFea
tureDiscoveryEngine[3
9m(mockCore)[33m;[39
m[0m

      at constructor (
node_modules/@babel/pa
rser/src/parse-error.t
s:95:45)
      at 
Parser.toParseError 
[as raise] (node_modul
es/@babel/parser/src/t
okenizer/index.ts:1503
:19)
      at Parser.raise 
[as 
parseReturnStatement] 
(node_modules/@babel/p
arser/src/parser/state
ment.ts:1098:12)
      at Parser.parseR
eturnStatement [as par
seStatementContent] (n
ode_modules/@babel/par
ser/src/parser/stateme
nt.ts:538:21)
      at Parser.parseS
tatementContent [as 
parseStatementLike] (n
ode_modules/@babel/par
ser/src/parser/stateme
nt.ts:477:17)
      at Parser.parseS
tatementLike [as parse
StatementOrSloppyAnnex
BFunctionDeclaration] 
(node_modules/@babel/p
arser/src/parser/state
ment.ts:446:17)
      at Parser.parseS
tatementOrSloppyAnnexB
FunctionDeclaration 
[as parseIfStatement] 
(node_modules/@babel/p
arser/src/parser/state
ment.ts:1089:28)
      at Parser.parseI
fStatement [as parseSt
atementContent] (node_
modules/@babel/parser/
src/parser/statement.t
s:536:21)
      at Parser.parseS
tatementContent [as 
parseStatementLike] (n
ode_modules/@babel/par
ser/src/parser/stateme
nt.ts:477:17)
      at Parser.parseS
tatementLike [as 
parseModuleItem] (node
_modules/@babel/parser
/src/parser/statement.
ts:414:17)
      at Parser.parseM
oduleItem [as parseBlo
ckOrModuleBlockBody] (
node_modules/@babel/pa
rser/src/parser/statem
ent.ts:1438:16)
      at Parser.parseB
lockOrModuleBlockBody 
[as parseBlockBody] (n
ode_modules/@babel/par
ser/src/parser/stateme
nt.ts:1412:10)
      at 
Parser.parseBlockBody 
[as parseProgram] (nod
e_modules/@babel/parse
r/src/parser/statement
.ts:229:10)
      at 
Parser.parseProgram 
[as parseTopLevel] (no
de_modules/@babel/pars
er/src/parser/statemen
t.ts:203:25)
      at 
Parser.parseTopLevel 
[as parse] (node_modul
es/@babel/parser/src/p
arser/index.ts:93:10)
      at parse (node_m
odules/@babel/parser/s
rc/index.ts:92:38)
      at parser (node_
modules/@babel/core/sr
c/parser/index.ts:28:1
9)
          at 
parser.next 
(<anonymous>)
      at 
normalizeFile (node_mo
dules/@babel/core/src/
transformation/normali
ze-file.ts:49:24)
          at 
normalizeFile.next 
(<anonymous>)
      at run (node_mod
ules/@babel/core/src/t
ransformation/index.ts
:40:36)
          at run.next 
(<anonymous>)
      at transform (no
de_modules/@babel/core
/src/transform.ts:29:2
0)
          at 
transform.next 
(<anonymous>)
      at evaluateSync 
(node_modules/gensync/
index.js:251:28)
      at sync (node_mo
dules/gensync/index.js
:89:14)
      at fn (node_modu
les/@babel/core/src/er
rors/rewrite-stack-tra
ce.ts:99:14)
      at 
transformSync (node_mo
dules/@babel/core/src/
transform.ts:66:52)
      at ScriptTransfo
rmer.transformSource (
node_modules/@jest/tra
nsform/build/ScriptTra
nsformer.js:545:31)
      at ScriptTransfo
rmer._transformAndBuil
dScript (node_modules/
@jest/transform/build/
ScriptTransformer.js:6
74:40)
      at ScriptTransfo
rmer.transform (node_m
odules/@jest/transform
/build/ScriptTransform
er.js:726:19)
      at require (test
/feature-discovery-eng
ine.test.js:41:24)
      at 
Object.<anonymous> (te
st/feature-discovery-e
ngine.test.js:41:24)

  ΓùÅ FeatureDiscovery
Engine ΓÇ║ Feature 
Discovery UI ΓÇ║ 
should show 
suggestion 
notification

    Jest encountered 
an unexpected token

    Jest failed to 
parse a file. This 
happens e.g. when 
your code or its 
dependencies use 
non-standard 
JavaScript syntax, or 
when Jest is not 
configured to support 
such syntax.

    Out of the box 
Jest supports Babel, 
which will be used to 
transform your files 
into valid JS based 
on your Babel 
configuration.

    By default 
"node_modules" folder 
is ignored by 
transformers.

    Here's what you 
can do:
     ΓÇó If you are 
trying to use 
ECMAScript Modules, 
see https://jestjs.io/
docs/ecmascript-module
s for how to enable 
it.
     ΓÇó If you are 
trying to use 
TypeScript, see https:
//jestjs.io/docs/getti
ng-started#using-types
cript
     ΓÇó To have some 
of your 
"node_modules" files 
transformed, you can 
specify a custom "tran
sformIgnorePatterns" 
in your config.
     ΓÇó If you need 
a custom 
transformation 
specify a "transform" 
option in your config.
     ΓÇó If you 
simply want to mock 
your non-JS modules 
(e.g. binary assets) 
you can stub them out 
with the 
"moduleNameMapper" 
config option.

    You'll find more 
details and examples 
of these config 
options in the docs:
    https://jestjs.io/
docs/configuration
    For information 
about custom 
transformations, see:
    https://jestjs.io/
docs/code-transformati
on

    Details:

    SyntaxError: C:\Wo
rkspace_Melbin\fun_web
sites\3d_model_viewer\
src\ui\FeatureDiscover
yEngine.js: 'return' 
outside of function. 
(906:28)

    [0m [90m 904 
|[39m }
     [90m 905 |[39m 
        
[36mconst[39m 
usageCount 
[33m=[39m [33mObjec
t[39m[33m.[39mkeys(
[36mthis[39m[33m.[
39muserProfile[33m.[
39mfeatureUsage)[33m.
[39mlength[33m;[39m
    [31m[1m>[22m[3
9m[90m 906 |[39m    
     [36mif[39m 
(usageCount 
[33m<[39m 
[35m3[39m) 
[36mreturn[39m [32m
'beginner'[39m[33m;
[39m
     [90m     |[39m 
                      
      
[31m[1m^[22m[39m
     [90m 907 |[39m 
        [36mif[39m 
(usageCount 
[33m<[39m 
[35m8[39m) 
[36mreturn[39m [32m
'intermediate'[39m[3
3m;[39m
     [90m 908 |[39m 
        [36mif[39m 
(usageCount 
[33m<[39m 
[35m15[39m) 
[36mreturn[39m [32m
'advanced'[39m[33m;
[39m
     [90m 909 |[39m 
        
[36mreturn[39m [32m
'expert'[39m[33m;[3
9m[0m

    [0m [90m 39 
|[39m
     [90m 40 |[39m  
       [90m// Import 
module[39m
    [31m[1m>[22m[3
9m[90m 41 |[39m     
    [36mconst[39m 
module [33m=[39m 
[36mawait[39m [36mi
mport[39m([32m'../sr
c/ui/FeatureDiscoveryE
ngine.js'[39m)[33m;
[39m
     [90m    |[39m  
                      
[31m[1m^[22m[39m
     [90m 42 |[39m  
       [33mFeatureDis
coveryEngine[39m 
[33m=[39m module[33
m.[39m[33mFeatureDis
coveryEngine[39m[33m
;[39m
     [90m 43 |[39m  
       
     [90m 44 |[39m  
       
discoveryEngine 
[33m=[39m 
[36mnew[39m [33mFea
tureDiscoveryEngine[3
9m(mockCore)[33m;[39
m[0m

      at constructor (
node_modules/@babel/pa
rser/src/parse-error.t
s:95:45)
      at 
Parser.toParseError 
[as raise] (node_modul
es/@babel/parser/src/t
okenizer/index.ts:1503
:19)
      at Parser.raise 
[as 
parseReturnStatement] 
(node_modules/@babel/p
arser/src/parser/state
ment.ts:1098:12)
      at Parser.parseR
eturnStatement [as par
seStatementContent] (n
ode_modules/@babel/par
ser/src/parser/stateme
nt.ts:538:21)
      at Parser.parseS
tatementContent [as 
parseStatementLike] (n
ode_modules/@babel/par
ser/src/parser/stateme
nt.ts:477:17)
      at Parser.parseS
tatementLike [as parse
StatementOrSloppyAnnex
BFunctionDeclaration] 
(node_modules/@babel/p
arser/src/parser/state
ment.ts:446:17)
      at Parser.parseS
tatementOrSloppyAnnexB
FunctionDeclaration 
[as parseIfStatement] 
(node_modules/@babel/p
arser/src/parser/state
ment.ts:1089:28)
      at Parser.parseI
fStatement [as parseSt
atementContent] (node_
modules/@babel/parser/
src/parser/statement.t
s:536:21)
      at Parser.parseS
tatementContent [as 
parseStatementLike] (n
ode_modules/@babel/par
ser/src/parser/stateme
nt.ts:477:17)
      at Parser.parseS
tatementLike [as 
parseModuleItem] (node
_modules/@babel/parser
/src/parser/statement.
ts:414:17)
      at Parser.parseM
oduleItem [as parseBlo
ckOrModuleBlockBody] (
node_modules/@babel/pa
rser/src/parser/statem
ent.ts:1438:16)
      at Parser.parseB
lockOrModuleBlockBody 
[as parseBlockBody] (n
ode_modules/@babel/par
ser/src/parser/stateme
nt.ts:1412:10)
      at 
Parser.parseBlockBody 
[as parseProgram] (nod
e_modules/@babel/parse
r/src/parser/statement
.ts:229:10)
      at 
Parser.parseProgram 
[as parseTopLevel] (no
de_modules/@babel/pars
er/src/parser/statemen
t.ts:203:25)
      at 
Parser.parseTopLevel 
[as parse] (node_modul
es/@babel/parser/src/p
arser/index.ts:93:10)
      at parse (node_m
odules/@babel/parser/s
rc/index.ts:92:38)
      at parser (node_
modules/@babel/core/sr
c/parser/index.ts:28:1
9)
          at 
parser.next 
(<anonymous>)
      at 
normalizeFile (node_mo
dules/@babel/core/src/
transformation/normali
ze-file.ts:49:24)
          at 
normalizeFile.next 
(<anonymous>)
      at run (node_mod
ules/@babel/core/src/t
ransformation/index.ts
:40:36)
          at run.next 
(<anonymous>)
      at transform (no
de_modules/@babel/core
/src/transform.ts:29:2
0)
          at 
transform.next 
(<anonymous>)
      at evaluateSync 
(node_modules/gensync/
index.js:251:28)
      at sync (node_mo
dules/gensync/index.js
:89:14)
      at fn (node_modu
les/@babel/core/src/er
rors/rewrite-stack-tra
ce.ts:99:14)
      at 
transformSync (node_mo
dules/@babel/core/src/
transform.ts:66:52)
      at ScriptTransfo
rmer.transformSource (
node_modules/@jest/tra
nsform/build/ScriptTra
nsformer.js:545:31)
      at ScriptTransfo
rmer._transformAndBuil
dScript (node_modules/
@jest/transform/build/
ScriptTransformer.js:6
74:40)
      at ScriptTransfo
rmer.transform (node_m
odules/@jest/transform
/build/ScriptTransform
er.js:726:19)
      at require (test
/feature-discovery-eng
ine.test.js:41:24)
      at 
Object.<anonymous> (te
st/feature-discovery-e
ngine.test.js:41:24)

  ΓùÅ FeatureDiscovery
Engine ΓÇ║ Feature 
Discovery UI ΓÇ║ 
should hide 
suggestion 
notification

    Jest encountered 
an unexpected token

    Jest failed to 
parse a file. This 
happens e.g. when 
your code or its 
dependencies use 
non-standard 
JavaScript syntax, or 
when Jest is not 
configured to support 
such syntax.

    Out of the box 
Jest supports Babel, 
which will be used to 
transform your files 
into valid JS based 
on your Babel 
configuration.

    By default 
"node_modules" folder 
is ignored by 
transformers.

    Here's what you 
can do:
     ΓÇó If you are 
trying to use 
ECMAScript Modules, 
see https://jestjs.io/
docs/ecmascript-module
s for how to enable 
it.
     ΓÇó If you are 
trying to use 
TypeScript, see https:
//jestjs.io/docs/getti
ng-started#using-types
cript
     ΓÇó To have some 
of your 
"node_modules" files 
transformed, you can 
specify a custom "tran
sformIgnorePatterns" 
in your config.
     ΓÇó If you need 
a custom 
transformation 
specify a "transform" 
option in your config.
     ΓÇó If you 
simply want to mock 
your non-JS modules 
(e.g. binary assets) 
you can stub them out 
with the 
"moduleNameMapper" 
config option.

    You'll find more 
details and examples 
of these config 
options in the docs:
    https://jestjs.io/
docs/configuration
    For information 
about custom 
transformations, see:
    https://jestjs.io/
docs/code-transformati
on

    Details:

    SyntaxError: C:\Wo
rkspace_Melbin\fun_web
sites\3d_model_viewer\
src\ui\FeatureDiscover
yEngine.js: 'return' 
outside of function. 
(906:28)

    [0m [90m 904 
|[39m }
     [90m 905 |[39m 
        
[36mconst[39m 
usageCount 
[33m=[39m [33mObjec
t[39m[33m.[39mkeys(
[36mthis[39m[33m.[
39muserProfile[33m.[
39mfeatureUsage)[33m.
[39mlength[33m;[39m
    [31m[1m>[22m[3
9m[90m 906 |[39m    
     [36mif[39m 
(usageCount 
[33m<[39m 
[35m3[39m) 
[36mreturn[39m [32m
'beginner'[39m[33m;
[39m
     [90m     |[39m 
                      
      
[31m[1m^[22m[39m
     [90m 907 |[39m 
        [36mif[39m 
(usageCount 
[33m<[39m 
[35m8[39m) 
[36mreturn[39m [32m
'intermediate'[39m[3
3m;[39m
     [90m 908 |[39m 
        [36mif[39m 
(usageCount 
[33m<[39m 
[35m15[39m) 
[36mreturn[39m [32m
'advanced'[39m[33m;
[39m
     [90m 909 |[39m 
        
[36mreturn[39m [32m
'expert'[39m[33m;[3
9m[0m

    [0m [90m 39 
|[39m
     [90m 40 |[39m  
       [90m// Import 
module[39m
    [31m[1m>[22m[3
9m[90m 41 |[39m     
    [36mconst[39m 
module [33m=[39m 
[36mawait[39m [36mi
mport[39m([32m'../sr
c/ui/FeatureDiscoveryE
ngine.js'[39m)[33m;
[39m
     [90m    |[39m  
                      
[31m[1m^[22m[39m
     [90m 42 |[39m  
       [33mFeatureDis
coveryEngine[39m 
[33m=[39m module[33
m.[39m[33mFeatureDis
coveryEngine[39m[33m
;[39m
     [90m 43 |[39m  
       
     [90m 44 |[39m  
       
discoveryEngine 
[33m=[39m 
[36mnew[39m [33mFea
tureDiscoveryEngine[3
9m(mockCore)[33m;[39
m[0m

      at constructor (
node_modules/@babel/pa
rser/src/parse-error.t
s:95:45)
      at 
Parser.toParseError 
[as raise] (node_modul
es/@babel/parser/src/t
okenizer/index.ts:1503
:19)
      at Parser.raise 
[as 
parseReturnStatement] 
(node_modules/@babel/p
arser/src/parser/state
ment.ts:1098:12)
      at Parser.parseR
eturnStatement [as par
seStatementContent] (n
ode_modules/@babel/par
ser/src/parser/stateme
nt.ts:538:21)
      at Parser.parseS
tatementContent [as 
parseStatementLike] (n
ode_modules/@babel/par
ser/src/parser/stateme
nt.ts:477:17)
      at Parser.parseS
tatementLike [as parse
StatementOrSloppyAnnex
BFunctionDeclaration] 
(node_modules/@babel/p
arser/src/parser/state
ment.ts:446:17)
      at Parser.parseS
tatementOrSloppyAnnexB
FunctionDeclaration 
[as parseIfStatement] 
(node_modules/@babel/p
arser/src/parser/state
ment.ts:1089:28)
      at Parser.parseI
fStatement [as parseSt
atementContent] (node_
modules/@babel/parser/
src/parser/statement.t
s:536:21)
      at Parser.parseS
tatementContent [as 
parseStatementLike] (n
ode_modules/@babel/par
ser/src/parser/stateme
nt.ts:477:17)
      at Parser.parseS
tatementLike [as 
parseModuleItem] (node
_modules/@babel/parser
/src/parser/statement.
ts:414:17)
      at Parser.parseM
oduleItem [as parseBlo
ckOrModuleBlockBody] (
node_modules/@babel/pa
rser/src/parser/statem
ent.ts:1438:16)
      at Parser.parseB
lockOrModuleBlockBody 
[as parseBlockBody] (n
ode_modules/@babel/par
ser/src/parser/stateme
nt.ts:1412:10)
      at 
Parser.parseBlockBody 
[as parseProgram] (nod
e_modules/@babel/parse
r/src/parser/statement
.ts:229:10)
      at 
Parser.parseProgram 
[as parseTopLevel] (no
de_modules/@babel/pars
er/src/parser/statemen
t.ts:203:25)
      at 
Parser.parseTopLevel 
[as parse] (node_modul
es/@babel/parser/src/p
arser/index.ts:93:10)
      at parse (node_m
odules/@babel/parser/s
rc/index.ts:92:38)
      at parser (node_
modules/@babel/core/sr
c/parser/index.ts:28:1
9)
          at 
parser.next 
(<anonymous>)
      at 
normalizeFile (node_mo
dules/@babel/core/src/
transformation/normali
ze-file.ts:49:24)
          at 
normalizeFile.next 
(<anonymous>)
      at run (node_mod
ules/@babel/core/src/t
ransformation/index.ts
:40:36)
          at run.next 
(<anonymous>)
      at transform (no
de_modules/@babel/core
/src/transform.ts:29:2
0)
          at 
transform.next 
(<anonymous>)
      at evaluateSync 
(node_modules/gensync/
index.js:251:28)
      at sync (node_mo
dules/gensync/index.js
:89:14)
      at fn (node_modu
les/@babel/core/src/er
rors/rewrite-stack-tra
ce.ts:99:14)
      at 
transformSync (node_mo
dules/@babel/core/src/
transform.ts:66:52)
      at ScriptTransfo
rmer.transformSource (
node_modules/@jest/tra
nsform/build/ScriptTra
nsformer.js:545:31)
      at ScriptTransfo
rmer._transformAndBuil
dScript (node_modules/
@jest/transform/build/
ScriptTransformer.js:6
74:40)
      at ScriptTransfo
rmer.transform (node_m
odules/@jest/transform
/build/ScriptTransform
er.js:726:19)
      at require (test
/feature-discovery-eng
ine.test.js:41:24)
      at 
Object.<anonymous> (te
st/feature-discovery-e
ngine.test.js:41:24)

  ΓùÅ FeatureDiscovery
Engine ΓÇ║ Feature 
Discovery UI ΓÇ║ 
should handle 
suggestion acceptance

    Jest encountered 
an unexpected token

    Jest failed to 
parse a file. This 
happens e.g. when 
your code or its 
dependencies use 
non-standard 
JavaScript syntax, or 
when Jest is not 
configured to support 
such syntax.

    Out of the box 
Jest supports Babel, 
which will be used to 
transform your files 
into valid JS based 
on your Babel 
configuration.

    By default 
"node_modules" folder 
is ignored by 
transformers.

    Here's what you 
can do:
     ΓÇó If you are 
trying to use 
ECMAScript Modules, 
see https://jestjs.io/
docs/ecmascript-module
s for how to enable 
it.
     ΓÇó If you are 
trying to use 
TypeScript, see https:
//jestjs.io/docs/getti
ng-started#using-types
cript
     ΓÇó To have some 
of your 
"node_modules" files 
transformed, you can 
specify a custom "tran
sformIgnorePatterns" 
in your config.
     ΓÇó If you need 
a custom 
transformation 
specify a "transform" 
option in your config.
     ΓÇó If you 
simply want to mock 
your non-JS modules 
(e.g. binary assets) 
you can stub them out 
with the 
"moduleNameMapper" 
config option.

    You'll find more 
details and examples 
of these config 
options in the docs:
    https://jestjs.io/
docs/configuration
    For information 
about custom 
transformations, see:
    https://jestjs.io/
docs/code-transformati
on

    Details:

    SyntaxError: C:\Wo
rkspace_Melbin\fun_web
sites\3d_model_viewer\
src\ui\FeatureDiscover
yEngine.js: 'return' 
outside of function. 
(906:28)

    [0m [90m 904 
|[39m }
     [90m 905 |[39m 
        
[36mconst[39m 
usageCount 
[33m=[39m [33mObjec
t[39m[33m.[39mkeys(
[36mthis[39m[33m.[
39muserProfile[33m.[
39mfeatureUsage)[33m.
[39mlength[33m;[39m
    [31m[1m>[22m[3
9m[90m 906 |[39m    
     [36mif[39m 
(usageCount 
[33m<[39m 
[35m3[39m) 
[36mreturn[39m [32m
'beginner'[39m[33m;
[39m
     [90m     |[39m 
                      
      
[31m[1m^[22m[39m
     [90m 907 |[39m 
        [36mif[39m 
(usageCount 
[33m<[39m 
[35m8[39m) 
[36mreturn[39m [32m
'intermediate'[39m[3
3m;[39m
     [90m 908 |[39m 
        [36mif[39m 
(usageCount 
[33m<[39m 
[35m15[39m) 
[36mreturn[39m [32m
'advanced'[39m[33m;
[39m
     [90m 909 |[39m 
        
[36mreturn[39m [32m
'expert'[39m[33m;[3
9m[0m

    [0m [90m 39 
|[39m
     [90m 40 |[39m  
       [90m// Import 
module[39m
    [31m[1m>[22m[3
9m[90m 41 |[39m     
    [36mconst[39m 
module [33m=[39m 
[36mawait[39m [36mi
mport[39m([32m'../sr
c/ui/FeatureDiscoveryE
ngine.js'[39m)[33m;
[39m
     [90m    |[39m  
                      
[31m[1m^[22m[39m
     [90m 42 |[39m  
       [33mFeatureDis
coveryEngine[39m 
[33m=[39m module[33
m.[39m[33mFeatureDis
coveryEngine[39m[33m
;[39m
     [90m 43 |[39m  
       
     [90m 44 |[39m  
       
discoveryEngine 
[33m=[39m 
[36mnew[39m [33mFea
tureDiscoveryEngine[3
9m(mockCore)[33m;[39
m[0m

      at constructor (
node_modules/@babel/pa
rser/src/parse-error.t
s:95:45)
      at 
Parser.toParseError 
[as raise] (node_modul
es/@babel/parser/src/t
okenizer/index.ts:1503
:19)
      at Parser.raise 
[as 
parseReturnStatement] 
(node_modules/@babel/p
arser/src/parser/state
ment.ts:1098:12)
      at Parser.parseR
eturnStatement [as par
seStatementContent] (n
ode_modules/@babel/par
ser/src/parser/stateme
nt.ts:538:21)
      at Parser.parseS
tatementContent [as 
parseStatementLike] (n
ode_modules/@babel/par
ser/src/parser/stateme
nt.ts:477:17)
      at Parser.parseS
tatementLike [as parse
StatementOrSloppyAnnex
BFunctionDeclaration] 
(node_modules/@babel/p
arser/src/parser/state
ment.ts:446:17)
      at Parser.parseS
tatementOrSloppyAnnexB
FunctionDeclaration 
[as parseIfStatement] 
(node_modules/@babel/p
arser/src/parser/state
ment.ts:1089:28)
      at Parser.parseI
fStatement [as parseSt
atementContent] (node_
modules/@babel/parser/
src/parser/statement.t
s:536:21)
      at Parser.parseS
tatementContent [as 
parseStatementLike] (n
ode_modules/@babel/par
ser/src/parser/stateme
nt.ts:477:17)
      at Parser.parseS
tatementLike [as 
parseModuleItem] (node
_modules/@babel/parser
/src/parser/statement.
ts:414:17)
      at Parser.parseM
oduleItem [as parseBlo
ckOrModuleBlockBody] (
node_modules/@babel/pa
rser/src/parser/statem
ent.ts:1438:16)
      at Parser.parseB
lockOrModuleBlockBody 
[as parseBlockBody] (n
ode_modules/@babel/par
ser/src/parser/stateme
nt.ts:1412:10)
      at 
Parser.parseBlockBody 
[as parseProgram] (nod
e_modules/@babel/parse
r/src/parser/statement
.ts:229:10)
      at 
Parser.parseProgram 
[as parseTopLevel] (no
de_modules/@babel/pars
er/src/parser/statemen
t.ts:203:25)
      at 
Parser.parseTopLevel 
[as parse] (node_modul
es/@babel/parser/src/p
arser/index.ts:93:10)
      at parse (node_m
odules/@babel/parser/s
rc/index.ts:92:38)
      at parser (node_
modules/@babel/core/sr
c/parser/index.ts:28:1
9)
          at 
parser.next 
(<anonymous>)
      at 
normalizeFile (node_mo
dules/@babel/core/src/
transformation/normali
ze-file.ts:49:24)
          at 
normalizeFile.next 
(<anonymous>)
      at run (node_mod
ules/@babel/core/src/t
ransformation/index.ts
:40:36)
          at run.next 
(<anonymous>)
      at transform (no
de_modules/@babel/core
/src/transform.ts:29:2
0)
          at 
transform.next 
(<anonymous>)
      at evaluateSync 
(node_modules/gensync/
index.js:251:28)
      at sync (node_mo
dules/gensync/index.js
:89:14)
      at fn (node_modu
les/@babel/core/src/er
rors/rewrite-stack-tra
ce.ts:99:14)
      at 
transformSync (node_mo
dules/@babel/core/src/
transform.ts:66:52)
      at ScriptTransfo
rmer.transformSource (
node_modules/@jest/tra
nsform/build/ScriptTra
nsformer.js:545:31)
      at ScriptTransfo
rmer._transformAndBuil
dScript (node_modules/
@jest/transform/build/
ScriptTransformer.js:6
74:40)
      at ScriptTransfo
rmer.transform (node_m
odules/@jest/transform
/build/ScriptTransform
er.js:726:19)
      at require (test
/feature-discovery-eng
ine.test.js:41:24)
      at 
Object.<anonymous> (te
st/feature-discovery-e
ngine.test.js:41:24)

  ΓùÅ FeatureDiscovery
Engine ΓÇ║ Feature 
Discovery UI ΓÇ║ 
should handle 
suggestion dismissal

    Jest encountered 
an unexpected token

    Jest failed to 
parse a file. This 
happens e.g. when 
your code or its 
dependencies use 
non-standard 
JavaScript syntax, or 
when Jest is not 
configured to support 
such syntax.

    Out of the box 
Jest supports Babel, 
which will be used to 
transform your files 
into valid JS based 
on your Babel 
configuration.

    By default 
"node_modules" folder 
is ignored by 
transformers.

    Here's what you 
can do:
     ΓÇó If you are 
trying to use 
ECMAScript Modules, 
see https://jestjs.io/
docs/ecmascript-module
s for how to enable 
it.
     ΓÇó If you are 
trying to use 
TypeScript, see https:
//jestjs.io/docs/getti
ng-started#using-types
cript
     ΓÇó To have some 
of your 
"node_modules" files 
transformed, you can 
specify a custom "tran
sformIgnorePatterns" 
in your config.
     ΓÇó If you need 
a custom 
transformation 
specify a "transform" 
option in your config.
     ΓÇó If you 
simply want to mock 
your non-JS modules 
(e.g. binary assets) 
you can stub them out 
with the 
"moduleNameMapper" 
config option.

    You'll find more 
details and examples 
of these config 
options in the docs:
    https://jestjs.io/
docs/configuration
    For information 
about custom 
transformations, see:
    https://jestjs.io/
docs/code-transformati
on

    Details:

    SyntaxError: C:\Wo
rkspace_Melbin\fun_web
sites\3d_model_viewer\
src\ui\FeatureDiscover
yEngine.js: 'return' 
outside of function. 
(906:28)

    [0m [90m 904 
|[39m }
     [90m 905 |[39m 
        
[36mconst[39m 
usageCount 
[33m=[39m [33mObjec
t[39m[33m.[39mkeys(
[36mthis[39m[33m.[
39muserProfile[33m.[
39mfeatureUsage)[33m.
[39mlength[33m;[39m
    [31m[1m>[22m[3
9m[90m 906 |[39m    
     [36mif[39m 
(usageCount 
[33m<[39m 
[35m3[39m) 
[36mreturn[39m [32m
'beginner'[39m[33m;
[39m
     [90m     |[39m 
                      
      
[31m[1m^[22m[39m
     [90m 907 |[39m 
        [36mif[39m 
(usageCount 
[33m<[39m 
[35m8[39m) 
[36mreturn[39m [32m
'intermediate'[39m[3
3m;[39m
     [90m 908 |[39m 
        [36mif[39m 
(usageCount 
[33m<[39m 
[35m15[39m) 
[36mreturn[39m [32m
'advanced'[39m[33m;
[39m
     [90m 909 |[39m 
        
[36mreturn[39m [32m
'expert'[39m[33m;[3
9m[0m

    [0m [90m 39 
|[39m
     [90m 40 |[39m  
       [90m// Import 
module[39m
    [31m[1m>[22m[3
9m[90m 41 |[39m     
    [36mconst[39m 
module [33m=[39m 
[36mawait[39m [36mi
mport[39m([32m'../sr
c/ui/FeatureDiscoveryE
ngine.js'[39m)[33m;
[39m
     [90m    |[39m  
                      
[31m[1m^[22m[39m
     [90m 42 |[39m  
       [33mFeatureDis
coveryEngine[39m 
[33m=[39m module[33
m.[39m[33mFeatureDis
coveryEngine[39m[33m
;[39m
     [90m 43 |[39m  
       
     [90m 44 |[39m  
       
discoveryEngine 
[33m=[39m 
[36mnew[39m [33mFea
tureDiscoveryEngine[3
9m(mockCore)[33m;[39
m[0m

      at constructor (
node_modules/@babel/pa
rser/src/parse-error.t
s:95:45)
      at 
Parser.toParseError 
[as raise] (node_modul
es/@babel/parser/src/t
okenizer/index.ts:1503
:19)
      at Parser.raise 
[as 
parseReturnStatement] 
(node_modules/@babel/p
arser/src/parser/state
ment.ts:1098:12)
      at Parser.parseR
eturnStatement [as par
seStatementContent] (n
ode_modules/@babel/par
ser/src/parser/stateme
nt.ts:538:21)
      at Parser.parseS
tatementContent [as 
parseStatementLike] (n
ode_modules/@babel/par
ser/src/parser/stateme
nt.ts:477:17)
      at Parser.parseS
tatementLike [as parse
StatementOrSloppyAnnex
BFunctionDeclaration] 
(node_modules/@babel/p
arser/src/parser/state
ment.ts:446:17)
      at Parser.parseS
tatementOrSloppyAnnexB
FunctionDeclaration 
[as parseIfStatement] 
(node_modules/@babel/p
arser/src/parser/state
ment.ts:1089:28)
      at Parser.parseI
fStatement [as parseSt
atementContent] (node_
modules/@babel/parser/
src/parser/statement.t
s:536:21)
      at Parser.parseS
tatementContent [as 
parseStatementLike] (n
ode_modules/@babel/par
ser/src/parser/stateme
nt.ts:477:17)
      at Parser.parseS
tatementLike [as 
parseModuleItem] (node
_modules/@babel/parser
/src/parser/statement.
ts:414:17)
      at Parser.parseM
oduleItem [as parseBlo
ckOrModuleBlockBody] (
node_modules/@babel/pa
rser/src/parser/statem
ent.ts:1438:16)
      at Parser.parseB
lockOrModuleBlockBody 
[as parseBlockBody] (n
ode_modules/@babel/par
ser/src/parser/stateme
nt.ts:1412:10)
      at 
Parser.parseBlockBody 
[as parseProgram] (nod
e_modules/@babel/parse
r/src/parser/statement
.ts:229:10)
      at 
Parser.parseProgram 
[as parseTopLevel] (no
de_modules/@babel/pars
er/src/parser/statemen
t.ts:203:25)
      at 
Parser.parseTopLevel 
[as parse] (node_modul
es/@babel/parser/src/p
arser/index.ts:93:10)
      at parse (node_m
odules/@babel/parser/s
rc/index.ts:92:38)
      at parser (node_
modules/@babel/core/sr
c/parser/index.ts:28:1
9)
          at 
parser.next 
(<anonymous>)
      at 
normalizeFile (node_mo
dules/@babel/core/src/
transformation/normali
ze-file.ts:49:24)
          at 
normalizeFile.next 
(<anonymous>)
      at run (node_mod
ules/@babel/core/src/t
ransformation/index.ts
:40:36)
          at run.next 
(<anonymous>)
      at transform (no
de_modules/@babel/core
/src/transform.ts:29:2
0)
          at 
transform.next 
(<anonymous>)
      at evaluateSync 
(node_modules/gensync/
index.js:251:28)
      at sync (node_mo
dules/gensync/index.js
:89:14)
      at fn (node_modu
les/@babel/core/src/er
rors/rewrite-stack-tra
ce.ts:99:14)
      at 
transformSync (node_mo
dules/@babel/core/src/
transform.ts:66:52)
      at ScriptTransfo
rmer.transformSource (
node_modules/@jest/tra
nsform/build/ScriptTra
nsformer.js:545:31)
      at ScriptTransfo
rmer._transformAndBuil
dScript (node_modules/
@jest/transform/build/
ScriptTransformer.js:6
74:40)
      at ScriptTransfo
rmer.transform (node_m
odules/@jest/transform
/build/ScriptTransform
er.js:726:19)
      at require (test
/feature-discovery-eng
ine.test.js:41:24)
      at 
Object.<anonymous> (te
st/feature-discovery-e
ngine.test.js:41:24)

  ΓùÅ FeatureDiscovery
Engine ΓÇ║ Feature 
Discovery UI ΓÇ║ 
should show feature 
tour

    Jest encountered 
an unexpected token

    Jest failed to 
parse a file. This 
happens e.g. when 
your code or its 
dependencies use 
non-standard 
JavaScript syntax, or 
when Jest is not 
configured to support 
such syntax.

    Out of the box 
Jest supports Babel, 
which will be used to 
transform your files 
into valid JS based 
on your Babel 
configuration.

    By default 
"node_modules" folder 
is ignored by 
transformers.

    Here's what you 
can do:
     ΓÇó If you are 
trying to use 
ECMAScript Modules, 
see https://jestjs.io/
docs/ecmascript-module
s for how to enable 
it.
     ΓÇó If you are 
trying to use 
TypeScript, see https:
//jestjs.io/docs/getti
ng-started#using-types
cript
     ΓÇó To have some 
of your 
"node_modules" files 
transformed, you can 
specify a custom "tran
sformIgnorePatterns" 
in your config.
     ΓÇó If you need 
a custom 
transformation 
specify a "transform" 
option in your config.
     ΓÇó If you 
simply want to mock 
your non-JS modules 
(e.g. binary assets) 
you can stub them out 
with the 
"moduleNameMapper" 
config option.

    You'll find more 
details and examples 
of these config 
options in the docs:
    https://jestjs.io/
docs/configuration
    For information 
about custom 
transformations, see:
    https://jestjs.io/
docs/code-transformati
on

    Details:

    SyntaxError: C:\Wo
rkspace_Melbin\fun_web
sites\3d_model_viewer\
src\ui\FeatureDiscover
yEngine.js: 'return' 
outside of function. 
(906:28)

    [0m [90m 904 
|[39m }
     [90m 905 |[39m 
        
[36mconst[39m 
usageCount 
[33m=[39m [33mObjec
t[39m[33m.[39mkeys(
[36mthis[39m[33m.[
39muserProfile[33m.[
39mfeatureUsage)[33m.
[39mlength[33m;[39m
    [31m[1m>[22m[3
9m[90m 906 |[39m    
     [36mif[39m 
(usageCount 
[33m<[39m 
[35m3[39m) 
[36mreturn[39m [32m
'beginner'[39m[33m;
[39m
     [90m     |[39m 
                      
      
[31m[1m^[22m[39m
     [90m 907 |[39m 
        [36mif[39m 
(usageCount 
[33m<[39m 
[35m8[39m) 
[36mreturn[39m [32m
'intermediate'[39m[3
3m;[39m
     [90m 908 |[39m 
        [36mif[39m 
(usageCount 
[33m<[39m 
[35m15[39m) 
[36mreturn[39m [32m
'advanced'[39m[33m;
[39m
     [90m 909 |[39m 
        
[36mreturn[39m [32m
'expert'[39m[33m;[3
9m[0m

    [0m [90m 39 
|[39m
     [90m 40 |[39m  
       [90m// Import 
module[39m
    [31m[1m>[22m[3
9m[90m 41 |[39m     
    [36mconst[39m 
module [33m=[39m 
[36mawait[39m [36mi
mport[39m([32m'../sr
c/ui/FeatureDiscoveryE
ngine.js'[39m)[33m;
[39m
     [90m    |[39m  
                      
[31m[1m^[22m[39m
     [90m 42 |[39m  
       [33mFeatureDis
coveryEngine[39m 
[33m=[39m module[33
m.[39m[33mFeatureDis
coveryEngine[39m[33m
;[39m
     [90m 43 |[39m  
       
     [90m 44 |[39m  
       
discoveryEngine 
[33m=[39m 
[36mnew[39m [33mFea
tureDiscoveryEngine[3
9m(mockCore)[33m;[39
m[0m

      at constructor (
node_modules/@babel/pa
rser/src/parse-error.t
s:95:45)
      at 
Parser.toParseError 
[as raise] (node_modul
es/@babel/parser/src/t
okenizer/index.ts:1503
:19)
      at Parser.raise 
[as 
parseReturnStatement] 
(node_modules/@babel/p
arser/src/parser/state
ment.ts:1098:12)
      at Parser.parseR
eturnStatement [as par
seStatementContent] (n
ode_modules/@babel/par
ser/src/parser/stateme
nt.ts:538:21)
      at Parser.parseS
tatementContent [as 
parseStatementLike] (n
ode_modules/@babel/par
ser/src/parser/stateme
nt.ts:477:17)
      at Parser.parseS
tatementLike [as parse
StatementOrSloppyAnnex
BFunctionDeclaration] 
(node_modules/@babel/p
arser/src/parser/state
ment.ts:446:17)
      at Parser.parseS
tatementOrSloppyAnnexB
FunctionDeclaration 
[as parseIfStatement] 
(node_modules/@babel/p
arser/src/parser/state
ment.ts:1089:28)
      at Parser.parseI
fStatement [as parseSt
atementContent] (node_
modules/@babel/parser/
src/parser/statement.t
s:536:21)
      at Parser.parseS
tatementContent [as 
parseStatementLike] (n
ode_modules/@babel/par
ser/src/parser/stateme
nt.ts:477:17)
      at Parser.parseS
tatementLike [as 
parseModuleItem] (node
_modules/@babel/parser
/src/parser/statement.
ts:414:17)
      at Parser.parseM
oduleItem [as parseBlo
ckOrModuleBlockBody] (
node_modules/@babel/pa
rser/src/parser/statem
ent.ts:1438:16)
      at Parser.parseB
lockOrModuleBlockBody 
[as parseBlockBody] (n
ode_modules/@babel/par
ser/src/parser/stateme
nt.ts:1412:10)
      at 
Parser.parseBlockBody 
[as parseProgram] (nod
e_modules/@babel/parse
r/src/parser/statement
.ts:229:10)
      at 
Parser.parseProgram 
[as parseTopLevel] (no
de_modules/@babel/pars
er/src/parser/statemen
t.ts:203:25)
      at 
Parser.parseTopLevel 
[as parse] (node_modul
es/@babel/parser/src/p
arser/index.ts:93:10)
      at parse (node_m
odules/@babel/parser/s
rc/index.ts:92:38)
      at parser (node_
modules/@babel/core/sr
c/parser/index.ts:28:1
9)
          at 
parser.next 
(<anonymous>)
      at 
normalizeFile (node_mo
dules/@babel/core/src/
transformation/normali
ze-file.ts:49:24)
          at 
normalizeFile.next 
(<anonymous>)
      at run (node_mod
ules/@babel/core/src/t
ransformation/index.ts
:40:36)
          at run.next 
(<anonymous>)
      at transform (no
de_modules/@babel/core
/src/transform.ts:29:2
0)
          at 
transform.next 
(<anonymous>)
      at evaluateSync 
(node_modules/gensync/
index.js:251:28)
      at sync (node_mo
dules/gensync/index.js
:89:14)
      at fn (node_modu
les/@babel/core/src/er
rors/rewrite-stack-tra
ce.ts:99:14)
      at 
transformSync (node_mo
dules/@babel/core/src/
transform.ts:66:52)
      at ScriptTransfo
rmer.transformSource (
node_modules/@jest/tra
nsform/build/ScriptTra
nsformer.js:545:31)
      at ScriptTransfo
rmer._transformAndBuil
dScript (node_modules/
@jest/transform/build/
ScriptTransformer.js:6
74:40)
      at ScriptTransfo
rmer.transform (node_m
odules/@jest/transform
/build/ScriptTransform
er.js:726:19)
      at require (test
/feature-discovery-eng
ine.test.js:41:24)
      at 
Object.<anonymous> (te
st/feature-discovery-e
ngine.test.js:41:24)

  ΓùÅ FeatureDiscovery
Engine ΓÇ║ Analytics 
and Insights ΓÇ║ 
should generate usage 
statistics

    Jest encountered 
an unexpected token

    Jest failed to 
parse a file. This 
happens e.g. when 
your code or its 
dependencies use 
non-standard 
JavaScript syntax, or 
when Jest is not 
configured to support 
such syntax.

    Out of the box 
Jest supports Babel, 
which will be used to 
transform your files 
into valid JS based 
on your Babel 
configuration.

    By default 
"node_modules" folder 
is ignored by 
transformers.

    Here's what you 
can do:
     ΓÇó If you are 
trying to use 
ECMAScript Modules, 
see https://jestjs.io/
docs/ecmascript-module
s for how to enable 
it.
     ΓÇó If you are 
trying to use 
TypeScript, see https:
//jestjs.io/docs/getti
ng-started#using-types
cript
     ΓÇó To have some 
of your 
"node_modules" files 
transformed, you can 
specify a custom "tran
sformIgnorePatterns" 
in your config.
     ΓÇó If you need 
a custom 
transformation 
specify a "transform" 
option in your config.
     ΓÇó If you 
simply want to mock 
your non-JS modules 
(e.g. binary assets) 
you can stub them out 
with the 
"moduleNameMapper" 
config option.

    You'll find more 
details and examples 
of these config 
options in the docs:
    https://jestjs.io/
docs/configuration
    For information 
about custom 
transformations, see:
    https://jestjs.io/
docs/code-transformati
on

    Details:

    SyntaxError: C:\Wo
rkspace_Melbin\fun_web
sites\3d_model_viewer\
src\ui\FeatureDiscover
yEngine.js: 'return' 
outside of function. 
(906:28)

    [0m [90m 904 
|[39m }
     [90m 905 |[39m 
        
[36mconst[39m 
usageCount 
[33m=[39m [33mObjec
t[39m[33m.[39mkeys(
[36mthis[39m[33m.[
39muserProfile[33m.[
39mfeatureUsage)[33m.
[39mlength[33m;[39m
    [31m[1m>[22m[3
9m[90m 906 |[39m    
     [36mif[39m 
(usageCount 
[33m<[39m 
[35m3[39m) 
[36mreturn[39m [32m
'beginner'[39m[33m;
[39m
     [90m     |[39m 
                      
      
[31m[1m^[22m[39m
     [90m 907 |[39m 
        [36mif[39m 
(usageCount 
[33m<[39m 
[35m8[39m) 
[36mreturn[39m [32m
'intermediate'[39m[3
3m;[39m
     [90m 908 |[39m 
        [36mif[39m 
(usageCount 
[33m<[39m 
[35m15[39m) 
[36mreturn[39m [32m
'advanced'[39m[33m;
[39m
     [90m 909 |[39m 
        
[36mreturn[39m [32m
'expert'[39m[33m;[3
9m[0m

    [0m [90m 39 
|[39m
     [90m 40 |[39m  
       [90m// Import 
module[39m
    [31m[1m>[22m[3
9m[90m 41 |[39m     
    [36mconst[39m 
module [33m=[39m 
[36mawait[39m [36mi
mport[39m([32m'../sr
c/ui/FeatureDiscoveryE
ngine.js'[39m)[33m;
[39m
     [90m    |[39m  
                      
[31m[1m^[22m[39m
     [90m 42 |[39m  
       [33mFeatureDis
coveryEngine[39m 
[33m=[39m module[33
m.[39m[33mFeatureDis
coveryEngine[39m[33m
;[39m
     [90m 43 |[39m  
       
     [90m 44 |[39m  
       
discoveryEngine 
[33m=[39m 
[36mnew[39m [33mFea
tureDiscoveryEngine[3
9m(mockCore)[33m;[39
m[0m

      at constructor (
node_modules/@babel/pa
rser/src/parse-error.t
s:95:45)
      at 
Parser.toParseError 
[as raise] (node_modul
es/@babel/parser/src/t
okenizer/index.ts:1503
:19)
      at Parser.raise 
[as 
parseReturnStatement] 
(node_modules/@babel/p
arser/src/parser/state
ment.ts:1098:12)
      at Parser.parseR
eturnStatement [as par
seStatementContent] (n
ode_modules/@babel/par
ser/src/parser/stateme
nt.ts:538:21)
      at Parser.parseS
tatementContent [as 
parseStatementLike] (n
ode_modules/@babel/par
ser/src/parser/stateme
nt.ts:477:17)
      at Parser.parseS
tatementLike [as parse
StatementOrSloppyAnnex
BFunctionDeclaration] 
(node_modules/@babel/p
arser/src/parser/state
ment.ts:446:17)
      at Parser.parseS
tatementOrSloppyAnnexB
FunctionDeclaration 
[as parseIfStatement] 
(node_modules/@babel/p
arser/src/parser/state
ment.ts:1089:28)
      at Parser.parseI
fStatement [as parseSt
atementContent] (node_
modules/@babel/parser/
src/parser/statement.t
s:536:21)
      at Parser.parseS
tatementContent [as 
parseStatementLike] (n
ode_modules/@babel/par
ser/src/parser/stateme
nt.ts:477:17)
      at Parser.parseS
tatementLike [as 
parseModuleItem] (node
_modules/@babel/parser
/src/parser/statement.
ts:414:17)
      at Parser.parseM
oduleItem [as parseBlo
ckOrModuleBlockBody] (
node_modules/@babel/pa
rser/src/parser/statem
ent.ts:1438:16)
      at Parser.parseB
lockOrModuleBlockBody 
[as parseBlockBody] (n
ode_modules/@babel/par
ser/src/parser/stateme
nt.ts:1412:10)
      at 
Parser.parseBlockBody 
[as parseProgram] (nod
e_modules/@babel/parse
r/src/parser/statement
.ts:229:10)
      at 
Parser.parseProgram 
[as parseTopLevel] (no
de_modules/@babel/pars
er/src/parser/statemen
t.ts:203:25)
      at 
Parser.parseTopLevel 
[as parse] (node_modul
es/@babel/parser/src/p
arser/index.ts:93:10)
      at parse (node_m
odules/@babel/parser/s
rc/index.ts:92:38)
      at parser (node_
modules/@babel/core/sr
c/parser/index.ts:28:1
9)
          at 
parser.next 
(<anonymous>)
      at 
normalizeFile (node_mo
dules/@babel/core/src/
transformation/normali
ze-file.ts:49:24)
          at 
normalizeFile.next 
(<anonymous>)
      at run (node_mod
ules/@babel/core/src/t
ransformation/index.ts
:40:36)
          at run.next 
(<anonymous>)
      at transform (no
de_modules/@babel/core
/src/transform.ts:29:2
0)
          at 
transform.next 
(<anonymous>)
      at evaluateSync 
(node_modules/gensync/
index.js:251:28)
      at sync (node_mo
dules/gensync/index.js
:89:14)
      at fn (node_modu
les/@babel/core/src/er
rors/rewrite-stack-tra
ce.ts:99:14)
      at 
transformSync (node_mo
dules/@babel/core/src/
transform.ts:66:52)
      at ScriptTransfo
rmer.transformSource (
node_modules/@jest/tra
nsform/build/ScriptTra
nsformer.js:545:31)
      at ScriptTransfo
rmer._transformAndBuil
dScript (node_modules/
@jest/transform/build/
ScriptTransformer.js:6
74:40)
      at ScriptTransfo
rmer.transform (node_m
odules/@jest/transform
/build/ScriptTransform
er.js:726:19)
      at require (test
/feature-discovery-eng
ine.test.js:41:24)
      at 
Object.<anonymous> (te
st/feature-discovery-e
ngine.test.js:41:24)

  ΓùÅ FeatureDiscovery
Engine ΓÇ║ Analytics 
and Insights ΓÇ║ 
should calculate 
feature adoption rate

    Jest encountered 
an unexpected token

    Jest failed to 
parse a file. This 
happens e.g. when 
your code or its 
dependencies use 
non-standard 
JavaScript syntax, or 
when Jest is not 
configured to support 
such syntax.

    Out of the box 
Jest supports Babel, 
which will be used to 
transform your files 
into valid JS based 
on your Babel 
configuration.

    By default 
"node_modules" folder 
is ignored by 
transformers.

    Here's what you 
can do:
     ΓÇó If you are 
trying to use 
ECMAScript Modules, 
see https://jestjs.io/
docs/ecmascript-module
s for how to enable 
it.
     ΓÇó If you are 
trying to use 
TypeScript, see https:
//jestjs.io/docs/getti
ng-started#using-types
cript
     ΓÇó To have some 
of your 
"node_modules" files 
transformed, you can 
specify a custom "tran
sformIgnorePatterns" 
in your config.
     ΓÇó If you need 
a custom 
transformation 
specify a "transform" 
option in your config.
     ΓÇó If you 
simply want to mock 
your non-JS modules 
(e.g. binary assets) 
you can stub them out 
with the 
"moduleNameMapper" 
config option.

    You'll find more 
details and examples 
of these config 
options in the docs:
    https://jestjs.io/
docs/configuration
    For information 
about custom 
transformations, see:
    https://jestjs.io/
docs/code-transformati
on

    Details:

    SyntaxError: C:\Wo
rkspace_Melbin\fun_web
sites\3d_model_viewer\
src\ui\FeatureDiscover
yEngine.js: 'return' 
outside of function. 
(906:28)

    [0m [90m 904 
|[39m }
     [90m 905 |[39m 
        
[36mconst[39m 
usageCount 
[33m=[39m [33mObjec
t[39m[33m.[39mkeys(
[36mthis[39m[33m.[
39muserProfile[33m.[
39mfeatureUsage)[33m.
[39mlength[33m;[39m
    [31m[1m>[22m[3
9m[90m 906 |[39m    
     [36mif[39m 
(usageCount 
[33m<[39m 
[35m3[39m) 
[36mreturn[39m [32m
'beginner'[39m[33m;
[39m
     [90m     |[39m 
                      
      
[31m[1m^[22m[39m
     [90m 907 |[39m 
        [36mif[39m 
(usageCount 
[33m<[39m 
[35m8[39m) 
[36mreturn[39m [32m
'intermediate'[39m[3
3m;[39m
     [90m 908 |[39m 
        [36mif[39m 
(usageCount 
[33m<[39m 
[35m15[39m) 
[36mreturn[39m [32m
'advanced'[39m[33m;
[39m
     [90m 909 |[39m 
        
[36mreturn[39m [32m
'expert'[39m[33m;[3
9m[0m

    [0m [90m 39 
|[39m
     [90m 40 |[39m  
       [90m// Import 
module[39m
    [31m[1m>[22m[3
9m[90m 41 |[39m     
    [36mconst[39m 
module [33m=[39m 
[36mawait[39m [36mi
mport[39m([32m'../sr
c/ui/FeatureDiscoveryE
ngine.js'[39m)[33m;
[39m
     [90m    |[39m  
                      
[31m[1m^[22m[39m
     [90m 42 |[39m  
       [33mFeatureDis
coveryEngine[39m 
[33m=[39m module[33
m.[39m[33mFeatureDis
coveryEngine[39m[33m
;[39m
     [90m 43 |[39m  
       
     [90m 44 |[39m  
       
discoveryEngine 
[33m=[39m 
[36mnew[39m [33mFea
tureDiscoveryEngine[3
9m(mockCore)[33m;[39
m[0m

      at constructor (
node_modules/@babel/pa
rser/src/parse-error.t
s:95:45)
      at 
Parser.toParseError 
[as raise] (node_modul
es/@babel/parser/src/t
okenizer/index.ts:1503
:19)
      at Parser.raise 
[as 
parseReturnStatement] 
(node_modules/@babel/p
arser/src/parser/state
ment.ts:1098:12)
      at Parser.parseR
eturnStatement [as par
seStatementContent] (n
ode_modules/@babel/par
ser/src/parser/stateme
nt.ts:538:21)
      at Parser.parseS
tatementContent [as 
parseStatementLike] (n
ode_modules/@babel/par
ser/src/parser/stateme
nt.ts:477:17)
      at Parser.parseS
tatementLike [as parse
StatementOrSloppyAnnex
BFunctionDeclaration] 
(node_modules/@babel/p
arser/src/parser/state
ment.ts:446:17)
      at Parser.parseS
tatementOrSloppyAnnexB
FunctionDeclaration 
[as parseIfStatement] 
(node_modules/@babel/p
arser/src/parser/state
ment.ts:1089:28)
      at Parser.parseI
fStatement [as parseSt
atementContent] (node_
modules/@babel/parser/
src/parser/statement.t
s:536:21)
      at Parser.parseS
tatementContent [as 
parseStatementLike] (n
ode_modules/@babel/par
ser/src/parser/stateme
nt.ts:477:17)
      at Parser.parseS
tatementLike [as 
parseModuleItem] (node
_modules/@babel/parser
/src/parser/statement.
ts:414:17)
      at Parser.parseM
oduleItem [as parseBlo
ckOrModuleBlockBody] (
node_modules/@babel/pa
rser/src/parser/statem
ent.ts:1438:16)
      at Parser.parseB
lockOrModuleBlockBody 
[as parseBlockBody] (n
ode_modules/@babel/par
ser/src/parser/stateme
nt.ts:1412:10)
      at 
Parser.parseBlockBody 
[as parseProgram] (nod
e_modules/@babel/parse
r/src/parser/statement
.ts:229:10)
      at 
Parser.parseProgram 
[as parseTopLevel] (no
de_modules/@babel/pars
er/src/parser/statemen
t.ts:203:25)
      at 
Parser.parseTopLevel 
[as parse] (node_modul
es/@babel/parser/src/p
arser/index.ts:93:10)
      at parse (node_m
odules/@babel/parser/s
rc/index.ts:92:38)
      at parser (node_
modules/@babel/core/sr
c/parser/index.ts:28:1
9)
          at 
parser.next 
(<anonymous>)
      at 
normalizeFile (node_mo
dules/@babel/core/src/
transformation/normali
ze-file.ts:49:24)
          at 
normalizeFile.next 
(<anonymous>)
      at run (node_mod
ules/@babel/core/src/t
ransformation/index.ts
:40:36)
          at run.next 
(<anonymous>)
      at transform (no
de_modules/@babel/core
/src/transform.ts:29:2
0)
          at 
transform.next 
(<anonymous>)
      at evaluateSync 
(node_modules/gensync/
index.js:251:28)
      at sync (node_mo
dules/gensync/index.js
:89:14)
      at fn (node_modu
les/@babel/core/src/er
rors/rewrite-stack-tra
ce.ts:99:14)
      at 
transformSync (node_mo
dules/@babel/core/src/
transform.ts:66:52)
      at ScriptTransfo
rmer.transformSource (
node_modules/@jest/tra
nsform/build/ScriptTra
nsformer.js:545:31)
      at ScriptTransfo
rmer._transformAndBuil
dScript (node_modules/
@jest/transform/build/
ScriptTransformer.js:6
74:40)
      at ScriptTransfo
rmer.transform (node_m
odules/@jest/transform
/build/ScriptTransform
er.js:726:19)
      at require (test
/feature-discovery-eng
ine.test.js:41:24)
      at 
Object.<anonymous> (te
st/feature-discovery-e
ngine.test.js:41:24)

  ΓùÅ FeatureDiscovery
Engine ΓÇ║ Analytics 
and Insights ΓÇ║ 
should identify 
underutilized features

    Jest encountered 
an unexpected token

    Jest failed to 
parse a file. This 
happens e.g. when 
your code or its 
dependencies use 
non-standard 
JavaScript syntax, or 
when Jest is not 
configured to support 
such syntax.

    Out of the box 
Jest supports Babel, 
which will be used to 
transform your files 
into valid JS based 
on your Babel 
configuration.

    By default 
"node_modules" folder 
is ignored by 
transformers.

    Here's what you 
can do:
     ΓÇó If you are 
trying to use 
ECMAScript Modules, 
see https://jestjs.io/
docs/ecmascript-module
s for how to enable 
it.
     ΓÇó If you are 
trying to use 
TypeScript, see https:
//jestjs.io/docs/getti
ng-started#using-types
cript
     ΓÇó To have some 
of your 
"node_modules" files 
transformed, you can 
specify a custom "tran
sformIgnorePatterns" 
in your config.
     ΓÇó If you need 
a custom 
transformation 
specify a "transform" 
option in your config.
     ΓÇó If you 
simply want to mock 
your non-JS modules 
(e.g. binary assets) 
you can stub them out 
with the 
"moduleNameMapper" 
config option.

    You'll find more 
details and examples 
of these config 
options in the docs:
    https://jestjs.io/
docs/configuration
    For information 
about custom 
transformations, see:
    https://jestjs.io/
docs/code-transformati
on

    Details:

    SyntaxError: C:\Wo
rkspace_Melbin\fun_web
sites\3d_model_viewer\
src\ui\FeatureDiscover
yEngine.js: 'return' 
outside of function. 
(906:28)

    [0m [90m 904 
|[39m }
     [90m 905 |[39m 
        
[36mconst[39m 
usageCount 
[33m=[39m [33mObjec
t[39m[33m.[39mkeys(
[36mthis[39m[33m.[
39muserProfile[33m.[
39mfeatureUsage)[33m.
[39mlength[33m;[39m
    [31m[1m>[22m[3
9m[90m 906 |[39m    
     [36mif[39m 
(usageCount 
[33m<[39m 
[35m3[39m) 
[36mreturn[39m [32m
'beginner'[39m[33m;
[39m
     [90m     |[39m 
                      
      
[31m[1m^[22m[39m
     [90m 907 |[39m 
        [36mif[39m 
(usageCount 
[33m<[39m 
[35m8[39m) 
[36mreturn[39m [32m
'intermediate'[39m[3
3m;[39m
     [90m 908 |[39m 
        [36mif[39m 
(usageCount 
[33m<[39m 
[35m15[39m) 
[36mreturn[39m [32m
'advanced'[39m[33m;
[39m
     [90m 909 |[39m 
        
[36mreturn[39m [32m
'expert'[39m[33m;[3
9m[0m

    [0m [90m 39 
|[39m
     [90m 40 |[39m  
       [90m// Import 
module[39m
    [31m[1m>[22m[3
9m[90m 41 |[39m     
    [36mconst[39m 
module [33m=[39m 
[36mawait[39m [36mi
mport[39m([32m'../sr
c/ui/FeatureDiscoveryE
ngine.js'[39m)[33m;
[39m
     [90m    |[39m  
                      
[31m[1m^[22m[39m
     [90m 42 |[39m  
       [33mFeatureDis
coveryEngine[39m 
[33m=[39m module[33
m.[39m[33mFeatureDis
coveryEngine[39m[33m
;[39m
     [90m 43 |[39m  
       
     [90m 44 |[39m  
       
discoveryEngine 
[33m=[39m 
[36mnew[39m [33mFea
tureDiscoveryEngine[3
9m(mockCore)[33m;[39
m[0m

      at constructor (
node_modules/@babel/pa
rser/src/parse-error.t
s:95:45)
      at 
Parser.toParseError 
[as raise] (node_modul
es/@babel/parser/src/t
okenizer/index.ts:1503
:19)
      at Parser.raise 
[as 
parseReturnStatement] 
(node_modules/@babel/p
arser/src/parser/state
ment.ts:1098:12)
      at Parser.parseR
eturnStatement [as par
seStatementContent] (n
ode_modules/@babel/par
ser/src/parser/stateme
nt.ts:538:21)
      at Parser.parseS
tatementContent [as 
parseStatementLike] (n
ode_modules/@babel/par
ser/src/parser/stateme
nt.ts:477:17)
      at Parser.parseS
tatementLike [as parse
StatementOrSloppyAnnex
BFunctionDeclaration] 
(node_modules/@babel/p
arser/src/parser/state
ment.ts:446:17)
      at Parser.parseS
tatementOrSloppyAnnexB
FunctionDeclaration 
[as parseIfStatement] 
(node_modules/@babel/p
arser/src/parser/state
ment.ts:1089:28)
      at Parser.parseI
fStatement [as parseSt
atementContent] (node_
modules/@babel/parser/
src/parser/statement.t
s:536:21)
      at Parser.parseS
tatementContent [as 
parseStatementLike] (n
ode_modules/@babel/par
ser/src/parser/stateme
nt.ts:477:17)
      at Parser.parseS
tatementLike [as 
parseModuleItem] (node
_modules/@babel/parser
/src/parser/statement.
ts:414:17)
      at Parser.parseM
oduleItem [as parseBlo
ckOrModuleBlockBody] (
node_modules/@babel/pa
rser/src/parser/statem
ent.ts:1438:16)
      at Parser.parseB
lockOrModuleBlockBody 
[as parseBlockBody] (n
ode_modules/@babel/par
ser/src/parser/stateme
nt.ts:1412:10)
      at 
Parser.parseBlockBody 
[as parseProgram] (nod
e_modules/@babel/parse
r/src/parser/statement
.ts:229:10)
      at 
Parser.parseProgram 
[as parseTopLevel] (no
de_modules/@babel/pars
er/src/parser/statemen
t.ts:203:25)
      at 
Parser.parseTopLevel 
[as parse] (node_modul
es/@babel/parser/src/p
arser/index.ts:93:10)
      at parse (node_m
odules/@babel/parser/s
rc/index.ts:92:38)
      at parser (node_
modules/@babel/core/sr
c/parser/index.ts:28:1
9)
          at 
parser.next 
(<anonymous>)
      at 
normalizeFile (node_mo
dules/@babel/core/src/
transformation/normali
ze-file.ts:49:24)
          at 
normalizeFile.next 
(<anonymous>)
      at run (node_mod
ules/@babel/core/src/t
ransformation/index.ts
:40:36)
          at run.next 
(<anonymous>)
      at transform (no
de_modules/@babel/core
/src/transform.ts:29:2
0)
          at 
transform.next 
(<anonymous>)
      at evaluateSync 
(node_modules/gensync/
index.js:251:28)
      at sync (node_mo
dules/gensync/index.js
:89:14)
      at fn (node_modu
les/@babel/core/src/er
rors/rewrite-stack-tra
ce.ts:99:14)
      at 
transformSync (node_mo
dules/@babel/core/src/
transform.ts:66:52)
      at ScriptTransfo
rmer.transformSource (
node_modules/@jest/tra
nsform/build/ScriptTra
nsformer.js:545:31)
      at ScriptTransfo
rmer._transformAndBuil
dScript (node_modules/
@jest/transform/build/
ScriptTransformer.js:6
74:40)
      at ScriptTransfo
rmer.transform (node_m
odules/@jest/transform
/build/ScriptTransform
er.js:726:19)
      at require (test
/feature-discovery-eng
ine.test.js:41:24)
      at 
Object.<anonymous> (te
st/feature-discovery-e
ngine.test.js:41:24)

  ΓùÅ FeatureDiscovery
Engine ΓÇ║ Analytics 
and Insights ΓÇ║ 
should generate 
insights report

    Jest encountered 
an unexpected token

    Jest failed to 
parse a file. This 
happens e.g. when 
your code or its 
dependencies use 
non-standard 
JavaScript syntax, or 
when Jest is not 
configured to support 
such syntax.

    Out of the box 
Jest supports Babel, 
which will be used to 
transform your files 
into valid JS based 
on your Babel 
configuration.

    By default 
"node_modules" folder 
is ignored by 
transformers.

    Here's what you 
can do:
     ΓÇó If you are 
trying to use 
ECMAScript Modules, 
see https://jestjs.io/
docs/ecmascript-module
s for how to enable 
it.
     ΓÇó If you are 
trying to use 
TypeScript, see https:
//jestjs.io/docs/getti
ng-started#using-types
cript
     ΓÇó To have some 
of your 
"node_modules" files 
transformed, you can 
specify a custom "tran
sformIgnorePatterns" 
in your config.
     ΓÇó If you need 
a custom 
transformation 
specify a "transform" 
option in your config.
     ΓÇó If you 
simply want to mock 
your non-JS modules 
(e.g. binary assets) 
you can stub them out 
with the 
"moduleNameMapper" 
config option.

    You'll find more 
details and examples 
of these config 
options in the docs:
    https://jestjs.io/
docs/configuration
    For information 
about custom 
transformations, see:
    https://jestjs.io/
docs/code-transformati
on

    Details:

    SyntaxError: C:\Wo
rkspace_Melbin\fun_web
sites\3d_model_viewer\
src\ui\FeatureDiscover
yEngine.js: 'return' 
outside of function. 
(906:28)

    [0m [90m 904 
|[39m }
     [90m 905 |[39m 
        
[36mconst[39m 
usageCount 
[33m=[39m [33mObjec
t[39m[33m.[39mkeys(
[36mthis[39m[33m.[
39muserProfile[33m.[
39mfeatureUsage)[33m.
[39mlength[33m;[39m
    [31m[1m>[22m[3
9m[90m 906 |[39m    
     [36mif[39m 
(usageCount 
[33m<[39m 
[35m3[39m) 
[36mreturn[39m [32m
'beginner'[39m[33m;
[39m
     [90m     |[39m 
                      
      
[31m[1m^[22m[39m
     [90m 907 |[39m 
        [36mif[39m 
(usageCount 
[33m<[39m 
[35m8[39m) 
[36mreturn[39m [32m
'intermediate'[39m[3
3m;[39m
     [90m 908 |[39m 
        [36mif[39m 
(usageCount 
[33m<[39m 
[35m15[39m) 
[36mreturn[39m [32m
'advanced'[39m[33m;
[39m
     [90m 909 |[39m 
        
[36mreturn[39m [32m
'expert'[39m[33m;[3
9m[0m

    [0m [90m 39 
|[39m
     [90m 40 |[39m  
       [90m// Import 
module[39m
    [31m[1m>[22m[3
9m[90m 41 |[39m     
    [36mconst[39m 
module [33m=[39m 
[36mawait[39m [36mi
mport[39m([32m'../sr
c/ui/FeatureDiscoveryE
ngine.js'[39m)[33m;
[39m
     [90m    |[39m  
                      
[31m[1m^[22m[39m
     [90m 42 |[39m  
       [33mFeatureDis
coveryEngine[39m 
[33m=[39m module[33
m.[39m[33mFeatureDis
coveryEngine[39m[33m
;[39m
     [90m 43 |[39m  
       
     [90m 44 |[39m  
       
discoveryEngine 
[33m=[39m 
[36mnew[39m [33mFea
tureDiscoveryEngine[3
9m(mockCore)[33m;[39
m[0m

      at constructor (
node_modules/@babel/pa
rser/src/parse-error.t
s:95:45)
      at 
Parser.toParseError 
[as raise] (node_modul
es/@babel/parser/src/t
okenizer/index.ts:1503
:19)
      at Parser.raise 
[as 
parseReturnStatement] 
(node_modules/@babel/p
arser/src/parser/state
ment.ts:1098:12)
      at Parser.parseR
eturnStatement [as par
seStatementContent] (n
ode_modules/@babel/par
ser/src/parser/stateme
nt.ts:538:21)
      at Parser.parseS
tatementContent [as 
parseStatementLike] (n
ode_modules/@babel/par
ser/src/parser/stateme
nt.ts:477:17)
      at Parser.parseS
tatementLike [as parse
StatementOrSloppyAnnex
BFunctionDeclaration] 
(node_modules/@babel/p
arser/src/parser/state
ment.ts:446:17)
      at Parser.parseS
tatementOrSloppyAnnexB
FunctionDeclaration 
[as parseIfStatement] 
(node_modules/@babel/p
arser/src/parser/state
ment.ts:1089:28)
      at Parser.parseI
fStatement [as parseSt
atementContent] (node_
modules/@babel/parser/
src/parser/statement.t
s:536:21)
      at Parser.parseS
tatementContent [as 
parseStatementLike] (n
ode_modules/@babel/par
ser/src/parser/stateme
nt.ts:477:17)
      at Parser.parseS
tatementLike [as 
parseModuleItem] (node
_modules/@babel/parser
/src/parser/statement.
ts:414:17)
      at Parser.parseM
oduleItem [as parseBlo
ckOrModuleBlockBody] (
node_modules/@babel/pa
rser/src/parser/statem
ent.ts:1438:16)
      at Parser.parseB
lockOrModuleBlockBody 
[as parseBlockBody] (n
ode_modules/@babel/par
ser/src/parser/stateme
nt.ts:1412:10)
      at 
Parser.parseBlockBody 
[as parseProgram] (nod
e_modules/@babel/parse
r/src/parser/statement
.ts:229:10)
      at 
Parser.parseProgram 
[as parseTopLevel] (no
de_modules/@babel/pars
er/src/parser/statemen
t.ts:203:25)
      at 
Parser.parseTopLevel 
[as parse] (node_modul
es/@babel/parser/src/p
arser/index.ts:93:10)
      at parse (node_m
odules/@babel/parser/s
rc/index.ts:92:38)
      at parser (node_
modules/@babel/core/sr
c/parser/index.ts:28:1
9)
          at 
parser.next 
(<anonymous>)
      at 
normalizeFile (node_mo
dules/@babel/core/src/
transformation/normali
ze-file.ts:49:24)
          at 
normalizeFile.next 
(<anonymous>)
      at run (node_mod
ules/@babel/core/src/t
ransformation/index.ts
:40:36)
          at run.next 
(<anonymous>)
      at transform (no
de_modules/@babel/core
/src/transform.ts:29:2
0)
          at 
transform.next 
(<anonymous>)
      at evaluateSync 
(node_modules/gensync/
index.js:251:28)
      at sync (node_mo
dules/gensync/index.js
:89:14)
      at fn (node_modu
les/@babel/core/src/er
rors/rewrite-stack-tra
ce.ts:99:14)
      at 
transformSync (node_mo
dules/@babel/core/src/
transform.ts:66:52)
      at ScriptTransfo
rmer.transformSource (
node_modules/@jest/tra
nsform/build/ScriptTra
nsformer.js:545:31)
      at ScriptTransfo
rmer._transformAndBuil
dScript (node_modules/
@jest/transform/build/
ScriptTransformer.js:6
74:40)
      at ScriptTransfo
rmer.transform (node_m
odules/@jest/transform
/build/ScriptTransform
er.js:726:19)
      at require (test
/feature-discovery-eng
ine.test.js:41:24)
      at 
Object.<anonymous> (te
st/feature-discovery-e
ngine.test.js:41:24)

  ΓùÅ FeatureDiscovery
Engine ΓÇ║ 
Personalization ΓÇ║ 
should customize 
suggestions based on 
preferences

    Jest encountered 
an unexpected token

    Jest failed to 
parse a file. This 
happens e.g. when 
your code or its 
dependencies use 
non-standard 
JavaScript syntax, or 
when Jest is not 
configured to support 
such syntax.

    Out of the box 
Jest supports Babel, 
which will be used to 
transform your files 
into valid JS based 
on your Babel 
configuration.

    By default 
"node_modules" folder 
is ignored by 
transformers.

    Here's what you 
can do:
     ΓÇó If you are 
trying to use 
ECMAScript Modules, 
see https://jestjs.io/
docs/ecmascript-module
s for how to enable 
it.
     ΓÇó If you are 
trying to use 
TypeScript, see https:
//jestjs.io/docs/getti
ng-started#using-types
cript
     ΓÇó To have some 
of your 
"node_modules" files 
transformed, you can 
specify a custom "tran
sformIgnorePatterns" 
in your config.
     ΓÇó If you need 
a custom 
transformation 
specify a "transform" 
option in your config.
     ΓÇó If you 
simply want to mock 
your non-JS modules 
(e.g. binary assets) 
you can stub them out 
with the 
"moduleNameMapper" 
config option.

    You'll find more 
details and examples 
of these config 
options in the docs:
    https://jestjs.io/
docs/configuration
    For information 
about custom 
transformations, see:
    https://jestjs.io/
docs/code-transformati
on

    Details:

    SyntaxError: C:\Wo
rkspace_Melbin\fun_web
sites\3d_model_viewer\
src\ui\FeatureDiscover
yEngine.js: 'return' 
outside of function. 
(906:28)

    [0m [90m 904 
|[39m }
     [90m 905 |[39m 
        
[36mconst[39m 
usageCount 
[33m=[39m [33mObjec
t[39m[33m.[39mkeys(
[36mthis[39m[33m.[
39muserProfile[33m.[
39mfeatureUsage)[33m.
[39mlength[33m;[39m
    [31m[1m>[22m[3
9m[90m 906 |[39m    
     [36mif[39m 
(usageCount 
[33m<[39m 
[35m3[39m) 
[36mreturn[39m [32m
'beginner'[39m[33m;
[39m
     [90m     |[39m 
                      
      
[31m[1m^[22m[39m
     [90m 907 |[39m 
        [36mif[39m 
(usageCount 
[33m<[39m 
[35m8[39m) 
[36mreturn[39m [32m
'intermediate'[39m[3
3m;[39m
     [90m 908 |[39m 
        [36mif[39m 
(usageCount 
[33m<[39m 
[35m15[39m) 
[36mreturn[39m [32m
'advanced'[39m[33m;
[39m
     [90m 909 |[39m 
        
[36mreturn[39m [32m
'expert'[39m[33m;[3
9m[0m

    [0m [90m 39 
|[39m
     [90m 40 |[39m  
       [90m// Import 
module[39m
    [31m[1m>[22m[3
9m[90m 41 |[39m     
    [36mconst[39m 
module [33m=[39m 
[36mawait[39m [36mi
mport[39m([32m'../sr
c/ui/FeatureDiscoveryE
ngine.js'[39m)[33m;
[39m
     [90m    |[39m  
                      
[31m[1m^[22m[39m
     [90m 42 |[39m  
       [33mFeatureDis
coveryEngine[39m 
[33m=[39m module[33
m.[39m[33mFeatureDis
coveryEngine[39m[33m
;[39m
     [90m 43 |[39m  
       
     [90m 44 |[39m  
       
discoveryEngine 
[33m=[39m 
[36mnew[39m [33mFea
tureDiscoveryEngine[3
9m(mockCore)[33m;[39
m[0m

      at constructor (
node_modules/@babel/pa
rser/src/parse-error.t
s:95:45)
      at 
Parser.toParseError 
[as raise] (node_modul
es/@babel/parser/src/t
okenizer/index.ts:1503
:19)
      at Parser.raise 
[as 
parseReturnStatement] 
(node_modules/@babel/p
arser/src/parser/state
ment.ts:1098:12)
      at Parser.parseR
eturnStatement [as par
seStatementContent] (n
ode_modules/@babel/par
ser/src/parser/stateme
nt.ts:538:21)
      at Parser.parseS
tatementContent [as 
parseStatementLike] (n
ode_modules/@babel/par
ser/src/parser/stateme
nt.ts:477:17)
      at Parser.parseS
tatementLike [as parse
StatementOrSloppyAnnex
BFunctionDeclaration] 
(node_modules/@babel/p
arser/src/parser/state
ment.ts:446:17)
      at Parser.parseS
tatementOrSloppyAnnexB
FunctionDeclaration 
[as parseIfStatement] 
(node_modules/@babel/p
arser/src/parser/state
ment.ts:1089:28)
      at Parser.parseI
fStatement [as parseSt
atementContent] (node_
modules/@babel/parser/
src/parser/statement.t
s:536:21)
      at Parser.parseS
tatementContent [as 
parseStatementLike] (n
ode_modules/@babel/par
ser/src/parser/stateme
nt.ts:477:17)
      at Parser.parseS
tatementLike [as 
parseModuleItem] (node
_modules/@babel/parser
/src/parser/statement.
ts:414:17)
      at Parser.parseM
oduleItem [as parseBlo
ckOrModuleBlockBody] (
node_modules/@babel/pa
rser/src/parser/statem
ent.ts:1438:16)
      at Parser.parseB
lockOrModuleBlockBody 
[as parseBlockBody] (n
ode_modules/@babel/par
ser/src/parser/stateme
nt.ts:1412:10)
      at 
Parser.parseBlockBody 
[as parseProgram] (nod
e_modules/@babel/parse
r/src/parser/statement
.ts:229:10)
      at 
Parser.parseProgram 
[as parseTopLevel] (no
de_modules/@babel/pars
er/src/parser/statemen
t.ts:203:25)
      at 
Parser.parseTopLevel 
[as parse] (node_modul
es/@babel/parser/src/p
arser/index.ts:93:10)
      at parse (node_m
odules/@babel/parser/s
rc/index.ts:92:38)
      at parser (node_
modules/@babel/core/sr
c/parser/index.ts:28:1
9)
          at 
parser.next 
(<anonymous>)
      at 
normalizeFile (node_mo
dules/@babel/core/src/
transformation/normali
ze-file.ts:49:24)
          at 
normalizeFile.next 
(<anonymous>)
      at run (node_mod
ules/@babel/core/src/t
ransformation/index.ts
:40:36)
          at run.next 
(<anonymous>)
      at transform (no
de_modules/@babel/core
/src/transform.ts:29:2
0)
          at 
transform.next 
(<anonymous>)
      at evaluateSync 
(node_modules/gensync/
index.js:251:28)
      at sync (node_mo
dules/gensync/index.js
:89:14)
      at fn (node_modu
les/@babel/core/src/er
rors/rewrite-stack-tra
ce.ts:99:14)
      at 
transformSync (node_mo
dules/@babel/core/src/
transform.ts:66:52)
      at ScriptTransfo
rmer.transformSource (
node_modules/@jest/tra
nsform/build/ScriptTra
nsformer.js:545:31)
      at ScriptTransfo
rmer._transformAndBuil
dScript (node_modules/
@jest/transform/build/
ScriptTransformer.js:6
74:40)
      at ScriptTransfo
rmer.transform (node_m
odules/@jest/transform
/build/ScriptTransform
er.js:726:19)
      at require (test
/feature-discovery-eng
ine.test.js:41:24)
      at 
Object.<anonymous> (te
st/feature-discovery-e
ngine.test.js:41:24)

  ΓùÅ FeatureDiscovery
Engine ΓÇ║ 
Personalization ΓÇ║ 
should respect 
notification 
preferences

    Jest encountered 
an unexpected token

    Jest failed to 
parse a file. This 
happens e.g. when 
your code or its 
dependencies use 
non-standard 
JavaScript syntax, or 
when Jest is not 
configured to support 
such syntax.

    Out of the box 
Jest supports Babel, 
which will be used to 
transform your files 
into valid JS based 
on your Babel 
configuration.

    By default 
"node_modules" folder 
is ignored by 
transformers.

    Here's what you 
can do:
     ΓÇó If you are 
trying to use 
ECMAScript Modules, 
see https://jestjs.io/
docs/ecmascript-module
s for how to enable 
it.
     ΓÇó If you are 
trying to use 
TypeScript, see https:
//jestjs.io/docs/getti
ng-started#using-types
cript
     ΓÇó To have some 
of your 
"node_modules" files 
transformed, you can 
specify a custom "tran
sformIgnorePatterns" 
in your config.
     ΓÇó If you need 
a custom 
transformation 
specify a "transform" 
option in your config.
     ΓÇó If you 
simply want to mock 
your non-JS modules 
(e.g. binary assets) 
you can stub them out 
with the 
"moduleNameMapper" 
config option.

    You'll find more 
details and examples 
of these config 
options in the docs:
    https://jestjs.io/
docs/configuration
    For information 
about custom 
transformations, see:
    https://jestjs.io/
docs/code-transformati
on

    Details:

    SyntaxError: C:\Wo
rkspace_Melbin\fun_web
sites\3d_model_viewer\
src\ui\FeatureDiscover
yEngine.js: 'return' 
outside of function. 
(906:28)

    [0m [90m 904 
|[39m }
     [90m 905 |[39m 
        
[36mconst[39m 
usageCount 
[33m=[39m [33mObjec
t[39m[33m.[39mkeys(
[36mthis[39m[33m.[
39muserProfile[33m.[
39mfeatureUsage)[33m.
[39mlength[33m;[39m
    [31m[1m>[22m[3
9m[90m 906 |[39m    
     [36mif[39m 
(usageCount 
[33m<[39m 
[35m3[39m) 
[36mreturn[39m [32m
'beginner'[39m[33m;
[39m
     [90m     |[39m 
                      
      
[31m[1m^[22m[39m
     [90m 907 |[39m 
        [36mif[39m 
(usageCount 
[33m<[39m 
[35m8[39m) 
[36mreturn[39m [32m
'intermediate'[39m[3
3m;[39m
     [90m 908 |[39m 
        [36mif[39m 
(usageCount 
[33m<[39m 
[35m15[39m) 
[36mreturn[39m [32m
'advanced'[39m[33m;
[39m
     [90m 909 |[39m 
        
[36mreturn[39m [32m
'expert'[39m[33m;[3
9m[0m

    [0m [90m 39 
|[39m
     [90m 40 |[39m  
       [90m// Import 
module[39m
    [31m[1m>[22m[3
9m[90m 41 |[39m     
    [36mconst[39m 
module [33m=[39m 
[36mawait[39m [36mi
mport[39m([32m'../sr
c/ui/FeatureDiscoveryE
ngine.js'[39m)[33m;
[39m
     [90m    |[39m  
                      
[31m[1m^[22m[39m
     [90m 42 |[39m  
       [33mFeatureDis
coveryEngine[39m 
[33m=[39m module[33
m.[39m[33mFeatureDis
coveryEngine[39m[33m
;[39m
     [90m 43 |[39m  
       
     [90m 44 |[39m  
       
discoveryEngine 
[33m=[39m 
[36mnew[39m [33mFea
tureDiscoveryEngine[3
9m(mockCore)[33m;[39
m[0m

      at constructor (
node_modules/@babel/pa
rser/src/parse-error.t
s:95:45)
      at 
Parser.toParseError 
[as raise] (node_modul
es/@babel/parser/src/t
okenizer/index.ts:1503
:19)
      at Parser.raise 
[as 
parseReturnStatement] 
(node_modules/@babel/p
arser/src/parser/state
ment.ts:1098:12)
      at Parser.parseR
eturnStatement [as par
seStatementContent] (n
ode_modules/@babel/par
ser/src/parser/stateme
nt.ts:538:21)
      at Parser.parseS
tatementContent [as 
parseStatementLike] (n
ode_modules/@babel/par
ser/src/parser/stateme
nt.ts:477:17)
      at Parser.parseS
tatementLike [as parse
StatementOrSloppyAnnex
BFunctionDeclaration] 
(node_modules/@babel/p
arser/src/parser/state
ment.ts:446:17)
      at Parser.parseS
tatementOrSloppyAnnexB
FunctionDeclaration 
[as parseIfStatement] 
(node_modules/@babel/p
arser/src/parser/state
ment.ts:1089:28)
      at Parser.parseI
fStatement [as parseSt
atementContent] (node_
modules/@babel/parser/
src/parser/statement.t
s:536:21)
      at Parser.parseS
tatementContent [as 
parseStatementLike] (n
ode_modules/@babel/par
ser/src/parser/stateme
nt.ts:477:17)
      at Parser.parseS
tatementLike [as 
parseModuleItem] (node
_modules/@babel/parser
/src/parser/statement.
ts:414:17)
      at Parser.parseM
oduleItem [as parseBlo
ckOrModuleBlockBody] (
node_modules/@babel/pa
rser/src/parser/statem
ent.ts:1438:16)
      at Parser.parseB
lockOrModuleBlockBody 
[as parseBlockBody] (n
ode_modules/@babel/par
ser/src/parser/stateme
nt.ts:1412:10)
      at 
Parser.parseBlockBody 
[as parseProgram] (nod
e_modules/@babel/parse
r/src/parser/statement
.ts:229:10)
      at 
Parser.parseProgram 
[as parseTopLevel] (no
de_modules/@babel/pars
er/src/parser/statemen
t.ts:203:25)
      at 
Parser.parseTopLevel 
[as parse] (node_modul
es/@babel/parser/src/p
arser/index.ts:93:10)
      at parse (node_m
odules/@babel/parser/s
rc/index.ts:92:38)
      at parser (node_
modules/@babel/core/sr
c/parser/index.ts:28:1
9)
          at 
parser.next 
(<anonymous>)
      at 
normalizeFile (node_mo
dules/@babel/core/src/
transformation/normali
ze-file.ts:49:24)
          at 
normalizeFile.next 
(<anonymous>)
      at run (node_mod
ules/@babel/core/src/t
ransformation/index.ts
:40:36)
          at run.next 
(<anonymous>)
      at transform (no
de_modules/@babel/core
/src/transform.ts:29:2
0)
          at 
transform.next 
(<anonymous>)
      at evaluateSync 
(node_modules/gensync/
index.js:251:28)
      at sync (node_mo
dules/gensync/index.js
:89:14)
      at fn (node_modu
les/@babel/core/src/er
rors/rewrite-stack-tra
ce.ts:99:14)
      at 
transformSync (node_mo
dules/@babel/core/src/
transform.ts:66:52)
      at ScriptTransfo
rmer.transformSource (
node_modules/@jest/tra
nsform/build/ScriptTra
nsformer.js:545:31)
      at ScriptTransfo
rmer._transformAndBuil
dScript (node_modules/
@jest/transform/build/
ScriptTransformer.js:6
74:40)
      at ScriptTransfo
rmer.transform (node_m
odules/@jest/transform
/build/ScriptTransform
er.js:726:19)
      at require (test
/feature-discovery-eng
ine.test.js:41:24)
      at 
Object.<anonymous> (te
st/feature-discovery-e
ngine.test.js:41:24)

  ΓùÅ FeatureDiscovery
Engine ΓÇ║ 
Personalization ΓÇ║ 
should adjust 
suggestion frequency

    Jest encountered 
an unexpected token

    Jest failed to 
parse a file. This 
happens e.g. when 
your code or its 
dependencies use 
non-standard 
JavaScript syntax, or 
when Jest is not 
configured to support 
such syntax.

    Out of the box 
Jest supports Babel, 
which will be used to 
transform your files 
into valid JS based 
on your Babel 
configuration.

    By default 
"node_modules" folder 
is ignored by 
transformers.

    Here's what you 
can do:
     ΓÇó If you are 
trying to use 
ECMAScript Modules, 
see https://jestjs.io/
docs/ecmascript-module
s for how to enable 
it.
     ΓÇó If you are 
trying to use 
TypeScript, see https:
//jestjs.io/docs/getti
ng-started#using-types
cript
     ΓÇó To have some 
of your 
"node_modules" files 
transformed, you can 
specify a custom "tran
sformIgnorePatterns" 
in your config.
     ΓÇó If you need 
a custom 
transformation 
specify a "transform" 
option in your config.
     ΓÇó If you 
simply want to mock 
your non-JS modules 
(e.g. binary assets) 
you can stub them out 
with the 
"moduleNameMapper" 
config option.

    You'll find more 
details and examples 
of these config 
options in the docs:
    https://jestjs.io/
docs/configuration
    For information 
about custom 
transformations, see:
    https://jestjs.io/
docs/code-transformati
on

    Details:

    SyntaxError: C:\Wo
rkspace_Melbin\fun_web
sites\3d_model_viewer\
src\ui\FeatureDiscover
yEngine.js: 'return' 
outside of function. 
(906:28)

    [0m [90m 904 
|[39m }
     [90m 905 |[39m 
        
[36mconst[39m 
usageCount 
[33m=[39m [33mObjec
t[39m[33m.[39mkeys(
[36mthis[39m[33m.[
39muserProfile[33m.[
39mfeatureUsage)[33m.
[39mlength[33m;[39m
    [31m[1m>[22m[3
9m[90m 906 |[39m    
     [36mif[39m 
(usageCount 
[33m<[39m 
[35m3[39m) 
[36mreturn[39m [32m
'beginner'[39m[33m;
[39m
     [90m     |[39m 
                      
      
[31m[1m^[22m[39m
     [90m 907 |[39m 
        [36mif[39m 
(usageCount 
[33m<[39m 
[35m8[39m) 
[36mreturn[39m [32m
'intermediate'[39m[3
3m;[39m
     [90m 908 |[39m 
        [36mif[39m 
(usageCount 
[33m<[39m 
[35m15[39m) 
[36mreturn[39m [32m
'advanced'[39m[33m;
[39m
     [90m 909 |[39m 
        
[36mreturn[39m [32m
'expert'[39m[33m;[3
9m[0m

    [0m [90m 39 
|[39m
     [90m 40 |[39m  
       [90m// Import 
module[39m
    [31m[1m>[22m[3
9m[90m 41 |[39m     
    [36mconst[39m 
module [33m=[39m 
[36mawait[39m [36mi
mport[39m([32m'../sr
c/ui/FeatureDiscoveryE
ngine.js'[39m)[33m;
[39m
     [90m    |[39m  
                      
[31m[1m^[22m[39m
     [90m 42 |[39m  
       [33mFeatureDis
coveryEngine[39m 
[33m=[39m module[33
m.[39m[33mFeatureDis
coveryEngine[39m[33m
;[39m
     [90m 43 |[39m  
       
     [90m 44 |[39m  
       
discoveryEngine 
[33m=[39m 
[36mnew[39m [33mFea
tureDiscoveryEngine[3
9m(mockCore)[33m;[39
m[0m

      at constructor (
node_modules/@babel/pa
rser/src/parse-error.t
s:95:45)
      at 
Parser.toParseError 
[as raise] (node_modul
es/@babel/parser/src/t
okenizer/index.ts:1503
:19)
      at Parser.raise 
[as 
parseReturnStatement] 
(node_modules/@babel/p
arser/src/parser/state
ment.ts:1098:12)
      at Parser.parseR
eturnStatement [as par
seStatementContent] (n
ode_modules/@babel/par
ser/src/parser/stateme
nt.ts:538:21)
      at Parser.parseS
tatementContent [as 
parseStatementLike] (n
ode_modules/@babel/par
ser/src/parser/stateme
nt.ts:477:17)
      at Parser.parseS
tatementLike [as parse
StatementOrSloppyAnnex
BFunctionDeclaration] 
(node_modules/@babel/p
arser/src/parser/state
ment.ts:446:17)
      at Parser.parseS
tatementOrSloppyAnnexB
FunctionDeclaration 
[as parseIfStatement] 
(node_modules/@babel/p
arser/src/parser/state
ment.ts:1089:28)
      at Parser.parseI
fStatement [as parseSt
atementContent] (node_
modules/@babel/parser/
src/parser/statement.t
s:536:21)
      at Parser.parseS
tatementContent [as 
parseStatementLike] (n
ode_modules/@babel/par
ser/src/parser/stateme
nt.ts:477:17)
      at Parser.parseS
tatementLike [as 
parseModuleItem] (node
_modules/@babel/parser
/src/parser/statement.
ts:414:17)
      at Parser.parseM
oduleItem [as parseBlo
ckOrModuleBlockBody] (
node_modules/@babel/pa
rser/src/parser/statem
ent.ts:1438:16)
      at Parser.parseB
lockOrModuleBlockBody 
[as parseBlockBody] (n
ode_modules/@babel/par
ser/src/parser/stateme
nt.ts:1412:10)
      at 
Parser.parseBlockBody 
[as parseProgram] (nod
e_modules/@babel/parse
r/src/parser/statement
.ts:229:10)
      at 
Parser.parseProgram 
[as parseTopLevel] (no
de_modules/@babel/pars
er/src/parser/statemen
t.ts:203:25)
      at 
Parser.parseTopLevel 
[as parse] (node_modul
es/@babel/parser/src/p
arser/index.ts:93:10)
      at parse (node_m
odules/@babel/parser/s
rc/index.ts:92:38)
      at parser (node_
modules/@babel/core/sr
c/parser/index.ts:28:1
9)
          at 
parser.next 
(<anonymous>)
      at 
normalizeFile (node_mo
dules/@babel/core/src/
transformation/normali
ze-file.ts:49:24)
          at 
normalizeFile.next 
(<anonymous>)
      at run (node_mod
ules/@babel/core/src/t
ransformation/index.ts
:40:36)
          at run.next 
(<anonymous>)
      at transform (no
de_modules/@babel/core
/src/transform.ts:29:2
0)
          at 
transform.next 
(<anonymous>)
      at evaluateSync 
(node_modules/gensync/
index.js:251:28)
      at sync (node_mo
dules/gensync/index.js
:89:14)
      at fn (node_modu
les/@babel/core/src/er
rors/rewrite-stack-tra
ce.ts:99:14)
      at 
transformSync (node_mo
dules/@babel/core/src/
transform.ts:66:52)
      at ScriptTransfo
rmer.transformSource (
node_modules/@jest/tra
nsform/build/ScriptTra
nsformer.js:545:31)
      at ScriptTransfo
rmer._transformAndBuil
dScript (node_modules/
@jest/transform/build/
ScriptTransformer.js:6
74:40)
      at ScriptTransfo
rmer.transform (node_m
odules/@jest/transform
/build/ScriptTransform
er.js:726:19)
      at require (test
/feature-discovery-eng
ine.test.js:41:24)
      at 
Object.<anonymous> (te
st/feature-discovery-e
ngine.test.js:41:24)

  ΓùÅ FeatureDiscovery
Engine ΓÇ║ 
Personalization ΓÇ║ 
should remember 
dismissed suggestions

    Jest encountered 
an unexpected token

    Jest failed to 
parse a file. This 
happens e.g. when 
your code or its 
dependencies use 
non-standard 
JavaScript syntax, or 
when Jest is not 
configured to support 
such syntax.

    Out of the box 
Jest supports Babel, 
which will be used to 
transform your files 
into valid JS based 
on your Babel 
configuration.

    By default 
"node_modules" folder 
is ignored by 
transformers.

    Here's what you 
can do:
     ΓÇó If you are 
trying to use 
ECMAScript Modules, 
see https://jestjs.io/
docs/ecmascript-module
s for how to enable 
it.
     ΓÇó If you are 
trying to use 
TypeScript, see https:
//jestjs.io/docs/getti
ng-started#using-types
cript
     ΓÇó To have some 
of your 
"node_modules" files 
transformed, you can 
specify a custom "tran
sformIgnorePatterns" 
in your config.
     ΓÇó If you need 
a custom 
transformation 
specify a "transform" 
option in your config.
     ΓÇó If you 
simply want to mock 
your non-JS modules 
(e.g. binary assets) 
you can stub them out 
with the 
"moduleNameMapper" 
config option.

    You'll find more 
details and examples 
of these config 
options in the docs:
    https://jestjs.io/
docs/configuration
    For information 
about custom 
transformations, see:
    https://jestjs.io/
docs/code-transformati
on

    Details:

    SyntaxError: C:\Wo
rkspace_Melbin\fun_web
sites\3d_model_viewer\
src\ui\FeatureDiscover
yEngine.js: 'return' 
outside of function. 
(906:28)

    [0m [90m 904 
|[39m }
     [90m 905 |[39m 
        
[36mconst[39m 
usageCount 
[33m=[39m [33mObjec
t[39m[33m.[39mkeys(
[36mthis[39m[33m.[
39muserProfile[33m.[
39mfeatureUsage)[33m.
[39mlength[33m;[39m
    [31m[1m>[22m[3
9m[90m 906 |[39m    
     [36mif[39m 
(usageCount 
[33m<[39m 
[35m3[39m) 
[36mreturn[39m [32m
'beginner'[39m[33m;
[39m
     [90m     |[39m 
                      
      
[31m[1m^[22m[39m
     [90m 907 |[39m 
        [36mif[39m 
(usageCount 
[33m<[39m 
[35m8[39m) 
[36mreturn[39m [32m
'intermediate'[39m[3
3m;[39m
     [90m 908 |[39m 
        [36mif[39m 
(usageCount 
[33m<[39m 
[35m15[39m) 
[36mreturn[39m [32m
'advanced'[39m[33m;
[39m
     [90m 909 |[39m 
        
[36mreturn[39m [32m
'expert'[39m[33m;[3
9m[0m

    [0m [90m 39 
|[39m
     [90m 40 |[39m  
       [90m// Import 
module[39m
    [31m[1m>[22m[3
9m[90m 41 |[39m     
    [36mconst[39m 
module [33m=[39m 
[36mawait[39m [36mi
mport[39m([32m'../sr
c/ui/FeatureDiscoveryE
ngine.js'[39m)[33m;
[39m
     [90m    |[39m  
                      
[31m[1m^[22m[39m
     [90m 42 |[39m  
       [33mFeatureDis
coveryEngine[39m 
[33m=[39m module[33
m.[39m[33mFeatureDis
coveryEngine[39m[33m
;[39m
     [90m 43 |[39m  
       
     [90m 44 |[39m  
       
discoveryEngine 
[33m=[39m 
[36mnew[39m [33mFea
tureDiscoveryEngine[3
9m(mockCore)[33m;[39
m[0m

      at constructor (
node_modules/@babel/pa
rser/src/parse-error.t
s:95:45)
      at 
Parser.toParseError 
[as raise] (node_modul
es/@babel/parser/src/t
okenizer/index.ts:1503
:19)
      at Parser.raise 
[as 
parseReturnStatement] 
(node_modules/@babel/p
arser/src/parser/state
ment.ts:1098:12)
      at Parser.parseR
eturnStatement [as par
seStatementContent] (n
ode_modules/@babel/par
ser/src/parser/stateme
nt.ts:538:21)
      at Parser.parseS
tatementContent [as 
parseStatementLike] (n
ode_modules/@babel/par
ser/src/parser/stateme
nt.ts:477:17)
      at Parser.parseS
tatementLike [as parse
StatementOrSloppyAnnex
BFunctionDeclaration] 
(node_modules/@babel/p
arser/src/parser/state
ment.ts:446:17)
      at Parser.parseS
tatementOrSloppyAnnexB
FunctionDeclaration 
[as parseIfStatement] 
(node_modules/@babel/p
arser/src/parser/state
ment.ts:1089:28)
      at Parser.parseI
fStatement [as parseSt
atementContent] (node_
modules/@babel/parser/
src/parser/statement.t
s:536:21)
      at Parser.parseS
tatementContent [as 
parseStatementLike] (n
ode_modules/@babel/par
ser/src/parser/stateme
nt.ts:477:17)
      at Parser.parseS
tatementLike [as 
parseModuleItem] (node
_modules/@babel/parser
/src/parser/statement.
ts:414:17)
      at Parser.parseM
oduleItem [as parseBlo
ckOrModuleBlockBody] (
node_modules/@babel/pa
rser/src/parser/statem
ent.ts:1438:16)
      at Parser.parseB
lockOrModuleBlockBody 
[as parseBlockBody] (n
ode_modules/@babel/par
ser/src/parser/stateme
nt.ts:1412:10)
      at 
Parser.parseBlockBody 
[as parseProgram] (nod
e_modules/@babel/parse
r/src/parser/statement
.ts:229:10)
      at 
Parser.parseProgram 
[as parseTopLevel] (no
de_modules/@babel/pars
er/src/parser/statemen
t.ts:203:25)
      at 
Parser.parseTopLevel 
[as parse] (node_modul
es/@babel/parser/src/p
arser/index.ts:93:10)
      at parse (node_m
odules/@babel/parser/s
rc/index.ts:92:38)
      at parser (node_
modules/@babel/core/sr
c/parser/index.ts:28:1
9)
          at 
parser.next 
(<anonymous>)
      at 
normalizeFile (node_mo
dules/@babel/core/src/
transformation/normali
ze-file.ts:49:24)
          at 
normalizeFile.next 
(<anonymous>)
      at run (node_mod
ules/@babel/core/src/t
ransformation/index.ts
:40:36)
          at run.next 
(<anonymous>)
      at transform (no
de_modules/@babel/core
/src/transform.ts:29:2
0)
          at 
transform.next 
(<anonymous>)
      at evaluateSync 
(node_modules/gensync/
index.js:251:28)
      at sync (node_mo
dules/gensync/index.js
:89:14)
      at fn (node_modu
les/@babel/core/src/er
rors/rewrite-stack-tra
ce.ts:99:14)
      at 
transformSync (node_mo
dules/@babel/core/src/
transform.ts:66:52)
      at ScriptTransfo
rmer.transformSource (
node_modules/@jest/tra
nsform/build/ScriptTra
nsformer.js:545:31)
      at ScriptTransfo
rmer._transformAndBuil
dScript (node_modules/
@jest/transform/build/
ScriptTransformer.js:6
74:40)
      at ScriptTransfo
rmer.transform (node_m
odules/@jest/transform
/build/ScriptTransform
er.js:726:19)
      at require (test
/feature-discovery-eng
ine.test.js:41:24)
      at 
Object.<anonymous> (te
st/feature-discovery-e
ngine.test.js:41:24)

  ΓùÅ FeatureDiscovery
Engine ΓÇ║ 
Personalization ΓÇ║ 
should reset 
dismissed suggestions 
after time

    Jest encountered 
an unexpected token

    Jest failed to 
parse a file. This 
happens e.g. when 
your code or its 
dependencies use 
non-standard 
JavaScript syntax, or 
when Jest is not 
configured to support 
such syntax.

    Out of the box 
Jest supports Babel, 
which will be used to 
transform your files 
into valid JS based 
on your Babel 
configuration.

    By default 
"node_modules" folder 
is ignored by 
transformers.

    Here's what you 
can do:
     ΓÇó If you are 
trying to use 
ECMAScript Modules, 
see https://jestjs.io/
docs/ecmascript-module
s for how to enable 
it.
     ΓÇó If you are 
trying to use 
TypeScript, see https:
//jestjs.io/docs/getti
ng-started#using-types
cript
     ΓÇó To have some 
of your 
"node_modules" files 
transformed, you can 
specify a custom "tran
sformIgnorePatterns" 
in your config.
     ΓÇó If you need 
a custom 
transformation 
specify a "transform" 
option in your config.
     ΓÇó If you 
simply want to mock 
your non-JS modules 
(e.g. binary assets) 
you can stub them out 
with the 
"moduleNameMapper" 
config option.

    You'll find more 
details and examples 
of these config 
options in the docs:
    https://jestjs.io/
docs/configuration
    For information 
about custom 
transformations, see:
    https://jestjs.io/
docs/code-transformati
on

    Details:

    SyntaxError: C:\Wo
rkspace_Melbin\fun_web
sites\3d_model_viewer\
src\ui\FeatureDiscover
yEngine.js: 'return' 
outside of function. 
(906:28)

    [0m [90m 904 
|[39m }
     [90m 905 |[39m 
        
[36mconst[39m 
usageCount 
[33m=[39m [33mObjec
t[39m[33m.[39mkeys(
[36mthis[39m[33m.[
39muserProfile[33m.[
39mfeatureUsage)[33m.
[39mlength[33m;[39m
    [31m[1m>[22m[3
9m[90m 906 |[39m    
     [36mif[39m 
(usageCount 
[33m<[39m 
[35m3[39m) 
[36mreturn[39m [32m
'beginner'[39m[33m;
[39m
     [90m     |[39m 
                      
      
[31m[1m^[22m[39m
     [90m 907 |[39m 
        [36mif[39m 
(usageCount 
[33m<[39m 
[35m8[39m) 
[36mreturn[39m [32m
'intermediate'[39m[3
3m;[39m
     [90m 908 |[39m 
        [36mif[39m 
(usageCount 
[33m<[39m 
[35m15[39m) 
[36mreturn[39m [32m
'advanced'[39m[33m;
[39m
     [90m 909 |[39m 
        
[36mreturn[39m [32m
'expert'[39m[33m;[3
9m[0m

    [0m [90m 39 
|[39m
     [90m 40 |[39m  
       [90m// Import 
module[39m
    [31m[1m>[22m[3
9m[90m 41 |[39m     
    [36mconst[39m 
module [33m=[39m 
[36mawait[39m [36mi
mport[39m([32m'../sr
c/ui/FeatureDiscoveryE
ngine.js'[39m)[33m;
[39m
     [90m    |[39m  
                      
[31m[1m^[22m[39m
     [90m 42 |[39m  
       [33mFeatureDis
coveryEngine[39m 
[33m=[39m module[33
m.[39m[33mFeatureDis
coveryEngine[39m[33m
;[39m
     [90m 43 |[39m  
       
     [90m 44 |[39m  
       
discoveryEngine 
[33m=[39m 
[36mnew[39m [33mFea
tureDiscoveryEngine[3
9m(mockCore)[33m;[39
m[0m

      at constructor (
node_modules/@babel/pa
rser/src/parse-error.t
s:95:45)
      at 
Parser.toParseError 
[as raise] (node_modul
es/@babel/parser/src/t
okenizer/index.ts:1503
:19)
      at Parser.raise 
[as 
parseReturnStatement] 
(node_modules/@babel/p
arser/src/parser/state
ment.ts:1098:12)
      at Parser.parseR
eturnStatement [as par
seStatementContent] (n
ode_modules/@babel/par
ser/src/parser/stateme
nt.ts:538:21)
      at Parser.parseS
tatementContent [as 
parseStatementLike] (n
ode_modules/@babel/par
ser/src/parser/stateme
nt.ts:477:17)
      at Parser.parseS
tatementLike [as parse
StatementOrSloppyAnnex
BFunctionDeclaration] 
(node_modules/@babel/p
arser/src/parser/state
ment.ts:446:17)
      at Parser.parseS
tatementOrSloppyAnnexB
FunctionDeclaration 
[as parseIfStatement] 
(node_modules/@babel/p
arser/src/parser/state
ment.ts:1089:28)
      at Parser.parseI
fStatement [as parseSt
atementContent] (node_
modules/@babel/parser/
src/parser/statement.t
s:536:21)
      at Parser.parseS
tatementContent [as 
parseStatementLike] (n
ode_modules/@babel/par
ser/src/parser/stateme
nt.ts:477:17)
      at Parser.parseS
tatementLike [as 
parseModuleItem] (node
_modules/@babel/parser
/src/parser/statement.
ts:414:17)
      at Parser.parseM
oduleItem [as parseBlo
ckOrModuleBlockBody] (
node_modules/@babel/pa
rser/src/parser/statem
ent.ts:1438:16)
      at Parser.parseB
lockOrModuleBlockBody 
[as parseBlockBody] (n
ode_modules/@babel/par
ser/src/parser/stateme
nt.ts:1412:10)
      at 
Parser.parseBlockBody 
[as parseProgram] (nod
e_modules/@babel/parse
r/src/parser/statement
.ts:229:10)
      at 
Parser.parseProgram 
[as parseTopLevel] (no
de_modules/@babel/pars
er/src/parser/statemen
t.ts:203:25)
      at 
Parser.parseTopLevel 
[as parse] (node_modul
es/@babel/parser/src/p
arser/index.ts:93:10)
      at parse (node_m
odules/@babel/parser/s
rc/index.ts:92:38)
      at parser (node_
modules/@babel/core/sr
c/parser/index.ts:28:1
9)
          at 
parser.next 
(<anonymous>)
      at 
normalizeFile (node_mo
dules/@babel/core/src/
transformation/normali
ze-file.ts:49:24)
          at 
normalizeFile.next 
(<anonymous>)
      at run (node_mod
ules/@babel/core/src/t
ransformation/index.ts
:40:36)
          at run.next 
(<anonymous>)
      at transform (no
de_modules/@babel/core
/src/transform.ts:29:2
0)
          at 
transform.next 
(<anonymous>)
      at evaluateSync 
(node_modules/gensync/
index.js:251:28)
      at sync (node_mo
dules/gensync/index.js
:89:14)
      at fn (node_modu
les/@babel/core/src/er
rors/rewrite-stack-tra
ce.ts:99:14)
      at 
transformSync (node_mo
dules/@babel/core/src/
transform.ts:66:52)
      at ScriptTransfo
rmer.transformSource (
node_modules/@jest/tra
nsform/build/ScriptTra
nsformer.js:545:31)
      at ScriptTransfo
rmer._transformAndBuil
dScript (node_modules/
@jest/transform/build/
ScriptTransformer.js:6
74:40)
      at ScriptTransfo
rmer.transform (node_m
odules/@jest/transform
/build/ScriptTransform
er.js:726:19)
      at require (test
/feature-discovery-eng
ine.test.js:41:24)
      at 
Object.<anonymous> (te
st/feature-discovery-e
ngine.test.js:41:24)

  ΓùÅ FeatureDiscovery
Engine ΓÇ║ Event 
Integration ΓÇ║ 
should respond to 
featureUsed event

    Jest encountered 
an unexpected token

    Jest failed to 
parse a file. This 
happens e.g. when 
your code or its 
dependencies use 
non-standard 
JavaScript syntax, or 
when Jest is not 
configured to support 
such syntax.

    Out of the box 
Jest supports Babel, 
which will be used to 
transform your files 
into valid JS based 
on your Babel 
configuration.

    By default 
"node_modules" folder 
is ignored by 
transformers.

    Here's what you 
can do:
     ΓÇó If you are 
trying to use 
ECMAScript Modules, 
see https://jestjs.io/
docs/ecmascript-module
s for how to enable 
it.
     ΓÇó If you are 
trying to use 
TypeScript, see https:
//jestjs.io/docs/getti
ng-started#using-types
cript
     ΓÇó To have some 
of your 
"node_modules" files 
transformed, you can 
specify a custom "tran
sformIgnorePatterns" 
in your config.
     ΓÇó If you need 
a custom 
transformation 
specify a "transform" 
option in your config.
     ΓÇó If you 
simply want to mock 
your non-JS modules 
(e.g. binary assets) 
you can stub them out 
with the 
"moduleNameMapper" 
config option.

    You'll find more 
details and examples 
of these config 
options in the docs:
    https://jestjs.io/
docs/configuration
    For information 
about custom 
transformations, see:
    https://jestjs.io/
docs/code-transformati
on

    Details:

    SyntaxError: C:\Wo
rkspace_Melbin\fun_web
sites\3d_model_viewer\
src\ui\FeatureDiscover
yEngine.js: 'return' 
outside of function. 
(906:28)

    [0m [90m 904 
|[39m }
     [90m 905 |[39m 
        
[36mconst[39m 
usageCount 
[33m=[39m [33mObjec
t[39m[33m.[39mkeys(
[36mthis[39m[33m.[
39muserProfile[33m.[
39mfeatureUsage)[33m.
[39mlength[33m;[39m
    [31m[1m>[22m[3
9m[90m 906 |[39m    
     [36mif[39m 
(usageCount 
[33m<[39m 
[35m3[39m) 
[36mreturn[39m [32m
'beginner'[39m[33m;
[39m
     [90m     |[39m 
                      
      
[31m[1m^[22m[39m
     [90m 907 |[39m 
        [36mif[39m 
(usageCount 
[33m<[39m 
[35m8[39m) 
[36mreturn[39m [32m
'intermediate'[39m[3
3m;[39m
     [90m 908 |[39m 
        [36mif[39m 
(usageCount 
[33m<[39m 
[35m15[39m) 
[36mreturn[39m [32m
'advanced'[39m[33m;
[39m
     [90m 909 |[39m 
        
[36mreturn[39m [32m
'expert'[39m[33m;[3
9m[0m

    [0m [90m 39 
|[39m
     [90m 40 |[39m  
       [90m// Import 
module[39m
    [31m[1m>[22m[3
9m[90m 41 |[39m     
    [36mconst[39m 
module [33m=[39m 
[36mawait[39m [36mi
mport[39m([32m'../sr
c/ui/FeatureDiscoveryE
ngine.js'[39m)[33m;
[39m
     [90m    |[39m  
                      
[31m[1m^[22m[39m
     [90m 42 |[39m  
       [33mFeatureDis
coveryEngine[39m 
[33m=[39m module[33
m.[39m[33mFeatureDis
coveryEngine[39m[33m
;[39m
     [90m 43 |[39m  
       
     [90m 44 |[39m  
       
discoveryEngine 
[33m=[39m 
[36mnew[39m [33mFea
tureDiscoveryEngine[3
9m(mockCore)[33m;[39
m[0m

      at constructor (
node_modules/@babel/pa
rser/src/parse-error.t
s:95:45)
      at 
Parser.toParseError 
[as raise] (node_modul
es/@babel/parser/src/t
okenizer/index.ts:1503
:19)
      at Parser.raise 
[as 
parseReturnStatement] 
(node_modules/@babel/p
arser/src/parser/state
ment.ts:1098:12)
      at Parser.parseR
eturnStatement [as par
seStatementContent] (n
ode_modules/@babel/par
ser/src/parser/stateme
nt.ts:538:21)
      at Parser.parseS
tatementContent [as 
parseStatementLike] (n
ode_modules/@babel/par
ser/src/parser/stateme
nt.ts:477:17)
      at Parser.parseS
tatementLike [as parse
StatementOrSloppyAnnex
BFunctionDeclaration] 
(node_modules/@babel/p
arser/src/parser/state
ment.ts:446:17)
      at Parser.parseS
tatementOrSloppyAnnexB
FunctionDeclaration 
[as parseIfStatement] 
(node_modules/@babel/p
arser/src/parser/state
ment.ts:1089:28)
      at Parser.parseI
fStatement [as parseSt
atementContent] (node_
modules/@babel/parser/
src/parser/statement.t
s:536:21)
      at Parser.parseS
tatementContent [as 
parseStatementLike] (n
ode_modules/@babel/par
ser/src/parser/stateme
nt.ts:477:17)
      at Parser.parseS
tatementLike [as 
parseModuleItem] (node
_modules/@babel/parser
/src/parser/statement.
ts:414:17)
      at Parser.parseM
oduleItem [as parseBlo
ckOrModuleBlockBody] (
node_modules/@babel/pa
rser/src/parser/statem
ent.ts:1438:16)
      at Parser.parseB
lockOrModuleBlockBody 
[as parseBlockBody] (n
ode_modules/@babel/par
ser/src/parser/stateme
nt.ts:1412:10)
      at 
Parser.parseBlockBody 
[as parseProgram] (nod
e_modules/@babel/parse
r/src/parser/statement
.ts:229:10)
      at 
Parser.parseProgram 
[as parseTopLevel] (no
de_modules/@babel/pars
er/src/parser/statemen
t.ts:203:25)
      at 
Parser.parseTopLevel 
[as parse] (node_modul
es/@babel/parser/src/p
arser/index.ts:93:10)
      at parse (node_m
odules/@babel/parser/s
rc/index.ts:92:38)
      at parser (node_
modules/@babel/core/sr
c/parser/index.ts:28:1
9)
          at 
parser.next 
(<anonymous>)
      at 
normalizeFile (node_mo
dules/@babel/core/src/
transformation/normali
ze-file.ts:49:24)
          at 
normalizeFile.next 
(<anonymous>)
      at run (node_mod
ules/@babel/core/src/t
ransformation/index.ts
:40:36)
          at run.next 
(<anonymous>)
      at transform (no
de_modules/@babel/core
/src/transform.ts:29:2
0)
          at 
transform.next 
(<anonymous>)
      at evaluateSync 
(node_modules/gensync/
index.js:251:28)
      at sync (node_mo
dules/gensync/index.js
:89:14)
      at fn (node_modu
les/@babel/core/src/er
rors/rewrite-stack-tra
ce.ts:99:14)
      at 
transformSync (node_mo
dules/@babel/core/src/
transform.ts:66:52)
      at ScriptTransfo
rmer.transformSource (
node_modules/@jest/tra
nsform/build/ScriptTra
nsformer.js:545:31)
      at ScriptTransfo
rmer._transformAndBuil
dScript (node_modules/
@jest/transform/build/
ScriptTransformer.js:6
74:40)
      at ScriptTransfo
rmer.transform (node_m
odules/@jest/transform
/build/ScriptTransform
er.js:726:19)
      at require (test
/feature-discovery-eng
ine.test.js:41:24)
      at 
Object.<anonymous> (te
st/feature-discovery-e
ngine.test.js:41:24)

  ΓùÅ FeatureDiscovery
Engine ΓÇ║ Event 
Integration ΓÇ║ 
should respond to 
modelLoaded event

    Jest encountered 
an unexpected token

    Jest failed to 
parse a file. This 
happens e.g. when 
your code or its 
dependencies use 
non-standard 
JavaScript syntax, or 
when Jest is not 
configured to support 
such syntax.

    Out of the box 
Jest supports Babel, 
which will be used to 
transform your files 
into valid JS based 
on your Babel 
configuration.

    By default 
"node_modules" folder 
is ignored by 
transformers.

    Here's what you 
can do:
     ΓÇó If you are 
trying to use 
ECMAScript Modules, 
see https://jestjs.io/
docs/ecmascript-module
s for how to enable 
it.
     ΓÇó If you are 
trying to use 
TypeScript, see https:
//jestjs.io/docs/getti
ng-started#using-types
cript
     ΓÇó To have some 
of your 
"node_modules" files 
transformed, you can 
specify a custom "tran
sformIgnorePatterns" 
in your config.
     ΓÇó If you need 
a custom 
transformation 
specify a "transform" 
option in your config.
     ΓÇó If you 
simply want to mock 
your non-JS modules 
(e.g. binary assets) 
you can stub them out 
with the 
"moduleNameMapper" 
config option.

    You'll find more 
details and examples 
of these config 
options in the docs:
    https://jestjs.io/
docs/configuration
    For information 
about custom 
transformations, see:
    https://jestjs.io/
docs/code-transformati
on

    Details:

    SyntaxError: C:\Wo
rkspace_Melbin\fun_web
sites\3d_model_viewer\
src\ui\FeatureDiscover
yEngine.js: 'return' 
outside of function. 
(906:28)

    [0m [90m 904 
|[39m }
     [90m 905 |[39m 
        
[36mconst[39m 
usageCount 
[33m=[39m [33mObjec
t[39m[33m.[39mkeys(
[36mthis[39m[33m.[
39muserProfile[33m.[
39mfeatureUsage)[33m.
[39mlength[33m;[39m
    [31m[1m>[22m[3
9m[90m 906 |[39m    
     [36mif[39m 
(usageCount 
[33m<[39m 
[35m3[39m) 
[36mreturn[39m [32m
'beginner'[39m[33m;
[39m
     [90m     |[39m 
                      
      
[31m[1m^[22m[39m
     [90m 907 |[39m 
        [36mif[39m 
(usageCount 
[33m<[39m 
[35m8[39m) 
[36mreturn[39m [32m
'intermediate'[39m[3
3m;[39m
     [90m 908 |[39m 
        [36mif[39m 
(usageCount 
[33m<[39m 
[35m15[39m) 
[36mreturn[39m [32m
'advanced'[39m[33m;
[39m
     [90m 909 |[39m 
        
[36mreturn[39m [32m
'expert'[39m[33m;[3
9m[0m

    [0m [90m 39 
|[39m
     [90m 40 |[39m  
       [90m// Import 
module[39m
    [31m[1m>[22m[3
9m[90m 41 |[39m     
    [36mconst[39m 
module [33m=[39m 
[36mawait[39m [36mi
mport[39m([32m'../sr
c/ui/FeatureDiscoveryE
ngine.js'[39m)[33m;
[39m
     [90m    |[39m  
                      
[31m[1m^[22m[39m
     [90m 42 |[39m  
       [33mFeatureDis
coveryEngine[39m 
[33m=[39m module[33
m.[39m[33mFeatureDis
coveryEngine[39m[33m
;[39m
     [90m 43 |[39m  
       
     [90m 44 |[39m  
       
discoveryEngine 
[33m=[39m 
[36mnew[39m [33mFea
tureDiscoveryEngine[3
9m(mockCore)[33m;[39
m[0m

      at constructor (
node_modules/@babel/pa
rser/src/parse-error.t
s:95:45)
      at 
Parser.toParseError 
[as raise] (node_modul
es/@babel/parser/src/t
okenizer/index.ts:1503
:19)
      at Parser.raise 
[as 
parseReturnStatement] 
(node_modules/@babel/p
arser/src/parser/state
ment.ts:1098:12)
      at Parser.parseR
eturnStatement [as par
seStatementContent] (n
ode_modules/@babel/par
ser/src/parser/stateme
nt.ts:538:21)
      at Parser.parseS
tatementContent [as 
parseStatementLike] (n
ode_modules/@babel/par
ser/src/parser/stateme
nt.ts:477:17)
      at Parser.parseS
tatementLike [as parse
StatementOrSloppyAnnex
BFunctionDeclaration] 
(node_modules/@babel/p
arser/src/parser/state
ment.ts:446:17)
      at Parser.parseS
tatementOrSloppyAnnexB
FunctionDeclaration 
[as parseIfStatement] 
(node_modules/@babel/p
arser/src/parser/state
ment.ts:1089:28)
      at Parser.parseI
fStatement [as parseSt
atementContent] (node_
modules/@babel/parser/
src/parser/statement.t
s:536:21)
      at Parser.parseS
tatementContent [as 
parseStatementLike] (n
ode_modules/@babel/par
ser/src/parser/stateme
nt.ts:477:17)
      at Parser.parseS
tatementLike [as 
parseModuleItem] (node
_modules/@babel/parser
/src/parser/statement.
ts:414:17)
      at Parser.parseM
oduleItem [as parseBlo
ckOrModuleBlockBody] (
node_modules/@babel/pa
rser/src/parser/statem
ent.ts:1438:16)
      at Parser.parseB
lockOrModuleBlockBody 
[as parseBlockBody] (n
ode_modules/@babel/par
ser/src/parser/stateme
nt.ts:1412:10)
      at 
Parser.parseBlockBody 
[as parseProgram] (nod
e_modules/@babel/parse
r/src/parser/statement
.ts:229:10)
      at 
Parser.parseProgram 
[as parseTopLevel] (no
de_modules/@babel/pars
er/src/parser/statemen
t.ts:203:25)
      at 
Parser.parseTopLevel 
[as parse] (node_modul
es/@babel/parser/src/p
arser/index.ts:93:10)
      at parse (node_m
odules/@babel/parser/s
rc/index.ts:92:38)
      at parser (node_
modules/@babel/core/sr
c/parser/index.ts:28:1
9)
          at 
parser.next 
(<anonymous>)
      at 
normalizeFile (node_mo
dules/@babel/core/src/
transformation/normali
ze-file.ts:49:24)
          at 
normalizeFile.next 
(<anonymous>)
      at run (node_mod
ules/@babel/core/src/t
ransformation/index.ts
:40:36)
          at run.next 
(<anonymous>)
      at transform (no
de_modules/@babel/core
/src/transform.ts:29:2
0)
          at 
transform.next 
(<anonymous>)
      at evaluateSync 
(node_modules/gensync/
index.js:251:28)
      at sync (node_mo
dules/gensync/index.js
:89:14)
      at fn (node_modu
les/@babel/core/src/er
rors/rewrite-stack-tra
ce.ts:99:14)
      at 
transformSync (node_mo
dules/@babel/core/src/
transform.ts:66:52)
      at ScriptTransfo
rmer.transformSource (
node_modules/@jest/tra
nsform/build/ScriptTra
nsformer.js:545:31)
      at ScriptTransfo
rmer._transformAndBuil
dScript (node_modules/
@jest/transform/build/
ScriptTransformer.js:6
74:40)
      at ScriptTransfo
rmer.transform (node_m
odules/@jest/transform
/build/ScriptTransform
er.js:726:19)
      at require (test
/feature-discovery-eng
ine.test.js:41:24)
      at 
Object.<anonymous> (te
st/feature-discovery-e
ngine.test.js:41:24)

  ΓùÅ FeatureDiscovery
Engine ΓÇ║ Event 
Integration ΓÇ║ 
should emit discovery 
events

    Jest encountered 
an unexpected token

    Jest failed to 
parse a file. This 
happens e.g. when 
your code or its 
dependencies use 
non-standard 
JavaScript syntax, or 
when Jest is not 
configured to support 
such syntax.

    Out of the box 
Jest supports Babel, 
which will be used to 
transform your files 
into valid JS based 
on your Babel 
configuration.

    By default 
"node_modules" folder 
is ignored by 
transformers.

    Here's what you 
can do:
     ΓÇó If you are 
trying to use 
ECMAScript Modules, 
see https://jestjs.io/
docs/ecmascript-module
s for how to enable 
it.
     ΓÇó If you are 
trying to use 
TypeScript, see https:
//jestjs.io/docs/getti
ng-started#using-types
cript
     ΓÇó To have some 
of your 
"node_modules" files 
transformed, you can 
specify a custom "tran
sformIgnorePatterns" 
in your config.
     ΓÇó If you need 
a custom 
transformation 
specify a "transform" 
option in your config.
     ΓÇó If you 
simply want to mock 
your non-JS modules 
(e.g. binary assets) 
you can stub them out 
with the 
"moduleNameMapper" 
config option.

    You'll find more 
details and examples 
of these config 
options in the docs:
    https://jestjs.io/
docs/configuration
    For information 
about custom 
transformations, see:
    https://jestjs.io/
docs/code-transformati
on

    Details:

    SyntaxError: C:\Wo
rkspace_Melbin\fun_web
sites\3d_model_viewer\
src\ui\FeatureDiscover
yEngine.js: 'return' 
outside of function. 
(906:28)

    [0m [90m 904 
|[39m }
     [90m 905 |[39m 
        
[36mconst[39m 
usageCount 
[33m=[39m [33mObjec
t[39m[33m.[39mkeys(
[36mthis[39m[33m.[
39muserProfile[33m.[
39mfeatureUsage)[33m.
[39mlength[33m;[39m
    [31m[1m>[22m[3
9m[90m 906 |[39m    
     [36mif[39m 
(usageCount 
[33m<[39m 
[35m3[39m) 
[36mreturn[39m [32m
'beginner'[39m[33m;
[39m
     [90m     |[39m 
                      
      
[31m[1m^[22m[39m
     [90m 907 |[39m 
        [36mif[39m 
(usageCount 
[33m<[39m 
[35m8[39m) 
[36mreturn[39m [32m
'intermediate'[39m[3
3m;[39m
     [90m 908 |[39m 
        [36mif[39m 
(usageCount 
[33m<[39m 
[35m15[39m) 
[36mreturn[39m [32m
'advanced'[39m[33m;
[39m
     [90m 909 |[39m 
        
[36mreturn[39m [32m
'expert'[39m[33m;[3
9m[0m

    [0m [90m 39 
|[39m
     [90m 40 |[39m  
       [90m// Import 
module[39m
    [31m[1m>[22m[3
9m[90m 41 |[39m     
    [36mconst[39m 
module [33m=[39m 
[36mawait[39m [36mi
mport[39m([32m'../sr
c/ui/FeatureDiscoveryE
ngine.js'[39m)[33m;
[39m
     [90m    |[39m  
                      
[31m[1m^[22m[39m
     [90m 42 |[39m  
       [33mFeatureDis
coveryEngine[39m 
[33m=[39m module[33
m.[39m[33mFeatureDis
coveryEngine[39m[33m
;[39m
     [90m 43 |[39m  
       
     [90m 44 |[39m  
       
discoveryEngine 
[33m=[39m 
[36mnew[39m [33mFea
tureDiscoveryEngine[3
9m(mockCore)[33m;[39
m[0m

      at constructor (
node_modules/@babel/pa
rser/src/parse-error.t
s:95:45)
      at 
Parser.toParseError 
[as raise] (node_modul
es/@babel/parser/src/t
okenizer/index.ts:1503
:19)
      at Parser.raise 
[as 
parseReturnStatement] 
(node_modules/@babel/p
arser/src/parser/state
ment.ts:1098:12)
      at Parser.parseR
eturnStatement [as par
seStatementContent] (n
ode_modules/@babel/par
ser/src/parser/stateme
nt.ts:538:21)
      at Parser.parseS
tatementContent [as 
parseStatementLike] (n
ode_modules/@babel/par
ser/src/parser/stateme
nt.ts:477:17)
      at Parser.parseS
tatementLike [as parse
StatementOrSloppyAnnex
BFunctionDeclaration] 
(node_modules/@babel/p
arser/src/parser/state
ment.ts:446:17)
      at Parser.parseS
tatementOrSloppyAnnexB
FunctionDeclaration 
[as parseIfStatement] 
(node_modules/@babel/p
arser/src/parser/state
ment.ts:1089:28)
      at Parser.parseI
fStatement [as parseSt
atementContent] (node_
modules/@babel/parser/
src/parser/statement.t
s:536:21)
      at Parser.parseS
tatementContent [as 
parseStatementLike] (n
ode_modules/@babel/par
ser/src/parser/stateme
nt.ts:477:17)
      at Parser.parseS
tatementLike [as 
parseModuleItem] (node
_modules/@babel/parser
/src/parser/statement.
ts:414:17)
      at Parser.parseM
oduleItem [as parseBlo
ckOrModuleBlockBody] (
node_modules/@babel/pa
rser/src/parser/statem
ent.ts:1438:16)
      at Parser.parseB
lockOrModuleBlockBody 
[as parseBlockBody] (n
ode_modules/@babel/par
ser/src/parser/stateme
nt.ts:1412:10)
      at 
Parser.parseBlockBody 
[as parseProgram] (nod
e_modules/@babel/parse
r/src/parser/statement
.ts:229:10)
      at 
Parser.parseProgram 
[as parseTopLevel] (no
de_modules/@babel/pars
er/src/parser/statemen
t.ts:203:25)
      at 
Parser.parseTopLevel 
[as parse] (node_modul
es/@babel/parser/src/p
arser/index.ts:93:10)
      at parse (node_m
odules/@babel/parser/s
rc/index.ts:92:38)
      at parser (node_
modules/@babel/core/sr
c/parser/index.ts:28:1
9)
          at 
parser.next 
(<anonymous>)
      at 
normalizeFile (node_mo
dules/@babel/core/src/
transformation/normali
ze-file.ts:49:24)
          at 
normalizeFile.next 
(<anonymous>)
      at run (node_mod
ules/@babel/core/src/t
ransformation/index.ts
:40:36)
          at run.next 
(<anonymous>)
      at transform (no
de_modules/@babel/core
/src/transform.ts:29:2
0)
          at 
transform.next 
(<anonymous>)
      at evaluateSync 
(node_modules/gensync/
index.js:251:28)
      at sync (node_mo
dules/gensync/index.js
:89:14)
      at fn (node_modu
les/@babel/core/src/er
rors/rewrite-stack-tra
ce.ts:99:14)
      at 
transformSync (node_mo
dules/@babel/core/src/
transform.ts:66:52)
      at ScriptTransfo
rmer.transformSource (
node_modules/@jest/tra
nsform/build/ScriptTra
nsformer.js:545:31)
      at ScriptTransfo
rmer._transformAndBuil
dScript (node_modules/
@jest/transform/build/
ScriptTransformer.js:6
74:40)
      at ScriptTransfo
rmer.transform (node_m
odules/@jest/transform
/build/ScriptTransform
er.js:726:19)
      at require (test
/feature-discovery-eng
ine.test.js:41:24)
      at 
Object.<anonymous> (te
st/feature-discovery-e
ngine.test.js:41:24)

  ΓùÅ FeatureDiscovery
Engine ΓÇ║ 
Performance ΓÇ║ 
should handle large 
usage history 
efficiently

    Jest encountered 
an unexpected token

    Jest failed to 
parse a file. This 
happens e.g. when 
your code or its 
dependencies use 
non-standard 
JavaScript syntax, or 
when Jest is not 
configured to support 
such syntax.

    Out of the box 
Jest supports Babel, 
which will be used to 
transform your files 
into valid JS based 
on your Babel 
configuration.

    By default 
"node_modules" folder 
is ignored by 
transformers.

    Here's what you 
can do:
     ΓÇó If you are 
trying to use 
ECMAScript Modules, 
see https://jestjs.io/
docs/ecmascript-module
s for how to enable 
it.
     ΓÇó If you are 
trying to use 
TypeScript, see https:
//jestjs.io/docs/getti
ng-started#using-types
cript
     ΓÇó To have some 
of your 
"node_modules" files 
transformed, you can 
specify a custom "tran
sformIgnorePatterns" 
in your config.
     ΓÇó If you need 
a custom 
transformation 
specify a "transform" 
option in your config.
     ΓÇó If you 
simply want to mock 
your non-JS modules 
(e.g. binary assets) 
you can stub them out 
with the 
"moduleNameMapper" 
config option.

    You'll find more 
details and examples 
of these config 
options in the docs:
    https://jestjs.io/
docs/configuration
    For information 
about custom 
transformations, see:
    https://jestjs.io/
docs/code-transformati
on

    Details:

    SyntaxError: C:\Wo
rkspace_Melbin\fun_web
sites\3d_model_viewer\
src\ui\FeatureDiscover
yEngine.js: 'return' 
outside of function. 
(906:28)

    [0m [90m 904 
|[39m }
     [90m 905 |[39m 
        
[36mconst[39m 
usageCount 
[33m=[39m [33mObjec
t[39m[33m.[39mkeys(
[36mthis[39m[33m.[
39muserProfile[33m.[
39mfeatureUsage)[33m.
[39mlength[33m;[39m
    [31m[1m>[22m[3
9m[90m 906 |[39m    
     [36mif[39m 
(usageCount 
[33m<[39m 
[35m3[39m) 
[36mreturn[39m [32m
'beginner'[39m[33m;
[39m
     [90m     |[39m 
                      
      
[31m[1m^[22m[39m
     [90m 907 |[39m 
        [36mif[39m 
(usageCount 
[33m<[39m 
[35m8[39m) 
[36mreturn[39m [32m
'intermediate'[39m[3
3m;[39m
     [90m 908 |[39m 
        [36mif[39m 
(usageCount 
[33m<[39m 
[35m15[39m) 
[36mreturn[39m [32m
'advanced'[39m[33m;
[39m
     [90m 909 |[39m 
        
[36mreturn[39m [32m
'expert'[39m[33m;[3
9m[0m

    [0m [90m 39 
|[39m
     [90m 40 |[39m  
       [90m// Import 
module[39m
    [31m[1m>[22m[3
9m[90m 41 |[39m     
    [36mconst[39m 
module [33m=[39m 
[36mawait[39m [36mi
mport[39m([32m'../sr
c/ui/FeatureDiscoveryE
ngine.js'[39m)[33m;
[39m
     [90m    |[39m  
                      
[31m[1m^[22m[39m
     [90m 42 |[39m  
       [33mFeatureDis
coveryEngine[39m 
[33m=[39m module[33
m.[39m[33mFeatureDis
coveryEngine[39m[33m
;[39m
     [90m 43 |[39m  
       
     [90m 44 |[39m  
       
discoveryEngine 
[33m=[39m 
[36mnew[39m [33mFea
tureDiscoveryEngine[3
9m(mockCore)[33m;[39
m[0m

      at constructor (
node_modules/@babel/pa
rser/src/parse-error.t
s:95:45)
      at 
Parser.toParseError 
[as raise] (node_modul
es/@babel/parser/src/t
okenizer/index.ts:1503
:19)
      at Parser.raise 
[as 
parseReturnStatement] 
(node_modules/@babel/p
arser/src/parser/state
ment.ts:1098:12)
      at Parser.parseR
eturnStatement [as par
seStatementContent] (n
ode_modules/@babel/par
ser/src/parser/stateme
nt.ts:538:21)
      at Parser.parseS
tatementContent [as 
parseStatementLike] (n
ode_modules/@babel/par
ser/src/parser/stateme
nt.ts:477:17)
      at Parser.parseS
tatementLike [as parse
StatementOrSloppyAnnex
BFunctionDeclaration] 
(node_modules/@babel/p
arser/src/parser/state
ment.ts:446:17)
      at Parser.parseS
tatementOrSloppyAnnexB
FunctionDeclaration 
[as parseIfStatement] 
(node_modules/@babel/p
arser/src/parser/state
ment.ts:1089:28)
      at Parser.parseI
fStatement [as parseSt
atementContent] (node_
modules/@babel/parser/
src/parser/statement.t
s:536:21)
      at Parser.parseS
tatementContent [as 
parseStatementLike] (n
ode_modules/@babel/par
ser/src/parser/stateme
nt.ts:477:17)
      at Parser.parseS
tatementLike [as 
parseModuleItem] (node
_modules/@babel/parser
/src/parser/statement.
ts:414:17)
      at Parser.parseM
oduleItem [as parseBlo
ckOrModuleBlockBody] (
node_modules/@babel/pa
rser/src/parser/statem
ent.ts:1438:16)
      at Parser.parseB
lockOrModuleBlockBody 
[as parseBlockBody] (n
ode_modules/@babel/par
ser/src/parser/stateme
nt.ts:1412:10)
      at 
Parser.parseBlockBody 
[as parseProgram] (nod
e_modules/@babel/parse
r/src/parser/statement
.ts:229:10)
      at 
Parser.parseProgram 
[as parseTopLevel] (no
de_modules/@babel/pars
er/src/parser/statemen
t.ts:203:25)
      at 
Parser.parseTopLevel 
[as parse] (node_modul
es/@babel/parser/src/p
arser/index.ts:93:10)
      at parse (node_m
odules/@babel/parser/s
rc/index.ts:92:38)
      at parser (node_
modules/@babel/core/sr
c/parser/index.ts:28:1
9)
          at 
parser.next 
(<anonymous>)
      at 
normalizeFile (node_mo
dules/@babel/core/src/
transformation/normali
ze-file.ts:49:24)
          at 
normalizeFile.next 
(<anonymous>)
      at run (node_mod
ules/@babel/core/src/t
ransformation/index.ts
:40:36)
          at run.next 
(<anonymous>)
      at transform (no
de_modules/@babel/core
/src/transform.ts:29:2
0)
          at 
transform.next 
(<anonymous>)
      at evaluateSync 
(node_modules/gensync/
index.js:251:28)
      at sync (node_mo
dules/gensync/index.js
:89:14)
      at fn (node_modu
les/@babel/core/src/er
rors/rewrite-stack-tra
ce.ts:99:14)
      at 
transformSync (node_mo
dules/@babel/core/src/
transform.ts:66:52)
      at ScriptTransfo
rmer.transformSource (
node_modules/@jest/tra
nsform/build/ScriptTra
nsformer.js:545:31)
      at ScriptTransfo
rmer._transformAndBuil
dScript (node_modules/
@jest/transform/build/
ScriptTransformer.js:6
74:40)
      at ScriptTransfo
rmer.transform (node_m
odules/@jest/transform
/build/ScriptTransform
er.js:726:19)
      at require (test
/feature-discovery-eng
ine.test.js:41:24)
      at 
Object.<anonymous> (te
st/feature-discovery-e
ngine.test.js:41:24)

  ΓùÅ FeatureDiscovery
Engine ΓÇ║ 
Performance ΓÇ║ 
should cache 
suggestion 
calculations

    Jest encountered 
an unexpected token

    Jest failed to 
parse a file. This 
happens e.g. when 
your code or its 
dependencies use 
non-standard 
JavaScript syntax, or 
when Jest is not 
configured to support 
such syntax.

    Out of the box 
Jest supports Babel, 
which will be used to 
transform your files 
into valid JS based 
on your Babel 
configuration.

    By default 
"node_modules" folder 
is ignored by 
transformers.

    Here's what you 
can do:
     ΓÇó If you are 
trying to use 
ECMAScript Modules, 
see https://jestjs.io/
docs/ecmascript-module
s for how to enable 
it.
     ΓÇó If you are 
trying to use 
TypeScript, see https:
//jestjs.io/docs/getti
ng-started#using-types
cript
     ΓÇó To have some 
of your 
"node_modules" files 
transformed, you can 
specify a custom "tran
sformIgnorePatterns" 
in your config.
     ΓÇó If you need 
a custom 
transformation 
specify a "transform" 
option in your config.
     ΓÇó If you 
simply want to mock 
your non-JS modules 
(e.g. binary assets) 
you can stub them out 
with the 
"moduleNameMapper" 
config option.

    You'll find more 
details and examples 
of these config 
options in the docs:
    https://jestjs.io/
docs/configuration
    For information 
about custom 
transformations, see:
    https://jestjs.io/
docs/code-transformati
on

    Details:

    SyntaxError: C:\Wo
rkspace_Melbin\fun_web
sites\3d_model_viewer\
src\ui\FeatureDiscover
yEngine.js: 'return' 
outside of function. 
(906:28)

    [0m [90m 904 
|[39m }
     [90m 905 |[39m 
        
[36mconst[39m 
usageCount 
[33m=[39m [33mObjec
t[39m[33m.[39mkeys(
[36mthis[39m[33m.[
39muserProfile[33m.[
39mfeatureUsage)[33m.
[39mlength[33m;[39m
    [31m[1m>[22m[3
9m[90m 906 |[39m    
     [36mif[39m 
(usageCount 
[33m<[39m 
[35m3[39m) 
[36mreturn[39m [32m
'beginner'[39m[33m;
[39m
     [90m     |[39m 
                      
      
[31m[1m^[22m[39m
     [90m 907 |[39m 
        [36mif[39m 
(usageCount 
[33m<[39m 
[35m8[39m) 
[36mreturn[39m [32m
'intermediate'[39m[3
3m;[39m
     [90m 908 |[39m 
        [36mif[39m 
(usageCount 
[33m<[39m 
[35m15[39m) 
[36mreturn[39m [32m
'advanced'[39m[33m;
[39m
     [90m 909 |[39m 
        
[36mreturn[39m [32m
'expert'[39m[33m;[3
9m[0m

    [0m [90m 39 
|[39m
     [90m 40 |[39m  
       [90m// Import 
module[39m
    [31m[1m>[22m[3
9m[90m 41 |[39m     
    [36mconst[39m 
module [33m=[39m 
[36mawait[39m [36mi
mport[39m([32m'../sr
c/ui/FeatureDiscoveryE
ngine.js'[39m)[33m;
[39m
     [90m    |[39m  
                      
[31m[1m^[22m[39m
     [90m 42 |[39m  
       [33mFeatureDis
coveryEngine[39m 
[33m=[39m module[33
m.[39m[33mFeatureDis
coveryEngine[39m[33m
;[39m
     [90m 43 |[39m  
       
     [90m 44 |[39m  
       
discoveryEngine 
[33m=[39m 
[36mnew[39m [33mFea
tureDiscoveryEngine[3
9m(mockCore)[33m;[39
m[0m

      at constructor (
node_modules/@babel/pa
rser/src/parse-error.t
s:95:45)
      at 
Parser.toParseError 
[as raise] (node_modul
es/@babel/parser/src/t
okenizer/index.ts:1503
:19)
      at Parser.raise 
[as 
parseReturnStatement] 
(node_modules/@babel/p
arser/src/parser/state
ment.ts:1098:12)
      at Parser.parseR
eturnStatement [as par
seStatementContent] (n
ode_modules/@babel/par
ser/src/parser/stateme
nt.ts:538:21)
      at Parser.parseS
tatementContent [as 
parseStatementLike] (n
ode_modules/@babel/par
ser/src/parser/stateme
nt.ts:477:17)
      at Parser.parseS
tatementLike [as parse
StatementOrSloppyAnnex
BFunctionDeclaration] 
(node_modules/@babel/p
arser/src/parser/state
ment.ts:446:17)
      at Parser.parseS
tatementOrSloppyAnnexB
FunctionDeclaration 
[as parseIfStatement] 
(node_modules/@babel/p
arser/src/parser/state
ment.ts:1089:28)
      at Parser.parseI
fStatement [as parseSt
atementContent] (node_
modules/@babel/parser/
src/parser/statement.t
s:536:21)
      at Parser.parseS
tatementContent [as 
parseStatementLike] (n
ode_modules/@babel/par
ser/src/parser/stateme
nt.ts:477:17)
      at Parser.parseS
tatementLike [as 
parseModuleItem] (node
_modules/@babel/parser
/src/parser/statement.
ts:414:17)
      at Parser.parseM
oduleItem [as parseBlo
ckOrModuleBlockBody] (
node_modules/@babel/pa
rser/src/parser/statem
ent.ts:1438:16)
      at Parser.parseB
lockOrModuleBlockBody 
[as parseBlockBody] (n
ode_modules/@babel/par
ser/src/parser/stateme
nt.ts:1412:10)
      at 
Parser.parseBlockBody 
[as parseProgram] (nod
e_modules/@babel/parse
r/src/parser/statement
.ts:229:10)
      at 
Parser.parseProgram 
[as parseTopLevel] (no
de_modules/@babel/pars
er/src/parser/statemen
t.ts:203:25)
      at 
Parser.parseTopLevel 
[as parse] (node_modul
es/@babel/parser/src/p
arser/index.ts:93:10)
      at parse (node_m
odules/@babel/parser/s
rc/index.ts:92:38)
      at parser (node_
modules/@babel/core/sr
c/parser/index.ts:28:1
9)
          at 
parser.next 
(<anonymous>)
      at 
normalizeFile (node_mo
dules/@babel/core/src/
transformation/normali
ze-file.ts:49:24)
          at 
normalizeFile.next 
(<anonymous>)
      at run (node_mod
ules/@babel/core/src/t
ransformation/index.ts
:40:36)
          at run.next 
(<anonymous>)
      at transform (no
de_modules/@babel/core
/src/transform.ts:29:2
0)
          at 
transform.next 
(<anonymous>)
      at evaluateSync 
(node_modules/gensync/
index.js:251:28)
      at sync (node_mo
dules/gensync/index.js
:89:14)
      at fn (node_modu
les/@babel/core/src/er
rors/rewrite-stack-tra
ce.ts:99:14)
      at 
transformSync (node_mo
dules/@babel/core/src/
transform.ts:66:52)
      at ScriptTransfo
rmer.transformSource (
node_modules/@jest/tra
nsform/build/ScriptTra
nsformer.js:545:31)
      at ScriptTransfo
rmer._transformAndBuil
dScript (node_modules/
@jest/transform/build/
ScriptTransformer.js:6
74:40)
      at ScriptTransfo
rmer.transform (node_m
odules/@jest/transform
/build/ScriptTransform
er.js:726:19)
      at require (test
/feature-discovery-eng
ine.test.js:41:24)
      at 
Object.<anonymous> (te
st/feature-discovery-e
ngine.test.js:41:24)

  ΓùÅ FeatureDiscovery
Engine ΓÇ║ 
Performance ΓÇ║ 
should invalidate 
cache on usage change

    Jest encountered 
an unexpected token

    Jest failed to 
parse a file. This 
happens e.g. when 
your code or its 
dependencies use 
non-standard 
JavaScript syntax, or 
when Jest is not 
configured to support 
such syntax.

    Out of the box 
Jest supports Babel, 
which will be used to 
transform your files 
into valid JS based 
on your Babel 
configuration.

    By default 
"node_modules" folder 
is ignored by 
transformers.

    Here's what you 
can do:
     ΓÇó If you are 
trying to use 
ECMAScript Modules, 
see https://jestjs.io/
docs/ecmascript-module
s for how to enable 
it.
     ΓÇó If you are 
trying to use 
TypeScript, see https:
//jestjs.io/docs/getti
ng-started#using-types
cript
     ΓÇó To have some 
of your 
"node_modules" files 
transformed, you can 
specify a custom "tran
sformIgnorePatterns" 
in your config.
     ΓÇó If you need 
a custom 
transformation 
specify a "transform" 
option in your config.
     ΓÇó If you 
simply want to mock 
your non-JS modules 
(e.g. binary assets) 
you can stub them out 
with the 
"moduleNameMapper" 
config option.

    You'll find more 
details and examples 
of these config 
options in the docs:
    https://jestjs.io/
docs/configuration
    For information 
about custom 
transformations, see:
    https://jestjs.io/
docs/code-transformati
on

    Details:

    SyntaxError: C:\Wo
rkspace_Melbin\fun_web
sites\3d_model_viewer\
src\ui\FeatureDiscover
yEngine.js: 'return' 
outside of function. 
(906:28)

    [0m [90m 904 
|[39m }
     [90m 905 |[39m 
        
[36mconst[39m 
usageCount 
[33m=[39m [33mObjec
t[39m[33m.[39mkeys(
[36mthis[39m[33m.[
39muserProfile[33m.[
39mfeatureUsage)[33m.
[39mlength[33m;[39m
    [31m[1m>[22m[3
9m[90m 906 |[39m    
     [36mif[39m 
(usageCount 
[33m<[39m 
[35m3[39m) 
[36mreturn[39m [32m
'beginner'[39m[33m;
[39m
     [90m     |[39m 
                      
      
[31m[1m^[22m[39m
     [90m 907 |[39m 
        [36mif[39m 
(usageCount 
[33m<[39m 
[35m8[39m) 
[36mreturn[39m [32m
'intermediate'[39m[3
3m;[39m
     [90m 908 |[39m 
        [36mif[39m 
(usageCount 
[33m<[39m 
[35m15[39m) 
[36mreturn[39m [32m
'advanced'[39m[33m;
[39m
     [90m 909 |[39m 
        
[36mreturn[39m [32m
'expert'[39m[33m;[3
9m[0m

    [0m [90m 39 
|[39m
     [90m 40 |[39m  
       [90m// Import 
module[39m
    [31m[1m>[22m[3
9m[90m 41 |[39m     
    [36mconst[39m 
module [33m=[39m 
[36mawait[39m [36mi
mport[39m([32m'../sr
c/ui/FeatureDiscoveryE
ngine.js'[39m)[33m;
[39m
     [90m    |[39m  
                      
[31m[1m^[22m[39m
     [90m 42 |[39m  
       [33mFeatureDis
coveryEngine[39m 
[33m=[39m module[33
m.[39m[33mFeatureDis
coveryEngine[39m[33m
;[39m
     [90m 43 |[39m  
       
     [90m 44 |[39m  
       
discoveryEngine 
[33m=[39m 
[36mnew[39m [33mFea
tureDiscoveryEngine[3
9m(mockCore)[33m;[39
m[0m

      at constructor (
node_modules/@babel/pa
rser/src/parse-error.t
s:95:45)
      at 
Parser.toParseError 
[as raise] (node_modul
es/@babel/parser/src/t
okenizer/index.ts:1503
:19)
      at Parser.raise 
[as 
parseReturnStatement] 
(node_modules/@babel/p
arser/src/parser/state
ment.ts:1098:12)
      at Parser.parseR
eturnStatement [as par
seStatementContent] (n
ode_modules/@babel/par
ser/src/parser/stateme
nt.ts:538:21)
      at Parser.parseS
tatementContent [as 
parseStatementLike] (n
ode_modules/@babel/par
ser/src/parser/stateme
nt.ts:477:17)
      at Parser.parseS
tatementLike [as parse
StatementOrSloppyAnnex
BFunctionDeclaration] 
(node_modules/@babel/p
arser/src/parser/state
ment.ts:446:17)
      at Parser.parseS
tatementOrSloppyAnnexB
FunctionDeclaration 
[as parseIfStatement] 
(node_modules/@babel/p
arser/src/parser/state
ment.ts:1089:28)
      at Parser.parseI
fStatement [as parseSt
atementContent] (node_
modules/@babel/parser/
src/parser/statement.t
s:536:21)
      at Parser.parseS
tatementContent [as 
parseStatementLike] (n
ode_modules/@babel/par
ser/src/parser/stateme
nt.ts:477:17)
      at Parser.parseS
tatementLike [as 
parseModuleItem] (node
_modules/@babel/parser
/src/parser/statement.
ts:414:17)
      at Parser.parseM
oduleItem [as parseBlo
ckOrModuleBlockBody] (
node_modules/@babel/pa
rser/src/parser/statem
ent.ts:1438:16)
      at Parser.parseB
lockOrModuleBlockBody 
[as parseBlockBody] (n
ode_modules/@babel/par
ser/src/parser/stateme
nt.ts:1412:10)
      at 
Parser.parseBlockBody 
[as parseProgram] (nod
e_modules/@babel/parse
r/src/parser/statement
.ts:229:10)
      at 
Parser.parseProgram 
[as parseTopLevel] (no
de_modules/@babel/pars
er/src/parser/statemen
t.ts:203:25)
      at 
Parser.parseTopLevel 
[as parse] (node_modul
es/@babel/parser/src/p
arser/index.ts:93:10)
      at parse (node_m
odules/@babel/parser/s
rc/index.ts:92:38)
      at parser (node_
modules/@babel/core/sr
c/parser/index.ts:28:1
9)
          at 
parser.next 
(<anonymous>)
      at 
normalizeFile (node_mo
dules/@babel/core/src/
transformation/normali
ze-file.ts:49:24)
          at 
normalizeFile.next 
(<anonymous>)
      at run (node_mod
ules/@babel/core/src/t
ransformation/index.ts
:40:36)
          at run.next 
(<anonymous>)
      at transform (no
de_modules/@babel/core
/src/transform.ts:29:2
0)
          at 
transform.next 
(<anonymous>)
      at evaluateSync 
(node_modules/gensync/
index.js:251:28)
      at sync (node_mo
dules/gensync/index.js
:89:14)
      at fn (node_modu
les/@babel/core/src/er
rors/rewrite-stack-tra
ce.ts:99:14)
      at 
transformSync (node_mo
dules/@babel/core/src/
transform.ts:66:52)
      at ScriptTransfo
rmer.transformSource (
node_modules/@jest/tra
nsform/build/ScriptTra
nsformer.js:545:31)
      at ScriptTransfo
rmer._transformAndBuil
dScript (node_modules/
@jest/transform/build/
ScriptTransformer.js:6
74:40)
      at ScriptTransfo
rmer.transform (node_m
odules/@jest/transform
/build/ScriptTransform
er.js:726:19)
      at require (test
/feature-discovery-eng
ine.test.js:41:24)
      at 
Object.<anonymous> (te
st/feature-discovery-e
ngine.test.js:41:24)

  ΓùÅ FeatureDiscovery
Engine ΓÇ║ Cleanup 
and Destroy ΓÇ║ 
should save profile 
on destroy

    Jest encountered 
an unexpected token

    Jest failed to 
parse a file. This 
happens e.g. when 
your code or its 
dependencies use 
non-standard 
JavaScript syntax, or 
when Jest is not 
configured to support 
such syntax.

    Out of the box 
Jest supports Babel, 
which will be used to 
transform your files 
into valid JS based 
on your Babel 
configuration.

    By default 
"node_modules" folder 
is ignored by 
transformers.

    Here's what you 
can do:
     ΓÇó If you are 
trying to use 
ECMAScript Modules, 
see https://jestjs.io/
docs/ecmascript-module
s for how to enable 
it.
     ΓÇó If you are 
trying to use 
TypeScript, see https:
//jestjs.io/docs/getti
ng-started#using-types
cript
     ΓÇó To have some 
of your 
"node_modules" files 
transformed, you can 
specify a custom "tran
sformIgnorePatterns" 
in your config.
     ΓÇó If you need 
a custom 
transformation 
specify a "transform" 
option in your config.
     ΓÇó If you 
simply want to mock 
your non-JS modules 
(e.g. binary assets) 
you can stub them out 
with the 
"moduleNameMapper" 
config option.

    You'll find more 
details and examples 
of these config 
options in the docs:
    https://jestjs.io/
docs/configuration
    For information 
about custom 
transformations, see:
    https://jestjs.io/
docs/code-transformati
on

    Details:

    SyntaxError: C:\Wo
rkspace_Melbin\fun_web
sites\3d_model_viewer\
src\ui\FeatureDiscover
yEngine.js: 'return' 
outside of function. 
(906:28)

    [0m [90m 904 
|[39m }
     [90m 905 |[39m 
        
[36mconst[39m 
usageCount 
[33m=[39m [33mObjec
t[39m[33m.[39mkeys(
[36mthis[39m[33m.[
39muserProfile[33m.[
39mfeatureUsage)[33m.
[39mlength[33m;[39m
    [31m[1m>[22m[3
9m[90m 906 |[39m    
     [36mif[39m 
(usageCount 
[33m<[39m 
[35m3[39m) 
[36mreturn[39m [32m
'beginner'[39m[33m;
[39m
     [90m     |[39m 
                      
      
[31m[1m^[22m[39m
     [90m 907 |[39m 
        [36mif[39m 
(usageCount 
[33m<[39m 
[35m8[39m) 
[36mreturn[39m [32m
'intermediate'[39m[3
3m;[39m
     [90m 908 |[39m 
        [36mif[39m 
(usageCount 
[33m<[39m 
[35m15[39m) 
[36mreturn[39m [32m
'advanced'[39m[33m;
[39m
     [90m 909 |[39m 
        
[36mreturn[39m [32m
'expert'[39m[33m;[3
9m[0m

    [0m [90m 39 
|[39m
     [90m 40 |[39m  
       [90m// Import 
module[39m
    [31m[1m>[22m[3
9m[90m 41 |[39m     
    [36mconst[39m 
module [33m=[39m 
[36mawait[39m [36mi
mport[39m([32m'../sr
c/ui/FeatureDiscoveryE
ngine.js'[39m)[33m;
[39m
     [90m    |[39m  
                      
[31m[1m^[22m[39m
     [90m 42 |[39m  
       [33mFeatureDis
coveryEngine[39m 
[33m=[39m module[33
m.[39m[33mFeatureDis
coveryEngine[39m[33m
;[39m
     [90m 43 |[39m  
       
     [90m 44 |[39m  
       
discoveryEngine 
[33m=[39m 
[36mnew[39m [33mFea
tureDiscoveryEngine[3
9m(mockCore)[33m;[39
m[0m

      at constructor (
node_modules/@babel/pa
rser/src/parse-error.t
s:95:45)
      at 
Parser.toParseError 
[as raise] (node_modul
es/@babel/parser/src/t
okenizer/index.ts:1503
:19)
      at Parser.raise 
[as 
parseReturnStatement] 
(node_modules/@babel/p
arser/src/parser/state
ment.ts:1098:12)
      at Parser.parseR
eturnStatement [as par
seStatementContent] (n
ode_modules/@babel/par
ser/src/parser/stateme
nt.ts:538:21)
      at Parser.parseS
tatementContent [as 
parseStatementLike] (n
ode_modules/@babel/par
ser/src/parser/stateme
nt.ts:477:17)
      at Parser.parseS
tatementLike [as parse
StatementOrSloppyAnnex
BFunctionDeclaration] 
(node_modules/@babel/p
arser/src/parser/state
ment.ts:446:17)
      at Parser.parseS
tatementOrSloppyAnnexB
FunctionDeclaration 
[as parseIfStatement] 
(node_modules/@babel/p
arser/src/parser/state
ment.ts:1089:28)
      at Parser.parseI
fStatement [as parseSt
atementContent] (node_
modules/@babel/parser/
src/parser/statement.t
s:536:21)
      at Parser.parseS
tatementContent [as 
parseStatementLike] (n
ode_modules/@babel/par
ser/src/parser/stateme
nt.ts:477:17)
      at Parser.parseS
tatementLike [as 
parseModuleItem] (node
_modules/@babel/parser
/src/parser/statement.
ts:414:17)
      at Parser.parseM
oduleItem [as parseBlo
ckOrModuleBlockBody] (
node_modules/@babel/pa
rser/src/parser/statem
ent.ts:1438:16)
      at Parser.parseB
lockOrModuleBlockBody 
[as parseBlockBody] (n
ode_modules/@babel/par
ser/src/parser/stateme
nt.ts:1412:10)
      at 
Parser.parseBlockBody 
[as parseProgram] (nod
e_modules/@babel/parse
r/src/parser/statement
.ts:229:10)
      at 
Parser.parseProgram 
[as parseTopLevel] (no
de_modules/@babel/pars
er/src/parser/statemen
t.ts:203:25)
      at 
Parser.parseTopLevel 
[as parse] (node_modul
es/@babel/parser/src/p
arser/index.ts:93:10)
      at parse (node_m
odules/@babel/parser/s
rc/index.ts:92:38)
      at parser (node_
modules/@babel/core/sr
c/parser/index.ts:28:1
9)
          at 
parser.next 
(<anonymous>)
      at 
normalizeFile (node_mo
dules/@babel/core/src/
transformation/normali
ze-file.ts:49:24)
          at 
normalizeFile.next 
(<anonymous>)
      at run (node_mod
ules/@babel/core/src/t
ransformation/index.ts
:40:36)
          at run.next 
(<anonymous>)
      at transform (no
de_modules/@babel/core
/src/transform.ts:29:2
0)
          at 
transform.next 
(<anonymous>)
      at evaluateSync 
(node_modules/gensync/
index.js:251:28)
      at sync (node_mo
dules/gensync/index.js
:89:14)
      at fn (node_modu
les/@babel/core/src/er
rors/rewrite-stack-tra
ce.ts:99:14)
      at 
transformSync (node_mo
dules/@babel/core/src/
transform.ts:66:52)
      at ScriptTransfo
rmer.transformSource (
node_modules/@jest/tra
nsform/build/ScriptTra
nsformer.js:545:31)
      at ScriptTransfo
rmer._transformAndBuil
dScript (node_modules/
@jest/transform/build/
ScriptTransformer.js:6
74:40)
      at ScriptTransfo
rmer.transform (node_m
odules/@jest/transform
/build/ScriptTransform
er.js:726:19)
      at require (test
/feature-discovery-eng
ine.test.js:41:24)
      at 
Object.<anonymous> (te
st/feature-discovery-e
ngine.test.js:41:24)

  ΓùÅ FeatureDiscovery
Engine ΓÇ║ Cleanup 
and Destroy ΓÇ║ 
should remove event 
listeners on destroy

    Jest encountered 
an unexpected token

    Jest failed to 
parse a file. This 
happens e.g. when 
your code or its 
dependencies use 
non-standard 
JavaScript syntax, or 
when Jest is not 
configured to support 
such syntax.

    Out of the box 
Jest supports Babel, 
which will be used to 
transform your files 
into valid JS based 
on your Babel 
configuration.

    By default 
"node_modules" folder 
is ignored by 
transformers.

    Here's what you 
can do:
     ΓÇó If you are 
trying to use 
ECMAScript Modules, 
see https://jestjs.io/
docs/ecmascript-module
s for how to enable 
it.
     ΓÇó If you are 
trying to use 
TypeScript, see https:
//jestjs.io/docs/getti
ng-started#using-types
cript
     ΓÇó To have some 
of your 
"node_modules" files 
transformed, you can 
specify a custom "tran
sformIgnorePatterns" 
in your config.
     ΓÇó If you need 
a custom 
transformation 
specify a "transform" 
option in your config.
     ΓÇó If you 
simply want to mock 
your non-JS modules 
(e.g. binary assets) 
you can stub them out 
with the 
"moduleNameMapper" 
config option.

    You'll find more 
details and examples 
of these config 
options in the docs:
    https://jestjs.io/
docs/configuration
    For information 
about custom 
transformations, see:
    https://jestjs.io/
docs/code-transformati
on

    Details:

    SyntaxError: C:\Wo
rkspace_Melbin\fun_web
sites\3d_model_viewer\
src\ui\FeatureDiscover
yEngine.js: 'return' 
outside of function. 
(906:28)

    [0m [90m 904 
|[39m }
     [90m 905 |[39m 
        
[36mconst[39m 
usageCount 
[33m=[39m [33mObjec
t[39m[33m.[39mkeys(
[36mthis[39m[33m.[
39muserProfile[33m.[
39mfeatureUsage)[33m.
[39mlength[33m;[39m
    [31m[1m>[22m[3
9m[90m 906 |[39m    
     [36mif[39m 
(usageCount 
[33m<[39m 
[35m3[39m) 
[36mreturn[39m [32m
'beginner'[39m[33m;
[39m
     [90m     |[39m 
                      
      
[31m[1m^[22m[39m
     [90m 907 |[39m 
        [36mif[39m 
(usageCount 
[33m<[39m 
[35m8[39m) 
[36mreturn[39m [32m
'intermediate'[39m[3
3m;[39m
     [90m 908 |[39m 
        [36mif[39m 
(usageCount 
[33m<[39m 
[35m15[39m) 
[36mreturn[39m [32m
'advanced'[39m[33m;
[39m
     [90m 909 |[39m 
        
[36mreturn[39m [32m
'expert'[39m[33m;[3
9m[0m

    [0m [90m 39 
|[39m
     [90m 40 |[39m  
       [90m// Import 
module[39m
    [31m[1m>[22m[3
9m[90m 41 |[39m     
    [36mconst[39m 
module [33m=[39m 
[36mawait[39m [36mi
mport[39m([32m'../sr
c/ui/FeatureDiscoveryE
ngine.js'[39m)[33m;
[39m
     [90m    |[39m  
                      
[31m[1m^[22m[39m
     [90m 42 |[39m  
       [33mFeatureDis
coveryEngine[39m 
[33m=[39m module[33
m.[39m[33mFeatureDis
coveryEngine[39m[33m
;[39m
     [90m 43 |[39m  
       
     [90m 44 |[39m  
       
discoveryEngine 
[33m=[39m 
[36mnew[39m [33mFea
tureDiscoveryEngine[3
9m(mockCore)[33m;[39
m[0m

      at constructor (
node_modules/@babel/pa
rser/src/parse-error.t
s:95:45)
      at 
Parser.toParseError 
[as raise] (node_modul
es/@babel/parser/src/t
okenizer/index.ts:1503
:19)
      at Parser.raise 
[as 
parseReturnStatement] 
(node_modules/@babel/p
arser/src/parser/state
ment.ts:1098:12)
      at Parser.parseR
eturnStatement [as par
seStatementContent] (n
ode_modules/@babel/par
ser/src/parser/stateme
nt.ts:538:21)
      at Parser.parseS
tatementContent [as 
parseStatementLike] (n
ode_modules/@babel/par
ser/src/parser/stateme
nt.ts:477:17)
      at Parser.parseS
tatementLike [as parse
StatementOrSloppyAnnex
BFunctionDeclaration] 
(node_modules/@babel/p
arser/src/parser/state
ment.ts:446:17)
      at Parser.parseS
tatementOrSloppyAnnexB
FunctionDeclaration 
[as parseIfStatement] 
(node_modules/@babel/p
arser/src/parser/state
ment.ts:1089:28)
      at Parser.parseI
fStatement [as parseSt
atementContent] (node_
modules/@babel/parser/
src/parser/statement.t
s:536:21)
      at Parser.parseS
tatementContent [as 
parseStatementLike] (n
ode_modules/@babel/par
ser/src/parser/stateme
nt.ts:477:17)
      at Parser.parseS
tatementLike [as 
parseModuleItem] (node
_modules/@babel/parser
/src/parser/statement.
ts:414:17)
      at Parser.parseM
oduleItem [as parseBlo
ckOrModuleBlockBody] (
node_modules/@babel/pa
rser/src/parser/statem
ent.ts:1438:16)
      at Parser.parseB
lockOrModuleBlockBody 
[as parseBlockBody] (n
ode_modules/@babel/par
ser/src/parser/stateme
nt.ts:1412:10)
      at 
Parser.parseBlockBody 
[as parseProgram] (nod
e_modules/@babel/parse
r/src/parser/statement
.ts:229:10)
      at 
Parser.parseProgram 
[as parseTopLevel] (no
de_modules/@babel/pars
er/src/parser/statemen
t.ts:203:25)
      at 
Parser.parseTopLevel 
[as parse] (node_modul
es/@babel/parser/src/p
arser/index.ts:93:10)
      at parse (node_m
odules/@babel/parser/s
rc/index.ts:92:38)
      at parser (node_
modules/@babel/core/sr
c/parser/index.ts:28:1
9)
          at 
parser.next 
(<anonymous>)
      at 
normalizeFile (node_mo
dules/@babel/core/src/
transformation/normali
ze-file.ts:49:24)
          at 
normalizeFile.next 
(<anonymous>)
      at run (node_mod
ules/@babel/core/src/t
ransformation/index.ts
:40:36)
          at run.next 
(<anonymous>)
      at transform (no
de_modules/@babel/core
/src/transform.ts:29:2
0)
          at 
transform.next 
(<anonymous>)
      at evaluateSync 
(node_modules/gensync/
index.js:251:28)
      at sync (node_mo
dules/gensync/index.js
:89:14)
      at fn (node_modu
les/@babel/core/src/er
rors/rewrite-stack-tra
ce.ts:99:14)
      at 
transformSync (node_mo
dules/@babel/core/src/
transform.ts:66:52)
      at ScriptTransfo
rmer.transformSource (
node_modules/@jest/tra
nsform/build/ScriptTra
nsformer.js:545:31)
      at ScriptTransfo
rmer._transformAndBuil
dScript (node_modules/
@jest/transform/build/
ScriptTransformer.js:6
74:40)
      at ScriptTransfo
rmer.transform (node_m
odules/@jest/transform
/build/ScriptTransform
er.js:726:19)
      at require (test
/feature-discovery-eng
ine.test.js:41:24)
      at 
Object.<anonymous> (te
st/feature-discovery-e
ngine.test.js:41:24)

  ΓùÅ FeatureDiscovery
Engine ΓÇ║ Cleanup 
and Destroy ΓÇ║ 
should clear DOM 
elements on destroy

    Jest encountered 
an unexpected token

    Jest failed to 
parse a file. This 
happens e.g. when 
your code or its 
dependencies use 
non-standard 
JavaScript syntax, or 
when Jest is not 
configured to support 
such syntax.

    Out of the box 
Jest supports Babel, 
which will be used to 
transform your files 
into valid JS based 
on your Babel 
configuration.

    By default 
"node_modules" folder 
is ignored by 
transformers.

    Here's what you 
can do:
     ΓÇó If you are 
trying to use 
ECMAScript Modules, 
see https://jestjs.io/
docs/ecmascript-module
s for how to enable 
it.
     ΓÇó If you are 
trying to use 
TypeScript, see https:
//jestjs.io/docs/getti
ng-started#using-types
cript
     ΓÇó To have some 
of your 
"node_modules" files 
transformed, you can 
specify a custom "tran
sformIgnorePatterns" 
in your config.
     ΓÇó If you need 
a custom 
transformation 
specify a "transform" 
option in your config.
     ΓÇó If you 
simply want to mock 
your non-JS modules 
(e.g. binary assets) 
you can stub them out 
with the 
"moduleNameMapper" 
config option.

    You'll find more 
details and examples 
of these config 
options in the docs:
    https://jestjs.io/
docs/configuration
    For information 
about custom 
transformations, see:
    https://jestjs.io/
docs/code-transformati
on

    Details:

    SyntaxError: C:\Wo
rkspace_Melbin\fun_web
sites\3d_model_viewer\
src\ui\FeatureDiscover
yEngine.js: 'return' 
outside of function. 
(906:28)

    [0m [90m 904 
|[39m }
     [90m 905 |[39m 
        
[36mconst[39m 
usageCount 
[33m=[39m [33mObjec
t[39m[33m.[39mkeys(
[36mthis[39m[33m.[
39muserProfile[33m.[
39mfeatureUsage)[33m.
[39mlength[33m;[39m
    [31m[1m>[22m[3
9m[90m 906 |[39m    
     [36mif[39m 
(usageCount 
[33m<[39m 
[35m3[39m) 
[36mreturn[39m [32m
'beginner'[39m[33m;
[39m
     [90m     |[39m 
                      
      
[31m[1m^[22m[39m
     [90m 907 |[39m 
        [36mif[39m 
(usageCount 
[33m<[39m 
[35m8[39m) 
[36mreturn[39m [32m
'intermediate'[39m[3
3m;[39m
     [90m 908 |[39m 
        [36mif[39m 
(usageCount 
[33m<[39m 
[35m15[39m) 
[36mreturn[39m [32m
'advanced'[39m[33m;
[39m
     [90m 909 |[39m 
        
[36mreturn[39m [32m
'expert'[39m[33m;[3
9m[0m

    [0m [90m 39 
|[39m
     [90m 40 |[39m  
       [90m// Import 
module[39m
    [31m[1m>[22m[3
9m[90m 41 |[39m     
    [36mconst[39m 
module [33m=[39m 
[36mawait[39m [36mi
mport[39m([32m'../sr
c/ui/FeatureDiscoveryE
ngine.js'[39m)[33m;
[39m
     [90m    |[39m  
                      
[31m[1m^[22m[39m
     [90m 42 |[39m  
       [33mFeatureDis
coveryEngine[39m 
[33m=[39m module[33
m.[39m[33mFeatureDis
coveryEngine[39m[33m
;[39m
     [90m 43 |[39m  
       
     [90m 44 |[39m  
       
discoveryEngine 
[33m=[39m 
[36mnew[39m [33mFea
tureDiscoveryEngine[3
9m(mockCore)[33m;[39
m[0m

      at constructor (
node_modules/@babel/pa
rser/src/parse-error.t
s:95:45)
      at 
Parser.toParseError 
[as raise] (node_modul
es/@babel/parser/src/t
okenizer/index.ts:1503
:19)
      at Parser.raise 
[as 
parseReturnStatement] 
(node_modules/@babel/p
arser/src/parser/state
ment.ts:1098:12)
      at Parser.parseR
eturnStatement [as par
seStatementContent] (n
ode_modules/@babel/par
ser/src/parser/stateme
nt.ts:538:21)
      at Parser.parseS
tatementContent [as 
parseStatementLike] (n
ode_modules/@babel/par
ser/src/parser/stateme
nt.ts:477:17)
      at Parser.parseS
tatementLike [as parse
StatementOrSloppyAnnex
BFunctionDeclaration] 
(node_modules/@babel/p
arser/src/parser/state
ment.ts:446:17)
      at Parser.parseS
tatementOrSloppyAnnexB
FunctionDeclaration 
[as parseIfStatement] 
(node_modules/@babel/p
arser/src/parser/state
ment.ts:1089:28)
      at Parser.parseI
fStatement [as parseSt
atementContent] (node_
modules/@babel/parser/
src/parser/statement.t
s:536:21)
      at Parser.parseS
tatementContent [as 
parseStatementLike] (n
ode_modules/@babel/par
ser/src/parser/stateme
nt.ts:477:17)
      at Parser.parseS
tatementLike [as 
parseModuleItem] (node
_modules/@babel/parser
/src/parser/statement.
ts:414:17)
      at Parser.parseM
oduleItem [as parseBlo
ckOrModuleBlockBody] (
node_modules/@babel/pa
rser/src/parser/statem
ent.ts:1438:16)
      at Parser.parseB
lockOrModuleBlockBody 
[as parseBlockBody] (n
ode_modules/@babel/par
ser/src/parser/stateme
nt.ts:1412:10)
      at 
Parser.parseBlockBody 
[as parseProgram] (nod
e_modules/@babel/parse
r/src/parser/statement
.ts:229:10)
      at 
Parser.parseProgram 
[as parseTopLevel] (no
de_modules/@babel/pars
er/src/parser/statemen
t.ts:203:25)
      at 
Parser.parseTopLevel 
[as parse] (node_modul
es/@babel/parser/src/p
arser/index.ts:93:10)
      at parse (node_m
odules/@babel/parser/s
rc/index.ts:92:38)
      at parser (node_
modules/@babel/core/sr
c/parser/index.ts:28:1
9)
          at 
parser.next 
(<anonymous>)
      at 
normalizeFile (node_mo
dules/@babel/core/src/
transformation/normali
ze-file.ts:49:24)
          at 
normalizeFile.next 
(<anonymous>)
      at run (node_mod
ules/@babel/core/src/t
ransformation/index.ts
:40:36)
          at run.next 
(<anonymous>)
      at transform (no
de_modules/@babel/core
/src/transform.ts:29:2
0)
          at 
transform.next 
(<anonymous>)
      at evaluateSync 
(node_modules/gensync/
index.js:251:28)
      at sync (node_mo
dules/gensync/index.js
:89:14)
      at fn (node_modu
les/@babel/core/src/er
rors/rewrite-stack-tra
ce.ts:99:14)
      at 
transformSync (node_mo
dules/@babel/core/src/
transform.ts:66:52)
      at ScriptTransfo
rmer.transformSource (
node_modules/@jest/tra
nsform/build/ScriptTra
nsformer.js:545:31)
      at ScriptTransfo
rmer._transformAndBuil
dScript (node_modules/
@jest/transform/build/
ScriptTransformer.js:6
74:40)
      at ScriptTransfo
rmer.transform (node_m
odules/@jest/transform
/build/ScriptTransform
er.js:726:19)
      at require (test
/feature-discovery-eng
ine.test.js:41:24)
      at 
Object.<anonymous> (te
st/feature-discovery-e
ngine.test.js:41:24)

  ΓùÅ FeatureDiscovery
Engine ΓÇ║ Cleanup 
and Destroy ΓÇ║ 
should reset state on 
destroy

    Jest encountered 
an unexpected token

    Jest failed to 
parse a file. This 
happens e.g. when 
your code or its 
dependencies use 
non-standard 
JavaScript syntax, or 
when Jest is not 
configured to support 
such syntax.

    Out of the box 
Jest supports Babel, 
which will be used to 
transform your files 
into valid JS based 
on your Babel 
configuration.

    By default 
"node_modules" folder 
is ignored by 
transformers.

    Here's what you 
can do:
     ΓÇó If you are 
trying to use 
ECMAScript Modules, 
see https://jestjs.io/
docs/ecmascript-module
s for how to enable 
it.
     ΓÇó If you are 
trying to use 
TypeScript, see https:
//jestjs.io/docs/getti
ng-started#using-types
cript
     ΓÇó To have some 
of your 
"node_modules" files 
transformed, you can 
specify a custom "tran
sformIgnorePatterns" 
in your config.
     ΓÇó If you need 
a custom 
transformation 
specify a "transform" 
option in your config.
     ΓÇó If you 
simply want to mock 
your non-JS modules 
(e.g. binary assets) 
you can stub them out 
with the 
"moduleNameMapper" 
config option.

    You'll find more 
details and examples 
of these config 
options in the docs:
    https://jestjs.io/
docs/configuration
    For information 
about custom 
transformations, see:
    https://jestjs.io/
docs/code-transformati
on

    Details:

    SyntaxError: C:\Wo
rkspace_Melbin\fun_web
sites\3d_model_viewer\
src\ui\FeatureDiscover
yEngine.js: 'return' 
outside of function. 
(906:28)

    [0m [90m 904 
|[39m }
     [90m 905 |[39m 
        
[36mconst[39m 
usageCount 
[33m=[39m [33mObjec
t[39m[33m.[39mkeys(
[36mthis[39m[33m.[
39muserProfile[33m.[
39mfeatureUsage)[33m.
[39mlength[33m;[39m
    [31m[1m>[22m[3
9m[90m 906 |[39m    
     [36mif[39m 
(usageCount 
[33m<[39m 
[35m3[39m) 
[36mreturn[39m [32m
'beginner'[39m[33m;
[39m
     [90m     |[39m 
                      
      
[31m[1m^[22m[39m
     [90m 907 |[39m 
        [36mif[39m 
(usageCount 
[33m<[39m 
[35m8[39m) 
[36mreturn[39m [32m
'intermediate'[39m[3
3m;[39m
     [90m 908 |[39m 
        [36mif[39m 
(usageCount 
[33m<[39m 
[35m15[39m) 
[36mreturn[39m [32m
'advanced'[39m[33m;
[39m
     [90m 909 |[39m 
        
[36mreturn[39m [32m
'expert'[39m[33m;[3
9m[0m

    [0m [90m 39 
|[39m
     [90m 40 |[39m  
       [90m// Import 
module[39m
    [31m[1m>[22m[3
9m[90m 41 |[39m     
    [36mconst[39m 
module [33m=[39m 
[36mawait[39m [36mi
mport[39m([32m'../sr
c/ui/FeatureDiscoveryE
ngine.js'[39m)[33m;
[39m
     [90m    |[39m  
                      
[31m[1m^[22m[39m
     [90m 42 |[39m  
       [33mFeatureDis
coveryEngine[39m 
[33m=[39m module[33
m.[39m[33mFeatureDis
coveryEngine[39m[33m
;[39m
     [90m 43 |[39m  
       
     [90m 44 |[39m  
       
discoveryEngine 
[33m=[39m 
[36mnew[39m [33mFea
tureDiscoveryEngine[3
9m(mockCore)[33m;[39
m[0m

      at constructor (
node_modules/@babel/pa
rser/src/parse-error.t
s:95:45)
      at 
Parser.toParseError 
[as raise] (node_modul
es/@babel/parser/src/t
okenizer/index.ts:1503
:19)
      at Parser.raise 
[as 
parseReturnStatement] 
(node_modules/@babel/p
arser/src/parser/state
ment.ts:1098:12)
      at Parser.parseR
eturnStatement [as par
seStatementContent] (n
ode_modules/@babel/par
ser/src/parser/stateme
nt.ts:538:21)
      at Parser.parseS
tatementContent [as 
parseStatementLike] (n
ode_modules/@babel/par
ser/src/parser/stateme
nt.ts:477:17)
      at Parser.parseS
tatementLike [as parse
StatementOrSloppyAnnex
BFunctionDeclaration] 
(node_modules/@babel/p
arser/src/parser/state
ment.ts:446:17)
      at Parser.parseS
tatementOrSloppyAnnexB
FunctionDeclaration 
[as parseIfStatement] 
(node_modules/@babel/p
arser/src/parser/state
ment.ts:1089:28)
      at Parser.parseI
fStatement [as parseSt
atementContent] (node_
modules/@babel/parser/
src/parser/statement.t
s:536:21)
      at Parser.parseS
tatementContent [as 
parseStatementLike] (n
ode_modules/@babel/par
ser/src/parser/stateme
nt.ts:477:17)
      at Parser.parseS
tatementLike [as 
parseModuleItem] (node
_modules/@babel/parser
/src/parser/statement.
ts:414:17)
      at Parser.parseM
oduleItem [as parseBlo
ckOrModuleBlockBody] (
node_modules/@babel/pa
rser/src/parser/statem
ent.ts:1438:16)
      at Parser.parseB
lockOrModuleBlockBody 
[as parseBlockBody] (n
ode_modules/@babel/par
ser/src/parser/stateme
nt.ts:1412:10)
      at 
Parser.parseBlockBody 
[as parseProgram] (nod
e_modules/@babel/parse
r/src/parser/statement
.ts:229:10)
      at 
Parser.parseProgram 
[as parseTopLevel] (no
de_modules/@babel/pars
er/src/parser/statemen
t.ts:203:25)
      at 
Parser.parseTopLevel 
[as parse] (node_modul
es/@babel/parser/src/p
arser/index.ts:93:10)
      at parse (node_m
odules/@babel/parser/s
rc/index.ts:92:38)
      at parser (node_
modules/@babel/core/sr
c/parser/index.ts:28:1
9)
          at 
parser.next 
(<anonymous>)
      at 
normalizeFile (node_mo
dules/@babel/core/src/
transformation/normali
ze-file.ts:49:24)
          at 
normalizeFile.next 
(<anonymous>)
      at run (node_mod
ules/@babel/core/src/t
ransformation/index.ts
:40:36)
          at run.next 
(<anonymous>)
      at transform (no
de_modules/@babel/core
/src/transform.ts:29:2
0)
          at 
transform.next 
(<anonymous>)
      at evaluateSync 
(node_modules/gensync/
index.js:251:28)
      at sync (node_mo
dules/gensync/index.js
:89:14)
      at fn (node_modu
les/@babel/core/src/er
rors/rewrite-stack-tra
ce.ts:99:14)
      at 
transformSync (node_mo
dules/@babel/core/src/
transform.ts:66:52)
      at ScriptTransfo
rmer.transformSource (
node_modules/@jest/tra
nsform/build/ScriptTra
nsformer.js:545:31)
      at ScriptTransfo
rmer._transformAndBuil
dScript (node_modules/
@jest/transform/build/
ScriptTransformer.js:6
74:40)
      at ScriptTransfo
rmer.transform (node_m
odules/@jest/transform
/build/ScriptTransform
er.js:726:19)
      at require (test
/feature-discovery-eng
ine.test.js:41:24)
      at 
Object.<anonymous> (te
st/feature-discovery-e
ngine.test.js:41:24)

  ΓùÅ FeatureDiscovery
Engine ΓÇ║ Edge Cases 
ΓÇ║ should handle 
corrupted 
localStorage data

    Jest encountered 
an unexpected token

    Jest failed to 
parse a file. This 
happens e.g. when 
your code or its 
dependencies use 
non-standard 
JavaScript syntax, or 
when Jest is not 
configured to support 
such syntax.

    Out of the box 
Jest supports Babel, 
which will be used to 
transform your files 
into valid JS based 
on your Babel 
configuration.

    By default 
"node_modules" folder 
is ignored by 
transformers.

    Here's what you 
can do:
     ΓÇó If you are 
trying to use 
ECMAScript Modules, 
see https://jestjs.io/
docs/ecmascript-module
s for how to enable 
it.
     ΓÇó If you are 
trying to use 
TypeScript, see https:
//jestjs.io/docs/getti
ng-started#using-types
cript
     ΓÇó To have some 
of your 
"node_modules" files 
transformed, you can 
specify a custom "tran
sformIgnorePatterns" 
in your config.
     ΓÇó If you need 
a custom 
transformation 
specify a "transform" 
option in your config.
     ΓÇó If you 
simply want to mock 
your non-JS modules 
(e.g. binary assets) 
you can stub them out 
with the 
"moduleNameMapper" 
config option.

    You'll find more 
details and examples 
of these config 
options in the docs:
    https://jestjs.io/
docs/configuration
    For information 
about custom 
transformations, see:
    https://jestjs.io/
docs/code-transformati
on

    Details:

    SyntaxError: C:\Wo
rkspace_Melbin\fun_web
sites\3d_model_viewer\
src\ui\FeatureDiscover
yEngine.js: 'return' 
outside of function. 
(906:28)

    [0m [90m 904 
|[39m }
     [90m 905 |[39m 
        
[36mconst[39m 
usageCount 
[33m=[39m [33mObjec
t[39m[33m.[39mkeys(
[36mthis[39m[33m.[
39muserProfile[33m.[
39mfeatureUsage)[33m.
[39mlength[33m;[39m
    [31m[1m>[22m[3
9m[90m 906 |[39m    
     [36mif[39m 
(usageCount 
[33m<[39m 
[35m3[39m) 
[36mreturn[39m [32m
'beginner'[39m[33m;
[39m
     [90m     |[39m 
                      
      
[31m[1m^[22m[39m
     [90m 907 |[39m 
        [36mif[39m 
(usageCount 
[33m<[39m 
[35m8[39m) 
[36mreturn[39m [32m
'intermediate'[39m[3
3m;[39m
     [90m 908 |[39m 
        [36mif[39m 
(usageCount 
[33m<[39m 
[35m15[39m) 
[36mreturn[39m [32m
'advanced'[39m[33m;
[39m
     [90m 909 |[39m 
        
[36mreturn[39m [32m
'expert'[39m[33m;[3
9m[0m

    [0m [90m 39 
|[39m
     [90m 40 |[39m  
       [90m// Import 
module[39m
    [31m[1m>[22m[3
9m[90m 41 |[39m     
    [36mconst[39m 
module [33m=[39m 
[36mawait[39m [36mi
mport[39m([32m'../sr
c/ui/FeatureDiscoveryE
ngine.js'[39m)[33m;
[39m
     [90m    |[39m  
                      
[31m[1m^[22m[39m
     [90m 42 |[39m  
       [33mFeatureDis
coveryEngine[39m 
[33m=[39m module[33
m.[39m[33mFeatureDis
coveryEngine[39m[33m
;[39m
     [90m 43 |[39m  
       
     [90m 44 |[39m  
       
discoveryEngine 
[33m=[39m 
[36mnew[39m [33mFea
tureDiscoveryEngine[3
9m(mockCore)[33m;[39
m[0m

      at constructor (
node_modules/@babel/pa
rser/src/parse-error.t
s:95:45)
      at 
Parser.toParseError 
[as raise] (node_modul
es/@babel/parser/src/t
okenizer/index.ts:1503
:19)
      at Parser.raise 
[as 
parseReturnStatement] 
(node_modules/@babel/p
arser/src/parser/state
ment.ts:1098:12)
      at Parser.parseR
eturnStatement [as par
seStatementContent] (n
ode_modules/@babel/par
ser/src/parser/stateme
nt.ts:538:21)
      at Parser.parseS
tatementContent [as 
parseStatementLike] (n
ode_modules/@babel/par
ser/src/parser/stateme
nt.ts:477:17)
      at Parser.parseS
tatementLike [as parse
StatementOrSloppyAnnex
BFunctionDeclaration] 
(node_modules/@babel/p
arser/src/parser/state
ment.ts:446:17)
      at Parser.parseS
tatementOrSloppyAnnexB
FunctionDeclaration 
[as parseIfStatement] 
(node_modules/@babel/p
arser/src/parser/state
ment.ts:1089:28)
      at Parser.parseI
fStatement [as parseSt
atementContent] (node_
modules/@babel/parser/
src/parser/statement.t
s:536:21)
      at Parser.parseS
tatementContent [as 
parseStatementLike] (n
ode_modules/@babel/par
ser/src/parser/stateme
nt.ts:477:17)
      at Parser.parseS
tatementLike [as 
parseModuleItem] (node
_modules/@babel/parser
/src/parser/statement.
ts:414:17)
      at Parser.parseM
oduleItem [as parseBlo
ckOrModuleBlockBody] (
node_modules/@babel/pa
rser/src/parser/statem
ent.ts:1438:16)
      at Parser.parseB
lockOrModuleBlockBody 
[as parseBlockBody] (n
ode_modules/@babel/par
ser/src/parser/stateme
nt.ts:1412:10)
      at 
Parser.parseBlockBody 
[as parseProgram] (nod
e_modules/@babel/parse
r/src/parser/statement
.ts:229:10)
      at 
Parser.parseProgram 
[as parseTopLevel] (no
de_modules/@babel/pars
er/src/parser/statemen
t.ts:203:25)
      at 
Parser.parseTopLevel 
[as parse] (node_modul
es/@babel/parser/src/p
arser/index.ts:93:10)
      at parse (node_m
odules/@babel/parser/s
rc/index.ts:92:38)
      at parser (node_
modules/@babel/core/sr
c/parser/index.ts:28:1
9)
          at 
parser.next 
(<anonymous>)
      at 
normalizeFile (node_mo
dules/@babel/core/src/
transformation/normali
ze-file.ts:49:24)
          at 
normalizeFile.next 
(<anonymous>)
      at run (node_mod
ules/@babel/core/src/t
ransformation/index.ts
:40:36)
          at run.next 
(<anonymous>)
      at transform (no
de_modules/@babel/core
/src/transform.ts:29:2
0)
          at 
transform.next 
(<anonymous>)
      at evaluateSync 
(node_modules/gensync/
index.js:251:28)
      at sync (node_mo
dules/gensync/index.js
:89:14)
      at fn (node_modu
les/@babel/core/src/er
rors/rewrite-stack-tra
ce.ts:99:14)
      at 
transformSync (node_mo
dules/@babel/core/src/
transform.ts:66:52)
      at ScriptTransfo
rmer.transformSource (
node_modules/@jest/tra
nsform/build/ScriptTra
nsformer.js:545:31)
      at ScriptTransfo
rmer._transformAndBuil
dScript (node_modules/
@jest/transform/build/
ScriptTransformer.js:6
74:40)
      at ScriptTransfo
rmer.transform (node_m
odules/@jest/transform
/build/ScriptTransform
er.js:726:19)
      at require (test
/feature-discovery-eng
ine.test.js:41:24)
      at 
Object.<anonymous> (te
st/feature-discovery-e
ngine.test.js:41:24)

  ΓùÅ FeatureDiscovery
Engine ΓÇ║ Edge Cases 
ΓÇ║ should handle 
missing feature 
catalog

    Jest encountered 
an unexpected token

    Jest failed to 
parse a file. This 
happens e.g. when 
your code or its 
dependencies use 
non-standard 
JavaScript syntax, or 
when Jest is not 
configured to support 
such syntax.

    Out of the box 
Jest supports Babel, 
which will be used to 
transform your files 
into valid JS based 
on your Babel 
configuration.

    By default 
"node_modules" folder 
is ignored by 
transformers.

    Here's what you 
can do:
     ΓÇó If you are 
trying to use 
ECMAScript Modules, 
see https://jestjs.io/
docs/ecmascript-module
s for how to enable 
it.
     ΓÇó If you are 
trying to use 
TypeScript, see https:
//jestjs.io/docs/getti
ng-started#using-types
cript
     ΓÇó To have some 
of your 
"node_modules" files 
transformed, you can 
specify a custom "tran
sformIgnorePatterns" 
in your config.
     ΓÇó If you need 
a custom 
transformation 
specify a "transform" 
option in your config.
     ΓÇó If you 
simply want to mock 
your non-JS modules 
(e.g. binary assets) 
you can stub them out 
with the 
"moduleNameMapper" 
config option.

    You'll find more 
details and examples 
of these config 
options in the docs:
    https://jestjs.io/
docs/configuration
    For information 
about custom 
transformations, see:
    https://jestjs.io/
docs/code-transformati
on

    Details:

    SyntaxError: C:\Wo
rkspace_Melbin\fun_web
sites\3d_model_viewer\
src\ui\FeatureDiscover
yEngine.js: 'return' 
outside of function. 
(906:28)

    [0m [90m 904 
|[39m }
     [90m 905 |[39m 
        
[36mconst[39m 
usageCount 
[33m=[39m [33mObjec
t[39m[33m.[39mkeys(
[36mthis[39m[33m.[
39muserProfile[33m.[
39mfeatureUsage)[33m.
[39mlength[33m;[39m
    [31m[1m>[22m[3
9m[90m 906 |[39m    
     [36mif[39m 
(usageCount 
[33m<[39m 
[35m3[39m) 
[36mreturn[39m [32m
'beginner'[39m[33m;
[39m
     [90m     |[39m 
                      
      
[31m[1m^[22m[39m
     [90m 907 |[39m 
        [36mif[39m 
(usageCount 
[33m<[39m 
[35m8[39m) 
[36mreturn[39m [32m
'intermediate'[39m[3
3m;[39m
     [90m 908 |[39m 
        [36mif[39m 
(usageCount 
[33m<[39m 
[35m15[39m) 
[36mreturn[39m [32m
'advanced'[39m[33m;
[39m
     [90m 909 |[39m 
        
[36mreturn[39m [32m
'expert'[39m[33m;[3
9m[0m

    [0m [90m 39 
|[39m
     [90m 40 |[39m  
       [90m// Import 
module[39m
    [31m[1m>[22m[3
9m[90m 41 |[39m     
    [36mconst[39m 
module [33m=[39m 
[36mawait[39m [36mi
mport[39m([32m'../sr
c/ui/FeatureDiscoveryE
ngine.js'[39m)[33m;
[39m
     [90m    |[39m  
                      
[31m[1m^[22m[39m
     [90m 42 |[39m  
       [33mFeatureDis
coveryEngine[39m 
[33m=[39m module[33
m.[39m[33mFeatureDis
coveryEngine[39m[33m
;[39m
     [90m 43 |[39m  
       
     [90m 44 |[39m  
       
discoveryEngine 
[33m=[39m 
[36mnew[39m [33mFea
tureDiscoveryEngine[3
9m(mockCore)[33m;[39
m[0m

      at constructor (
node_modules/@babel/pa
rser/src/parse-error.t
s:95:45)
      at 
Parser.toParseError 
[as raise] (node_modul
es/@babel/parser/src/t
okenizer/index.ts:1503
:19)
      at Parser.raise 
[as 
parseReturnStatement] 
(node_modules/@babel/p
arser/src/parser/state
ment.ts:1098:12)
      at Parser.parseR
eturnStatement [as par
seStatementContent] (n
ode_modules/@babel/par
ser/src/parser/stateme
nt.ts:538:21)
      at Parser.parseS
tatementContent [as 
parseStatementLike] (n
ode_modules/@babel/par
ser/src/parser/stateme
nt.ts:477:17)
      at Parser.parseS
tatementLike [as parse
StatementOrSloppyAnnex
BFunctionDeclaration] 
(node_modules/@babel/p
arser/src/parser/state
ment.ts:446:17)
      at Parser.parseS
tatementOrSloppyAnnexB
FunctionDeclaration 
[as parseIfStatement] 
(node_modules/@babel/p
arser/src/parser/state
ment.ts:1089:28)
      at Parser.parseI
fStatement [as parseSt
atementContent] (node_
modules/@babel/parser/
src/parser/statement.t
s:536:21)
      at Parser.parseS
tatementContent [as 
parseStatementLike] (n
ode_modules/@babel/par
ser/src/parser/stateme
nt.ts:477:17)
      at Parser.parseS
tatementLike [as 
parseModuleItem] (node
_modules/@babel/parser
/src/parser/statement.
ts:414:17)
      at Parser.parseM
oduleItem [as parseBlo
ckOrModuleBlockBody] (
node_modules/@babel/pa
rser/src/parser/statem
ent.ts:1438:16)
      at Parser.parseB
lockOrModuleBlockBody 
[as parseBlockBody] (n
ode_modules/@babel/par
ser/src/parser/stateme
nt.ts:1412:10)
      at 
Parser.parseBlockBody 
[as parseProgram] (nod
e_modules/@babel/parse
r/src/parser/statement
.ts:229:10)
      at 
Parser.parseProgram 
[as parseTopLevel] (no
de_modules/@babel/pars
er/src/parser/statemen
t.ts:203:25)
      at 
Parser.parseTopLevel 
[as parse] (node_modul
es/@babel/parser/src/p
arser/index.ts:93:10)
      at parse (node_m
odules/@babel/parser/s
rc/index.ts:92:38)
      at parser (node_
modules/@babel/core/sr
c/parser/index.ts:28:1
9)
          at 
parser.next 
(<anonymous>)
      at 
normalizeFile (node_mo
dules/@babel/core/src/
transformation/normali
ze-file.ts:49:24)
          at 
normalizeFile.next 
(<anonymous>)
      at run (node_mod
ules/@babel/core/src/t
ransformation/index.ts
:40:36)
          at run.next 
(<anonymous>)
      at transform (no
de_modules/@babel/core
/src/transform.ts:29:2
0)
          at 
transform.next 
(<anonymous>)
      at evaluateSync 
(node_modules/gensync/
index.js:251:28)
      at sync (node_mo
dules/gensync/index.js
:89:14)
      at fn (node_modu
les/@babel/core/src/er
rors/rewrite-stack-tra
ce.ts:99:14)
      at 
transformSync (node_mo
dules/@babel/core/src/
transform.ts:66:52)
      at ScriptTransfo
rmer.transformSource (
node_modules/@jest/tra
nsform/build/ScriptTra
nsformer.js:545:31)
      at ScriptTransfo
rmer._transformAndBuil
dScript (node_modules/
@jest/transform/build/
ScriptTransformer.js:6
74:40)
      at ScriptTransfo
rmer.transform (node_m
odules/@jest/transform
/build/ScriptTransform
er.js:726:19)
      at require (test
/feature-discovery-eng
ine.test.js:41:24)
      at 
Object.<anonymous> (te
st/feature-discovery-e
ngine.test.js:41:24)

  ΓùÅ FeatureDiscovery
Engine ΓÇ║ Edge Cases 
ΓÇ║ should handle 
invalid feature IDs

    Jest encountered 
an unexpected token

    Jest failed to 
parse a file. This 
happens e.g. when 
your code or its 
dependencies use 
non-standard 
JavaScript syntax, or 
when Jest is not 
configured to support 
such syntax.

    Out of the box 
Jest supports Babel, 
which will be used to 
transform your files 
into valid JS based 
on your Babel 
configuration.

    By default 
"node_modules" folder 
is ignored by 
transformers.

    Here's what you 
can do:
     ΓÇó If you are 
trying to use 
ECMAScript Modules, 
see https://jestjs.io/
docs/ecmascript-module
s for how to enable 
it.
     ΓÇó If you are 
trying to use 
TypeScript, see https:
//jestjs.io/docs/getti
ng-started#using-types
cript
     ΓÇó To have some 
of your 
"node_modules" files 
transformed, you can 
specify a custom "tran
sformIgnorePatterns" 
in your config.
     ΓÇó If you need 
a custom 
transformation 
specify a "transform" 
option in your config.
     ΓÇó If you 
simply want to mock 
your non-JS modules 
(e.g. binary assets) 
you can stub them out 
with the 
"moduleNameMapper" 
config option.

    You'll find more 
details and examples 
of these config 
options in the docs:
    https://jestjs.io/
docs/configuration
    For information 
about custom 
transformations, see:
    https://jestjs.io/
docs/code-transformati
on

    Details:

    SyntaxError: C:\Wo
rkspace_Melbin\fun_web
sites\3d_model_viewer\
src\ui\FeatureDiscover
yEngine.js: 'return' 
outside of function. 
(906:28)

    [0m [90m 904 
|[39m }
     [90m 905 |[39m 
        
[36mconst[39m 
usageCount 
[33m=[39m [33mObjec
t[39m[33m.[39mkeys(
[36mthis[39m[33m.[
39muserProfile[33m.[
39mfeatureUsage)[33m.
[39mlength[33m;[39m
    [31m[1m>[22m[3
9m[90m 906 |[39m    
     [36mif[39m 
(usageCount 
[33m<[39m 
[35m3[39m) 
[36mreturn[39m [32m
'beginner'[39m[33m;
[39m
     [90m     |[39m 
                      
      
[31m[1m^[22m[39m
     [90m 907 |[39m 
        [36mif[39m 
(usageCount 
[33m<[39m 
[35m8[39m) 
[36mreturn[39m [32m
'intermediate'[39m[3
3m;[39m
     [90m 908 |[39m 
        [36mif[39m 
(usageCount 
[33m<[39m 
[35m15[39m) 
[36mreturn[39m [32m
'advanced'[39m[33m;
[39m
     [90m 909 |[39m 
        
[36mreturn[39m [32m
'expert'[39m[33m;[3
9m[0m

    [0m [90m 39 
|[39m
     [90m 40 |[39m  
       [90m// Import 
module[39m
    [31m[1m>[22m[3
9m[90m 41 |[39m     
    [36mconst[39m 
module [33m=[39m 
[36mawait[39m [36mi
mport[39m([32m'../sr
c/ui/FeatureDiscoveryE
ngine.js'[39m)[33m;
[39m
     [90m    |[39m  
                      
[31m[1m^[22m[39m
     [90m 42 |[39m  
       [33mFeatureDis
coveryEngine[39m 
[33m=[39m module[33
m.[39m[33mFeatureDis
coveryEngine[39m[33m
;[39m
     [90m 43 |[39m  
       
     [90m 44 |[39m  
       
discoveryEngine 
[33m=[39m 
[36mnew[39m [33mFea
tureDiscoveryEngine[3
9m(mockCore)[33m;[39
m[0m

      at constructor (
node_modules/@babel/pa
rser/src/parse-error.t
s:95:45)
      at 
Parser.toParseError 
[as raise] (node_modul
es/@babel/parser/src/t
okenizer/index.ts:1503
:19)
      at Parser.raise 
[as 
parseReturnStatement] 
(node_modules/@babel/p
arser/src/parser/state
ment.ts:1098:12)
      at Parser.parseR
eturnStatement [as par
seStatementContent] (n
ode_modules/@babel/par
ser/src/parser/stateme
nt.ts:538:21)
      at Parser.parseS
tatementContent [as 
parseStatementLike] (n
ode_modules/@babel/par
ser/src/parser/stateme
nt.ts:477:17)
      at Parser.parseS
tatementLike [as parse
StatementOrSloppyAnnex
BFunctionDeclaration] 
(node_modules/@babel/p
arser/src/parser/state
ment.ts:446:17)
      at Parser.parseS
tatementOrSloppyAnnexB
FunctionDeclaration 
[as parseIfStatement] 
(node_modules/@babel/p
arser/src/parser/state
ment.ts:1089:28)
      at Parser.parseI
fStatement [as parseSt
atementContent] (node_
modules/@babel/parser/
src/parser/statement.t
s:536:21)
      at Parser.parseS
tatementContent [as 
parseStatementLike] (n
ode_modules/@babel/par
ser/src/parser/stateme
nt.ts:477:17)
      at Parser.parseS
tatementLike [as 
parseModuleItem] (node
_modules/@babel/parser
/src/parser/statement.
ts:414:17)
      at Parser.parseM
oduleItem [as parseBlo
ckOrModuleBlockBody] (
node_modules/@babel/pa
rser/src/parser/statem
ent.ts:1438:16)
      at Parser.parseB
lockOrModuleBlockBody 
[as parseBlockBody] (n
ode_modules/@babel/par
ser/src/parser/stateme
nt.ts:1412:10)
      at 
Parser.parseBlockBody 
[as parseProgram] (nod
e_modules/@babel/parse
r/src/parser/statement
.ts:229:10)
      at 
Parser.parseProgram 
[as parseTopLevel] (no
de_modules/@babel/pars
er/src/parser/statemen
t.ts:203:25)
      at 
Parser.parseTopLevel 
[as parse] (node_modul
es/@babel/parser/src/p
arser/index.ts:93:10)
      at parse (node_m
odules/@babel/parser/s
rc/index.ts:92:38)
      at parser (node_
modules/@babel/core/sr
c/parser/index.ts:28:1
9)
          at 
parser.next 
(<anonymous>)
      at 
normalizeFile (node_mo
dules/@babel/core/src/
transformation/normali
ze-file.ts:49:24)
          at 
normalizeFile.next 
(<anonymous>)
      at run (node_mod
ules/@babel/core/src/t
ransformation/index.ts
:40:36)
          at run.next 
(<anonymous>)
      at transform (no
de_modules/@babel/core
/src/transform.ts:29:2
0)
          at 
transform.next 
(<anonymous>)
      at evaluateSync 
(node_modules/gensync/
index.js:251:28)
      at sync (node_mo
dules/gensync/index.js
:89:14)
      at fn (node_modu
les/@babel/core/src/er
rors/rewrite-stack-tra
ce.ts:99:14)
      at 
transformSync (node_mo
dules/@babel/core/src/
transform.ts:66:52)
      at ScriptTransfo
rmer.transformSource (
node_modules/@jest/tra
nsform/build/ScriptTra
nsformer.js:545:31)
      at ScriptTransfo
rmer._transformAndBuil
dScript (node_modules/
@jest/transform/build/
ScriptTransformer.js:6
74:40)
      at ScriptTransfo
rmer.transform (node_m
odules/@jest/transform
/build/ScriptTransform
er.js:726:19)
      at require (test
/feature-discovery-eng
ine.test.js:41:24)
      at 
Object.<anonymous> (te
st/feature-discovery-e
ngine.test.js:41:24)

  ΓùÅ FeatureDiscovery
Engine ΓÇ║ Edge Cases 
ΓÇ║ should handle 
rapid feature usage

    Jest encountered 
an unexpected token

    Jest failed to 
parse a file. This 
happens e.g. when 
your code or its 
dependencies use 
non-standard 
JavaScript syntax, or 
when Jest is not 
configured to support 
such syntax.

    Out of the box 
Jest supports Babel, 
which will be used to 
transform your files 
into valid JS based 
on your Babel 
configuration.

    By default 
"node_modules" folder 
is ignored by 
transformers.

    Here's what you 
can do:
     ΓÇó If you are 
trying to use 
ECMAScript Modules, 
see https://jestjs.io/
docs/ecmascript-module
s for how to enable 
it.
     ΓÇó If you are 
trying to use 
TypeScript, see https:
//jestjs.io/docs/getti
ng-started#using-types
cript
     ΓÇó To have some 
of your 
"node_modules" files 
transformed, you can 
specify a custom "tran
sformIgnorePatterns" 
in your config.
     ΓÇó If you need 
a custom 
transformation 
specify a "transform" 
option in your config.
     ΓÇó If you 
simply want to mock 
your non-JS modules 
(e.g. binary assets) 
you can stub them out 
with the 
"moduleNameMapper" 
config option.

    You'll find more 
details and examples 
of these config 
options in the docs:
    https://jestjs.io/
docs/configuration
    For information 
about custom 
transformations, see:
    https://jestjs.io/
docs/code-transformati
on

    Details:

    SyntaxError: C:\Wo
rkspace_Melbin\fun_web
sites\3d_model_viewer\
src\ui\FeatureDiscover
yEngine.js: 'return' 
outside of function. 
(906:28)

    [0m [90m 904 
|[39m }
     [90m 905 |[39m 
        
[36mconst[39m 
usageCount 
[33m=[39m [33mObjec
t[39m[33m.[39mkeys(
[36mthis[39m[33m.[
39muserProfile[33m.[
39mfeatureUsage)[33m.
[39mlength[33m;[39m
    [31m[1m>[22m[3
9m[90m 906 |[39m    
     [36mif[39m 
(usageCount 
[33m<[39m 
[35m3[39m) 
[36mreturn[39m [32m
'beginner'[39m[33m;
[39m
     [90m     |[39m 
                      
      
[31m[1m^[22m[39m
     [90m 907 |[39m 
        [36mif[39m 
(usageCount 
[33m<[39m 
[35m8[39m) 
[36mreturn[39m [32m
'intermediate'[39m[3
3m;[39m
     [90m 908 |[39m 
        [36mif[39m 
(usageCount 
[33m<[39m 
[35m15[39m) 
[36mreturn[39m [32m
'advanced'[39m[33m;
[39m
     [90m 909 |[39m 
        
[36mreturn[39m [32m
'expert'[39m[33m;[3
9m[0m

    [0m [90m 39 
|[39m
     [90m 40 |[39m  
       [90m// Import 
module[39m
    [31m[1m>[22m[3
9m[90m 41 |[39m     
    [36mconst[39m 
module [33m=[39m 
[36mawait[39m [36mi
mport[39m([32m'../sr
c/ui/FeatureDiscoveryE
ngine.js'[39m)[33m;
[39m
     [90m    |[39m  
                      
[31m[1m^[22m[39m
     [90m 42 |[39m  
       [33mFeatureDis
coveryEngine[39m 
[33m=[39m module[33
m.[39m[33mFeatureDis
coveryEngine[39m[33m
;[39m
     [90m 43 |[39m  
       
     [90m 44 |[39m  
       
discoveryEngine 
[33m=[39m 
[36mnew[39m [33mFea
tureDiscoveryEngine[3
9m(mockCore)[33m;[39
m[0m

      at constructor (
node_modules/@babel/pa
rser/src/parse-error.t
s:95:45)
      at 
Parser.toParseError 
[as raise] (node_modul
es/@babel/parser/src/t
okenizer/index.ts:1503
:19)
      at Parser.raise 
[as 
parseReturnStatement] 
(node_modules/@babel/p
arser/src/parser/state
ment.ts:1098:12)
      at Parser.parseR
eturnStatement [as par
seStatementContent] (n
ode_modules/@babel/par
ser/src/parser/stateme
nt.ts:538:21)
      at Parser.parseS
tatementContent [as 
parseStatementLike] (n
ode_modules/@babel/par
ser/src/parser/stateme
nt.ts:477:17)
      at Parser.parseS
tatementLike [as parse
StatementOrSloppyAnnex
BFunctionDeclaration] 
(node_modules/@babel/p
arser/src/parser/state
ment.ts:446:17)
      at Parser.parseS
tatementOrSloppyAnnexB
FunctionDeclaration 
[as parseIfStatement] 
(node_modules/@babel/p
arser/src/parser/state
ment.ts:1089:28)
      at Parser.parseI
fStatement [as parseSt
atementContent] (node_
modules/@babel/parser/
src/parser/statement.t
s:536:21)
      at Parser.parseS
tatementContent [as 
parseStatementLike] (n
ode_modules/@babel/par
ser/src/parser/stateme
nt.ts:477:17)
      at Parser.parseS
tatementLike [as 
parseModuleItem] (node
_modules/@babel/parser
/src/parser/statement.
ts:414:17)
      at Parser.parseM
oduleItem [as parseBlo
ckOrModuleBlockBody] (
node_modules/@babel/pa
rser/src/parser/statem
ent.ts:1438:16)
      at Parser.parseB
lockOrModuleBlockBody 
[as parseBlockBody] (n
ode_modules/@babel/par
ser/src/parser/stateme
nt.ts:1412:10)
      at 
Parser.parseBlockBody 
[as parseProgram] (nod
e_modules/@babel/parse
r/src/parser/statement
.ts:229:10)
      at 
Parser.parseProgram 
[as parseTopLevel] (no
de_modules/@babel/pars
er/src/parser/statemen
t.ts:203:25)
      at 
Parser.parseTopLevel 
[as parse] (node_modul
es/@babel/parser/src/p
arser/index.ts:93:10)
      at parse (node_m
odules/@babel/parser/s
rc/index.ts:92:38)
      at parser (node_
modules/@babel/core/sr
c/parser/index.ts:28:1
9)
          at 
parser.next 
(<anonymous>)
      at 
normalizeFile (node_mo
dules/@babel/core/src/
transformation/normali
ze-file.ts:49:24)
          at 
normalizeFile.next 
(<anonymous>)
      at run (node_mod
ules/@babel/core/src/t
ransformation/index.ts
:40:36)
          at run.next 
(<anonymous>)
      at transform (no
de_modules/@babel/core
/src/transform.ts:29:2
0)
          at 
transform.next 
(<anonymous>)
      at evaluateSync 
(node_modules/gensync/
index.js:251:28)
      at sync (node_mo
dules/gensync/index.js
:89:14)
      at fn (node_modu
les/@babel/core/src/er
rors/rewrite-stack-tra
ce.ts:99:14)
      at 
transformSync (node_mo
dules/@babel/core/src/
transform.ts:66:52)
      at ScriptTransfo
rmer.transformSource (
node_modules/@jest/tra
nsform/build/ScriptTra
nsformer.js:545:31)
      at ScriptTransfo
rmer._transformAndBuil
dScript (node_modules/
@jest/transform/build/
ScriptTransformer.js:6
74:40)
      at ScriptTransfo
rmer.transform (node_m
odules/@jest/transform
/build/ScriptTransform
er.js:726:19)
      at require (test
/feature-discovery-eng
ine.test.js:41:24)
      at 
Object.<anonymous> (te
st/feature-discovery-e
ngine.test.js:41:24)

  ΓùÅ FeatureDiscovery
Engine ΓÇ║ Edge Cases 
ΓÇ║ should handle 
concurrent suggestions

    Jest encountered 
an unexpected token

    Jest failed to 
parse a file. This 
happens e.g. when 
your code or its 
dependencies use 
non-standard 
JavaScript syntax, or 
when Jest is not 
configured to support 
such syntax.

    Out of the box 
Jest supports Babel, 
which will be used to 
transform your files 
into valid JS based 
on your Babel 
configuration.

    By default 
"node_modules" folder 
is ignored by 
transformers.

    Here's what you 
can do:
     ΓÇó If you are 
trying to use 
ECMAScript Modules, 
see https://jestjs.io/
docs/ecmascript-module
s for how to enable 
it.
     ΓÇó If you are 
trying to use 
TypeScript, see https:
//jestjs.io/docs/getti
ng-started#using-types
cript
     ΓÇó To have some 
of your 
"node_modules" files 
transformed, you can 
specify a custom "tran
sformIgnorePatterns" 
in your config.
     ΓÇó If you need 
a custom 
transformation 
specify a "transform" 
option in your config.
     ΓÇó If you 
simply want to mock 
your non-JS modules 
(e.g. binary assets) 
you can stub them out 
with the 
"moduleNameMapper" 
config option.

    You'll find more 
details and examples 
of these config 
options in the docs:
    https://jestjs.io/
docs/configuration
    For information 
about custom 
transformations, see:
    https://jestjs.io/
docs/code-transformati
on

    Details:

    SyntaxError: C:\Wo
rkspace_Melbin\fun_web
sites\3d_model_viewer\
src\ui\FeatureDiscover
yEngine.js: 'return' 
outside of function. 
(906:28)

    [0m [90m 904 
|[39m }
     [90m 905 |[39m 
        
[36mconst[39m 
usageCount 
[33m=[39m [33mObjec
t[39m[33m.[39mkeys(
[36mthis[39m[33m.[
39muserProfile[33m.[
39mfeatureUsage)[33m.
[39mlength[33m;[39m
    [31m[1m>[22m[3
9m[90m 906 |[39m    
     [36mif[39m 
(usageCount 
[33m<[39m 
[35m3[39m) 
[36mreturn[39m [32m
'beginner'[39m[33m;
[39m
     [90m     |[39m 
                      
      
[31m[1m^[22m[39m
     [90m 907 |[39m 
        [36mif[39m 
(usageCount 
[33m<[39m 
[35m8[39m) 
[36mreturn[39m [32m
'intermediate'[39m[3
3m;[39m
     [90m 908 |[39m 
        [36mif[39m 
(usageCount 
[33m<[39m 
[35m15[39m) 
[36mreturn[39m [32m
'advanced'[39m[33m;
[39m
     [90m 909 |[39m 
        
[36mreturn[39m [32m
'expert'[39m[33m;[3
9m[0m

    [0m [90m 39 
|[39m
     [90m 40 |[39m  
       [90m// Import 
module[39m
    [31m[1m>[22m[3
9m[90m 41 |[39m     
    [36mconst[39m 
module [33m=[39m 
[36mawait[39m [36mi
mport[39m([32m'../sr
c/ui/FeatureDiscoveryE
ngine.js'[39m)[33m;
[39m
     [90m    |[39m  
                      
[31m[1m^[22m[39m
     [90m 42 |[39m  
       [33mFeatureDis
coveryEngine[39m 
[33m=[39m module[33
m.[39m[33mFeatureDis
coveryEngine[39m[33m
;[39m
     [90m 43 |[39m  
       
     [90m 44 |[39m  
       
discoveryEngine 
[33m=[39m 
[36mnew[39m [33mFea
tureDiscoveryEngine[3
9m(mockCore)[33m;[39
m[0m

      at constructor (
node_modules/@babel/pa
rser/src/parse-error.t
s:95:45)
      at 
Parser.toParseError 
[as raise] (node_modul
es/@babel/parser/src/t
okenizer/index.ts:1503
:19)
      at Parser.raise 
[as 
parseReturnStatement] 
(node_modules/@babel/p
arser/src/parser/state
ment.ts:1098:12)
      at Parser.parseR
eturnStatement [as par
seStatementContent] (n
ode_modules/@babel/par
ser/src/parser/stateme
nt.ts:538:21)
      at Parser.parseS
tatementContent [as 
parseStatementLike] (n
ode_modules/@babel/par
ser/src/parser/stateme
nt.ts:477:17)
      at Parser.parseS
tatementLike [as parse
StatementOrSloppyAnnex
BFunctionDeclaration] 
(node_modules/@babel/p
arser/src/parser/state
ment.ts:446:17)
      at Parser.parseS
tatementOrSloppyAnnexB
FunctionDeclaration 
[as parseIfStatement] 
(node_modules/@babel/p
arser/src/parser/state
ment.ts:1089:28)
      at Parser.parseI
fStatement [as parseSt
atementContent] (node_
modules/@babel/parser/
src/parser/statement.t
s:536:21)
      at Parser.parseS
tatementContent [as 
parseStatementLike] (n
ode_modules/@babel/par
ser/src/parser/stateme
nt.ts:477:17)
      at Parser.parseS
tatementLike [as 
parseModuleItem] (node
_modules/@babel/parser
/src/parser/statement.
ts:414:17)
      at Parser.parseM
oduleItem [as parseBlo
ckOrModuleBlockBody] (
node_modules/@babel/pa
rser/src/parser/statem
ent.ts:1438:16)
      at Parser.parseB
lockOrModuleBlockBody 
[as parseBlockBody] (n
ode_modules/@babel/par
ser/src/parser/stateme
nt.ts:1412:10)
      at 
Parser.parseBlockBody 
[as parseProgram] (nod
e_modules/@babel/parse
r/src/parser/statement
.ts:229:10)
      at 
Parser.parseProgram 
[as parseTopLevel] (no
de_modules/@babel/pars
er/src/parser/statemen
t.ts:203:25)
      at 
Parser.parseTopLevel 
[as parse] (node_modul
es/@babel/parser/src/p
arser/index.ts:93:10)
      at parse (node_m
odules/@babel/parser/s
rc/index.ts:92:38)
      at parser (node_
modules/@babel/core/sr
c/parser/index.ts:28:1
9)
          at 
parser.next 
(<anonymous>)
      at 
normalizeFile (node_mo
dules/@babel/core/src/
transformation/normali
ze-file.ts:49:24)
          at 
normalizeFile.next 
(<anonymous>)
      at run (node_mod
ules/@babel/core/src/t
ransformation/index.ts
:40:36)
          at run.next 
(<anonymous>)
      at transform (no
de_modules/@babel/core
/src/transform.ts:29:2
0)
          at 
transform.next 
(<anonymous>)
      at evaluateSync 
(node_modules/gensync/
index.js:251:28)
      at sync (node_mo
dules/gensync/index.js
:89:14)
      at fn (node_modu
les/@babel/core/src/er
rors/rewrite-stack-tra
ce.ts:99:14)
      at 
transformSync (node_mo
dules/@babel/core/src/
transform.ts:66:52)
      at ScriptTransfo
rmer.transformSource (
node_modules/@jest/tra
nsform/build/ScriptTra
nsformer.js:545:31)
      at ScriptTransfo
rmer._transformAndBuil
dScript (node_modules/
@jest/transform/build/
ScriptTransformer.js:6
74:40)
      at ScriptTransfo
rmer.transform (node_m
odules/@jest/transform
/build/ScriptTransform
er.js:726:19)
      at require (test
/feature-discovery-eng
ine.test.js:41:24)
      at 
Object.<anonymous> (te
st/feature-discovery-e
ngine.test.js:41:24)

Test Suites: 6 
failed, 1 passed, 7 
total
Tests:       188 
failed, 55 passed, 
243 total
Snapshots:   0 total
Time:        8.573 s, 
estimated 9 s
Ran all test suites.
